[JobB-LONGLIU-MAIN] Loaded T_target=3905.16ms from /tmp/ttarget_v5_jobB.json (preset_target=True)
[MultiComm] Loading library from /home/why/LongLiu_rebuild/current/multi_comm_slo/build/libmulti_comm.so
[MultiComm] Rank 0: active priorities = 0 1 2 3 4 5 6 (7 total)
[MultiComm] Rank 0: initializing 7 priorities across 1 devices
[MultiComm] Rank 0: waiting for TCP connections on port 29521...
[MultiComm] Rank 0: sent 7 IDs to rank 1
[MultiComm] Rank 0: created communicator for priority P0 (DSCP=40, ToS=160)
[MultiComm] Rank 0: created communicator for priority P1 (DSCP=32, ToS=128)
[MultiComm] Rank 0: created communicator for priority P2 (DSCP=24, ToS=96)
[MultiComm] Rank 0: created communicator for priority P3 (DSCP=16, ToS=64)
[MultiComm] Rank 0: created communicator for priority P4 (DSCP=0, ToS=0)
[MultiComm] Rank 0: created communicator for priority P5 (DSCP=16, ToS=64)
[MultiComm] Rank 0: created communicator for priority P6 (DSCP=8, ToS=32)
[MultiComm] Rank 0: initialization complete, starting at P6 (DSCP=8)
[MultiComm] Initialized: rank=0, world_size=2, master=192.10.10.110:29521, priority=P3
[JobB-LONGLIU-MAIN] scheduler=v1(pi), queue=SP, payload=1024MB (fixed), reverse_window=7 (c_i swap), num_iters=300
[JobB-LONGLIU-MAIN] Phase 1 (window 0-6): c_i=3.0
[JobB-LONGLIU-MAIN] Phase 2 (window 7-14): c_i=1.2
[JobB-LONGLIU-MAIN] GPU 0: Quadro RTX 4000, free=6.2 GB
[JobB-LONGLIU-MAIN] Warmup done.
[MultiComm] Rank 0: switching priority P6 -> P3 (DSCP 8 -> 16)
[JobB-LONGLIU-MAIN] iter   0 (window 0): payload=1024MB, c_i=3.0, sleep=30000us, comm=3768.8ms, bw=1.14 Gbps [phase1]
[JobB-LONGLIU-MAIN] iter   1 (window 0): payload=1024MB, c_i=3.0, sleep=30000us, comm=2145.5ms, bw=2.00 Gbps [phase1]
[JobB-LONGLIU-MAIN] iter   2 (window 0): payload=1024MB, c_i=3.0, sleep=30000us, comm=1872.5ms, bw=2.29 Gbps [phase1]
[JobB-LONGLIU-MAIN] iter   3 (window 0): payload=1024MB, c_i=3.0, sleep=30000us, comm=2157.9ms, bw=1.99 Gbps [phase1]
[JobB-LONGLIU-MAIN] iter   4 (window 0): payload=1024MB, c_i=3.0, sleep=30000us, comm=2201.3ms, bw=1.95 Gbps [phase1]
[JobB-LONGLIU-MAIN] iter   5 (window 0): payload=1024MB, c_i=3.0, sleep=30000us, comm=1912.5ms, bw=2.25 Gbps [phase1]
[JobB-LONGLIU-MAIN] iter   6 (window 0): payload=1024MB, c_i=3.0, sleep=30000us, comm=2207.7ms, bw=1.95 Gbps [phase1]
[JobB-LONGLIU-MAIN] iter   7 (window 0): payload=1024MB, c_i=3.0, sleep=30000us, comm=2218.5ms, bw=1.94 Gbps [phase1]
[JobB-LONGLIU-MAIN] iter   8 (window 0): payload=1024MB, c_i=3.0, sleep=30000us, comm=2220.2ms, bw=1.93 Gbps [phase1]
[JobB-LONGLIU-MAIN] iter   9 (window 0): payload=1024MB, c_i=3.0, sleep=30000us, comm=2272.3ms, bw=1.89 Gbps [phase1]
[JobB-LONGLIU-MAIN] iter  10 (window 0): payload=1024MB, c_i=3.0, sleep=30000us, comm=1974.7ms, bw=2.18 Gbps [phase1]
[JobB-LONGLIU-MAIN] iter  11 (window 0): payload=1024MB, c_i=3.0, sleep=30000us, comm=2226.2ms, bw=1.93 Gbps [phase1]
[JobB-LONGLIU-MAIN] iter  12 (window 0): payload=1024MB, c_i=3.0, sleep=30000us, comm=1985.7ms, bw=2.16 Gbps [phase1]
[JobB-LONGLIU-MAIN] iter  13 (window 0): payload=1024MB, c_i=3.0, sleep=30000us, comm=2084.6ms, bw=2.06 Gbps [phase1]
[JobB-LONGLIU-MAIN] iter  14 (window 0): payload=1024MB, c_i=3.0, sleep=30000us, comm=2020.0ms, bw=2.13 Gbps [phase1]
[JobB-LONGLIU-MAIN] iter  15 (window 0): payload=1024MB, c_i=3.0, sleep=30000us, comm=2056.1ms, bw=2.09 Gbps [phase1]
[JobB-LONGLIU-MAIN] iter  16 (window 0): payload=1024MB, c_i=3.0, sleep=30000us, comm=2166.8ms, bw=1.98 Gbps [phase1]
[JobB-LONGLIU-MAIN] iter  17 (window 0): payload=1024MB, c_i=3.0, sleep=30000us, comm=2354.0ms, bw=1.82 Gbps [phase1]
[JobB-LONGLIU-MAIN] iter  18 (window 0): payload=1024MB, c_i=3.0, sleep=30000us, comm=2042.2ms, bw=2.10 Gbps [phase1]
[JobB-LONGLIU-MAIN] iter  19 (window 0): payload=1024MB, c_i=3.0, sleep=30000us, comm=2240.1ms, bw=1.92 Gbps [phase1]
[SLO] T_target PRESET (calibrated): 3905.2ms (c_i=3.0, SLO target=11715.5ms) — EMA updates SKIPPED
[SLO] Window 1: π=+2.770 (A=44.17s, expected=11.72s, T_target=3905.2ms, k=1), comm_ratio=1.00, urgency=+2.770, Priority P3 -> P6 (DSCP 16 -> 8)
[MultiComm] Rank 0: switching priority P3 -> P6 (DSCP 16 -> 8)
[JobB-LONGLIU-MAIN] iter  20 (window 1): payload=1024MB, c_i=3.0, sleep=30000us, comm=1192.9ms, bw=3.60 Gbps [phase1]
[JobB-LONGLIU-MAIN] iter  21 (window 1): payload=1024MB, c_i=3.0, sleep=30000us, comm=1201.5ms, bw=3.57 Gbps [phase1]
[JobB-LONGLIU-MAIN] iter  22 (window 1): payload=1024MB, c_i=3.0, sleep=30000us, comm=1218.1ms, bw=3.53 Gbps [phase1]
[JobB-LONGLIU-MAIN] iter  23 (window 1): payload=1024MB, c_i=3.0, sleep=30000us, comm=1266.4ms, bw=3.39 Gbps [phase1]
[JobB-LONGLIU-MAIN] iter  24 (window 1): payload=1024MB, c_i=3.0, sleep=30000us, comm=1243.5ms, bw=3.45 Gbps [phase1]
[JobB-LONGLIU-MAIN] iter  25 (window 1): payload=1024MB, c_i=3.0, sleep=30000us, comm=1316.4ms, bw=3.26 Gbps [phase1]
[JobB-LONGLIU-MAIN] iter  26 (window 1): payload=1024MB, c_i=3.0, sleep=30000us, comm=1157.3ms, bw=3.71 Gbps [phase1]
[JobB-LONGLIU-MAIN] iter  27 (window 1): payload=1024MB, c_i=3.0, sleep=30000us, comm=1227.6ms, bw=3.50 Gbps [phase1]
[JobB-LONGLIU-MAIN] iter  28 (window 1): payload=1024MB, c_i=3.0, sleep=30000us, comm=1180.6ms, bw=3.64 Gbps [phase1]
[JobB-LONGLIU-MAIN] iter  29 (window 1): payload=1024MB, c_i=3.0, sleep=30000us, comm=1201.3ms, bw=3.58 Gbps [phase1]
[JobB-LONGLIU-MAIN] iter  30 (window 1): payload=1024MB, c_i=3.0, sleep=30000us, comm=1239.5ms, bw=3.47 Gbps [phase1]
[JobB-LONGLIU-MAIN] iter  31 (window 1): payload=1024MB, c_i=3.0, sleep=30000us, comm=1236.8ms, bw=3.47 Gbps [phase1]
[JobB-LONGLIU-MAIN] iter  32 (window 1): payload=1024MB, c_i=3.0, sleep=30000us, comm=1214.6ms, bw=3.54 Gbps [phase1]
[JobB-LONGLIU-MAIN] iter  33 (window 1): payload=1024MB, c_i=3.0, sleep=30000us, comm=1196.6ms, bw=3.59 Gbps [phase1]
[JobB-LONGLIU-MAIN] iter  34 (window 1): payload=1024MB, c_i=3.0, sleep=30000us, comm=1282.8ms, bw=3.35 Gbps [phase1]
[JobB-LONGLIU-MAIN] iter  35 (window 1): payload=1024MB, c_i=3.0, sleep=30000us, comm=1235.8ms, bw=3.48 Gbps [phase1]
[JobB-LONGLIU-MAIN] iter  36 (window 1): payload=1024MB, c_i=3.0, sleep=30000us, comm=1202.7ms, bw=3.57 Gbps [phase1]
[JobB-LONGLIU-MAIN] iter  37 (window 1): payload=1024MB, c_i=3.0, sleep=30000us, comm=1200.4ms, bw=3.58 Gbps [phase1]
[JobB-LONGLIU-MAIN] iter  38 (window 1): payload=1024MB, c_i=3.0, sleep=30000us, comm=1232.7ms, bw=3.48 Gbps [phase1]
[JobB-LONGLIU-MAIN] iter  39 (window 1): payload=1024MB, c_i=3.0, sleep=30000us, comm=1185.7ms, bw=3.62 Gbps [phase1]
[SLO] comm baseline initialized: 24430.8ms/window (window 2)
[JobB-LONGLIU-MAIN] iter  40 (window 2): payload=1024MB, c_i=3.0, sleep=30000us, comm=1375.8ms, bw=3.12 Gbps [phase1]
[JobB-LONGLIU-MAIN] iter  41 (window 2): payload=1024MB, c_i=3.0, sleep=30000us, comm=1309.9ms, bw=3.28 Gbps [phase1]
[JobB-LONGLIU-MAIN] iter  42 (window 2): payload=1024MB, c_i=3.0, sleep=30000us, comm=1305.8ms, bw=3.29 Gbps [phase1]
[JobB-LONGLIU-MAIN] iter  43 (window 2): payload=1024MB, c_i=3.0, sleep=30000us, comm=1293.5ms, bw=3.32 Gbps [phase1]
[JobB-LONGLIU-MAIN] iter  44 (window 2): payload=1024MB, c_i=3.0, sleep=30000us, comm=1219.7ms, bw=3.52 Gbps [phase1]
[JobB-LONGLIU-MAIN] iter  45 (window 2): payload=1024MB, c_i=3.0, sleep=30000us, comm=1248.8ms, bw=3.44 Gbps [phase1]
[JobB-LONGLIU-MAIN] iter  46 (window 2): payload=1024MB, c_i=3.0, sleep=30000us, comm=1211.4ms, bw=3.55 Gbps [phase1]
[JobB-LONGLIU-MAIN] iter  47 (window 2): payload=1024MB, c_i=3.0, sleep=30000us, comm=1184.2ms, bw=3.63 Gbps [phase1]
[JobB-LONGLIU-MAIN] iter  48 (window 2): payload=1024MB, c_i=3.0, sleep=30000us, comm=1214.5ms, bw=3.54 Gbps [phase1]
[JobB-LONGLIU-MAIN] iter  49 (window 2): payload=1024MB, c_i=3.0, sleep=30000us, comm=1279.2ms, bw=3.36 Gbps [phase1]
[JobB-LONGLIU-MAIN] iter  50 (window 2): payload=1024MB, c_i=3.0, sleep=30000us, comm=1215.4ms, bw=3.53 Gbps [phase1]
[JobB-LONGLIU-MAIN] iter  51 (window 2): payload=1024MB, c_i=3.0, sleep=30000us, comm=1172.0ms, bw=3.66 Gbps [phase1]
[JobB-LONGLIU-MAIN] iter  52 (window 2): payload=1024MB, c_i=3.0, sleep=30000us, comm=1217.8ms, bw=3.53 Gbps [phase1]
[JobB-LONGLIU-MAIN] iter  53 (window 2): payload=1024MB, c_i=3.0, sleep=30000us, comm=1190.0ms, bw=3.61 Gbps [phase1]
[JobB-LONGLIU-MAIN] iter  54 (window 2): payload=1024MB, c_i=3.0, sleep=30000us, comm=1314.5ms, bw=3.27 Gbps [phase1]
[JobB-LONGLIU-MAIN] iter  55 (window 2): payload=1024MB, c_i=3.0, sleep=30000us, comm=1237.5ms, bw=3.47 Gbps [phase1]
[JobB-LONGLIU-MAIN] iter  56 (window 2): payload=1024MB, c_i=3.0, sleep=30000us, comm=1231.5ms, bw=3.49 Gbps [phase1]
[JobB-LONGLIU-MAIN] iter  57 (window 2): payload=1024MB, c_i=3.0, sleep=30000us, comm=1195.5ms, bw=3.59 Gbps [phase1]
[JobB-LONGLIU-MAIN] iter  58 (window 2): payload=1024MB, c_i=3.0, sleep=30000us, comm=1224.2ms, bw=3.51 Gbps [phase1]
[JobB-LONGLIU-MAIN] iter  59 (window 2): payload=1024MB, c_i=3.0, sleep=30000us, comm=1218.7ms, bw=3.52 Gbps [phase1]
[JobB-LONGLIU-MAIN] iter  60 (window 3): payload=1024MB, c_i=3.0, sleep=30000us, comm=1211.0ms, bw=3.55 Gbps [phase1]
[JobB-LONGLIU-MAIN] iter  61 (window 3): payload=1024MB, c_i=3.0, sleep=30000us, comm=1163.8ms, bw=3.69 Gbps [phase1]
[JobB-LONGLIU-MAIN] iter  62 (window 3): payload=1024MB, c_i=3.0, sleep=30000us, comm=1244.9ms, bw=3.45 Gbps [phase1]
[JobB-LONGLIU-MAIN] iter  63 (window 3): payload=1024MB, c_i=3.0, sleep=30000us, comm=1247.2ms, bw=3.44 Gbps [phase1]
[JobB-LONGLIU-MAIN] iter  64 (window 3): payload=1024MB, c_i=3.0, sleep=30000us, comm=1176.5ms, bw=3.65 Gbps [phase1]
[JobB-LONGLIU-MAIN] iter  65 (window 3): payload=1024MB, c_i=3.0, sleep=30000us, comm=1248.9ms, bw=3.44 Gbps [phase1]
[JobB-LONGLIU-MAIN] iter  66 (window 3): payload=1024MB, c_i=3.0, sleep=30000us, comm=1244.1ms, bw=3.45 Gbps [phase1]
[JobB-LONGLIU-MAIN] iter  67 (window 3): payload=1024MB, c_i=3.0, sleep=30000us, comm=1218.3ms, bw=3.53 Gbps [phase1]
[JobB-LONGLIU-MAIN] iter  68 (window 3): payload=1024MB, c_i=3.0, sleep=30000us, comm=1241.4ms, bw=3.46 Gbps [phase1]
[JobB-LONGLIU-MAIN] iter  69 (window 3): payload=1024MB, c_i=3.0, sleep=30000us, comm=1171.9ms, bw=3.66 Gbps [phase1]
[JobB-LONGLIU-MAIN] iter  70 (window 3): payload=1024MB, c_i=3.0, sleep=30000us, comm=1209.8ms, bw=3.55 Gbps [phase1]
[JobB-LONGLIU-MAIN] iter  71 (window 3): payload=1024MB, c_i=3.0, sleep=30000us, comm=1280.7ms, bw=3.35 Gbps [phase1]
[JobB-LONGLIU-MAIN] iter  72 (window 3): payload=1024MB, c_i=3.0, sleep=30000us, comm=1171.0ms, bw=3.67 Gbps [phase1]
[JobB-LONGLIU-MAIN] iter  73 (window 3): payload=1024MB, c_i=3.0, sleep=30000us, comm=1252.9ms, bw=3.43 Gbps [phase1]
[JobB-LONGLIU-MAIN] iter  74 (window 3): payload=1024MB, c_i=3.0, sleep=30000us, comm=1327.0ms, bw=3.24 Gbps [phase1]
[JobB-LONGLIU-MAIN] iter  75 (window 3): payload=1024MB, c_i=3.0, sleep=30000us, comm=1237.1ms, bw=3.47 Gbps [phase1]
[JobB-LONGLIU-MAIN] iter  76 (window 3): payload=1024MB, c_i=3.0, sleep=30000us, comm=1188.4ms, bw=3.61 Gbps [phase1]
[JobB-LONGLIU-MAIN] iter  77 (window 3): payload=1024MB, c_i=3.0, sleep=30000us, comm=1210.6ms, bw=3.55 Gbps [phase1]
[JobB-LONGLIU-MAIN] iter  78 (window 3): payload=1024MB, c_i=3.0, sleep=30000us, comm=1232.6ms, bw=3.48 Gbps [phase1]
[JobB-LONGLIU-MAIN] iter  79 (window 3): payload=1024MB, c_i=3.0, sleep=30000us, comm=1207.3ms, bw=3.56 Gbps [phase1]
[JobB-LONGLIU-MAIN] iter  80 (window 4): payload=1024MB, c_i=3.0, sleep=30000us, comm=1250.5ms, bw=3.43 Gbps [phase1]
[JobB-LONGLIU-MAIN] iter  81 (window 4): payload=1024MB, c_i=3.0, sleep=30000us, comm=1318.1ms, bw=3.26 Gbps [phase1]
[JobB-LONGLIU-MAIN] iter  82 (window 4): payload=1024MB, c_i=3.0, sleep=30000us, comm=1175.1ms, bw=3.65 Gbps [phase1]
[JobB-LONGLIU-MAIN] iter  83 (window 4): payload=1024MB, c_i=3.0, sleep=30000us, comm=1228.5ms, bw=3.50 Gbps [phase1]
[JobB-LONGLIU-MAIN] iter  84 (window 4): payload=1024MB, c_i=3.0, sleep=30000us, comm=1241.7ms, bw=3.46 Gbps [phase1]
[JobB-LONGLIU-MAIN] iter  85 (window 4): payload=1024MB, c_i=3.0, sleep=30000us, comm=1244.6ms, bw=3.45 Gbps [phase1]
[JobB-LONGLIU-MAIN] iter  86 (window 4): payload=1024MB, c_i=3.0, sleep=30000us, comm=1259.1ms, bw=3.41 Gbps [phase1]
[JobB-LONGLIU-MAIN] iter  87 (window 4): payload=1024MB, c_i=3.0, sleep=30000us, comm=1270.4ms, bw=3.38 Gbps [phase1]
[JobB-LONGLIU-MAIN] iter  88 (window 4): payload=1024MB, c_i=3.0, sleep=30000us, comm=1214.1ms, bw=3.54 Gbps [phase1]
[JobB-LONGLIU-MAIN] iter  89 (window 4): payload=1024MB, c_i=3.0, sleep=30000us, comm=1205.4ms, bw=3.56 Gbps [phase1]
[JobB-LONGLIU-MAIN] iter  90 (window 4): payload=1024MB, c_i=3.0, sleep=30000us, comm=1202.2ms, bw=3.57 Gbps [phase1]
[JobB-LONGLIU-MAIN] iter  91 (window 4): payload=1024MB, c_i=3.0, sleep=30000us, comm=1198.5ms, bw=3.58 Gbps [phase1]
[JobB-LONGLIU-MAIN] iter  92 (window 4): payload=1024MB, c_i=3.0, sleep=30000us, comm=1278.9ms, bw=3.36 Gbps [phase1]
[JobB-LONGLIU-MAIN] iter  93 (window 4): payload=1024MB, c_i=3.0, sleep=30000us, comm=1232.5ms, bw=3.48 Gbps [phase1]
[JobB-LONGLIU-MAIN] iter  94 (window 4): payload=1024MB, c_i=3.0, sleep=30000us, comm=1166.6ms, bw=3.68 Gbps [phase1]
[JobB-LONGLIU-MAIN] iter  95 (window 4): payload=1024MB, c_i=3.0, sleep=30000us, comm=1198.9ms, bw=3.58 Gbps [phase1]
[JobB-LONGLIU-MAIN] iter  96 (window 4): payload=1024MB, c_i=3.0, sleep=30000us, comm=1198.0ms, bw=3.59 Gbps [phase1]
[JobB-LONGLIU-MAIN] iter  97 (window 4): payload=1024MB, c_i=3.0, sleep=30000us, comm=1226.9ms, bw=3.50 Gbps [phase1]
[JobB-LONGLIU-MAIN] iter  98 (window 4): payload=1024MB, c_i=3.0, sleep=30000us, comm=1188.6ms, bw=3.61 Gbps [phase1]
[JobB-LONGLIU-MAIN] iter  99 (window 4): payload=1024MB, c_i=3.0, sleep=30000us, comm=1218.5ms, bw=3.52 Gbps [phase1]
[JobB-LONGLIU-MAIN] iter 100 (window 5): payload=1024MB, c_i=3.0, sleep=30000us, comm=1205.6ms, bw=3.56 Gbps [phase1]
[JobB-LONGLIU-MAIN] iter 101 (window 5): payload=1024MB, c_i=3.0, sleep=30000us, comm=1297.9ms, bw=3.31 Gbps [phase1]
[JobB-LONGLIU-MAIN] iter 102 (window 5): payload=1024MB, c_i=3.0, sleep=30000us, comm=1228.6ms, bw=3.50 Gbps [phase1]
[JobB-LONGLIU-MAIN] iter 103 (window 5): payload=1024MB, c_i=3.0, sleep=30000us, comm=1233.7ms, bw=3.48 Gbps [phase1]
[JobB-LONGLIU-MAIN] iter 104 (window 5): payload=1024MB, c_i=3.0, sleep=30000us, comm=1184.1ms, bw=3.63 Gbps [phase1]
[JobB-LONGLIU-MAIN] iter 105 (window 5): payload=1024MB, c_i=3.0, sleep=30000us, comm=1270.1ms, bw=3.38 Gbps [phase1]
[JobB-LONGLIU-MAIN] iter 106 (window 5): payload=1024MB, c_i=3.0, sleep=30000us, comm=1261.9ms, bw=3.40 Gbps [phase1]
[JobB-LONGLIU-MAIN] iter 107 (window 5): payload=1024MB, c_i=3.0, sleep=30000us, comm=1261.6ms, bw=3.40 Gbps [phase1]
[JobB-LONGLIU-MAIN] iter 108 (window 5): payload=1024MB, c_i=3.0, sleep=30000us, comm=1283.2ms, bw=3.35 Gbps [phase1]
[JobB-LONGLIU-MAIN] iter 109 (window 5): payload=1024MB, c_i=3.0, sleep=30000us, comm=1250.1ms, bw=3.44 Gbps [phase1]
[JobB-LONGLIU-MAIN] iter 110 (window 5): payload=1024MB, c_i=3.0, sleep=30000us, comm=1263.2ms, bw=3.40 Gbps [phase1]
[JobB-LONGLIU-MAIN] iter 111 (window 5): payload=1024MB, c_i=3.0, sleep=30000us, comm=1259.1ms, bw=3.41 Gbps [phase1]
[JobB-LONGLIU-MAIN] iter 112 (window 5): payload=1024MB, c_i=3.0, sleep=30000us, comm=1244.4ms, bw=3.45 Gbps [phase1]
[JobB-LONGLIU-MAIN] iter 113 (window 5): payload=1024MB, c_i=3.0, sleep=30000us, comm=1313.7ms, bw=3.27 Gbps [phase1]
[JobB-LONGLIU-MAIN] iter 114 (window 5): payload=1024MB, c_i=3.0, sleep=30000us, comm=1253.7ms, bw=3.43 Gbps [phase1]
[JobB-LONGLIU-MAIN] iter 115 (window 5): payload=1024MB, c_i=3.0, sleep=30000us, comm=1236.1ms, bw=3.47 Gbps [phase1]
[JobB-LONGLIU-MAIN] iter 116 (window 5): payload=1024MB, c_i=3.0, sleep=30000us, comm=1153.4ms, bw=3.72 Gbps [phase1]
[JobB-LONGLIU-MAIN] iter 117 (window 5): payload=1024MB, c_i=3.0, sleep=30000us, comm=1285.1ms, bw=3.34 Gbps [phase1]
[JobB-LONGLIU-MAIN] iter 118 (window 5): payload=1024MB, c_i=3.0, sleep=30000us, comm=1202.4ms, bw=3.57 Gbps [phase1]
[JobB-LONGLIU-MAIN] iter 119 (window 5): payload=1024MB, c_i=3.0, sleep=30000us, comm=1266.1ms, bw=3.39 Gbps [phase1]
[JobB-LONGLIU-MAIN] iter 120 (window 6): payload=1024MB, c_i=3.0, sleep=30000us, comm=1185.3ms, bw=3.62 Gbps [phase1]
[JobB-LONGLIU-MAIN] iter 121 (window 6): payload=1024MB, c_i=3.0, sleep=30000us, comm=1265.9ms, bw=3.39 Gbps [phase1]
[JobB-LONGLIU-MAIN] iter 122 (window 6): payload=1024MB, c_i=3.0, sleep=30000us, comm=1193.8ms, bw=3.60 Gbps [phase1]
[JobB-LONGLIU-MAIN] iter 123 (window 6): payload=1024MB, c_i=3.0, sleep=30000us, comm=1263.3ms, bw=3.40 Gbps [phase1]
[JobB-LONGLIU-MAIN] iter 124 (window 6): payload=1024MB, c_i=3.0, sleep=30000us, comm=1210.6ms, bw=3.55 Gbps [phase1]
[JobB-LONGLIU-MAIN] iter 125 (window 6): payload=1024MB, c_i=3.0, sleep=30000us, comm=1238.7ms, bw=3.47 Gbps [phase1]
[JobB-LONGLIU-MAIN] iter 126 (window 6): payload=1024MB, c_i=3.0, sleep=30000us, comm=1214.5ms, bw=3.54 Gbps [phase1]
[JobB-LONGLIU-MAIN] iter 127 (window 6): payload=1024MB, c_i=3.0, sleep=30000us, comm=1211.4ms, bw=3.55 Gbps [phase1]
[JobB-LONGLIU-MAIN] iter 128 (window 6): payload=1024MB, c_i=3.0, sleep=30000us, comm=1245.4ms, bw=3.45 Gbps [phase1]
[JobB-LONGLIU-MAIN] iter 129 (window 6): payload=1024MB, c_i=3.0, sleep=30000us, comm=1285.7ms, bw=3.34 Gbps [phase1]
[JobB-LONGLIU-MAIN] iter 130 (window 6): payload=1024MB, c_i=3.0, sleep=30000us, comm=1335.0ms, bw=3.22 Gbps [phase1]
[JobB-LONGLIU-MAIN] iter 131 (window 6): payload=1024MB, c_i=3.0, sleep=30000us, comm=1274.3ms, bw=3.37 Gbps [phase1]
[JobB-LONGLIU-MAIN] iter 132 (window 6): payload=1024MB, c_i=3.0, sleep=30000us, comm=1235.7ms, bw=3.48 Gbps [phase1]
[JobB-LONGLIU-MAIN] iter 133 (window 6): payload=1024MB, c_i=3.0, sleep=30000us, comm=1218.5ms, bw=3.52 Gbps [phase1]
[JobB-LONGLIU-MAIN] iter 134 (window 6): payload=1024MB, c_i=3.0, sleep=30000us, comm=1226.8ms, bw=3.50 Gbps [phase1]
[JobB-LONGLIU-MAIN] iter 135 (window 6): payload=1024MB, c_i=3.0, sleep=30000us, comm=1184.2ms, bw=3.63 Gbps [phase1]
[JobB-LONGLIU-MAIN] iter 136 (window 6): payload=1024MB, c_i=3.0, sleep=30000us, comm=1200.8ms, bw=3.58 Gbps [phase1]
[JobB-LONGLIU-MAIN] iter 137 (window 6): payload=1024MB, c_i=3.0, sleep=30000us, comm=1309.9ms, bw=3.28 Gbps [phase1]
[JobB-LONGLIU-MAIN] iter 138 (window 6): payload=1024MB, c_i=3.0, sleep=30000us, comm=1271.1ms, bw=3.38 Gbps [phase1]
[JobB-LONGLIU-MAIN] iter 139 (window 6): payload=1024MB, c_i=3.0, sleep=30000us, comm=1196.7ms, bw=3.59 Gbps [phase1]
[SLO] c_i updated: 3.00 → 1.20
[JobB-LONGLIU-MAIN] *** c_i SWAP at window 7: now c_i=1.2 ***
[JobB-LONGLIU-MAIN] iter 140 (window 7): payload=1024MB, c_i=1.2, sleep=30000us, comm=1231.1ms, bw=3.49 Gbps [phase2]
[JobB-LONGLIU-MAIN] iter 141 (window 7): payload=1024MB, c_i=1.2, sleep=30000us, comm=1197.3ms, bw=3.59 Gbps [phase2]
[JobB-LONGLIU-MAIN] iter 142 (window 7): payload=1024MB, c_i=1.2, sleep=30000us, comm=1241.6ms, bw=3.46 Gbps [phase2]
[JobB-LONGLIU-MAIN] iter 143 (window 7): payload=1024MB, c_i=1.2, sleep=30000us, comm=1211.3ms, bw=3.55 Gbps [phase2]
[JobB-LONGLIU-MAIN] iter 144 (window 7): payload=1024MB, c_i=1.2, sleep=30000us, comm=1275.4ms, bw=3.37 Gbps [phase2]
[JobB-LONGLIU-MAIN] iter 145 (window 7): payload=1024MB, c_i=1.2, sleep=30000us, comm=1209.8ms, bw=3.55 Gbps [phase2]
[JobB-LONGLIU-MAIN] iter 146 (window 7): payload=1024MB, c_i=1.2, sleep=30000us, comm=1231.7ms, bw=3.49 Gbps [phase2]
[JobB-LONGLIU-MAIN] iter 147 (window 7): payload=1024MB, c_i=1.2, sleep=30000us, comm=1261.6ms, bw=3.40 Gbps [phase2]
[JobB-LONGLIU-MAIN] iter 148 (window 7): payload=1024MB, c_i=1.2, sleep=30000us, comm=1250.0ms, bw=3.44 Gbps [phase2]
[JobB-LONGLIU-MAIN] iter 149 (window 7): payload=1024MB, c_i=1.2, sleep=30000us, comm=1231.3ms, bw=3.49 Gbps [phase2]
[JobB-LONGLIU-MAIN] iter 150 (window 7): payload=1024MB, c_i=1.2, sleep=30000us, comm=1196.6ms, bw=3.59 Gbps [phase2]
[JobB-LONGLIU-MAIN] iter 151 (window 7): payload=1024MB, c_i=1.2, sleep=30000us, comm=1292.6ms, bw=3.32 Gbps [phase2]
[JobB-LONGLIU-MAIN] iter 152 (window 7): payload=1024MB, c_i=1.2, sleep=30000us, comm=1157.7ms, bw=3.71 Gbps [phase2]
[JobB-LONGLIU-MAIN] iter 153 (window 7): payload=1024MB, c_i=1.2, sleep=30000us, comm=1260.6ms, bw=3.41 Gbps [phase2]
[JobB-LONGLIU-MAIN] iter 154 (window 7): payload=1024MB, c_i=1.2, sleep=30000us, comm=1231.9ms, bw=3.49 Gbps [phase2]
[JobB-LONGLIU-MAIN] iter 155 (window 7): payload=1024MB, c_i=1.2, sleep=30000us, comm=1337.9ms, bw=3.21 Gbps [phase2]
[JobB-LONGLIU-MAIN] iter 156 (window 7): payload=1024MB, c_i=1.2, sleep=30000us, comm=1219.9ms, bw=3.52 Gbps [phase2]
[JobB-LONGLIU-MAIN] iter 157 (window 7): payload=1024MB, c_i=1.2, sleep=30000us, comm=1296.4ms, bw=3.31 Gbps [phase2]
[JobB-LONGLIU-MAIN] iter 158 (window 7): payload=1024MB, c_i=1.2, sleep=30000us, comm=1296.3ms, bw=3.31 Gbps [phase2]
[JobB-LONGLIU-MAIN] iter 159 (window 7): payload=1024MB, c_i=1.2, sleep=30000us, comm=1244.2ms, bw=3.45 Gbps [phase2]
[JobB-LONGLIU-MAIN] iter 160 (window 8): payload=1024MB, c_i=1.2, sleep=30000us, comm=1262.9ms, bw=3.40 Gbps [phase2]
[JobB-LONGLIU-MAIN] iter 161 (window 8): payload=1024MB, c_i=1.2, sleep=30000us, comm=1262.3ms, bw=3.40 Gbps [phase2]
[JobB-LONGLIU-MAIN] iter 162 (window 8): payload=1024MB, c_i=1.2, sleep=30000us, comm=1274.3ms, bw=3.37 Gbps [phase2]
[JobB-LONGLIU-MAIN] iter 163 (window 8): payload=1024MB, c_i=1.2, sleep=30000us, comm=1231.5ms, bw=3.49 Gbps [phase2]
[JobB-LONGLIU-MAIN] iter 164 (window 8): payload=1024MB, c_i=1.2, sleep=30000us, comm=1212.2ms, bw=3.54 Gbps [phase2]
[JobB-LONGLIU-MAIN] iter 165 (window 8): payload=1024MB, c_i=1.2, sleep=30000us, comm=1267.1ms, bw=3.39 Gbps [phase2]
[JobB-LONGLIU-MAIN] iter 166 (window 8): payload=1024MB, c_i=1.2, sleep=30000us, comm=1258.2ms, bw=3.41 Gbps [phase2]
[JobB-LONGLIU-MAIN] iter 167 (window 8): payload=1024MB, c_i=1.2, sleep=30000us, comm=1300.3ms, bw=3.30 Gbps [phase2]
[JobB-LONGLIU-MAIN] iter 168 (window 8): payload=1024MB, c_i=1.2, sleep=30000us, comm=1275.6ms, bw=3.37 Gbps [phase2]
[JobB-LONGLIU-MAIN] iter 169 (window 8): payload=1024MB, c_i=1.2, sleep=30000us, comm=1142.2ms, bw=3.76 Gbps [phase2]
[JobB-LONGLIU-MAIN] iter 170 (window 8): payload=1024MB, c_i=1.2, sleep=30000us, comm=1219.4ms, bw=3.52 Gbps [phase2]
[JobB-LONGLIU-MAIN] iter 171 (window 8): payload=1024MB, c_i=1.2, sleep=30000us, comm=1278.8ms, bw=3.36 Gbps [phase2]
[JobB-LONGLIU-MAIN] iter 172 (window 8): payload=1024MB, c_i=1.2, sleep=30000us, comm=1184.1ms, bw=3.63 Gbps [phase2]
[JobB-LONGLIU-MAIN] iter 173 (window 8): payload=1024MB, c_i=1.2, sleep=30000us, comm=1236.9ms, bw=3.47 Gbps [phase2]
[JobB-LONGLIU-MAIN] iter 174 (window 8): payload=1024MB, c_i=1.2, sleep=30000us, comm=1266.3ms, bw=3.39 Gbps [phase2]
[JobB-LONGLIU-MAIN] iter 175 (window 8): payload=1024MB, c_i=1.2, sleep=30000us, comm=1218.5ms, bw=3.52 Gbps [phase2]
[JobB-LONGLIU-MAIN] iter 176 (window 8): payload=1024MB, c_i=1.2, sleep=30000us, comm=1210.7ms, bw=3.55 Gbps [phase2]
[JobB-LONGLIU-MAIN] iter 177 (window 8): payload=1024MB, c_i=1.2, sleep=30000us, comm=1300.9ms, bw=3.30 Gbps [phase2]
[JobB-LONGLIU-MAIN] iter 178 (window 8): payload=1024MB, c_i=1.2, sleep=30000us, comm=1192.7ms, bw=3.60 Gbps [phase2]
[JobB-LONGLIU-MAIN] iter 179 (window 8): payload=1024MB, c_i=1.2, sleep=30000us, comm=1235.8ms, bw=3.48 Gbps [phase2]
[JobB-LONGLIU-MAIN] iter 180 (window 9): payload=1024MB, c_i=1.2, sleep=30000us, comm=1280.3ms, bw=3.35 Gbps [phase2]
[JobB-LONGLIU-MAIN] iter 181 (window 9): payload=1024MB, c_i=1.2, sleep=30000us, comm=1189.7ms, bw=3.61 Gbps [phase2]
[JobB-LONGLIU-MAIN] iter 182 (window 9): payload=1024MB, c_i=1.2, sleep=30000us, comm=1223.2ms, bw=3.51 Gbps [phase2]
[JobB-LONGLIU-MAIN] iter 183 (window 9): payload=1024MB, c_i=1.2, sleep=30000us, comm=1214.6ms, bw=3.54 Gbps [phase2]
[JobB-LONGLIU-MAIN] iter 184 (window 9): payload=1024MB, c_i=1.2, sleep=30000us, comm=1175.3ms, bw=3.65 Gbps [phase2]
[JobB-LONGLIU-MAIN] iter 185 (window 9): payload=1024MB, c_i=1.2, sleep=30000us, comm=1274.8ms, bw=3.37 Gbps [phase2]
[JobB-LONGLIU-MAIN] iter 186 (window 9): payload=1024MB, c_i=1.2, sleep=30000us, comm=1330.5ms, bw=3.23 Gbps [phase2]
[JobB-LONGLIU-MAIN] iter 187 (window 9): payload=1024MB, c_i=1.2, sleep=30000us, comm=1267.0ms, bw=3.39 Gbps [phase2]
[JobB-LONGLIU-MAIN] iter 188 (window 9): payload=1024MB, c_i=1.2, sleep=30000us, comm=1206.4ms, bw=3.56 Gbps [phase2]
[JobB-LONGLIU-MAIN] iter 189 (window 9): payload=1024MB, c_i=1.2, sleep=30000us, comm=1166.7ms, bw=3.68 Gbps [phase2]
[JobB-LONGLIU-MAIN] iter 190 (window 9): payload=1024MB, c_i=1.2, sleep=30000us, comm=1418.1ms, bw=3.03 Gbps [phase2]
[JobB-LONGLIU-MAIN] iter 191 (window 9): payload=1024MB, c_i=1.2, sleep=30000us, comm=1205.5ms, bw=3.56 Gbps [phase2]
[JobB-LONGLIU-MAIN] iter 192 (window 9): payload=1024MB, c_i=1.2, sleep=30000us, comm=1203.2ms, bw=3.57 Gbps [phase2]
[JobB-LONGLIU-MAIN] iter 193 (window 9): payload=1024MB, c_i=1.2, sleep=30000us, comm=1356.7ms, bw=3.17 Gbps [phase2]
[JobB-LONGLIU-MAIN] iter 194 (window 9): payload=1024MB, c_i=1.2, sleep=30000us, comm=1218.5ms, bw=3.52 Gbps [phase2]
[JobB-LONGLIU-MAIN] iter 195 (window 9): payload=1024MB, c_i=1.2, sleep=30000us, comm=1197.1ms, bw=3.59 Gbps [phase2]
[JobB-LONGLIU-MAIN] iter 196 (window 9): payload=1024MB, c_i=1.2, sleep=30000us, comm=1291.6ms, bw=3.33 Gbps [phase2]
[JobB-LONGLIU-MAIN] iter 197 (window 9): payload=1024MB, c_i=1.2, sleep=30000us, comm=1218.5ms, bw=3.52 Gbps [phase2]
[JobB-LONGLIU-MAIN] iter 198 (window 9): payload=1024MB, c_i=1.2, sleep=30000us, comm=1198.4ms, bw=3.58 Gbps [phase2]
[JobB-LONGLIU-MAIN] iter 199 (window 9): payload=1024MB, c_i=1.2, sleep=30000us, comm=1224.3ms, bw=3.51 Gbps [phase2]
[JobB-LONGLIU-MAIN] iter 200 (window 10): payload=1024MB, c_i=1.2, sleep=30000us, comm=1330.5ms, bw=3.23 Gbps [phase2]
[JobB-LONGLIU-MAIN] iter 201 (window 10): payload=1024MB, c_i=1.2, sleep=30000us, comm=1188.1ms, bw=3.62 Gbps [phase2]
[JobB-LONGLIU-MAIN] iter 202 (window 10): payload=1024MB, c_i=1.2, sleep=30000us, comm=1189.9ms, bw=3.61 Gbps [phase2]
[JobB-LONGLIU-MAIN] iter 203 (window 10): payload=1024MB, c_i=1.2, sleep=30000us, comm=1240.4ms, bw=3.46 Gbps [phase2]
[JobB-LONGLIU-MAIN] iter 204 (window 10): payload=1024MB, c_i=1.2, sleep=30000us, comm=1279.0ms, bw=3.36 Gbps [phase2]
[JobB-LONGLIU-MAIN] iter 205 (window 10): payload=1024MB, c_i=1.2, sleep=30000us, comm=1209.8ms, bw=3.55 Gbps [phase2]
[JobB-LONGLIU-MAIN] iter 206 (window 10): payload=1024MB, c_i=1.2, sleep=30000us, comm=1369.6ms, bw=3.14 Gbps [phase2]
[JobB-LONGLIU-MAIN] iter 207 (window 10): payload=1024MB, c_i=1.2, sleep=30000us, comm=1244.7ms, bw=3.45 Gbps [phase2]
[JobB-LONGLIU-MAIN] iter 208 (window 10): payload=1024MB, c_i=1.2, sleep=30000us, comm=1235.7ms, bw=3.48 Gbps [phase2]
[JobB-LONGLIU-MAIN] iter 209 (window 10): payload=1024MB, c_i=1.2, sleep=30000us, comm=1247.1ms, bw=3.44 Gbps [phase2]
[JobB-LONGLIU-MAIN] iter 210 (window 10): payload=1024MB, c_i=1.2, sleep=30000us, comm=1218.9ms, bw=3.52 Gbps [phase2]
[JobB-LONGLIU-MAIN] iter 211 (window 10): payload=1024MB, c_i=1.2, sleep=30000us, comm=1248.5ms, bw=3.44 Gbps [phase2]
[JobB-LONGLIU-MAIN] iter 212 (window 10): payload=1024MB, c_i=1.2, sleep=30000us, comm=1219.0ms, bw=3.52 Gbps [phase2]
[JobB-LONGLIU-MAIN] iter 213 (window 10): payload=1024MB, c_i=1.2, sleep=30000us, comm=1202.6ms, bw=3.57 Gbps [phase2]
[JobB-LONGLIU-MAIN] iter 214 (window 10): payload=1024MB, c_i=1.2, sleep=30000us, comm=1253.0ms, bw=3.43 Gbps [phase2]
[JobB-LONGLIU-MAIN] iter 215 (window 10): payload=1024MB, c_i=1.2, sleep=30000us, comm=1201.1ms, bw=3.58 Gbps [phase2]
[JobB-LONGLIU-MAIN] iter 216 (window 10): payload=1024MB, c_i=1.2, sleep=30000us, comm=987.6ms, bw=4.35 Gbps [phase2]
[JobB-LONGLIU-MAIN] iter 217 (window 10): payload=1024MB, c_i=1.2, sleep=30000us, comm=696.3ms, bw=6.17 Gbps [phase2]
[JobB-LONGLIU-MAIN] iter 218 (window 10): payload=1024MB, c_i=1.2, sleep=30000us, comm=640.2ms, bw=6.71 Gbps [phase2]
[JobB-LONGLIU-MAIN] iter 219 (window 10): payload=1024MB, c_i=1.2, sleep=30000us, comm=637.6ms, bw=6.74 Gbps [phase2]
[JobB-LONGLIU-MAIN] iter 220 (window 11): payload=1024MB, c_i=1.2, sleep=30000us, comm=631.3ms, bw=6.80 Gbps [phase2]
[JobB-LONGLIU-MAIN] iter 221 (window 11): payload=1024MB, c_i=1.2, sleep=30000us, comm=636.7ms, bw=6.75 Gbps [phase2]
[JobB-LONGLIU-MAIN] iter 222 (window 11): payload=1024MB, c_i=1.2, sleep=30000us, comm=648.3ms, bw=6.63 Gbps [phase2]
[JobB-LONGLIU-MAIN] iter 223 (window 11): payload=1024MB, c_i=1.2, sleep=30000us, comm=707.3ms, bw=6.07 Gbps [phase2]
[JobB-LONGLIU-MAIN] iter 224 (window 11): payload=1024MB, c_i=1.2, sleep=30000us, comm=621.3ms, bw=6.91 Gbps [phase2]
[JobB-LONGLIU-MAIN] iter 225 (window 11): payload=1024MB, c_i=1.2, sleep=30000us, comm=670.8ms, bw=6.40 Gbps [phase2]
[JobB-LONGLIU-MAIN] iter 226 (window 11): payload=1024MB, c_i=1.2, sleep=30000us, comm=632.9ms, bw=6.79 Gbps [phase2]
[JobB-LONGLIU-MAIN] iter 227 (window 11): payload=1024MB, c_i=1.2, sleep=30000us, comm=653.9ms, bw=6.57 Gbps [phase2]
[JobB-LONGLIU-MAIN] iter 228 (window 11): payload=1024MB, c_i=1.2, sleep=30000us, comm=606.6ms, bw=7.08 Gbps [phase2]
[JobB-LONGLIU-MAIN] iter 229 (window 11): payload=1024MB, c_i=1.2, sleep=30000us, comm=685.7ms, bw=6.26 Gbps [phase2]
[JobB-LONGLIU-MAIN] iter 230 (window 11): payload=1024MB, c_i=1.2, sleep=30000us, comm=680.4ms, bw=6.31 Gbps [phase2]
[JobB-LONGLIU-MAIN] iter 231 (window 11): payload=1024MB, c_i=1.2, sleep=30000us, comm=629.0ms, bw=6.83 Gbps [phase2]
[JobB-LONGLIU-MAIN] iter 232 (window 11): payload=1024MB, c_i=1.2, sleep=30000us, comm=691.6ms, bw=6.21 Gbps [phase2]
[JobB-LONGLIU-MAIN] iter 233 (window 11): payload=1024MB, c_i=1.2, sleep=30000us, comm=684.9ms, bw=6.27 Gbps [phase2]
[JobB-LONGLIU-MAIN] iter 234 (window 11): payload=1024MB, c_i=1.2, sleep=30000us, comm=660.5ms, bw=6.50 Gbps [phase2]
[JobB-LONGLIU-MAIN] iter 235 (window 11): payload=1024MB, c_i=1.2, sleep=30000us, comm=655.9ms, bw=6.55 Gbps [phase2]
[JobB-LONGLIU-MAIN] iter 236 (window 11): payload=1024MB, c_i=1.2, sleep=30000us, comm=629.4ms, bw=6.82 Gbps [phase2]
[JobB-LONGLIU-MAIN] iter 237 (window 11): payload=1024MB, c_i=1.2, sleep=30000us, comm=662.2ms, bw=6.49 Gbps [phase2]
[JobB-LONGLIU-MAIN] iter 238 (window 11): payload=1024MB, c_i=1.2, sleep=30000us, comm=646.8ms, bw=6.64 Gbps [phase2]
[JobB-LONGLIU-MAIN] iter 239 (window 11): payload=1024MB, c_i=1.2, sleep=30000us, comm=683.6ms, bw=6.28 Gbps [phase2]
[JobB-LONGLIU-MAIN] iter 240 (window 12): payload=1024MB, c_i=1.2, sleep=30000us, comm=677.9ms, bw=6.34 Gbps [phase2]
[JobB-LONGLIU-MAIN] iter 241 (window 12): payload=1024MB, c_i=1.2, sleep=30000us, comm=651.5ms, bw=6.59 Gbps [phase2]
[JobB-LONGLIU-MAIN] iter 242 (window 12): payload=1024MB, c_i=1.2, sleep=30000us, comm=613.1ms, bw=7.01 Gbps [phase2]
[JobB-LONGLIU-MAIN] iter 243 (window 12): payload=1024MB, c_i=1.2, sleep=30000us, comm=629.3ms, bw=6.82 Gbps [phase2]
[JobB-LONGLIU-MAIN] iter 244 (window 12): payload=1024MB, c_i=1.2, sleep=30000us, comm=633.2ms, bw=6.78 Gbps [phase2]
[JobB-LONGLIU-MAIN] iter 245 (window 12): payload=1024MB, c_i=1.2, sleep=30000us, comm=631.8ms, bw=6.80 Gbps [phase2]
[JobB-LONGLIU-MAIN] iter 246 (window 12): payload=1024MB, c_i=1.2, sleep=30000us, comm=610.0ms, bw=7.04 Gbps [phase2]
[JobB-LONGLIU-MAIN] iter 247 (window 12): payload=1024MB, c_i=1.2, sleep=30000us, comm=667.1ms, bw=6.44 Gbps [phase2]
[JobB-LONGLIU-MAIN] iter 248 (window 12): payload=1024MB, c_i=1.2, sleep=30000us, comm=700.0ms, bw=6.14 Gbps [phase2]
[JobB-LONGLIU-MAIN] iter 249 (window 12): payload=1024MB, c_i=1.2, sleep=30000us, comm=662.9ms, bw=6.48 Gbps [phase2]
[JobB-LONGLIU-MAIN] iter 250 (window 12): payload=1024MB, c_i=1.2, sleep=30000us, comm=667.9ms, bw=6.43 Gbps [phase2]
[JobB-LONGLIU-MAIN] iter 251 (window 12): payload=1024MB, c_i=1.2, sleep=30000us, comm=625.9ms, bw=6.86 Gbps [phase2]
[JobB-LONGLIU-MAIN] iter 252 (window 12): payload=1024MB, c_i=1.2, sleep=30000us, comm=604.5ms, bw=7.11 Gbps [phase2]
[JobB-LONGLIU-MAIN] iter 253 (window 12): payload=1024MB, c_i=1.2, sleep=30000us, comm=638.8ms, bw=6.72 Gbps [phase2]
[JobB-LONGLIU-MAIN] iter 254 (window 12): payload=1024MB, c_i=1.2, sleep=30000us, comm=644.8ms, bw=6.66 Gbps [phase2]
[JobB-LONGLIU-MAIN] iter 255 (window 12): payload=1024MB, c_i=1.2, sleep=30000us, comm=673.4ms, bw=6.38 Gbps [phase2]
[JobB-LONGLIU-MAIN] iter 256 (window 12): payload=1024MB, c_i=1.2, sleep=30000us, comm=674.9ms, bw=6.36 Gbps [phase2]
[JobB-LONGLIU-MAIN] iter 257 (window 12): payload=1024MB, c_i=1.2, sleep=30000us, comm=634.7ms, bw=6.77 Gbps [phase2]
[JobB-LONGLIU-MAIN] iter 258 (window 12): payload=1024MB, c_i=1.2, sleep=30000us, comm=671.8ms, bw=6.39 Gbps [phase2]
[JobB-LONGLIU-MAIN] iter 259 (window 12): payload=1024MB, c_i=1.2, sleep=30000us, comm=658.5ms, bw=6.52 Gbps [phase2]
[JobB-LONGLIU-MAIN] iter 260 (window 13): payload=1024MB, c_i=1.2, sleep=30000us, comm=673.5ms, bw=6.38 Gbps [phase2]
[JobB-LONGLIU-MAIN] iter 261 (window 13): payload=1024MB, c_i=1.2, sleep=30000us, comm=669.9ms, bw=6.41 Gbps [phase2]
[JobB-LONGLIU-MAIN] iter 262 (window 13): payload=1024MB, c_i=1.2, sleep=30000us, comm=709.2ms, bw=6.06 Gbps [phase2]
[JobB-LONGLIU-MAIN] iter 263 (window 13): payload=1024MB, c_i=1.2, sleep=30000us, comm=653.3ms, bw=6.57 Gbps [phase2]
[JobB-LONGLIU-MAIN] iter 264 (window 13): payload=1024MB, c_i=1.2, sleep=30000us, comm=653.6ms, bw=6.57 Gbps [phase2]
[JobB-LONGLIU-MAIN] iter 265 (window 13): payload=1024MB, c_i=1.2, sleep=30000us, comm=656.6ms, bw=6.54 Gbps [phase2]
[JobB-LONGLIU-MAIN] iter 266 (window 13): payload=1024MB, c_i=1.2, sleep=30000us, comm=692.5ms, bw=6.20 Gbps [phase2]
[JobB-LONGLIU-MAIN] iter 267 (window 13): payload=1024MB, c_i=1.2, sleep=30000us, comm=647.5ms, bw=6.63 Gbps [phase2]
[JobB-LONGLIU-MAIN] iter 268 (window 13): payload=1024MB, c_i=1.2, sleep=30000us, comm=655.4ms, bw=6.55 Gbps [phase2]
[JobB-LONGLIU-MAIN] iter 269 (window 13): payload=1024MB, c_i=1.2, sleep=30000us, comm=661.0ms, bw=6.50 Gbps [phase2]
[JobB-LONGLIU-MAIN] iter 270 (window 13): payload=1024MB, c_i=1.2, sleep=30000us, comm=617.0ms, bw=6.96 Gbps [phase2]
[JobB-LONGLIU-MAIN] iter 271 (window 13): payload=1024MB, c_i=1.2, sleep=30000us, comm=664.5ms, bw=6.46 Gbps [phase2]
[JobB-LONGLIU-MAIN] iter 272 (window 13): payload=1024MB, c_i=1.2, sleep=30000us, comm=620.0ms, bw=6.93 Gbps [phase2]
[JobB-LONGLIU-MAIN] iter 273 (window 13): payload=1024MB, c_i=1.2, sleep=30000us, comm=609.0ms, bw=7.05 Gbps [phase2]
[JobB-LONGLIU-MAIN] iter 274 (window 13): payload=1024MB, c_i=1.2, sleep=30000us, comm=689.2ms, bw=6.23 Gbps [phase2]
[JobB-LONGLIU-MAIN] iter 275 (window 13): payload=1024MB, c_i=1.2, sleep=30000us, comm=657.5ms, bw=6.53 Gbps [phase2]
[JobB-LONGLIU-MAIN] iter 276 (window 13): payload=1024MB, c_i=1.2, sleep=30000us, comm=652.0ms, bw=6.59 Gbps [phase2]
[JobB-LONGLIU-MAIN] iter 277 (window 13): payload=1024MB, c_i=1.2, sleep=30000us, comm=620.4ms, bw=6.92 Gbps [phase2]
[JobB-LONGLIU-MAIN] iter 278 (window 13): payload=1024MB, c_i=1.2, sleep=30000us, comm=625.6ms, bw=6.87 Gbps [phase2]
[JobB-LONGLIU-MAIN] iter 279 (window 13): payload=1024MB, c_i=1.2, sleep=30000us, comm=673.2ms, bw=6.38 Gbps [phase2]
[JobB-LONGLIU-MAIN] iter 280 (window 14): payload=1024MB, c_i=1.2, sleep=30000us, comm=678.2ms, bw=6.33 Gbps [phase2]
[JobB-LONGLIU-MAIN] iter 281 (window 14): payload=1024MB, c_i=1.2, sleep=30000us, comm=694.7ms, bw=6.18 Gbps [phase2]
[JobB-LONGLIU-MAIN] iter 282 (window 14): payload=1024MB, c_i=1.2, sleep=30000us, comm=640.3ms, bw=6.71 Gbps [phase2]
[JobB-LONGLIU-MAIN] iter 283 (window 14): payload=1024MB, c_i=1.2, sleep=30000us, comm=664.9ms, bw=6.46 Gbps [phase2]
[JobB-LONGLIU-MAIN] iter 284 (window 14): payload=1024MB, c_i=1.2, sleep=30000us, comm=678.4ms, bw=6.33 Gbps [phase2]
[JobB-LONGLIU-MAIN] iter 285 (window 14): payload=1024MB, c_i=1.2, sleep=30000us, comm=666.6ms, bw=6.44 Gbps [phase2]
[JobB-LONGLIU-MAIN] iter 286 (window 14): payload=1024MB, c_i=1.2, sleep=30000us, comm=642.4ms, bw=6.69 Gbps [phase2]
[JobB-LONGLIU-MAIN] iter 287 (window 14): payload=1024MB, c_i=1.2, sleep=30000us, comm=680.1ms, bw=6.32 Gbps [phase2]
[JobB-LONGLIU-MAIN] iter 288 (window 14): payload=1024MB, c_i=1.2, sleep=30000us, comm=666.6ms, bw=6.44 Gbps [phase2]
[JobB-LONGLIU-MAIN] iter 289 (window 14): payload=1024MB, c_i=1.2, sleep=30000us, comm=691.4ms, bw=6.21 Gbps [phase2]
[JobB-LONGLIU-MAIN] iter 290 (window 14): payload=1024MB, c_i=1.2, sleep=30000us, comm=626.3ms, bw=6.86 Gbps [phase2]
[JobB-LONGLIU-MAIN] iter 291 (window 14): payload=1024MB, c_i=1.2, sleep=30000us, comm=640.0ms, bw=6.71 Gbps [phase2]
[JobB-LONGLIU-MAIN] iter 292 (window 14): payload=1024MB, c_i=1.2, sleep=30000us, comm=665.9ms, bw=6.45 Gbps [phase2]
[JobB-LONGLIU-MAIN] iter 293 (window 14): payload=1024MB, c_i=1.2, sleep=30000us, comm=691.5ms, bw=6.21 Gbps [phase2]
[JobB-LONGLIU-MAIN] iter 294 (window 14): payload=1024MB, c_i=1.2, sleep=30000us, comm=657.4ms, bw=6.53 Gbps [phase2]
[JobB-LONGLIU-MAIN] iter 295 (window 14): payload=1024MB, c_i=1.2, sleep=30000us, comm=643.5ms, bw=6.67 Gbps [phase2]
[JobB-LONGLIU-MAIN] iter 296 (window 14): payload=1024MB, c_i=1.2, sleep=30000us, comm=630.6ms, bw=6.81 Gbps [phase2]
[JobB-LONGLIU-MAIN] iter 297 (window 14): payload=1024MB, c_i=1.2, sleep=30000us, comm=641.2ms, bw=6.70 Gbps [phase2]
[JobB-LONGLIU-MAIN] iter 298 (window 14): payload=1024MB, c_i=1.2, sleep=30000us, comm=638.7ms, bw=6.72 Gbps [phase2]
[JobB-LONGLIU-MAIN] iter 299 (window 14): payload=1024MB, c_i=1.2, sleep=30000us, comm=692.1ms, bw=6.21 Gbps [phase2]
[JobB-LONGLIU-MAIN] Per-iter results saved to p4_jobB_reverse_longliu_rank0_iter.csv
[JobB-LONGLIU-MAIN] Per-window stats saved to p4_jobB_reverse_longliu_rank0_window.csv
[JobB-LONGLIU-MAIN] Phase 1 (windows 0-6): c_i=3.0, avg_comm=1372.5ms, avg_bw=3.27 Gbps, avg_prio=6.0
[JobB-LONGLIU-MAIN] Phase 2 (windows 7-14): c_i=1.2, avg_comm=936.4ms, avg_bw=5.08 Gbps, avg_prio=6.0
[JobB-LONGLIU-MAIN] Total wall time: 342.4s
[MultiComm] Rank 0: destroyed
