[JobA-CRUX-MAIN] Loaded T_target=4201.09ms from /tmp/ttarget_v5_jobA.json (preset_target=True)
[MultiComm] Loading library from /home/why/LongLiu_rebuild/multi_comm_slo/build/libmulti_comm.so
[MultiComm] Rank 0: initializing 7 priorities across 1 devices
[MultiComm] Rank 0: waiting for TCP connections on port 29620...
[MultiComm] Rank 0: sent 7 IDs to rank 1
[MultiComm] Rank 0: created communicator for priority P0 (DSCP=0)
[MultiComm] Rank 0: created communicator for priority P1 (DSCP=8)
[MultiComm] Rank 0: created communicator for priority P2 (DSCP=16)
[MultiComm] Rank 0: created communicator for priority P3 (DSCP=24)
[MultiComm] Rank 0: created communicator for priority P4 (DSCP=32)
[MultiComm] Rank 0: created communicator for priority P5 (DSCP=40)
[MultiComm] Rank 0: created communicator for priority P6 (DSCP=48)
[MultiComm] Rank 0: initialization complete, starting at P6 (DSCP=48)
[MultiComm] Initialized: rank=0, world_size=2, master=192.10.10.110:29620, priority=P3
[JobA-CRUX-MAIN] scheduler=CRUX-static, queue=SP, payload=1024MB (fixed), reverse_epoch=7 (c_i swap), num_iters=300
[JobA-CRUX-MAIN] Phase 1 (epoch 0-6): c_i=1.2
[JobA-CRUX-MAIN] Phase 2 (epoch 7-14): c_i=3.0
[JobA-CRUX] Static priority: P3 (DSCP=24) — based on GPU intensity, held fixed
[JobA-CRUX-MAIN] GPU 0: Quadro RTX 4000, free=7.5 GB
[JobA-CRUX-MAIN] Warmup done.
[MultiComm] Rank 0: switching priority P6 -> P3 (DSCP 48 -> 24)
[JobA-CRUX-MAIN] iter   0 (epoch 0): payload=1024MB, c_i=1.2, sleep=30000us, comm=311.7ms, bw=13.78 Gbps [phase1]
[JobA-CRUX-MAIN] iter   1 (epoch 0): payload=1024MB, c_i=1.2, sleep=30000us, comm=176.9ms, bw=24.28 Gbps [phase1]
[JobA-CRUX-MAIN] iter   2 (epoch 0): payload=1024MB, c_i=1.2, sleep=30000us, comm=187.4ms, bw=22.92 Gbps [phase1]
[JobA-CRUX-MAIN] iter   3 (epoch 0): payload=1024MB, c_i=1.2, sleep=30000us, comm=169.0ms, bw=25.41 Gbps [phase1]
[JobA-CRUX-MAIN] iter   4 (epoch 0): payload=1024MB, c_i=1.2, sleep=30000us, comm=177.4ms, bw=24.21 Gbps [phase1]
[JobA-CRUX-MAIN] iter   5 (epoch 0): payload=1024MB, c_i=1.2, sleep=30000us, comm=180.3ms, bw=23.83 Gbps [phase1]
[JobA-CRUX-MAIN] iter   6 (epoch 0): payload=1024MB, c_i=1.2, sleep=30000us, comm=188.6ms, bw=22.78 Gbps [phase1]
[JobA-CRUX-MAIN] iter   7 (epoch 0): payload=1024MB, c_i=1.2, sleep=30000us, comm=175.6ms, bw=24.46 Gbps [phase1]
[JobA-CRUX-MAIN] iter   8 (epoch 0): payload=1024MB, c_i=1.2, sleep=30000us, comm=176.0ms, bw=24.40 Gbps [phase1]
[JobA-CRUX-MAIN] iter   9 (epoch 0): payload=1024MB, c_i=1.2, sleep=30000us, comm=196.7ms, bw=21.84 Gbps [phase1]
[JobA-CRUX-MAIN] iter  10 (epoch 0): payload=1024MB, c_i=1.2, sleep=30000us, comm=181.6ms, bw=23.65 Gbps [phase1]
[JobA-CRUX-MAIN] iter  11 (epoch 0): payload=1024MB, c_i=1.2, sleep=30000us, comm=182.3ms, bw=23.56 Gbps [phase1]
[JobA-CRUX-MAIN] iter  12 (epoch 0): payload=1024MB, c_i=1.2, sleep=30000us, comm=179.6ms, bw=23.91 Gbps [phase1]
[JobA-CRUX-MAIN] iter  13 (epoch 0): payload=1024MB, c_i=1.2, sleep=30000us, comm=185.8ms, bw=23.12 Gbps [phase1]
[JobA-CRUX-MAIN] iter  14 (epoch 0): payload=1024MB, c_i=1.2, sleep=30000us, comm=181.7ms, bw=23.64 Gbps [phase1]
[JobA-CRUX-MAIN] iter  15 (epoch 0): payload=1024MB, c_i=1.2, sleep=30000us, comm=181.5ms, bw=23.66 Gbps [phase1]
[JobA-CRUX-MAIN] iter  16 (epoch 0): payload=1024MB, c_i=1.2, sleep=30000us, comm=179.3ms, bw=23.95 Gbps [phase1]
[JobA-CRUX-MAIN] iter  17 (epoch 0): payload=1024MB, c_i=1.2, sleep=30000us, comm=177.2ms, bw=24.23 Gbps [phase1]
[JobA-CRUX-MAIN] iter  18 (epoch 0): payload=1024MB, c_i=1.2, sleep=30000us, comm=184.1ms, bw=23.33 Gbps [phase1]
[JobA-CRUX-MAIN] iter  19 (epoch 0): payload=1024MB, c_i=1.2, sleep=30000us, comm=188.8ms, bw=22.75 Gbps [phase1]
[JobA-CRUX-MAIN] iter  20 (epoch 1): payload=1024MB, c_i=1.2, sleep=30000us, comm=174.1ms, bw=24.67 Gbps [phase1]
[JobA-CRUX-MAIN] iter  21 (epoch 1): payload=1024MB, c_i=1.2, sleep=30000us, comm=171.9ms, bw=24.98 Gbps [phase1]
[JobA-CRUX-MAIN] iter  22 (epoch 1): payload=1024MB, c_i=1.2, sleep=30000us, comm=175.8ms, bw=24.44 Gbps [phase1]
[JobA-CRUX-MAIN] iter  23 (epoch 1): payload=1024MB, c_i=1.2, sleep=30000us, comm=165.7ms, bw=25.92 Gbps [phase1]
[JobA-CRUX-MAIN] iter  24 (epoch 1): payload=1024MB, c_i=1.2, sleep=30000us, comm=176.0ms, bw=24.41 Gbps [phase1]
[JobA-CRUX-MAIN] iter  25 (epoch 1): payload=1024MB, c_i=1.2, sleep=30000us, comm=182.9ms, bw=23.48 Gbps [phase1]
[JobA-CRUX-MAIN] iter  26 (epoch 1): payload=1024MB, c_i=1.2, sleep=30000us, comm=176.6ms, bw=24.32 Gbps [phase1]
[JobA-CRUX-MAIN] iter  27 (epoch 1): payload=1024MB, c_i=1.2, sleep=30000us, comm=167.6ms, bw=25.62 Gbps [phase1]
[JobA-CRUX-MAIN] iter  28 (epoch 1): payload=1024MB, c_i=1.2, sleep=30000us, comm=164.2ms, bw=26.15 Gbps [phase1]
[JobA-CRUX-MAIN] iter  29 (epoch 1): payload=1024MB, c_i=1.2, sleep=30000us, comm=167.6ms, bw=25.63 Gbps [phase1]
[JobA-CRUX-MAIN] iter  30 (epoch 1): payload=1024MB, c_i=1.2, sleep=30000us, comm=184.9ms, bw=23.23 Gbps [phase1]
[JobA-CRUX-MAIN] iter  31 (epoch 1): payload=1024MB, c_i=1.2, sleep=30000us, comm=195.8ms, bw=21.94 Gbps [phase1]
[JobA-CRUX-MAIN] iter  32 (epoch 1): payload=1024MB, c_i=1.2, sleep=30000us, comm=176.8ms, bw=24.29 Gbps [phase1]
[JobA-CRUX-MAIN] iter  33 (epoch 1): payload=1024MB, c_i=1.2, sleep=30000us, comm=182.0ms, bw=23.59 Gbps [phase1]
[JobA-CRUX-MAIN] iter  34 (epoch 1): payload=1024MB, c_i=1.2, sleep=30000us, comm=160.7ms, bw=26.73 Gbps [phase1]
[JobA-CRUX-MAIN] iter  35 (epoch 1): payload=1024MB, c_i=1.2, sleep=30000us, comm=157.7ms, bw=27.23 Gbps [phase1]
[JobA-CRUX-MAIN] iter  36 (epoch 1): payload=1024MB, c_i=1.2, sleep=30000us, comm=173.8ms, bw=24.71 Gbps [phase1]
[JobA-CRUX-MAIN] iter  37 (epoch 1): payload=1024MB, c_i=1.2, sleep=30000us, comm=176.0ms, bw=24.40 Gbps [phase1]
[JobA-CRUX-MAIN] iter  38 (epoch 1): payload=1024MB, c_i=1.2, sleep=30000us, comm=181.7ms, bw=23.64 Gbps [phase1]
[JobA-CRUX-MAIN] iter  39 (epoch 1): payload=1024MB, c_i=1.2, sleep=30000us, comm=182.3ms, bw=23.56 Gbps [phase1]
[JobA-CRUX-MAIN] iter  40 (epoch 2): payload=1024MB, c_i=1.2, sleep=30000us, comm=177.9ms, bw=24.14 Gbps [phase1]
[JobA-CRUX-MAIN] iter  41 (epoch 2): payload=1024MB, c_i=1.2, sleep=30000us, comm=187.4ms, bw=22.92 Gbps [phase1]
[JobA-CRUX-MAIN] iter  42 (epoch 2): payload=1024MB, c_i=1.2, sleep=30000us, comm=169.3ms, bw=25.38 Gbps [phase1]
[JobA-CRUX-MAIN] iter  43 (epoch 2): payload=1024MB, c_i=1.2, sleep=30000us, comm=173.8ms, bw=24.71 Gbps [phase1]
[JobA-CRUX-MAIN] iter  44 (epoch 2): payload=1024MB, c_i=1.2, sleep=30000us, comm=177.9ms, bw=24.15 Gbps [phase1]
[JobA-CRUX-MAIN] iter  45 (epoch 2): payload=1024MB, c_i=1.2, sleep=30000us, comm=185.1ms, bw=23.21 Gbps [phase1]
[JobA-CRUX-MAIN] iter  46 (epoch 2): payload=1024MB, c_i=1.2, sleep=30000us, comm=178.4ms, bw=24.08 Gbps [phase1]
[JobA-CRUX-MAIN] iter  47 (epoch 2): payload=1024MB, c_i=1.2, sleep=30000us, comm=177.9ms, bw=24.14 Gbps [phase1]
[JobA-CRUX-MAIN] iter  48 (epoch 2): payload=1024MB, c_i=1.2, sleep=30000us, comm=181.8ms, bw=23.63 Gbps [phase1]
[JobA-CRUX-MAIN] iter  49 (epoch 2): payload=1024MB, c_i=1.2, sleep=30000us, comm=174.3ms, bw=24.64 Gbps [phase1]
[JobA-CRUX-MAIN] iter  50 (epoch 2): payload=1024MB, c_i=1.2, sleep=30000us, comm=184.4ms, bw=23.29 Gbps [phase1]
[JobA-CRUX-MAIN] iter  51 (epoch 2): payload=1024MB, c_i=1.2, sleep=30000us, comm=174.0ms, bw=24.69 Gbps [phase1]
[JobA-CRUX-MAIN] iter  52 (epoch 2): payload=1024MB, c_i=1.2, sleep=30000us, comm=181.6ms, bw=23.65 Gbps [phase1]
[JobA-CRUX-MAIN] iter  53 (epoch 2): payload=1024MB, c_i=1.2, sleep=30000us, comm=176.9ms, bw=24.27 Gbps [phase1]
[JobA-CRUX-MAIN] iter  54 (epoch 2): payload=1024MB, c_i=1.2, sleep=30000us, comm=177.8ms, bw=24.16 Gbps [phase1]
[JobA-CRUX-MAIN] iter  55 (epoch 2): payload=1024MB, c_i=1.2, sleep=30000us, comm=178.9ms, bw=24.01 Gbps [phase1]
[JobA-CRUX-MAIN] iter  56 (epoch 2): payload=1024MB, c_i=1.2, sleep=30000us, comm=175.6ms, bw=24.46 Gbps [phase1]
[JobA-CRUX-MAIN] iter  57 (epoch 2): payload=1024MB, c_i=1.2, sleep=30000us, comm=191.6ms, bw=22.41 Gbps [phase1]
[JobA-CRUX-MAIN] iter  58 (epoch 2): payload=1024MB, c_i=1.2, sleep=30000us, comm=193.1ms, bw=22.24 Gbps [phase1]
[JobA-CRUX-MAIN] iter  59 (epoch 2): payload=1024MB, c_i=1.2, sleep=30000us, comm=190.6ms, bw=22.53 Gbps [phase1]
[JobA-CRUX-MAIN] iter  60 (epoch 3): payload=1024MB, c_i=1.2, sleep=30000us, comm=190.7ms, bw=22.52 Gbps [phase1]
[JobA-CRUX-MAIN] iter  61 (epoch 3): payload=1024MB, c_i=1.2, sleep=30000us, comm=182.9ms, bw=23.48 Gbps [phase1]
[JobA-CRUX-MAIN] iter  62 (epoch 3): payload=1024MB, c_i=1.2, sleep=30000us, comm=181.2ms, bw=23.70 Gbps [phase1]
[JobA-CRUX-MAIN] iter  63 (epoch 3): payload=1024MB, c_i=1.2, sleep=30000us, comm=182.4ms, bw=23.55 Gbps [phase1]
[JobA-CRUX-MAIN] iter  64 (epoch 3): payload=1024MB, c_i=1.2, sleep=30000us, comm=174.1ms, bw=24.66 Gbps [phase1]
[JobA-CRUX-MAIN] iter  65 (epoch 3): payload=1024MB, c_i=1.2, sleep=30000us, comm=183.1ms, bw=23.46 Gbps [phase1]
[JobA-CRUX-MAIN] iter  66 (epoch 3): payload=1024MB, c_i=1.2, sleep=30000us, comm=174.9ms, bw=24.55 Gbps [phase1]
[JobA-CRUX-MAIN] iter  67 (epoch 3): payload=1024MB, c_i=1.2, sleep=30000us, comm=189.9ms, bw=22.62 Gbps [phase1]
[JobA-CRUX-MAIN] iter  68 (epoch 3): payload=1024MB, c_i=1.2, sleep=30000us, comm=176.9ms, bw=24.29 Gbps [phase1]
[JobA-CRUX-MAIN] iter  69 (epoch 3): payload=1024MB, c_i=1.2, sleep=30000us, comm=182.7ms, bw=23.51 Gbps [phase1]
[JobA-CRUX-MAIN] iter  70 (epoch 3): payload=1024MB, c_i=1.2, sleep=30000us, comm=179.5ms, bw=23.93 Gbps [phase1]
[JobA-CRUX-MAIN] iter  71 (epoch 3): payload=1024MB, c_i=1.2, sleep=30000us, comm=225.7ms, bw=19.03 Gbps [phase1]
[JobA-CRUX-MAIN] iter  72 (epoch 3): payload=1024MB, c_i=1.2, sleep=30000us, comm=332.6ms, bw=12.91 Gbps [phase1]
[JobA-CRUX-MAIN] iter  73 (epoch 3): payload=1024MB, c_i=1.2, sleep=30000us, comm=319.4ms, bw=13.45 Gbps [phase1]
[JobA-CRUX-MAIN] iter  74 (epoch 3): payload=1024MB, c_i=1.2, sleep=30000us, comm=332.7ms, bw=12.91 Gbps [phase1]
[JobA-CRUX-MAIN] iter  75 (epoch 3): payload=1024MB, c_i=1.2, sleep=30000us, comm=344.6ms, bw=12.46 Gbps [phase1]
[JobA-CRUX-MAIN] iter  76 (epoch 3): payload=1024MB, c_i=1.2, sleep=30000us, comm=333.5ms, bw=12.88 Gbps [phase1]
[JobA-CRUX-MAIN] iter  77 (epoch 3): payload=1024MB, c_i=1.2, sleep=30000us, comm=353.9ms, bw=12.14 Gbps [phase1]
[JobA-CRUX-MAIN] iter  78 (epoch 3): payload=1024MB, c_i=1.2, sleep=30000us, comm=344.8ms, bw=12.46 Gbps [phase1]
[JobA-CRUX-MAIN] iter  79 (epoch 3): payload=1024MB, c_i=1.2, sleep=30000us, comm=327.1ms, bw=13.13 Gbps [phase1]
[JobA-CRUX-MAIN] iter  80 (epoch 4): payload=1024MB, c_i=1.2, sleep=30000us, comm=354.5ms, bw=12.11 Gbps [phase1]
[JobA-CRUX-MAIN] iter  81 (epoch 4): payload=1024MB, c_i=1.2, sleep=30000us, comm=345.8ms, bw=12.42 Gbps [phase1]
[JobA-CRUX-MAIN] iter  82 (epoch 4): payload=1024MB, c_i=1.2, sleep=30000us, comm=366.4ms, bw=11.72 Gbps [phase1]
[JobA-CRUX-MAIN] iter  83 (epoch 4): payload=1024MB, c_i=1.2, sleep=30000us, comm=349.3ms, bw=12.30 Gbps [phase1]
[JobA-CRUX-MAIN] iter  84 (epoch 4): payload=1024MB, c_i=1.2, sleep=30000us, comm=350.4ms, bw=12.26 Gbps [phase1]
[JobA-CRUX-MAIN] iter  85 (epoch 4): payload=1024MB, c_i=1.2, sleep=30000us, comm=318.5ms, bw=13.48 Gbps [phase1]
[JobA-CRUX-MAIN] iter  86 (epoch 4): payload=1024MB, c_i=1.2, sleep=30000us, comm=346.6ms, bw=12.39 Gbps [phase1]
[JobA-CRUX-MAIN] iter  87 (epoch 4): payload=1024MB, c_i=1.2, sleep=30000us, comm=332.7ms, bw=12.91 Gbps [phase1]
[JobA-CRUX-MAIN] iter  88 (epoch 4): payload=1024MB, c_i=1.2, sleep=30000us, comm=367.8ms, bw=11.68 Gbps [phase1]
[JobA-CRUX-MAIN] iter  89 (epoch 4): payload=1024MB, c_i=1.2, sleep=30000us, comm=348.9ms, bw=12.31 Gbps [phase1]
[JobA-CRUX-MAIN] iter  90 (epoch 4): payload=1024MB, c_i=1.2, sleep=30000us, comm=344.9ms, bw=12.45 Gbps [phase1]
[JobA-CRUX-MAIN] iter  91 (epoch 4): payload=1024MB, c_i=1.2, sleep=30000us, comm=342.0ms, bw=12.56 Gbps [phase1]
[JobA-CRUX-MAIN] iter  92 (epoch 4): payload=1024MB, c_i=1.2, sleep=30000us, comm=318.7ms, bw=13.48 Gbps [phase1]
[JobA-CRUX-MAIN] iter  93 (epoch 4): payload=1024MB, c_i=1.2, sleep=30000us, comm=362.5ms, bw=11.85 Gbps [phase1]
[JobA-CRUX-MAIN] iter  94 (epoch 4): payload=1024MB, c_i=1.2, sleep=30000us, comm=328.3ms, bw=13.08 Gbps [phase1]
[JobA-CRUX-MAIN] iter  95 (epoch 4): payload=1024MB, c_i=1.2, sleep=30000us, comm=340.4ms, bw=12.62 Gbps [phase1]
[JobA-CRUX-MAIN] iter  96 (epoch 4): payload=1024MB, c_i=1.2, sleep=30000us, comm=305.7ms, bw=14.05 Gbps [phase1]
[JobA-CRUX-MAIN] iter  97 (epoch 4): payload=1024MB, c_i=1.2, sleep=30000us, comm=348.8ms, bw=12.31 Gbps [phase1]
[JobA-CRUX-MAIN] iter  98 (epoch 4): payload=1024MB, c_i=1.2, sleep=30000us, comm=370.6ms, bw=11.59 Gbps [phase1]
[JobA-CRUX-MAIN] iter  99 (epoch 4): payload=1024MB, c_i=1.2, sleep=30000us, comm=315.6ms, bw=13.61 Gbps [phase1]
[JobA-CRUX-MAIN] iter 100 (epoch 5): payload=1024MB, c_i=1.2, sleep=30000us, comm=362.3ms, bw=11.86 Gbps [phase1]
[JobA-CRUX-MAIN] iter 101 (epoch 5): payload=1024MB, c_i=1.2, sleep=30000us, comm=375.5ms, bw=11.44 Gbps [phase1]
[JobA-CRUX-MAIN] iter 102 (epoch 5): payload=1024MB, c_i=1.2, sleep=30000us, comm=333.7ms, bw=12.87 Gbps [phase1]
[JobA-CRUX-MAIN] iter 103 (epoch 5): payload=1024MB, c_i=1.2, sleep=30000us, comm=362.4ms, bw=11.85 Gbps [phase1]
[JobA-CRUX-MAIN] iter 104 (epoch 5): payload=1024MB, c_i=1.2, sleep=30000us, comm=350.2ms, bw=12.27 Gbps [phase1]
[JobA-CRUX-MAIN] iter 105 (epoch 5): payload=1024MB, c_i=1.2, sleep=30000us, comm=331.3ms, bw=12.96 Gbps [phase1]
[JobA-CRUX-MAIN] iter 106 (epoch 5): payload=1024MB, c_i=1.2, sleep=30000us, comm=336.8ms, bw=12.75 Gbps [phase1]
[JobA-CRUX-MAIN] iter 107 (epoch 5): payload=1024MB, c_i=1.2, sleep=30000us, comm=354.0ms, bw=12.13 Gbps [phase1]
[JobA-CRUX-MAIN] iter 108 (epoch 5): payload=1024MB, c_i=1.2, sleep=30000us, comm=340.1ms, bw=12.63 Gbps [phase1]
[JobA-CRUX-MAIN] iter 109 (epoch 5): payload=1024MB, c_i=1.2, sleep=30000us, comm=362.3ms, bw=11.85 Gbps [phase1]
[JobA-CRUX-MAIN] iter 110 (epoch 5): payload=1024MB, c_i=1.2, sleep=30000us, comm=335.8ms, bw=12.79 Gbps [phase1]
[JobA-CRUX-MAIN] iter 111 (epoch 5): payload=1024MB, c_i=1.2, sleep=30000us, comm=323.7ms, bw=13.27 Gbps [phase1]
[JobA-CRUX-MAIN] iter 112 (epoch 5): payload=1024MB, c_i=1.2, sleep=30000us, comm=354.2ms, bw=12.13 Gbps [phase1]
[JobA-CRUX-MAIN] iter 113 (epoch 5): payload=1024MB, c_i=1.2, sleep=30000us, comm=348.7ms, bw=12.32 Gbps [phase1]
[JobA-CRUX-MAIN] iter 114 (epoch 5): payload=1024MB, c_i=1.2, sleep=30000us, comm=358.6ms, bw=11.98 Gbps [phase1]
[JobA-CRUX-MAIN] iter 115 (epoch 5): payload=1024MB, c_i=1.2, sleep=30000us, comm=328.7ms, bw=13.07 Gbps [phase1]
[JobA-CRUX-MAIN] iter 116 (epoch 5): payload=1024MB, c_i=1.2, sleep=30000us, comm=357.5ms, bw=12.01 Gbps [phase1]
[JobA-CRUX-MAIN] iter 117 (epoch 5): payload=1024MB, c_i=1.2, sleep=30000us, comm=353.6ms, bw=12.15 Gbps [phase1]
[JobA-CRUX-MAIN] iter 118 (epoch 5): payload=1024MB, c_i=1.2, sleep=30000us, comm=342.2ms, bw=12.55 Gbps [phase1]
[JobA-CRUX-MAIN] iter 119 (epoch 5): payload=1024MB, c_i=1.2, sleep=30000us, comm=353.4ms, bw=12.15 Gbps [phase1]
[JobA-CRUX-MAIN] iter 120 (epoch 6): payload=1024MB, c_i=1.2, sleep=30000us, comm=323.2ms, bw=13.29 Gbps [phase1]
[JobA-CRUX-MAIN] iter 121 (epoch 6): payload=1024MB, c_i=1.2, sleep=30000us, comm=354.8ms, bw=12.11 Gbps [phase1]
[JobA-CRUX-MAIN] iter 122 (epoch 6): payload=1024MB, c_i=1.2, sleep=30000us, comm=366.1ms, bw=11.73 Gbps [phase1]
[JobA-CRUX-MAIN] iter 123 (epoch 6): payload=1024MB, c_i=1.2, sleep=30000us, comm=341.3ms, bw=12.58 Gbps [phase1]
[JobA-CRUX-MAIN] iter 124 (epoch 6): payload=1024MB, c_i=1.2, sleep=30000us, comm=338.1ms, bw=12.70 Gbps [phase1]
[JobA-CRUX-MAIN] iter 125 (epoch 6): payload=1024MB, c_i=1.2, sleep=30000us, comm=349.9ms, bw=12.27 Gbps [phase1]
[JobA-CRUX-MAIN] iter 126 (epoch 6): payload=1024MB, c_i=1.2, sleep=30000us, comm=294.4ms, bw=14.59 Gbps [phase1]
[JobA-CRUX-MAIN] iter 127 (epoch 6): payload=1024MB, c_i=1.2, sleep=30000us, comm=348.9ms, bw=12.31 Gbps [phase1]
[JobA-CRUX-MAIN] iter 128 (epoch 6): payload=1024MB, c_i=1.2, sleep=30000us, comm=327.6ms, bw=13.11 Gbps [phase1]
[JobA-CRUX-MAIN] iter 129 (epoch 6): payload=1024MB, c_i=1.2, sleep=30000us, comm=379.3ms, bw=11.32 Gbps [phase1]
[JobA-CRUX-MAIN] iter 130 (epoch 6): payload=1024MB, c_i=1.2, sleep=30000us, comm=354.1ms, bw=12.13 Gbps [phase1]
[JobA-CRUX-MAIN] iter 131 (epoch 6): payload=1024MB, c_i=1.2, sleep=30000us, comm=341.7ms, bw=12.57 Gbps [phase1]
[JobA-CRUX-MAIN] iter 132 (epoch 6): payload=1024MB, c_i=1.2, sleep=30000us, comm=327.2ms, bw=13.13 Gbps [phase1]
[JobA-CRUX-MAIN] iter 133 (epoch 6): payload=1024MB, c_i=1.2, sleep=30000us, comm=358.7ms, bw=11.98 Gbps [phase1]
[JobA-CRUX-MAIN] iter 134 (epoch 6): payload=1024MB, c_i=1.2, sleep=30000us, comm=332.0ms, bw=12.94 Gbps [phase1]
[JobA-CRUX-MAIN] iter 135 (epoch 6): payload=1024MB, c_i=1.2, sleep=30000us, comm=357.5ms, bw=12.01 Gbps [phase1]
[JobA-CRUX-MAIN] iter 136 (epoch 6): payload=1024MB, c_i=1.2, sleep=30000us, comm=348.8ms, bw=12.31 Gbps [phase1]
[JobA-CRUX-MAIN] iter 137 (epoch 6): payload=1024MB, c_i=1.2, sleep=30000us, comm=353.7ms, bw=12.14 Gbps [phase1]
[JobA-CRUX-MAIN] iter 138 (epoch 6): payload=1024MB, c_i=1.2, sleep=30000us, comm=320.6ms, bw=13.40 Gbps [phase1]
[JobA-CRUX-MAIN] iter 139 (epoch 6): payload=1024MB, c_i=1.2, sleep=30000us, comm=372.3ms, bw=11.54 Gbps [phase1]
[JobA-CRUX-MAIN] *** c_i SWAP at epoch 7: now c_i=3.0 ***
[JobA-CRUX-MAIN] iter 140 (epoch 7): payload=1024MB, c_i=3.0, sleep=30000us, comm=332.1ms, bw=12.93 Gbps [phase2]
[JobA-CRUX-MAIN] iter 141 (epoch 7): payload=1024MB, c_i=3.0, sleep=30000us, comm=337.8ms, bw=12.71 Gbps [phase2]
[JobA-CRUX-MAIN] iter 142 (epoch 7): payload=1024MB, c_i=3.0, sleep=30000us, comm=320.3ms, bw=13.41 Gbps [phase2]
[JobA-CRUX-MAIN] iter 143 (epoch 7): payload=1024MB, c_i=3.0, sleep=30000us, comm=327.9ms, bw=13.10 Gbps [phase2]
[JobA-CRUX-MAIN] iter 144 (epoch 7): payload=1024MB, c_i=3.0, sleep=30000us, comm=320.6ms, bw=13.40 Gbps [phase2]
[JobA-CRUX-MAIN] iter 145 (epoch 7): payload=1024MB, c_i=3.0, sleep=30000us, comm=336.7ms, bw=12.76 Gbps [phase2]
[JobA-CRUX-MAIN] iter 146 (epoch 7): payload=1024MB, c_i=3.0, sleep=30000us, comm=353.0ms, bw=12.17 Gbps [phase2]
[JobA-CRUX-MAIN] iter 147 (epoch 7): payload=1024MB, c_i=3.0, sleep=30000us, comm=331.8ms, bw=12.94 Gbps [phase2]
[JobA-CRUX-MAIN] iter 148 (epoch 7): payload=1024MB, c_i=3.0, sleep=30000us, comm=345.3ms, bw=12.44 Gbps [phase2]
[JobA-CRUX-MAIN] iter 149 (epoch 7): payload=1024MB, c_i=3.0, sleep=30000us, comm=346.1ms, bw=12.41 Gbps [phase2]
[JobA-CRUX-MAIN] iter 150 (epoch 7): payload=1024MB, c_i=3.0, sleep=30000us, comm=361.8ms, bw=11.87 Gbps [phase2]
[JobA-CRUX-MAIN] iter 151 (epoch 7): payload=1024MB, c_i=3.0, sleep=30000us, comm=316.1ms, bw=13.59 Gbps [phase2]
[JobA-CRUX-MAIN] iter 152 (epoch 7): payload=1024MB, c_i=3.0, sleep=30000us, comm=319.6ms, bw=13.44 Gbps [phase2]
[JobA-CRUX-MAIN] iter 153 (epoch 7): payload=1024MB, c_i=3.0, sleep=30000us, comm=333.1ms, bw=12.89 Gbps [phase2]
[JobA-CRUX-MAIN] iter 154 (epoch 7): payload=1024MB, c_i=3.0, sleep=30000us, comm=320.8ms, bw=13.39 Gbps [phase2]
[JobA-CRUX-MAIN] iter 155 (epoch 7): payload=1024MB, c_i=3.0, sleep=30000us, comm=327.3ms, bw=13.12 Gbps [phase2]
[JobA-CRUX-MAIN] iter 156 (epoch 7): payload=1024MB, c_i=3.0, sleep=30000us, comm=318.9ms, bw=13.47 Gbps [phase2]
[JobA-CRUX-MAIN] iter 157 (epoch 7): payload=1024MB, c_i=3.0, sleep=30000us, comm=307.0ms, bw=13.99 Gbps [phase2]
[JobA-CRUX-MAIN] iter 158 (epoch 7): payload=1024MB, c_i=3.0, sleep=30000us, comm=340.0ms, bw=12.63 Gbps [phase2]
[JobA-CRUX-MAIN] iter 159 (epoch 7): payload=1024MB, c_i=3.0, sleep=30000us, comm=335.9ms, bw=12.79 Gbps [phase2]
[JobA-CRUX-MAIN] iter 160 (epoch 8): payload=1024MB, c_i=3.0, sleep=30000us, comm=344.6ms, bw=12.46 Gbps [phase2]
[JobA-CRUX-MAIN] iter 161 (epoch 8): payload=1024MB, c_i=3.0, sleep=30000us, comm=340.9ms, bw=12.60 Gbps [phase2]
[JobA-CRUX-MAIN] iter 162 (epoch 8): payload=1024MB, c_i=3.0, sleep=30000us, comm=329.2ms, bw=13.05 Gbps [phase2]
[JobA-CRUX-MAIN] iter 163 (epoch 8): payload=1024MB, c_i=3.0, sleep=30000us, comm=332.9ms, bw=12.90 Gbps [phase2]
[JobA-CRUX-MAIN] iter 164 (epoch 8): payload=1024MB, c_i=3.0, sleep=30000us, comm=336.5ms, bw=12.76 Gbps [phase2]
[JobA-CRUX-MAIN] iter 165 (epoch 8): payload=1024MB, c_i=3.0, sleep=30000us, comm=331.7ms, bw=12.95 Gbps [phase2]
[JobA-CRUX-MAIN] iter 166 (epoch 8): payload=1024MB, c_i=3.0, sleep=30000us, comm=324.6ms, bw=13.23 Gbps [phase2]
[JobA-CRUX-MAIN] iter 167 (epoch 8): payload=1024MB, c_i=3.0, sleep=30000us, comm=367.2ms, bw=11.70 Gbps [phase2]
[JobA-CRUX-MAIN] iter 168 (epoch 8): payload=1024MB, c_i=3.0, sleep=30000us, comm=359.4ms, bw=11.95 Gbps [phase2]
[JobA-CRUX-MAIN] iter 169 (epoch 8): payload=1024MB, c_i=3.0, sleep=30000us, comm=345.5ms, bw=12.43 Gbps [phase2]
[JobA-CRUX-MAIN] iter 170 (epoch 8): payload=1024MB, c_i=3.0, sleep=30000us, comm=336.3ms, bw=12.77 Gbps [phase2]
[JobA-CRUX-MAIN] iter 171 (epoch 8): payload=1024MB, c_i=3.0, sleep=30000us, comm=342.1ms, bw=12.55 Gbps [phase2]
[JobA-CRUX-MAIN] iter 172 (epoch 8): payload=1024MB, c_i=3.0, sleep=30000us, comm=345.9ms, bw=12.42 Gbps [phase2]
[JobA-CRUX-MAIN] iter 173 (epoch 8): payload=1024MB, c_i=3.0, sleep=30000us, comm=341.2ms, bw=12.59 Gbps [phase2]
[JobA-CRUX-MAIN] iter 174 (epoch 8): payload=1024MB, c_i=3.0, sleep=30000us, comm=320.0ms, bw=13.42 Gbps [phase2]
[JobA-CRUX-MAIN] iter 175 (epoch 8): payload=1024MB, c_i=3.0, sleep=30000us, comm=345.5ms, bw=12.43 Gbps [phase2]
[JobA-CRUX-MAIN] iter 176 (epoch 8): payload=1024MB, c_i=3.0, sleep=30000us, comm=358.3ms, bw=11.99 Gbps [phase2]
[JobA-CRUX-MAIN] iter 177 (epoch 8): payload=1024MB, c_i=3.0, sleep=30000us, comm=363.3ms, bw=11.82 Gbps [phase2]
[JobA-CRUX-MAIN] iter 178 (epoch 8): payload=1024MB, c_i=3.0, sleep=30000us, comm=349.5ms, bw=12.29 Gbps [phase2]
[JobA-CRUX-MAIN] iter 179 (epoch 8): payload=1024MB, c_i=3.0, sleep=30000us, comm=340.1ms, bw=12.63 Gbps [phase2]
[JobA-CRUX-MAIN] iter 180 (epoch 9): payload=1024MB, c_i=3.0, sleep=30000us, comm=336.5ms, bw=12.76 Gbps [phase2]
[JobA-CRUX-MAIN] iter 181 (epoch 9): payload=1024MB, c_i=3.0, sleep=30000us, comm=318.5ms, bw=13.48 Gbps [phase2]
[JobA-CRUX-MAIN] iter 182 (epoch 9): payload=1024MB, c_i=3.0, sleep=30000us, comm=344.7ms, bw=12.46 Gbps [phase2]
[JobA-CRUX-MAIN] iter 183 (epoch 9): payload=1024MB, c_i=3.0, sleep=30000us, comm=340.5ms, bw=12.61 Gbps [phase2]
[JobA-CRUX-MAIN] iter 184 (epoch 9): payload=1024MB, c_i=3.0, sleep=30000us, comm=336.2ms, bw=12.77 Gbps [phase2]
[JobA-CRUX-MAIN] iter 185 (epoch 9): payload=1024MB, c_i=3.0, sleep=30000us, comm=370.6ms, bw=11.59 Gbps [phase2]
[JobA-CRUX-MAIN] iter 186 (epoch 9): payload=1024MB, c_i=3.0, sleep=30000us, comm=357.7ms, bw=12.01 Gbps [phase2]
[JobA-CRUX-MAIN] iter 187 (epoch 9): payload=1024MB, c_i=3.0, sleep=30000us, comm=357.7ms, bw=12.01 Gbps [phase2]
[JobA-CRUX-MAIN] iter 188 (epoch 9): payload=1024MB, c_i=3.0, sleep=30000us, comm=345.9ms, bw=12.42 Gbps [phase2]
[JobA-CRUX-MAIN] iter 189 (epoch 9): payload=1024MB, c_i=3.0, sleep=30000us, comm=357.3ms, bw=12.02 Gbps [phase2]
[JobA-CRUX-MAIN] iter 190 (epoch 9): payload=1024MB, c_i=3.0, sleep=30000us, comm=363.1ms, bw=11.83 Gbps [phase2]
[JobA-CRUX-MAIN] iter 191 (epoch 9): payload=1024MB, c_i=3.0, sleep=30000us, comm=336.2ms, bw=12.78 Gbps [phase2]
[JobA-CRUX-MAIN] iter 192 (epoch 9): payload=1024MB, c_i=3.0, sleep=30000us, comm=321.0ms, bw=13.38 Gbps [phase2]
[JobA-CRUX-MAIN] iter 193 (epoch 9): payload=1024MB, c_i=3.0, sleep=30000us, comm=357.6ms, bw=12.01 Gbps [phase2]
[JobA-CRUX-MAIN] iter 194 (epoch 9): payload=1024MB, c_i=3.0, sleep=30000us, comm=332.9ms, bw=12.90 Gbps [phase2]
[JobA-CRUX-MAIN] iter 195 (epoch 9): payload=1024MB, c_i=3.0, sleep=30000us, comm=329.5ms, bw=13.03 Gbps [phase2]
[JobA-CRUX-MAIN] iter 196 (epoch 9): payload=1024MB, c_i=3.0, sleep=30000us, comm=319.3ms, bw=13.45 Gbps [phase2]
[JobA-CRUX-MAIN] iter 197 (epoch 9): payload=1024MB, c_i=3.0, sleep=30000us, comm=353.6ms, bw=12.15 Gbps [phase2]
[JobA-CRUX-MAIN] iter 198 (epoch 9): payload=1024MB, c_i=3.0, sleep=30000us, comm=336.9ms, bw=12.75 Gbps [phase2]
[JobA-CRUX-MAIN] iter 199 (epoch 9): payload=1024MB, c_i=3.0, sleep=30000us, comm=325.9ms, bw=13.18 Gbps [phase2]
[JobA-CRUX-MAIN] iter 200 (epoch 10): payload=1024MB, c_i=3.0, sleep=30000us, comm=331.7ms, bw=12.95 Gbps [phase2]
[JobA-CRUX-MAIN] iter 201 (epoch 10): payload=1024MB, c_i=3.0, sleep=30000us, comm=346.8ms, bw=12.39 Gbps [phase2]
[JobA-CRUX-MAIN] iter 202 (epoch 10): payload=1024MB, c_i=3.0, sleep=30000us, comm=341.8ms, bw=12.56 Gbps [phase2]
[JobA-CRUX-MAIN] iter 203 (epoch 10): payload=1024MB, c_i=3.0, sleep=30000us, comm=362.5ms, bw=11.85 Gbps [phase2]
[JobA-CRUX-MAIN] iter 204 (epoch 10): payload=1024MB, c_i=3.0, sleep=30000us, comm=370.9ms, bw=11.58 Gbps [phase2]
[JobA-CRUX-MAIN] iter 205 (epoch 10): payload=1024MB, c_i=3.0, sleep=30000us, comm=357.6ms, bw=12.01 Gbps [phase2]
[JobA-CRUX-MAIN] iter 206 (epoch 10): payload=1024MB, c_i=3.0, sleep=30000us, comm=366.6ms, bw=11.72 Gbps [phase2]
[JobA-CRUX-MAIN] iter 207 (epoch 10): payload=1024MB, c_i=3.0, sleep=30000us, comm=353.1ms, bw=12.17 Gbps [phase2]
[JobA-CRUX-MAIN] iter 208 (epoch 10): payload=1024MB, c_i=3.0, sleep=30000us, comm=345.5ms, bw=12.43 Gbps [phase2]
[JobA-CRUX-MAIN] iter 209 (epoch 10): payload=1024MB, c_i=3.0, sleep=30000us, comm=359.0ms, bw=11.97 Gbps [phase2]
[JobA-CRUX-MAIN] iter 210 (epoch 10): payload=1024MB, c_i=3.0, sleep=30000us, comm=362.3ms, bw=11.85 Gbps [phase2]
[JobA-CRUX-MAIN] iter 211 (epoch 10): payload=1024MB, c_i=3.0, sleep=30000us, comm=336.7ms, bw=12.76 Gbps [phase2]
[JobA-CRUX-MAIN] iter 212 (epoch 10): payload=1024MB, c_i=3.0, sleep=30000us, comm=328.7ms, bw=13.07 Gbps [phase2]
[JobA-CRUX-MAIN] iter 213 (epoch 10): payload=1024MB, c_i=3.0, sleep=30000us, comm=337.1ms, bw=12.74 Gbps [phase2]
[JobA-CRUX-MAIN] iter 214 (epoch 10): payload=1024MB, c_i=3.0, sleep=30000us, comm=336.3ms, bw=12.77 Gbps [phase2]
[JobA-CRUX-MAIN] iter 215 (epoch 10): payload=1024MB, c_i=3.0, sleep=30000us, comm=340.5ms, bw=12.61 Gbps [phase2]
[JobA-CRUX-MAIN] iter 216 (epoch 10): payload=1024MB, c_i=3.0, sleep=30000us, comm=336.1ms, bw=12.78 Gbps [phase2]
[JobA-CRUX-MAIN] iter 217 (epoch 10): payload=1024MB, c_i=3.0, sleep=30000us, comm=364.1ms, bw=11.80 Gbps [phase2]
[JobA-CRUX-MAIN] iter 218 (epoch 10): payload=1024MB, c_i=3.0, sleep=30000us, comm=383.5ms, bw=11.20 Gbps [phase2]
[JobA-CRUX-MAIN] iter 219 (epoch 10): payload=1024MB, c_i=3.0, sleep=30000us, comm=370.4ms, bw=11.60 Gbps [phase2]
[JobA-CRUX-MAIN] iter 220 (epoch 11): payload=1024MB, c_i=3.0, sleep=30000us, comm=298.3ms, bw=14.40 Gbps [phase2]
[JobA-CRUX-MAIN] iter 221 (epoch 11): payload=1024MB, c_i=3.0, sleep=30000us, comm=331.6ms, bw=12.95 Gbps [phase2]
[JobA-CRUX-MAIN] iter 222 (epoch 11): payload=1024MB, c_i=3.0, sleep=30000us, comm=328.3ms, bw=13.08 Gbps [phase2]
[JobA-CRUX-MAIN] iter 223 (epoch 11): payload=1024MB, c_i=3.0, sleep=30000us, comm=314.2ms, bw=13.67 Gbps [phase2]
[JobA-CRUX-MAIN] iter 224 (epoch 11): payload=1024MB, c_i=3.0, sleep=30000us, comm=332.1ms, bw=12.93 Gbps [phase2]
[JobA-CRUX-MAIN] iter 225 (epoch 11): payload=1024MB, c_i=3.0, sleep=30000us, comm=337.9ms, bw=12.71 Gbps [phase2]
[JobA-CRUX-MAIN] iter 226 (epoch 11): payload=1024MB, c_i=3.0, sleep=30000us, comm=350.3ms, bw=12.26 Gbps [phase2]
[JobA-CRUX-MAIN] iter 227 (epoch 11): payload=1024MB, c_i=3.0, sleep=30000us, comm=362.3ms, bw=11.86 Gbps [phase2]
[JobA-CRUX-MAIN] iter 228 (epoch 11): payload=1024MB, c_i=3.0, sleep=30000us, comm=344.8ms, bw=12.46 Gbps [phase2]
[JobA-CRUX-MAIN] iter 229 (epoch 11): payload=1024MB, c_i=3.0, sleep=30000us, comm=329.1ms, bw=13.05 Gbps [phase2]
[JobA-CRUX-MAIN] iter 230 (epoch 11): payload=1024MB, c_i=3.0, sleep=30000us, comm=342.1ms, bw=12.56 Gbps [phase2]
[JobA-CRUX-MAIN] iter 231 (epoch 11): payload=1024MB, c_i=3.0, sleep=30000us, comm=332.0ms, bw=12.94 Gbps [phase2]
[JobA-CRUX-MAIN] iter 232 (epoch 11): payload=1024MB, c_i=3.0, sleep=30000us, comm=336.9ms, bw=12.75 Gbps [phase2]
[JobA-CRUX-MAIN] iter 233 (epoch 11): payload=1024MB, c_i=3.0, sleep=30000us, comm=333.0ms, bw=12.90 Gbps [phase2]
[JobA-CRUX-MAIN] iter 234 (epoch 11): payload=1024MB, c_i=3.0, sleep=30000us, comm=341.4ms, bw=12.58 Gbps [phase2]
[JobA-CRUX-MAIN] iter 235 (epoch 11): payload=1024MB, c_i=3.0, sleep=30000us, comm=359.5ms, bw=11.95 Gbps [phase2]
[JobA-CRUX-MAIN] iter 236 (epoch 11): payload=1024MB, c_i=3.0, sleep=30000us, comm=344.7ms, bw=12.46 Gbps [phase2]
[JobA-CRUX-MAIN] iter 237 (epoch 11): payload=1024MB, c_i=3.0, sleep=30000us, comm=335.2ms, bw=12.81 Gbps [phase2]
[JobA-CRUX-MAIN] iter 238 (epoch 11): payload=1024MB, c_i=3.0, sleep=30000us, comm=345.8ms, bw=12.42 Gbps [phase2]
[JobA-CRUX-MAIN] iter 239 (epoch 11): payload=1024MB, c_i=3.0, sleep=30000us, comm=367.2ms, bw=11.70 Gbps [phase2]
[JobA-CRUX-MAIN] iter 240 (epoch 12): payload=1024MB, c_i=3.0, sleep=30000us, comm=323.6ms, bw=13.27 Gbps [phase2]
[JobA-CRUX-MAIN] iter 241 (epoch 12): payload=1024MB, c_i=3.0, sleep=30000us, comm=372.3ms, bw=11.54 Gbps [phase2]
[JobA-CRUX-MAIN] iter 242 (epoch 12): payload=1024MB, c_i=3.0, sleep=30000us, comm=335.0ms, bw=12.82 Gbps [phase2]
[JobA-CRUX-MAIN] iter 243 (epoch 12): payload=1024MB, c_i=3.0, sleep=30000us, comm=349.9ms, bw=12.27 Gbps [phase2]
[JobA-CRUX-MAIN] iter 244 (epoch 12): payload=1024MB, c_i=3.0, sleep=30000us, comm=328.4ms, bw=13.08 Gbps [phase2]
[JobA-CRUX-MAIN] iter 245 (epoch 12): payload=1024MB, c_i=3.0, sleep=30000us, comm=320.0ms, bw=13.42 Gbps [phase2]
[JobA-CRUX-MAIN] iter 246 (epoch 12): payload=1024MB, c_i=3.0, sleep=30000us, comm=335.9ms, bw=12.79 Gbps [phase2]
[JobA-CRUX-MAIN] iter 247 (epoch 12): payload=1024MB, c_i=3.0, sleep=30000us, comm=336.1ms, bw=12.78 Gbps [phase2]
[JobA-CRUX-MAIN] iter 248 (epoch 12): payload=1024MB, c_i=3.0, sleep=30000us, comm=324.6ms, bw=13.23 Gbps [phase2]
[JobA-CRUX-MAIN] iter 249 (epoch 12): payload=1024MB, c_i=3.0, sleep=30000us, comm=375.0ms, bw=11.45 Gbps [phase2]
[JobA-CRUX-MAIN] iter 250 (epoch 12): payload=1024MB, c_i=3.0, sleep=30000us, comm=337.6ms, bw=12.72 Gbps [phase2]
[JobA-CRUX-MAIN] iter 251 (epoch 12): payload=1024MB, c_i=3.0, sleep=30000us, comm=323.3ms, bw=13.28 Gbps [phase2]
[JobA-CRUX-MAIN] iter 252 (epoch 12): payload=1024MB, c_i=3.0, sleep=30000us, comm=336.5ms, bw=12.76 Gbps [phase2]
[JobA-CRUX-MAIN] iter 253 (epoch 12): payload=1024MB, c_i=3.0, sleep=30000us, comm=341.3ms, bw=12.58 Gbps [phase2]
[JobA-CRUX-MAIN] iter 254 (epoch 12): payload=1024MB, c_i=3.0, sleep=30000us, comm=324.5ms, bw=13.24 Gbps [phase2]
[JobA-CRUX-MAIN] iter 255 (epoch 12): payload=1024MB, c_i=3.0, sleep=30000us, comm=328.3ms, bw=13.08 Gbps [phase2]
[JobA-CRUX-MAIN] iter 256 (epoch 12): payload=1024MB, c_i=3.0, sleep=30000us, comm=345.0ms, bw=12.45 Gbps [phase2]
[JobA-CRUX-MAIN] iter 257 (epoch 12): payload=1024MB, c_i=3.0, sleep=30000us, comm=327.8ms, bw=13.10 Gbps [phase2]
[JobA-CRUX-MAIN] iter 258 (epoch 12): payload=1024MB, c_i=3.0, sleep=30000us, comm=371.6ms, bw=11.56 Gbps [phase2]
[JobA-CRUX-MAIN] iter 259 (epoch 12): payload=1024MB, c_i=3.0, sleep=30000us, comm=340.5ms, bw=12.61 Gbps [phase2]
[JobA-CRUX-MAIN] iter 260 (epoch 13): payload=1024MB, c_i=3.0, sleep=30000us, comm=380.6ms, bw=11.28 Gbps [phase2]
[JobA-CRUX-MAIN] iter 261 (epoch 13): payload=1024MB, c_i=3.0, sleep=30000us, comm=311.7ms, bw=13.78 Gbps [phase2]
[JobA-CRUX-MAIN] iter 262 (epoch 13): payload=1024MB, c_i=3.0, sleep=30000us, comm=367.5ms, bw=11.69 Gbps [phase2]
[JobA-CRUX-MAIN] iter 263 (epoch 13): payload=1024MB, c_i=3.0, sleep=30000us, comm=327.9ms, bw=13.10 Gbps [phase2]
[JobA-CRUX-MAIN] iter 264 (epoch 13): payload=1024MB, c_i=3.0, sleep=30000us, comm=318.8ms, bw=13.47 Gbps [phase2]
[JobA-CRUX-MAIN] iter 265 (epoch 13): payload=1024MB, c_i=3.0, sleep=30000us, comm=354.4ms, bw=12.12 Gbps [phase2]
[JobA-CRUX-MAIN] iter 266 (epoch 13): payload=1024MB, c_i=3.0, sleep=30000us, comm=344.7ms, bw=12.46 Gbps [phase2]
[JobA-CRUX-MAIN] iter 267 (epoch 13): payload=1024MB, c_i=3.0, sleep=30000us, comm=341.1ms, bw=12.59 Gbps [phase2]
[JobA-CRUX-MAIN] iter 268 (epoch 13): payload=1024MB, c_i=3.0, sleep=30000us, comm=330.1ms, bw=13.01 Gbps [phase2]
[JobA-CRUX-MAIN] iter 269 (epoch 13): payload=1024MB, c_i=3.0, sleep=30000us, comm=362.2ms, bw=11.86 Gbps [phase2]
[JobA-CRUX-MAIN] iter 270 (epoch 13): payload=1024MB, c_i=3.0, sleep=30000us, comm=358.6ms, bw=11.98 Gbps [phase2]
[JobA-CRUX-MAIN] iter 271 (epoch 13): payload=1024MB, c_i=3.0, sleep=30000us, comm=358.6ms, bw=11.98 Gbps [phase2]
[JobA-CRUX-MAIN] iter 272 (epoch 13): payload=1024MB, c_i=3.0, sleep=30000us, comm=351.1ms, bw=12.23 Gbps [phase2]
[JobA-CRUX-MAIN] iter 273 (epoch 13): payload=1024MB, c_i=3.0, sleep=30000us, comm=311.1ms, bw=13.81 Gbps [phase2]
[JobA-CRUX-MAIN] iter 274 (epoch 13): payload=1024MB, c_i=3.0, sleep=30000us, comm=355.0ms, bw=12.10 Gbps [phase2]
[JobA-CRUX-MAIN] iter 275 (epoch 13): payload=1024MB, c_i=3.0, sleep=30000us, comm=349.8ms, bw=12.28 Gbps [phase2]
[JobA-CRUX-MAIN] iter 276 (epoch 13): payload=1024MB, c_i=3.0, sleep=30000us, comm=353.5ms, bw=12.15 Gbps [phase2]
[JobA-CRUX-MAIN] iter 277 (epoch 13): payload=1024MB, c_i=3.0, sleep=30000us, comm=340.5ms, bw=12.62 Gbps [phase2]
[JobA-CRUX-MAIN] iter 278 (epoch 13): payload=1024MB, c_i=3.0, sleep=30000us, comm=332.9ms, bw=12.90 Gbps [phase2]
[JobA-CRUX-MAIN] iter 279 (epoch 13): payload=1024MB, c_i=3.0, sleep=30000us, comm=345.6ms, bw=12.43 Gbps [phase2]
[JobA-CRUX-MAIN] iter 280 (epoch 14): payload=1024MB, c_i=3.0, sleep=30000us, comm=319.7ms, bw=13.44 Gbps [phase2]
[JobA-CRUX-MAIN] iter 281 (epoch 14): payload=1024MB, c_i=3.0, sleep=30000us, comm=337.1ms, bw=12.74 Gbps [phase2]
[JobA-CRUX-MAIN] iter 282 (epoch 14): payload=1024MB, c_i=3.0, sleep=30000us, comm=344.5ms, bw=12.47 Gbps [phase2]
[JobA-CRUX-MAIN] iter 283 (epoch 14): payload=1024MB, c_i=3.0, sleep=30000us, comm=345.7ms, bw=12.43 Gbps [phase2]
[JobA-CRUX-MAIN] iter 284 (epoch 14): payload=1024MB, c_i=3.0, sleep=30000us, comm=383.9ms, bw=11.19 Gbps [phase2]
[JobA-CRUX-MAIN] iter 285 (epoch 14): payload=1024MB, c_i=3.0, sleep=30000us, comm=327.7ms, bw=13.11 Gbps [phase2]
[JobA-CRUX-MAIN] iter 286 (epoch 14): payload=1024MB, c_i=3.0, sleep=30000us, comm=346.0ms, bw=12.41 Gbps [phase2]
[JobA-CRUX-MAIN] iter 287 (epoch 14): payload=1024MB, c_i=3.0, sleep=30000us, comm=349.6ms, bw=12.29 Gbps [phase2]
[JobA-CRUX-MAIN] iter 288 (epoch 14): payload=1024MB, c_i=3.0, sleep=30000us, comm=332.8ms, bw=12.90 Gbps [phase2]
[JobA-CRUX-MAIN] iter 289 (epoch 14): payload=1024MB, c_i=3.0, sleep=30000us, comm=337.3ms, bw=12.73 Gbps [phase2]
[JobA-CRUX-MAIN] iter 290 (epoch 14): payload=1024MB, c_i=3.0, sleep=30000us, comm=336.3ms, bw=12.77 Gbps [phase2]
[JobA-CRUX-MAIN] iter 291 (epoch 14): payload=1024MB, c_i=3.0, sleep=30000us, comm=338.0ms, bw=12.71 Gbps [phase2]
[JobA-CRUX-MAIN] iter 292 (epoch 14): payload=1024MB, c_i=3.0, sleep=30000us, comm=333.4ms, bw=12.88 Gbps [phase2]
[JobA-CRUX-MAIN] iter 293 (epoch 14): payload=1024MB, c_i=3.0, sleep=30000us, comm=311.3ms, bw=13.80 Gbps [phase2]
[JobA-CRUX-MAIN] iter 294 (epoch 14): payload=1024MB, c_i=3.0, sleep=30000us, comm=363.2ms, bw=11.83 Gbps [phase2]
[JobA-CRUX-MAIN] iter 295 (epoch 14): payload=1024MB, c_i=3.0, sleep=30000us, comm=350.7ms, bw=12.25 Gbps [phase2]
[JobA-CRUX-MAIN] iter 296 (epoch 14): payload=1024MB, c_i=3.0, sleep=30000us, comm=341.4ms, bw=12.58 Gbps [phase2]
[JobA-CRUX-MAIN] iter 297 (epoch 14): payload=1024MB, c_i=3.0, sleep=30000us, comm=358.7ms, bw=11.98 Gbps [phase2]
[JobA-CRUX-MAIN] iter 298 (epoch 14): payload=1024MB, c_i=3.0, sleep=30000us, comm=345.0ms, bw=12.45 Gbps [phase2]
[JobA-CRUX-MAIN] iter 299 (epoch 14): payload=1024MB, c_i=3.0, sleep=30000us, comm=348.8ms, bw=12.32 Gbps [phase2]
[JobA-CRUX-MAIN] Per-iter results saved to p4_jobA_reverse_crux_rank0_iter.csv
[JobA-CRUX-MAIN] Per-epoch stats saved to p4_jobA_reverse_crux_rank0_epoch.csv
[JobA-CRUX-MAIN] Phase 1 (epochs 0-6): c_i=1.2, avg_comm=260.6ms, avg_bw=18.31 Gbps, avg_prio=3.0
[JobA-CRUX-MAIN] Phase 2 (epochs 7-14): c_i=3.0, avg_comm=341.6ms, avg_bw=12.60 Gbps, avg_prio=3.0
[JobA-CRUX-MAIN] Total wall time: 91.7s
[MultiComm] Rank 0: destroyed
