[JobA-LONGLIU-MAIN] Loaded T_target=4201.09ms from /tmp/ttarget_v5_jobA.json (preset_target=True)
[MultiComm] Loading library from /home/why/LongLiu_rebuild/multi_comm_slo/build/libmulti_comm.so
[MultiComm] Rank 0: initializing 7 priorities across 1 devices
[MultiComm] Rank 0: waiting for TCP connections on port 29520...
[MultiComm] Rank 0: sent 7 IDs to rank 1
[MultiComm] Rank 0: created communicator for priority P0 (DSCP=40)
[MultiComm] Rank 0: created communicator for priority P1 (DSCP=32)
[MultiComm] Rank 0: created communicator for priority P2 (DSCP=24)
[MultiComm] Rank 0: created communicator for priority P3 (DSCP=16)
[MultiComm] Rank 0: created communicator for priority P4 (DSCP=0)
[MultiComm] Rank 0: created communicator for priority P5 (DSCP=0)
[MultiComm] Rank 0: created communicator for priority P6 (DSCP=8)
[MultiComm] Rank 0: initialization complete, starting at P6 (DSCP=8)
[MultiComm] Initialized: rank=0, world_size=2, master=192.10.10.110:29520, priority=P3
[JobA-LONGLIU-MAIN] scheduler=v1(pi), queue=SP, payload=1024MB (fixed), reverse_epoch=7 (c_i swap), num_iters=300
[JobA-LONGLIU-MAIN] Phase 1 (epoch 0-6): c_i=1.2
[JobA-LONGLIU-MAIN] Phase 2 (epoch 7-14): c_i=3.0
[JobA-LONGLIU-MAIN] GPU 0: Quadro RTX 4000, free=7.5 GB
[JobA-LONGLIU-MAIN] Warmup done.
[MultiComm] Rank 0: switching priority P6 -> P3 (DSCP 8 -> 16)
[JobA-LONGLIU-MAIN] iter   0 (epoch 0): payload=1024MB, c_i=1.2, sleep=30000us, comm=267.1ms, bw=16.08 Gbps [phase1]
[JobA-LONGLIU-MAIN] iter   1 (epoch 0): payload=1024MB, c_i=1.2, sleep=30000us, comm=170.5ms, bw=25.19 Gbps [phase1]
[JobA-LONGLIU-MAIN] iter   2 (epoch 0): payload=1024MB, c_i=1.2, sleep=30000us, comm=184.8ms, bw=23.24 Gbps [phase1]
[JobA-LONGLIU-MAIN] iter   3 (epoch 0): payload=1024MB, c_i=1.2, sleep=30000us, comm=167.3ms, bw=25.67 Gbps [phase1]
[JobA-LONGLIU-MAIN] iter   4 (epoch 0): payload=1024MB, c_i=1.2, sleep=30000us, comm=178.7ms, bw=24.03 Gbps [phase1]
[JobA-LONGLIU-MAIN] iter   5 (epoch 0): payload=1024MB, c_i=1.2, sleep=30000us, comm=175.1ms, bw=24.53 Gbps [phase1]
[JobA-LONGLIU-MAIN] iter   6 (epoch 0): payload=1024MB, c_i=1.2, sleep=30000us, comm=191.5ms, bw=22.42 Gbps [phase1]
[JobA-LONGLIU-MAIN] iter   7 (epoch 0): payload=1024MB, c_i=1.2, sleep=30000us, comm=180.9ms, bw=23.74 Gbps [phase1]
[JobA-LONGLIU-MAIN] iter   8 (epoch 0): payload=1024MB, c_i=1.2, sleep=30000us, comm=180.0ms, bw=23.86 Gbps [phase1]
[JobA-LONGLIU-MAIN] iter   9 (epoch 0): payload=1024MB, c_i=1.2, sleep=30000us, comm=184.3ms, bw=23.30 Gbps [phase1]
[JobA-LONGLIU-MAIN] iter  10 (epoch 0): payload=1024MB, c_i=1.2, sleep=30000us, comm=181.2ms, bw=23.71 Gbps [phase1]
[JobA-LONGLIU-MAIN] iter  11 (epoch 0): payload=1024MB, c_i=1.2, sleep=30000us, comm=173.5ms, bw=24.75 Gbps [phase1]
[JobA-LONGLIU-MAIN] iter  12 (epoch 0): payload=1024MB, c_i=1.2, sleep=30000us, comm=190.4ms, bw=22.56 Gbps [phase1]
[JobA-LONGLIU-MAIN] iter  13 (epoch 0): payload=1024MB, c_i=1.2, sleep=30000us, comm=171.5ms, bw=25.04 Gbps [phase1]
[JobA-LONGLIU-MAIN] iter  14 (epoch 0): payload=1024MB, c_i=1.2, sleep=30000us, comm=186.6ms, bw=23.02 Gbps [phase1]
[JobA-LONGLIU-MAIN] iter  15 (epoch 0): payload=1024MB, c_i=1.2, sleep=30000us, comm=168.6ms, bw=25.47 Gbps [phase1]
[JobA-LONGLIU-MAIN] iter  16 (epoch 0): payload=1024MB, c_i=1.2, sleep=30000us, comm=185.7ms, bw=23.13 Gbps [phase1]
[JobA-LONGLIU-MAIN] iter  17 (epoch 0): payload=1024MB, c_i=1.2, sleep=30000us, comm=187.3ms, bw=22.94 Gbps [phase1]
[JobA-LONGLIU-MAIN] iter  18 (epoch 0): payload=1024MB, c_i=1.2, sleep=30000us, comm=178.6ms, bw=24.05 Gbps [phase1]
[JobA-LONGLIU-MAIN] iter  19 (epoch 0): payload=1024MB, c_i=1.2, sleep=30000us, comm=184.7ms, bw=23.26 Gbps [phase1]
[SLO] T_target PRESET (calibrated): 4201.1ms (c_i=1.2, SLO target=5041.3ms) — EMA updates SKIPPED
[SLO] Epoch 1: π=-0.267 (A=3.69s, expected=5.04s, T_target=4201.1ms, k=1), Priority P3 -> P2 (DSCP 16 -> 24)
[MultiComm] Rank 0: switching priority P3 -> P2 (DSCP 16 -> 24)
[JobA-LONGLIU-MAIN] iter  20 (epoch 1): payload=1024MB, c_i=1.2, sleep=30000us, comm=331.7ms, bw=12.95 Gbps [phase1]
[JobA-LONGLIU-MAIN] iter  21 (epoch 1): payload=1024MB, c_i=1.2, sleep=30000us, comm=160.2ms, bw=26.81 Gbps [phase1]
[JobA-LONGLIU-MAIN] iter  22 (epoch 1): payload=1024MB, c_i=1.2, sleep=30000us, comm=168.4ms, bw=25.51 Gbps [phase1]
[JobA-LONGLIU-MAIN] iter  23 (epoch 1): payload=1024MB, c_i=1.2, sleep=30000us, comm=181.3ms, bw=23.69 Gbps [phase1]
[JobA-LONGLIU-MAIN] iter  24 (epoch 1): payload=1024MB, c_i=1.2, sleep=30000us, comm=178.3ms, bw=24.08 Gbps [phase1]
[JobA-LONGLIU-MAIN] iter  25 (epoch 1): payload=1024MB, c_i=1.2, sleep=30000us, comm=175.3ms, bw=24.50 Gbps [phase1]
[JobA-LONGLIU-MAIN] iter  26 (epoch 1): payload=1024MB, c_i=1.2, sleep=30000us, comm=185.9ms, bw=23.11 Gbps [phase1]
[JobA-LONGLIU-MAIN] iter  27 (epoch 1): payload=1024MB, c_i=1.2, sleep=30000us, comm=180.1ms, bw=23.85 Gbps [phase1]
[JobA-LONGLIU-MAIN] iter  28 (epoch 1): payload=1024MB, c_i=1.2, sleep=30000us, comm=190.3ms, bw=22.56 Gbps [phase1]
[JobA-LONGLIU-MAIN] iter  29 (epoch 1): payload=1024MB, c_i=1.2, sleep=30000us, comm=183.0ms, bw=23.46 Gbps [phase1]
[JobA-LONGLIU-MAIN] iter  30 (epoch 1): payload=1024MB, c_i=1.2, sleep=30000us, comm=177.0ms, bw=24.27 Gbps [phase1]
[JobA-LONGLIU-MAIN] iter  31 (epoch 1): payload=1024MB, c_i=1.2, sleep=30000us, comm=176.8ms, bw=24.30 Gbps [phase1]
[JobA-LONGLIU-MAIN] iter  32 (epoch 1): payload=1024MB, c_i=1.2, sleep=30000us, comm=167.0ms, bw=25.72 Gbps [phase1]
[JobA-LONGLIU-MAIN] iter  33 (epoch 1): payload=1024MB, c_i=1.2, sleep=30000us, comm=177.2ms, bw=24.24 Gbps [phase1]
[JobA-LONGLIU-MAIN] iter  34 (epoch 1): payload=1024MB, c_i=1.2, sleep=30000us, comm=171.1ms, bw=25.10 Gbps [phase1]
[JobA-LONGLIU-MAIN] iter  35 (epoch 1): payload=1024MB, c_i=1.2, sleep=30000us, comm=162.0ms, bw=26.52 Gbps [phase1]
[JobA-LONGLIU-MAIN] iter  36 (epoch 1): payload=1024MB, c_i=1.2, sleep=30000us, comm=180.4ms, bw=23.81 Gbps [phase1]
[JobA-LONGLIU-MAIN] iter  37 (epoch 1): payload=1024MB, c_i=1.2, sleep=30000us, comm=177.2ms, bw=24.24 Gbps [phase1]
[JobA-LONGLIU-MAIN] iter  38 (epoch 1): payload=1024MB, c_i=1.2, sleep=30000us, comm=172.4ms, bw=24.91 Gbps [phase1]
[JobA-LONGLIU-MAIN] iter  39 (epoch 1): payload=1024MB, c_i=1.2, sleep=30000us, comm=182.1ms, bw=23.58 Gbps [phase1]
[JobA-LONGLIU-MAIN] iter  40 (epoch 2): payload=1024MB, c_i=1.2, sleep=30000us, comm=191.6ms, bw=22.42 Gbps [phase1]
[JobA-LONGLIU-MAIN] iter  41 (epoch 2): payload=1024MB, c_i=1.2, sleep=30000us, comm=186.3ms, bw=23.05 Gbps [phase1]
[JobA-LONGLIU-MAIN] iter  42 (epoch 2): payload=1024MB, c_i=1.2, sleep=30000us, comm=184.9ms, bw=23.23 Gbps [phase1]
[JobA-LONGLIU-MAIN] iter  43 (epoch 2): payload=1024MB, c_i=1.2, sleep=30000us, comm=182.0ms, bw=23.59 Gbps [phase1]
[JobA-LONGLIU-MAIN] iter  44 (epoch 2): payload=1024MB, c_i=1.2, sleep=30000us, comm=161.1ms, bw=26.66 Gbps [phase1]
[JobA-LONGLIU-MAIN] iter  45 (epoch 2): payload=1024MB, c_i=1.2, sleep=30000us, comm=164.0ms, bw=26.19 Gbps [phase1]
[JobA-LONGLIU-MAIN] iter  46 (epoch 2): payload=1024MB, c_i=1.2, sleep=30000us, comm=166.7ms, bw=25.77 Gbps [phase1]
[JobA-LONGLIU-MAIN] iter  47 (epoch 2): payload=1024MB, c_i=1.2, sleep=30000us, comm=184.4ms, bw=23.29 Gbps [phase1]
[JobA-LONGLIU-MAIN] iter  48 (epoch 2): payload=1024MB, c_i=1.2, sleep=30000us, comm=169.6ms, bw=25.33 Gbps [phase1]
[JobA-LONGLIU-MAIN] iter  49 (epoch 2): payload=1024MB, c_i=1.2, sleep=30000us, comm=178.9ms, bw=24.01 Gbps [phase1]
[JobA-LONGLIU-MAIN] iter  50 (epoch 2): payload=1024MB, c_i=1.2, sleep=30000us, comm=182.9ms, bw=23.48 Gbps [phase1]
[JobA-LONGLIU-MAIN] iter  51 (epoch 2): payload=1024MB, c_i=1.2, sleep=30000us, comm=175.2ms, bw=24.51 Gbps [phase1]
[JobA-LONGLIU-MAIN] iter  52 (epoch 2): payload=1024MB, c_i=1.2, sleep=30000us, comm=164.7ms, bw=26.08 Gbps [phase1]
[JobA-LONGLIU-MAIN] iter  53 (epoch 2): payload=1024MB, c_i=1.2, sleep=30000us, comm=172.0ms, bw=24.97 Gbps [phase1]
[JobA-LONGLIU-MAIN] iter  54 (epoch 2): payload=1024MB, c_i=1.2, sleep=30000us, comm=168.5ms, bw=25.49 Gbps [phase1]
[JobA-LONGLIU-MAIN] iter  55 (epoch 2): payload=1024MB, c_i=1.2, sleep=30000us, comm=168.3ms, bw=25.53 Gbps [phase1]
[JobA-LONGLIU-MAIN] iter  56 (epoch 2): payload=1024MB, c_i=1.2, sleep=30000us, comm=161.7ms, bw=26.57 Gbps [phase1]
[JobA-LONGLIU-MAIN] iter  57 (epoch 2): payload=1024MB, c_i=1.2, sleep=30000us, comm=167.8ms, bw=25.60 Gbps [phase1]
[JobA-LONGLIU-MAIN] iter  58 (epoch 2): payload=1024MB, c_i=1.2, sleep=30000us, comm=183.6ms, bw=23.39 Gbps [phase1]
[JobA-LONGLIU-MAIN] iter  59 (epoch 2): payload=1024MB, c_i=1.2, sleep=30000us, comm=180.1ms, bw=23.85 Gbps [phase1]
[JobA-LONGLIU-MAIN] iter  60 (epoch 3): payload=1024MB, c_i=1.2, sleep=30000us, comm=179.4ms, bw=23.94 Gbps [phase1]
[JobA-LONGLIU-MAIN] iter  61 (epoch 3): payload=1024MB, c_i=1.2, sleep=30000us, comm=255.1ms, bw=16.84 Gbps [phase1]
[JobA-LONGLIU-MAIN] iter  62 (epoch 3): payload=1024MB, c_i=1.2, sleep=30000us, comm=298.6ms, bw=14.38 Gbps [phase1]
[JobA-LONGLIU-MAIN] iter  63 (epoch 3): payload=1024MB, c_i=1.2, sleep=30000us, comm=298.4ms, bw=14.39 Gbps [phase1]
[JobA-LONGLIU-MAIN] iter  64 (epoch 3): payload=1024MB, c_i=1.2, sleep=30000us, comm=288.9ms, bw=14.87 Gbps [phase1]
[JobA-LONGLIU-MAIN] iter  65 (epoch 3): payload=1024MB, c_i=1.2, sleep=30000us, comm=288.8ms, bw=14.87 Gbps [phase1]
[JobA-LONGLIU-MAIN] iter  66 (epoch 3): payload=1024MB, c_i=1.2, sleep=30000us, comm=311.1ms, bw=13.81 Gbps [phase1]
[JobA-LONGLIU-MAIN] iter  67 (epoch 3): payload=1024MB, c_i=1.2, sleep=30000us, comm=306.7ms, bw=14.00 Gbps [phase1]
[JobA-LONGLIU-MAIN] iter  68 (epoch 3): payload=1024MB, c_i=1.2, sleep=30000us, comm=288.4ms, bw=14.89 Gbps [phase1]
[JobA-LONGLIU-MAIN] iter  69 (epoch 3): payload=1024MB, c_i=1.2, sleep=30000us, comm=311.5ms, bw=13.79 Gbps [phase1]
[JobA-LONGLIU-MAIN] iter  70 (epoch 3): payload=1024MB, c_i=1.2, sleep=30000us, comm=301.1ms, bw=14.26 Gbps [phase1]
[JobA-LONGLIU-MAIN] iter  71 (epoch 3): payload=1024MB, c_i=1.2, sleep=30000us, comm=310.3ms, bw=13.84 Gbps [phase1]
[JobA-LONGLIU-MAIN] iter  72 (epoch 3): payload=1024MB, c_i=1.2, sleep=30000us, comm=305.7ms, bw=14.05 Gbps [phase1]
[JobA-LONGLIU-MAIN] iter  73 (epoch 3): payload=1024MB, c_i=1.2, sleep=30000us, comm=293.0ms, bw=14.66 Gbps [phase1]
[JobA-LONGLIU-MAIN] iter  74 (epoch 3): payload=1024MB, c_i=1.2, sleep=30000us, comm=297.0ms, bw=14.46 Gbps [phase1]
[JobA-LONGLIU-MAIN] iter  75 (epoch 3): payload=1024MB, c_i=1.2, sleep=30000us, comm=280.9ms, bw=15.29 Gbps [phase1]
[JobA-LONGLIU-MAIN] iter  76 (epoch 3): payload=1024MB, c_i=1.2, sleep=30000us, comm=314.2ms, bw=13.67 Gbps [phase1]
[JobA-LONGLIU-MAIN] iter  77 (epoch 3): payload=1024MB, c_i=1.2, sleep=30000us, comm=310.3ms, bw=13.84 Gbps [phase1]
[JobA-LONGLIU-MAIN] iter  78 (epoch 3): payload=1024MB, c_i=1.2, sleep=30000us, comm=301.7ms, bw=14.24 Gbps [phase1]
[JobA-LONGLIU-MAIN] iter  79 (epoch 3): payload=1024MB, c_i=1.2, sleep=30000us, comm=292.8ms, bw=14.67 Gbps [phase1]
[JobA-LONGLIU-MAIN] iter  80 (epoch 4): payload=1024MB, c_i=1.2, sleep=30000us, comm=294.1ms, bw=14.60 Gbps [phase1]
[JobA-LONGLIU-MAIN] iter  81 (epoch 4): payload=1024MB, c_i=1.2, sleep=30000us, comm=208.3ms, bw=20.62 Gbps [phase1]
[JobA-LONGLIU-MAIN] iter  82 (epoch 4): payload=1024MB, c_i=1.2, sleep=30000us, comm=277.5ms, bw=15.48 Gbps [phase1]
[JobA-LONGLIU-MAIN] iter  83 (epoch 4): payload=1024MB, c_i=1.2, sleep=30000us, comm=289.9ms, bw=14.81 Gbps [phase1]
[JobA-LONGLIU-MAIN] iter  84 (epoch 4): payload=1024MB, c_i=1.2, sleep=30000us, comm=308.7ms, bw=13.91 Gbps [phase1]
[JobA-LONGLIU-MAIN] iter  85 (epoch 4): payload=1024MB, c_i=1.2, sleep=30000us, comm=303.2ms, bw=14.16 Gbps [phase1]
[JobA-LONGLIU-MAIN] iter  86 (epoch 4): payload=1024MB, c_i=1.2, sleep=30000us, comm=298.0ms, bw=14.41 Gbps [phase1]
[JobA-LONGLIU-MAIN] iter  87 (epoch 4): payload=1024MB, c_i=1.2, sleep=30000us, comm=314.4ms, bw=13.66 Gbps [phase1]
[JobA-LONGLIU-MAIN] iter  88 (epoch 4): payload=1024MB, c_i=1.2, sleep=30000us, comm=305.7ms, bw=14.05 Gbps [phase1]
[JobA-LONGLIU-MAIN] iter  89 (epoch 4): payload=1024MB, c_i=1.2, sleep=30000us, comm=305.8ms, bw=14.04 Gbps [phase1]
[JobA-LONGLIU-MAIN] iter  90 (epoch 4): payload=1024MB, c_i=1.2, sleep=30000us, comm=311.1ms, bw=13.80 Gbps [phase1]
[JobA-LONGLIU-MAIN] iter  91 (epoch 4): payload=1024MB, c_i=1.2, sleep=30000us, comm=318.7ms, bw=13.48 Gbps [phase1]
[JobA-LONGLIU-MAIN] iter  92 (epoch 4): payload=1024MB, c_i=1.2, sleep=30000us, comm=303.4ms, bw=14.15 Gbps [phase1]
[JobA-LONGLIU-MAIN] iter  93 (epoch 4): payload=1024MB, c_i=1.2, sleep=30000us, comm=314.3ms, bw=13.66 Gbps [phase1]
[JobA-LONGLIU-MAIN] iter  94 (epoch 4): payload=1024MB, c_i=1.2, sleep=30000us, comm=298.7ms, bw=14.38 Gbps [phase1]
[JobA-LONGLIU-MAIN] iter  95 (epoch 4): payload=1024MB, c_i=1.2, sleep=30000us, comm=294.0ms, bw=14.61 Gbps [phase1]
[JobA-LONGLIU-MAIN] iter  96 (epoch 4): payload=1024MB, c_i=1.2, sleep=30000us, comm=310.8ms, bw=13.82 Gbps [phase1]
[JobA-LONGLIU-MAIN] iter  97 (epoch 4): payload=1024MB, c_i=1.2, sleep=30000us, comm=293.2ms, bw=14.65 Gbps [phase1]
[JobA-LONGLIU-MAIN] iter  98 (epoch 4): payload=1024MB, c_i=1.2, sleep=30000us, comm=293.3ms, bw=14.64 Gbps [phase1]
[JobA-LONGLIU-MAIN] iter  99 (epoch 4): payload=1024MB, c_i=1.2, sleep=30000us, comm=289.5ms, bw=14.84 Gbps [phase1]
[SLO] Epoch 5: π=-0.099 (A=22.72s, expected=25.21s, T_target=4201.1ms, k=5), Priority P2 -> P4 (DSCP 24 -> 0)
[MultiComm] Rank 0: switching priority P2 -> P4 (DSCP 24 -> 0)
[JobA-LONGLIU-MAIN] iter 100 (epoch 5): payload=1024MB, c_i=1.2, sleep=30000us, comm=487.6ms, bw=8.81 Gbps [phase1]
[JobA-LONGLIU-MAIN] iter 101 (epoch 5): payload=1024MB, c_i=1.2, sleep=30000us, comm=323.6ms, bw=13.27 Gbps [phase1]
[JobA-LONGLIU-MAIN] iter 102 (epoch 5): payload=1024MB, c_i=1.2, sleep=30000us, comm=306.6ms, bw=14.01 Gbps [phase1]
[JobA-LONGLIU-MAIN] iter 103 (epoch 5): payload=1024MB, c_i=1.2, sleep=30000us, comm=327.2ms, bw=13.13 Gbps [phase1]
[JobA-LONGLIU-MAIN] iter 104 (epoch 5): payload=1024MB, c_i=1.2, sleep=30000us, comm=283.9ms, bw=15.13 Gbps [phase1]
[JobA-LONGLIU-MAIN] iter 105 (epoch 5): payload=1024MB, c_i=1.2, sleep=30000us, comm=301.5ms, bw=14.25 Gbps [phase1]
[JobA-LONGLIU-MAIN] iter 106 (epoch 5): payload=1024MB, c_i=1.2, sleep=30000us, comm=285.4ms, bw=15.05 Gbps [phase1]
[JobA-LONGLIU-MAIN] iter 107 (epoch 5): payload=1024MB, c_i=1.2, sleep=30000us, comm=318.5ms, bw=13.49 Gbps [phase1]
[JobA-LONGLIU-MAIN] iter 108 (epoch 5): payload=1024MB, c_i=1.2, sleep=30000us, comm=284.7ms, bw=15.09 Gbps [phase1]
[JobA-LONGLIU-MAIN] iter 109 (epoch 5): payload=1024MB, c_i=1.2, sleep=30000us, comm=323.9ms, bw=13.26 Gbps [phase1]
[JobA-LONGLIU-MAIN] iter 110 (epoch 5): payload=1024MB, c_i=1.2, sleep=30000us, comm=301.3ms, bw=14.26 Gbps [phase1]
[JobA-LONGLIU-MAIN] iter 111 (epoch 5): payload=1024MB, c_i=1.2, sleep=30000us, comm=306.7ms, bw=14.01 Gbps [phase1]
[JobA-LONGLIU-MAIN] iter 112 (epoch 5): payload=1024MB, c_i=1.2, sleep=30000us, comm=306.4ms, bw=14.02 Gbps [phase1]
[JobA-LONGLIU-MAIN] iter 113 (epoch 5): payload=1024MB, c_i=1.2, sleep=30000us, comm=307.6ms, bw=13.96 Gbps [phase1]
[JobA-LONGLIU-MAIN] iter 114 (epoch 5): payload=1024MB, c_i=1.2, sleep=30000us, comm=306.3ms, bw=14.02 Gbps [phase1]
[JobA-LONGLIU-MAIN] iter 115 (epoch 5): payload=1024MB, c_i=1.2, sleep=30000us, comm=318.2ms, bw=13.50 Gbps [phase1]
[JobA-LONGLIU-MAIN] iter 116 (epoch 5): payload=1024MB, c_i=1.2, sleep=30000us, comm=327.6ms, bw=13.11 Gbps [phase1]
[JobA-LONGLIU-MAIN] iter 117 (epoch 5): payload=1024MB, c_i=1.2, sleep=30000us, comm=302.3ms, bw=14.21 Gbps [phase1]
[JobA-LONGLIU-MAIN] iter 118 (epoch 5): payload=1024MB, c_i=1.2, sleep=30000us, comm=324.4ms, bw=13.24 Gbps [phase1]
[JobA-LONGLIU-MAIN] iter 119 (epoch 5): payload=1024MB, c_i=1.2, sleep=30000us, comm=301.9ms, bw=14.23 Gbps [phase1]
[JobA-LONGLIU-MAIN] iter 120 (epoch 6): payload=1024MB, c_i=1.2, sleep=30000us, comm=310.4ms, bw=13.84 Gbps [phase1]
[JobA-LONGLIU-MAIN] iter 121 (epoch 6): payload=1024MB, c_i=1.2, sleep=30000us, comm=305.9ms, bw=14.04 Gbps [phase1]
[JobA-LONGLIU-MAIN] iter 122 (epoch 6): payload=1024MB, c_i=1.2, sleep=30000us, comm=314.1ms, bw=13.67 Gbps [phase1]
[JobA-LONGLIU-MAIN] iter 123 (epoch 6): payload=1024MB, c_i=1.2, sleep=30000us, comm=331.5ms, bw=12.96 Gbps [phase1]
[JobA-LONGLIU-MAIN] iter 124 (epoch 6): payload=1024MB, c_i=1.2, sleep=30000us, comm=306.4ms, bw=14.02 Gbps [phase1]
[JobA-LONGLIU-MAIN] iter 125 (epoch 6): payload=1024MB, c_i=1.2, sleep=30000us, comm=289.8ms, bw=14.82 Gbps [phase1]
[JobA-LONGLIU-MAIN] iter 126 (epoch 6): payload=1024MB, c_i=1.2, sleep=30000us, comm=294.2ms, bw=14.60 Gbps [phase1]
[JobA-LONGLIU-MAIN] iter 127 (epoch 6): payload=1024MB, c_i=1.2, sleep=30000us, comm=327.5ms, bw=13.12 Gbps [phase1]
[JobA-LONGLIU-MAIN] iter 128 (epoch 6): payload=1024MB, c_i=1.2, sleep=30000us, comm=336.7ms, bw=12.76 Gbps [phase1]
[JobA-LONGLIU-MAIN] iter 129 (epoch 6): payload=1024MB, c_i=1.2, sleep=30000us, comm=315.6ms, bw=13.61 Gbps [phase1]
[JobA-LONGLIU-MAIN] iter 130 (epoch 6): payload=1024MB, c_i=1.2, sleep=30000us, comm=302.1ms, bw=14.22 Gbps [phase1]
[JobA-LONGLIU-MAIN] iter 131 (epoch 6): payload=1024MB, c_i=1.2, sleep=30000us, comm=319.9ms, bw=13.43 Gbps [phase1]
[JobA-LONGLIU-MAIN] iter 132 (epoch 6): payload=1024MB, c_i=1.2, sleep=30000us, comm=327.9ms, bw=13.10 Gbps [phase1]
[JobA-LONGLIU-MAIN] iter 133 (epoch 6): payload=1024MB, c_i=1.2, sleep=30000us, comm=316.1ms, bw=13.59 Gbps [phase1]
[JobA-LONGLIU-MAIN] iter 134 (epoch 6): payload=1024MB, c_i=1.2, sleep=30000us, comm=312.0ms, bw=13.76 Gbps [phase1]
[JobA-LONGLIU-MAIN] iter 135 (epoch 6): payload=1024MB, c_i=1.2, sleep=30000us, comm=318.4ms, bw=13.49 Gbps [phase1]
[JobA-LONGLIU-MAIN] iter 136 (epoch 6): payload=1024MB, c_i=1.2, sleep=30000us, comm=318.9ms, bw=13.47 Gbps [phase1]
[JobA-LONGLIU-MAIN] iter 137 (epoch 6): payload=1024MB, c_i=1.2, sleep=30000us, comm=345.2ms, bw=12.44 Gbps [phase1]
[JobA-LONGLIU-MAIN] iter 138 (epoch 6): payload=1024MB, c_i=1.2, sleep=30000us, comm=324.4ms, bw=13.24 Gbps [phase1]
[JobA-LONGLIU-MAIN] iter 139 (epoch 6): payload=1024MB, c_i=1.2, sleep=30000us, comm=328.5ms, bw=13.07 Gbps [phase1]
[SLO] c_i updated: 1.20 → 3.00
[JobA-LONGLIU-MAIN] *** c_i SWAP at epoch 7: now c_i=3.0 ***
[JobA-LONGLIU-MAIN] iter 140 (epoch 7): payload=1024MB, c_i=3.0, sleep=30000us, comm=324.0ms, bw=13.26 Gbps [phase2]
[JobA-LONGLIU-MAIN] iter 141 (epoch 7): payload=1024MB, c_i=3.0, sleep=30000us, comm=323.6ms, bw=13.27 Gbps [phase2]
[JobA-LONGLIU-MAIN] iter 142 (epoch 7): payload=1024MB, c_i=3.0, sleep=30000us, comm=319.4ms, bw=13.45 Gbps [phase2]
[JobA-LONGLIU-MAIN] iter 143 (epoch 7): payload=1024MB, c_i=3.0, sleep=30000us, comm=289.6ms, bw=14.83 Gbps [phase2]
[JobA-LONGLIU-MAIN] iter 144 (epoch 7): payload=1024MB, c_i=3.0, sleep=30000us, comm=275.4ms, bw=15.59 Gbps [phase2]
[JobA-LONGLIU-MAIN] iter 145 (epoch 7): payload=1024MB, c_i=3.0, sleep=30000us, comm=315.3ms, bw=13.62 Gbps [phase2]
[JobA-LONGLIU-MAIN] iter 146 (epoch 7): payload=1024MB, c_i=3.0, sleep=30000us, comm=310.5ms, bw=13.83 Gbps [phase2]
[JobA-LONGLIU-MAIN] iter 147 (epoch 7): payload=1024MB, c_i=3.0, sleep=30000us, comm=300.8ms, bw=14.28 Gbps [phase2]
[JobA-LONGLIU-MAIN] iter 148 (epoch 7): payload=1024MB, c_i=3.0, sleep=30000us, comm=322.9ms, bw=13.30 Gbps [phase2]
[JobA-LONGLIU-MAIN] iter 149 (epoch 7): payload=1024MB, c_i=3.0, sleep=30000us, comm=285.6ms, bw=15.04 Gbps [phase2]
[JobA-LONGLIU-MAIN] iter 150 (epoch 7): payload=1024MB, c_i=3.0, sleep=30000us, comm=316.1ms, bw=13.59 Gbps [phase2]
[JobA-LONGLIU-MAIN] iter 151 (epoch 7): payload=1024MB, c_i=3.0, sleep=30000us, comm=319.7ms, bw=13.44 Gbps [phase2]
[JobA-LONGLIU-MAIN] iter 152 (epoch 7): payload=1024MB, c_i=3.0, sleep=30000us, comm=335.7ms, bw=12.79 Gbps [phase2]
[JobA-LONGLIU-MAIN] iter 153 (epoch 7): payload=1024MB, c_i=3.0, sleep=30000us, comm=314.4ms, bw=13.66 Gbps [phase2]
[JobA-LONGLIU-MAIN] iter 154 (epoch 7): payload=1024MB, c_i=3.0, sleep=30000us, comm=319.7ms, bw=13.43 Gbps [phase2]
[JobA-LONGLIU-MAIN] iter 155 (epoch 7): payload=1024MB, c_i=3.0, sleep=30000us, comm=333.0ms, bw=12.90 Gbps [phase2]
[JobA-LONGLIU-MAIN] iter 156 (epoch 7): payload=1024MB, c_i=3.0, sleep=30000us, comm=322.8ms, bw=13.31 Gbps [phase2]
[JobA-LONGLIU-MAIN] iter 157 (epoch 7): payload=1024MB, c_i=3.0, sleep=30000us, comm=318.6ms, bw=13.48 Gbps [phase2]
[JobA-LONGLIU-MAIN] iter 158 (epoch 7): payload=1024MB, c_i=3.0, sleep=30000us, comm=303.3ms, bw=14.16 Gbps [phase2]
[JobA-LONGLIU-MAIN] iter 159 (epoch 7): payload=1024MB, c_i=3.0, sleep=30000us, comm=319.6ms, bw=13.44 Gbps [phase2]
[SLO] Epoch 8: π=-0.585 (A=41.82s, expected=100.83s, T_target=4201.1ms, k=8), Priority P4 -> P1 (DSCP 0 -> 32)
[MultiComm] Rank 0: switching priority P4 -> P1 (DSCP 0 -> 32)
[JobA-LONGLIU-MAIN] iter 160 (epoch 8): payload=1024MB, c_i=3.0, sleep=30000us, comm=482.8ms, bw=8.90 Gbps [phase2]
[JobA-LONGLIU-MAIN] iter 161 (epoch 8): payload=1024MB, c_i=3.0, sleep=30000us, comm=347.9ms, bw=12.34 Gbps [phase2]
[JobA-LONGLIU-MAIN] iter 162 (epoch 8): payload=1024MB, c_i=3.0, sleep=30000us, comm=354.5ms, bw=12.11 Gbps [phase2]
[JobA-LONGLIU-MAIN] iter 163 (epoch 8): payload=1024MB, c_i=3.0, sleep=30000us, comm=371.7ms, bw=11.55 Gbps [phase2]
[JobA-LONGLIU-MAIN] iter 164 (epoch 8): payload=1024MB, c_i=3.0, sleep=30000us, comm=359.6ms, bw=11.94 Gbps [phase2]
[JobA-LONGLIU-MAIN] iter 165 (epoch 8): payload=1024MB, c_i=3.0, sleep=30000us, comm=340.6ms, bw=12.61 Gbps [phase2]
[JobA-LONGLIU-MAIN] iter 166 (epoch 8): payload=1024MB, c_i=3.0, sleep=30000us, comm=392.1ms, bw=10.95 Gbps [phase2]
[JobA-LONGLIU-MAIN] iter 167 (epoch 8): payload=1024MB, c_i=3.0, sleep=30000us, comm=374.8ms, bw=11.46 Gbps [phase2]
[JobA-LONGLIU-MAIN] iter 168 (epoch 8): payload=1024MB, c_i=3.0, sleep=30000us, comm=406.6ms, bw=10.56 Gbps [phase2]
[JobA-LONGLIU-MAIN] iter 169 (epoch 8): payload=1024MB, c_i=3.0, sleep=30000us, comm=360.6ms, bw=11.91 Gbps [phase2]
[JobA-LONGLIU-MAIN] iter 170 (epoch 8): payload=1024MB, c_i=3.0, sleep=30000us, comm=415.4ms, bw=10.34 Gbps [phase2]
[JobA-LONGLIU-MAIN] iter 171 (epoch 8): payload=1024MB, c_i=3.0, sleep=30000us, comm=355.0ms, bw=12.10 Gbps [phase2]
[JobA-LONGLIU-MAIN] iter 172 (epoch 8): payload=1024MB, c_i=3.0, sleep=30000us, comm=400.4ms, bw=10.73 Gbps [phase2]
[JobA-LONGLIU-MAIN] iter 173 (epoch 8): payload=1024MB, c_i=3.0, sleep=30000us, comm=368.2ms, bw=11.67 Gbps [phase2]
[JobA-LONGLIU-MAIN] iter 174 (epoch 8): payload=1024MB, c_i=3.0, sleep=30000us, comm=383.7ms, bw=11.19 Gbps [phase2]
[JobA-LONGLIU-MAIN] iter 175 (epoch 8): payload=1024MB, c_i=3.0, sleep=30000us, comm=375.1ms, bw=11.45 Gbps [phase2]
[JobA-LONGLIU-MAIN] iter 176 (epoch 8): payload=1024MB, c_i=3.0, sleep=30000us, comm=349.5ms, bw=12.29 Gbps [phase2]
[JobA-LONGLIU-MAIN] iter 177 (epoch 8): payload=1024MB, c_i=3.0, sleep=30000us, comm=370.4ms, bw=11.59 Gbps [phase2]
[JobA-LONGLIU-MAIN] iter 178 (epoch 8): payload=1024MB, c_i=3.0, sleep=30000us, comm=383.9ms, bw=11.19 Gbps [phase2]
[JobA-LONGLIU-MAIN] iter 179 (epoch 8): payload=1024MB, c_i=3.0, sleep=30000us, comm=336.9ms, bw=12.75 Gbps [phase2]
[JobA-LONGLIU-MAIN] iter 180 (epoch 9): payload=1024MB, c_i=3.0, sleep=30000us, comm=363.0ms, bw=11.83 Gbps [phase2]
[JobA-LONGLIU-MAIN] iter 181 (epoch 9): payload=1024MB, c_i=3.0, sleep=30000us, comm=385.3ms, bw=11.15 Gbps [phase2]
[JobA-LONGLIU-MAIN] iter 182 (epoch 9): payload=1024MB, c_i=3.0, sleep=30000us, comm=384.6ms, bw=11.17 Gbps [phase2]
[JobA-LONGLIU-MAIN] iter 183 (epoch 9): payload=1024MB, c_i=3.0, sleep=30000us, comm=344.8ms, bw=12.46 Gbps [phase2]
[JobA-LONGLIU-MAIN] iter 184 (epoch 9): payload=1024MB, c_i=3.0, sleep=30000us, comm=379.5ms, bw=11.32 Gbps [phase2]
[JobA-LONGLIU-MAIN] iter 185 (epoch 9): payload=1024MB, c_i=3.0, sleep=30000us, comm=362.3ms, bw=11.85 Gbps [phase2]
[JobA-LONGLIU-MAIN] iter 186 (epoch 9): payload=1024MB, c_i=3.0, sleep=30000us, comm=320.4ms, bw=13.41 Gbps [phase2]
[JobA-LONGLIU-MAIN] iter 187 (epoch 9): payload=1024MB, c_i=3.0, sleep=30000us, comm=392.2ms, bw=10.95 Gbps [phase2]
[JobA-LONGLIU-MAIN] iter 188 (epoch 9): payload=1024MB, c_i=3.0, sleep=30000us, comm=374.7ms, bw=11.46 Gbps [phase2]
[JobA-LONGLIU-MAIN] iter 189 (epoch 9): payload=1024MB, c_i=3.0, sleep=30000us, comm=373.9ms, bw=11.49 Gbps [phase2]
[JobA-LONGLIU-MAIN] iter 190 (epoch 9): payload=1024MB, c_i=3.0, sleep=30000us, comm=366.8ms, bw=11.71 Gbps [phase2]
[JobA-LONGLIU-MAIN] iter 191 (epoch 9): payload=1024MB, c_i=3.0, sleep=30000us, comm=384.6ms, bw=11.17 Gbps [phase2]
[JobA-LONGLIU-MAIN] iter 192 (epoch 9): payload=1024MB, c_i=3.0, sleep=30000us, comm=373.1ms, bw=11.51 Gbps [phase2]
[JobA-LONGLIU-MAIN] iter 193 (epoch 9): payload=1024MB, c_i=3.0, sleep=30000us, comm=392.2ms, bw=10.95 Gbps [phase2]
[JobA-LONGLIU-MAIN] iter 194 (epoch 9): payload=1024MB, c_i=3.0, sleep=30000us, comm=386.4ms, bw=11.12 Gbps [phase2]
[JobA-LONGLIU-MAIN] iter 195 (epoch 9): payload=1024MB, c_i=3.0, sleep=30000us, comm=396.4ms, bw=10.83 Gbps [phase2]
[JobA-LONGLIU-MAIN] iter 196 (epoch 9): payload=1024MB, c_i=3.0, sleep=30000us, comm=371.4ms, bw=11.56 Gbps [phase2]
[JobA-LONGLIU-MAIN] iter 197 (epoch 9): payload=1024MB, c_i=3.0, sleep=30000us, comm=383.9ms, bw=11.19 Gbps [phase2]
[JobA-LONGLIU-MAIN] iter 198 (epoch 9): payload=1024MB, c_i=3.0, sleep=30000us, comm=380.5ms, bw=11.29 Gbps [phase2]
[JobA-LONGLIU-MAIN] iter 199 (epoch 9): payload=1024MB, c_i=3.0, sleep=30000us, comm=380.2ms, bw=11.30 Gbps [phase2]
[JobA-LONGLIU-MAIN] iter 200 (epoch 10): payload=1024MB, c_i=3.0, sleep=30000us, comm=383.3ms, bw=11.21 Gbps [phase2]
[JobA-LONGLIU-MAIN] iter 201 (epoch 10): payload=1024MB, c_i=3.0, sleep=30000us, comm=398.5ms, bw=10.78 Gbps [phase2]
[JobA-LONGLIU-MAIN] iter 202 (epoch 10): payload=1024MB, c_i=3.0, sleep=30000us, comm=379.0ms, bw=11.33 Gbps [phase2]
[JobA-LONGLIU-MAIN] iter 203 (epoch 10): payload=1024MB, c_i=3.0, sleep=30000us, comm=211.9ms, bw=20.27 Gbps [phase2]
[JobA-LONGLIU-MAIN] iter 204 (epoch 10): payload=1024MB, c_i=3.0, sleep=30000us, comm=355.6ms, bw=12.08 Gbps [phase2]
[JobA-LONGLIU-MAIN] iter 205 (epoch 10): payload=1024MB, c_i=3.0, sleep=30000us, comm=360.5ms, bw=11.91 Gbps [phase2]
[JobA-LONGLIU-MAIN] iter 206 (epoch 10): payload=1024MB, c_i=3.0, sleep=30000us, comm=383.9ms, bw=11.19 Gbps [phase2]
[JobA-LONGLIU-MAIN] iter 207 (epoch 10): payload=1024MB, c_i=3.0, sleep=30000us, comm=366.3ms, bw=11.72 Gbps [phase2]
[JobA-LONGLIU-MAIN] iter 208 (epoch 10): payload=1024MB, c_i=3.0, sleep=30000us, comm=380.8ms, bw=11.28 Gbps [phase2]
[JobA-LONGLIU-MAIN] iter 209 (epoch 10): payload=1024MB, c_i=3.0, sleep=30000us, comm=362.4ms, bw=11.85 Gbps [phase2]
[JobA-LONGLIU-MAIN] iter 210 (epoch 10): payload=1024MB, c_i=3.0, sleep=30000us, comm=380.9ms, bw=11.28 Gbps [phase2]
[JobA-LONGLIU-MAIN] iter 211 (epoch 10): payload=1024MB, c_i=3.0, sleep=30000us, comm=377.2ms, bw=11.39 Gbps [phase2]
[JobA-LONGLIU-MAIN] iter 212 (epoch 10): payload=1024MB, c_i=3.0, sleep=30000us, comm=357.1ms, bw=12.03 Gbps [phase2]
[JobA-LONGLIU-MAIN] iter 213 (epoch 10): payload=1024MB, c_i=3.0, sleep=30000us, comm=359.5ms, bw=11.95 Gbps [phase2]
[JobA-LONGLIU-MAIN] iter 214 (epoch 10): payload=1024MB, c_i=3.0, sleep=30000us, comm=361.8ms, bw=11.87 Gbps [phase2]
[JobA-LONGLIU-MAIN] iter 215 (epoch 10): payload=1024MB, c_i=3.0, sleep=30000us, comm=359.8ms, bw=11.94 Gbps [phase2]
[JobA-LONGLIU-MAIN] iter 216 (epoch 10): payload=1024MB, c_i=3.0, sleep=30000us, comm=392.6ms, bw=10.94 Gbps [phase2]
[JobA-LONGLIU-MAIN] iter 217 (epoch 10): payload=1024MB, c_i=3.0, sleep=30000us, comm=398.5ms, bw=10.78 Gbps [phase2]
[JobA-LONGLIU-MAIN] iter 218 (epoch 10): payload=1024MB, c_i=3.0, sleep=30000us, comm=370.8ms, bw=11.58 Gbps [phase2]
[JobA-LONGLIU-MAIN] iter 219 (epoch 10): payload=1024MB, c_i=3.0, sleep=30000us, comm=392.2ms, bw=10.95 Gbps [phase2]
[JobA-LONGLIU-MAIN] iter 220 (epoch 11): payload=1024MB, c_i=3.0, sleep=30000us, comm=405.7ms, bw=10.59 Gbps [phase2]
[JobA-LONGLIU-MAIN] iter 221 (epoch 11): payload=1024MB, c_i=3.0, sleep=30000us, comm=361.8ms, bw=11.87 Gbps [phase2]
[JobA-LONGLIU-MAIN] iter 222 (epoch 11): payload=1024MB, c_i=3.0, sleep=30000us, comm=363.3ms, bw=11.82 Gbps [phase2]
[JobA-LONGLIU-MAIN] iter 223 (epoch 11): payload=1024MB, c_i=3.0, sleep=30000us, comm=371.6ms, bw=11.56 Gbps [phase2]
[JobA-LONGLIU-MAIN] iter 224 (epoch 11): payload=1024MB, c_i=3.0, sleep=30000us, comm=348.8ms, bw=12.31 Gbps [phase2]
[JobA-LONGLIU-MAIN] iter 225 (epoch 11): payload=1024MB, c_i=3.0, sleep=30000us, comm=383.1ms, bw=11.21 Gbps [phase2]
[JobA-LONGLIU-MAIN] iter 226 (epoch 11): payload=1024MB, c_i=3.0, sleep=30000us, comm=353.5ms, bw=12.15 Gbps [phase2]
[JobA-LONGLIU-MAIN] iter 227 (epoch 11): payload=1024MB, c_i=3.0, sleep=30000us, comm=414.3ms, bw=10.37 Gbps [phase2]
[JobA-LONGLIU-MAIN] iter 228 (epoch 11): payload=1024MB, c_i=3.0, sleep=30000us, comm=391.9ms, bw=10.96 Gbps [phase2]
[JobA-LONGLIU-MAIN] iter 229 (epoch 11): payload=1024MB, c_i=3.0, sleep=30000us, comm=380.6ms, bw=11.29 Gbps [phase2]
[JobA-LONGLIU-MAIN] iter 230 (epoch 11): payload=1024MB, c_i=3.0, sleep=30000us, comm=357.4ms, bw=12.02 Gbps [phase2]
[JobA-LONGLIU-MAIN] iter 231 (epoch 11): payload=1024MB, c_i=3.0, sleep=30000us, comm=380.2ms, bw=11.30 Gbps [phase2]
[JobA-LONGLIU-MAIN] iter 232 (epoch 11): payload=1024MB, c_i=3.0, sleep=30000us, comm=367.5ms, bw=11.69 Gbps [phase2]
[JobA-LONGLIU-MAIN] iter 233 (epoch 11): payload=1024MB, c_i=3.0, sleep=30000us, comm=358.3ms, bw=11.99 Gbps [phase2]
[JobA-LONGLIU-MAIN] iter 234 (epoch 11): payload=1024MB, c_i=3.0, sleep=30000us, comm=372.0ms, bw=11.55 Gbps [phase2]
[JobA-LONGLIU-MAIN] iter 235 (epoch 11): payload=1024MB, c_i=3.0, sleep=30000us, comm=366.9ms, bw=11.71 Gbps [phase2]
[JobA-LONGLIU-MAIN] iter 236 (epoch 11): payload=1024MB, c_i=3.0, sleep=30000us, comm=383.4ms, bw=11.20 Gbps [phase2]
[JobA-LONGLIU-MAIN] iter 237 (epoch 11): payload=1024MB, c_i=3.0, sleep=30000us, comm=385.0ms, bw=11.16 Gbps [phase2]
[JobA-LONGLIU-MAIN] iter 238 (epoch 11): payload=1024MB, c_i=3.0, sleep=30000us, comm=374.6ms, bw=11.47 Gbps [phase2]
[JobA-LONGLIU-MAIN] iter 239 (epoch 11): payload=1024MB, c_i=3.0, sleep=30000us, comm=401.8ms, bw=10.69 Gbps [phase2]
[JobA-LONGLIU-MAIN] iter 240 (epoch 12): payload=1024MB, c_i=3.0, sleep=30000us, comm=406.0ms, bw=10.58 Gbps [phase2]
[JobA-LONGLIU-MAIN] iter 241 (epoch 12): payload=1024MB, c_i=3.0, sleep=30000us, comm=401.6ms, bw=10.70 Gbps [phase2]
[JobA-LONGLIU-MAIN] iter 242 (epoch 12): payload=1024MB, c_i=3.0, sleep=30000us, comm=372.1ms, bw=11.54 Gbps [phase2]
[JobA-LONGLIU-MAIN] iter 243 (epoch 12): payload=1024MB, c_i=3.0, sleep=30000us, comm=357.4ms, bw=12.02 Gbps [phase2]
[JobA-LONGLIU-MAIN] iter 244 (epoch 12): payload=1024MB, c_i=3.0, sleep=30000us, comm=401.6ms, bw=10.69 Gbps [phase2]
[JobA-LONGLIU-MAIN] iter 245 (epoch 12): payload=1024MB, c_i=3.0, sleep=30000us, comm=384.0ms, bw=11.18 Gbps [phase2]
[JobA-LONGLIU-MAIN] iter 246 (epoch 12): payload=1024MB, c_i=3.0, sleep=30000us, comm=363.2ms, bw=11.83 Gbps [phase2]
[JobA-LONGLIU-MAIN] iter 247 (epoch 12): payload=1024MB, c_i=3.0, sleep=30000us, comm=376.7ms, bw=11.40 Gbps [phase2]
[JobA-LONGLIU-MAIN] iter 248 (epoch 12): payload=1024MB, c_i=3.0, sleep=30000us, comm=374.9ms, bw=11.46 Gbps [phase2]
[JobA-LONGLIU-MAIN] iter 249 (epoch 12): payload=1024MB, c_i=3.0, sleep=30000us, comm=384.5ms, bw=11.17 Gbps [phase2]
[JobA-LONGLIU-MAIN] iter 250 (epoch 12): payload=1024MB, c_i=3.0, sleep=30000us, comm=369.6ms, bw=11.62 Gbps [phase2]
[JobA-LONGLIU-MAIN] iter 251 (epoch 12): payload=1024MB, c_i=3.0, sleep=30000us, comm=379.7ms, bw=11.31 Gbps [phase2]
[JobA-LONGLIU-MAIN] iter 252 (epoch 12): payload=1024MB, c_i=3.0, sleep=30000us, comm=389.5ms, bw=11.03 Gbps [phase2]
[JobA-LONGLIU-MAIN] iter 253 (epoch 12): payload=1024MB, c_i=3.0, sleep=30000us, comm=363.8ms, bw=11.81 Gbps [phase2]
[JobA-LONGLIU-MAIN] iter 254 (epoch 12): payload=1024MB, c_i=3.0, sleep=30000us, comm=379.9ms, bw=11.31 Gbps [phase2]
[JobA-LONGLIU-MAIN] iter 255 (epoch 12): payload=1024MB, c_i=3.0, sleep=30000us, comm=389.6ms, bw=11.02 Gbps [phase2]
[JobA-LONGLIU-MAIN] iter 256 (epoch 12): payload=1024MB, c_i=3.0, sleep=30000us, comm=386.2ms, bw=11.12 Gbps [phase2]
[JobA-LONGLIU-MAIN] iter 257 (epoch 12): payload=1024MB, c_i=3.0, sleep=30000us, comm=373.0ms, bw=11.51 Gbps [phase2]
[JobA-LONGLIU-MAIN] iter 258 (epoch 12): payload=1024MB, c_i=3.0, sleep=30000us, comm=380.9ms, bw=11.28 Gbps [phase2]
[JobA-LONGLIU-MAIN] iter 259 (epoch 12): payload=1024MB, c_i=3.0, sleep=30000us, comm=379.4ms, bw=11.32 Gbps [phase2]
[JobA-LONGLIU-MAIN] iter 260 (epoch 13): payload=1024MB, c_i=3.0, sleep=30000us, comm=367.9ms, bw=11.68 Gbps [phase2]
[JobA-LONGLIU-MAIN] iter 261 (epoch 13): payload=1024MB, c_i=3.0, sleep=30000us, comm=401.2ms, bw=10.70 Gbps [phase2]
[JobA-LONGLIU-MAIN] iter 262 (epoch 13): payload=1024MB, c_i=3.0, sleep=30000us, comm=358.4ms, bw=11.98 Gbps [phase2]
[JobA-LONGLIU-MAIN] iter 263 (epoch 13): payload=1024MB, c_i=3.0, sleep=30000us, comm=362.4ms, bw=11.85 Gbps [phase2]
[JobA-LONGLIU-MAIN] iter 264 (epoch 13): payload=1024MB, c_i=3.0, sleep=30000us, comm=398.5ms, bw=10.78 Gbps [phase2]
[JobA-LONGLIU-MAIN] iter 265 (epoch 13): payload=1024MB, c_i=3.0, sleep=30000us, comm=396.7ms, bw=10.83 Gbps [phase2]
[JobA-LONGLIU-MAIN] iter 266 (epoch 13): payload=1024MB, c_i=3.0, sleep=30000us, comm=394.5ms, bw=10.89 Gbps [phase2]
[JobA-LONGLIU-MAIN] iter 267 (epoch 13): payload=1024MB, c_i=3.0, sleep=30000us, comm=375.5ms, bw=11.44 Gbps [phase2]
[JobA-LONGLIU-MAIN] iter 268 (epoch 13): payload=1024MB, c_i=3.0, sleep=30000us, comm=362.6ms, bw=11.84 Gbps [phase2]
[JobA-LONGLIU-MAIN] iter 269 (epoch 13): payload=1024MB, c_i=3.0, sleep=30000us, comm=383.9ms, bw=11.19 Gbps [phase2]
[JobA-LONGLIU-MAIN] iter 270 (epoch 13): payload=1024MB, c_i=3.0, sleep=30000us, comm=372.7ms, bw=11.52 Gbps [phase2]
[JobA-LONGLIU-MAIN] iter 271 (epoch 13): payload=1024MB, c_i=3.0, sleep=30000us, comm=361.9ms, bw=11.87 Gbps [phase2]
[JobA-LONGLIU-MAIN] iter 272 (epoch 13): payload=1024MB, c_i=3.0, sleep=30000us, comm=383.6ms, bw=11.20 Gbps [phase2]
[JobA-LONGLIU-MAIN] iter 273 (epoch 13): payload=1024MB, c_i=3.0, sleep=30000us, comm=383.8ms, bw=11.19 Gbps [phase2]
[JobA-LONGLIU-MAIN] iter 274 (epoch 13): payload=1024MB, c_i=3.0, sleep=30000us, comm=389.4ms, bw=11.03 Gbps [phase2]
[JobA-LONGLIU-MAIN] iter 275 (epoch 13): payload=1024MB, c_i=3.0, sleep=30000us, comm=375.3ms, bw=11.44 Gbps [phase2]
[JobA-LONGLIU-MAIN] iter 276 (epoch 13): payload=1024MB, c_i=3.0, sleep=30000us, comm=359.4ms, bw=11.95 Gbps [phase2]
[JobA-LONGLIU-MAIN] iter 277 (epoch 13): payload=1024MB, c_i=3.0, sleep=30000us, comm=358.0ms, bw=12.00 Gbps [phase2]
[JobA-LONGLIU-MAIN] iter 278 (epoch 13): payload=1024MB, c_i=3.0, sleep=30000us, comm=396.4ms, bw=10.84 Gbps [phase2]
[JobA-LONGLIU-MAIN] iter 279 (epoch 13): payload=1024MB, c_i=3.0, sleep=30000us, comm=380.9ms, bw=11.28 Gbps [phase2]
[JobA-LONGLIU-MAIN] iter 280 (epoch 14): payload=1024MB, c_i=3.0, sleep=30000us, comm=392.4ms, bw=10.94 Gbps [phase2]
[JobA-LONGLIU-MAIN] iter 281 (epoch 14): payload=1024MB, c_i=3.0, sleep=30000us, comm=363.0ms, bw=11.83 Gbps [phase2]
[JobA-LONGLIU-MAIN] iter 282 (epoch 14): payload=1024MB, c_i=3.0, sleep=30000us, comm=371.5ms, bw=11.56 Gbps [phase2]
[JobA-LONGLIU-MAIN] iter 283 (epoch 14): payload=1024MB, c_i=3.0, sleep=30000us, comm=389.2ms, bw=11.03 Gbps [phase2]
[JobA-LONGLIU-MAIN] iter 284 (epoch 14): payload=1024MB, c_i=3.0, sleep=30000us, comm=372.6ms, bw=11.53 Gbps [phase2]
[JobA-LONGLIU-MAIN] iter 285 (epoch 14): payload=1024MB, c_i=3.0, sleep=30000us, comm=355.1ms, bw=12.10 Gbps [phase2]
[JobA-LONGLIU-MAIN] iter 286 (epoch 14): payload=1024MB, c_i=3.0, sleep=30000us, comm=353.1ms, bw=12.16 Gbps [phase2]
[JobA-LONGLIU-MAIN] iter 287 (epoch 14): payload=1024MB, c_i=3.0, sleep=30000us, comm=351.0ms, bw=12.24 Gbps [phase2]
[JobA-LONGLIU-MAIN] iter 288 (epoch 14): payload=1024MB, c_i=3.0, sleep=30000us, comm=375.1ms, bw=11.45 Gbps [phase2]
[JobA-LONGLIU-MAIN] iter 289 (epoch 14): payload=1024MB, c_i=3.0, sleep=30000us, comm=370.6ms, bw=11.59 Gbps [phase2]
[JobA-LONGLIU-MAIN] iter 290 (epoch 14): payload=1024MB, c_i=3.0, sleep=30000us, comm=367.3ms, bw=11.69 Gbps [phase2]
[JobA-LONGLIU-MAIN] iter 291 (epoch 14): payload=1024MB, c_i=3.0, sleep=30000us, comm=388.8ms, bw=11.05 Gbps [phase2]
[JobA-LONGLIU-MAIN] iter 292 (epoch 14): payload=1024MB, c_i=3.0, sleep=30000us, comm=351.1ms, bw=12.23 Gbps [phase2]
[JobA-LONGLIU-MAIN] iter 293 (epoch 14): payload=1024MB, c_i=3.0, sleep=30000us, comm=397.2ms, bw=10.81 Gbps [phase2]
[JobA-LONGLIU-MAIN] iter 294 (epoch 14): payload=1024MB, c_i=3.0, sleep=30000us, comm=381.6ms, bw=11.25 Gbps [phase2]
[JobA-LONGLIU-MAIN] iter 295 (epoch 14): payload=1024MB, c_i=3.0, sleep=30000us, comm=349.7ms, bw=12.28 Gbps [phase2]
[JobA-LONGLIU-MAIN] iter 296 (epoch 14): payload=1024MB, c_i=3.0, sleep=30000us, comm=340.8ms, bw=12.60 Gbps [phase2]
[JobA-LONGLIU-MAIN] iter 297 (epoch 14): payload=1024MB, c_i=3.0, sleep=30000us, comm=331.8ms, bw=12.94 Gbps [phase2]
[JobA-LONGLIU-MAIN] iter 298 (epoch 14): payload=1024MB, c_i=3.0, sleep=30000us, comm=357.5ms, bw=12.01 Gbps [phase2]
[JobA-LONGLIU-MAIN] iter 299 (epoch 14): payload=1024MB, c_i=3.0, sleep=30000us, comm=359.8ms, bw=11.94 Gbps [phase2]
[JobA-LONGLIU-MAIN] Per-iter results saved to p4_jobA_reverse_longliu_rank0_iter.csv
[JobA-LONGLIU-MAIN] Per-epoch stats saved to p4_jobA_reverse_longliu_rank0_epoch.csv
[JobA-LONGLIU-MAIN] Phase 1 (epochs 0-6): c_i=1.2, avg_comm=252.3ms, avg_bw=18.40 Gbps, avg_prio=2.9
[JobA-LONGLIU-MAIN] Phase 2 (epochs 7-14): c_i=3.0, avg_comm=366.5ms, avg_bw=11.81 Gbps, avg_prio=1.0
[JobA-LONGLIU-MAIN] Total wall time: 94.5s
[MultiComm] Rank 0: destroyed
