[JobA-LONGLIU-MAIN] Loaded T_target=4201.09ms from /tmp/ttarget_v5_jobA.json (preset_target=True)
[MultiComm] Loading library from /home/why/LongLiu_rebuild/multi_comm_slo/build/libmulti_comm.so
[MultiComm] Rank 0: initializing 7 priorities across 1 devices
[MultiComm] Rank 0: waiting for TCP connections on port 29520...
[MultiComm] Rank 0: sent 7 IDs to rank 1
[MultiComm] Rank 0: created communicator for priority P0 (DSCP=40)
[MultiComm] Rank 0: created communicator for priority P1 (DSCP=32)
[MultiComm] Rank 0: created communicator for priority P2 (DSCP=24)
[MultiComm] Rank 0: created communicator for priority P3 (DSCP=16)
[MultiComm] Rank 0: created communicator for priority P4 (DSCP=0)
[MultiComm] Rank 0: created communicator for priority P5 (DSCP=0)
[MultiComm] Rank 0: created communicator for priority P6 (DSCP=8)
[MultiComm] Rank 0: initialization complete, starting at P6 (DSCP=8)
[MultiComm] Initialized: rank=0, world_size=2, master=192.10.10.110:29520, priority=P3
[JobA-LONGLIU-MAIN] scheduler=v1(pi), queue=SP, payload=1024MB (fixed), reverse_epoch=7 (c_i swap), num_iters=300
[JobA-LONGLIU-MAIN] Phase 1 (epoch 0-6): c_i=1.2
[JobA-LONGLIU-MAIN] Phase 2 (epoch 7-14): c_i=3.0
[JobA-LONGLIU-MAIN] GPU 0: Quadro RTX 4000, free=7.5 GB
[JobA-LONGLIU-MAIN] Warmup done.
[MultiComm] Rank 0: switching priority P6 -> P3 (DSCP 8 -> 16)
[JobA-LONGLIU-MAIN] iter   0 (epoch 0): payload=1024MB, c_i=1.2, sleep=30000us, comm=344.2ms, bw=12.48 Gbps [phase1]
[JobA-LONGLIU-MAIN] iter   1 (epoch 0): payload=1024MB, c_i=1.2, sleep=30000us, comm=180.6ms, bw=23.78 Gbps [phase1]
[JobA-LONGLIU-MAIN] iter   2 (epoch 0): payload=1024MB, c_i=1.2, sleep=30000us, comm=175.8ms, bw=24.43 Gbps [phase1]
[JobA-LONGLIU-MAIN] iter   3 (epoch 0): payload=1024MB, c_i=1.2, sleep=30000us, comm=181.5ms, bw=23.67 Gbps [phase1]
[JobA-LONGLIU-MAIN] iter   4 (epoch 0): payload=1024MB, c_i=1.2, sleep=30000us, comm=170.3ms, bw=25.22 Gbps [phase1]
[JobA-LONGLIU-MAIN] iter   5 (epoch 0): payload=1024MB, c_i=1.2, sleep=30000us, comm=179.6ms, bw=23.92 Gbps [phase1]
[JobA-LONGLIU-MAIN] iter   6 (epoch 0): payload=1024MB, c_i=1.2, sleep=30000us, comm=188.6ms, bw=22.77 Gbps [phase1]
[JobA-LONGLIU-MAIN] iter   7 (epoch 0): payload=1024MB, c_i=1.2, sleep=30000us, comm=173.4ms, bw=24.78 Gbps [phase1]
[JobA-LONGLIU-MAIN] iter   8 (epoch 0): payload=1024MB, c_i=1.2, sleep=30000us, comm=167.8ms, bw=25.60 Gbps [phase1]
[JobA-LONGLIU-MAIN] iter   9 (epoch 0): payload=1024MB, c_i=1.2, sleep=30000us, comm=181.4ms, bw=23.68 Gbps [phase1]
[JobA-LONGLIU-MAIN] iter  10 (epoch 0): payload=1024MB, c_i=1.2, sleep=30000us, comm=173.7ms, bw=24.72 Gbps [phase1]
[JobA-LONGLIU-MAIN] iter  11 (epoch 0): payload=1024MB, c_i=1.2, sleep=30000us, comm=183.7ms, bw=23.37 Gbps [phase1]
[JobA-LONGLIU-MAIN] iter  12 (epoch 0): payload=1024MB, c_i=1.2, sleep=30000us, comm=180.4ms, bw=23.81 Gbps [phase1]
[JobA-LONGLIU-MAIN] iter  13 (epoch 0): payload=1024MB, c_i=1.2, sleep=30000us, comm=186.4ms, bw=23.04 Gbps [phase1]
[JobA-LONGLIU-MAIN] iter  14 (epoch 0): payload=1024MB, c_i=1.2, sleep=30000us, comm=181.0ms, bw=23.73 Gbps [phase1]
[JobA-LONGLIU-MAIN] iter  15 (epoch 0): payload=1024MB, c_i=1.2, sleep=30000us, comm=165.7ms, bw=25.92 Gbps [phase1]
[JobA-LONGLIU-MAIN] iter  16 (epoch 0): payload=1024MB, c_i=1.2, sleep=30000us, comm=163.3ms, bw=26.31 Gbps [phase1]
[JobA-LONGLIU-MAIN] iter  17 (epoch 0): payload=1024MB, c_i=1.2, sleep=30000us, comm=179.1ms, bw=23.98 Gbps [phase1]
[JobA-LONGLIU-MAIN] iter  18 (epoch 0): payload=1024MB, c_i=1.2, sleep=30000us, comm=177.0ms, bw=24.27 Gbps [phase1]
[JobA-LONGLIU-MAIN] iter  19 (epoch 0): payload=1024MB, c_i=1.2, sleep=30000us, comm=165.1ms, bw=26.02 Gbps [phase1]
[SLO] T_target PRESET (calibrated): 4201.1ms (c_i=1.2, SLO target=5041.3ms) — EMA updates SKIPPED
[SLO] Epoch 1: π=-0.266 (A=3.70s, expected=5.04s, T_target=4201.1ms, k=1), Priority P3 -> P2 (DSCP 16 -> 24)
[MultiComm] Rank 0: switching priority P3 -> P2 (DSCP 16 -> 24)
[JobA-LONGLIU-MAIN] iter  20 (epoch 1): payload=1024MB, c_i=1.2, sleep=30000us, comm=314.3ms, bw=13.67 Gbps [phase1]
[JobA-LONGLIU-MAIN] iter  21 (epoch 1): payload=1024MB, c_i=1.2, sleep=30000us, comm=165.8ms, bw=25.91 Gbps [phase1]
[JobA-LONGLIU-MAIN] iter  22 (epoch 1): payload=1024MB, c_i=1.2, sleep=30000us, comm=175.4ms, bw=24.49 Gbps [phase1]
[JobA-LONGLIU-MAIN] iter  23 (epoch 1): payload=1024MB, c_i=1.2, sleep=30000us, comm=170.5ms, bw=25.18 Gbps [phase1]
[JobA-LONGLIU-MAIN] iter  24 (epoch 1): payload=1024MB, c_i=1.2, sleep=30000us, comm=177.3ms, bw=24.22 Gbps [phase1]
[JobA-LONGLIU-MAIN] iter  25 (epoch 1): payload=1024MB, c_i=1.2, sleep=30000us, comm=171.9ms, bw=24.99 Gbps [phase1]
[JobA-LONGLIU-MAIN] iter  26 (epoch 1): payload=1024MB, c_i=1.2, sleep=30000us, comm=187.6ms, bw=22.90 Gbps [phase1]
[JobA-LONGLIU-MAIN] iter  27 (epoch 1): payload=1024MB, c_i=1.2, sleep=30000us, comm=176.6ms, bw=24.32 Gbps [phase1]
[JobA-LONGLIU-MAIN] iter  28 (epoch 1): payload=1024MB, c_i=1.2, sleep=30000us, comm=183.6ms, bw=23.40 Gbps [phase1]
[JobA-LONGLIU-MAIN] iter  29 (epoch 1): payload=1024MB, c_i=1.2, sleep=30000us, comm=178.9ms, bw=24.00 Gbps [phase1]
[JobA-LONGLIU-MAIN] iter  30 (epoch 1): payload=1024MB, c_i=1.2, sleep=30000us, comm=171.9ms, bw=24.98 Gbps [phase1]
[JobA-LONGLIU-MAIN] iter  31 (epoch 1): payload=1024MB, c_i=1.2, sleep=30000us, comm=159.8ms, bw=26.88 Gbps [phase1]
[JobA-LONGLIU-MAIN] iter  32 (epoch 1): payload=1024MB, c_i=1.2, sleep=30000us, comm=178.0ms, bw=24.12 Gbps [phase1]
[JobA-LONGLIU-MAIN] iter  33 (epoch 1): payload=1024MB, c_i=1.2, sleep=30000us, comm=173.8ms, bw=24.72 Gbps [phase1]
[JobA-LONGLIU-MAIN] iter  34 (epoch 1): payload=1024MB, c_i=1.2, sleep=30000us, comm=173.0ms, bw=24.82 Gbps [phase1]
[JobA-LONGLIU-MAIN] iter  35 (epoch 1): payload=1024MB, c_i=1.2, sleep=30000us, comm=182.0ms, bw=23.60 Gbps [phase1]
[JobA-LONGLIU-MAIN] iter  36 (epoch 1): payload=1024MB, c_i=1.2, sleep=30000us, comm=179.2ms, bw=23.97 Gbps [phase1]
[JobA-LONGLIU-MAIN] iter  37 (epoch 1): payload=1024MB, c_i=1.2, sleep=30000us, comm=184.7ms, bw=23.25 Gbps [phase1]
[JobA-LONGLIU-MAIN] iter  38 (epoch 1): payload=1024MB, c_i=1.2, sleep=30000us, comm=186.3ms, bw=23.05 Gbps [phase1]
[JobA-LONGLIU-MAIN] iter  39 (epoch 1): payload=1024MB, c_i=1.2, sleep=30000us, comm=172.3ms, bw=24.93 Gbps [phase1]
[JobA-LONGLIU-MAIN] iter  40 (epoch 2): payload=1024MB, c_i=1.2, sleep=30000us, comm=177.5ms, bw=24.20 Gbps [phase1]
[JobA-LONGLIU-MAIN] iter  41 (epoch 2): payload=1024MB, c_i=1.2, sleep=30000us, comm=182.0ms, bw=23.60 Gbps [phase1]
[JobA-LONGLIU-MAIN] iter  42 (epoch 2): payload=1024MB, c_i=1.2, sleep=30000us, comm=167.9ms, bw=25.58 Gbps [phase1]
[JobA-LONGLIU-MAIN] iter  43 (epoch 2): payload=1024MB, c_i=1.2, sleep=30000us, comm=161.8ms, bw=26.54 Gbps [phase1]
[JobA-LONGLIU-MAIN] iter  44 (epoch 2): payload=1024MB, c_i=1.2, sleep=30000us, comm=178.7ms, bw=24.04 Gbps [phase1]
[JobA-LONGLIU-MAIN] iter  45 (epoch 2): payload=1024MB, c_i=1.2, sleep=30000us, comm=174.4ms, bw=24.62 Gbps [phase1]
[JobA-LONGLIU-MAIN] iter  46 (epoch 2): payload=1024MB, c_i=1.2, sleep=30000us, comm=170.2ms, bw=25.24 Gbps [phase1]
[JobA-LONGLIU-MAIN] iter  47 (epoch 2): payload=1024MB, c_i=1.2, sleep=30000us, comm=177.8ms, bw=24.16 Gbps [phase1]
[JobA-LONGLIU-MAIN] iter  48 (epoch 2): payload=1024MB, c_i=1.2, sleep=30000us, comm=162.3ms, bw=26.46 Gbps [phase1]
[JobA-LONGLIU-MAIN] iter  49 (epoch 2): payload=1024MB, c_i=1.2, sleep=30000us, comm=177.7ms, bw=24.17 Gbps [phase1]
[JobA-LONGLIU-MAIN] iter  50 (epoch 2): payload=1024MB, c_i=1.2, sleep=30000us, comm=185.2ms, bw=23.19 Gbps [phase1]
[JobA-LONGLIU-MAIN] iter  51 (epoch 2): payload=1024MB, c_i=1.2, sleep=30000us, comm=188.6ms, bw=22.77 Gbps [phase1]
[JobA-LONGLIU-MAIN] iter  52 (epoch 2): payload=1024MB, c_i=1.2, sleep=30000us, comm=175.5ms, bw=24.47 Gbps [phase1]
[JobA-LONGLIU-MAIN] iter  53 (epoch 2): payload=1024MB, c_i=1.2, sleep=30000us, comm=185.1ms, bw=23.20 Gbps [phase1]
[JobA-LONGLIU-MAIN] iter  54 (epoch 2): payload=1024MB, c_i=1.2, sleep=30000us, comm=181.3ms, bw=23.68 Gbps [phase1]
[JobA-LONGLIU-MAIN] iter  55 (epoch 2): payload=1024MB, c_i=1.2, sleep=30000us, comm=178.0ms, bw=24.13 Gbps [phase1]
[JobA-LONGLIU-MAIN] iter  56 (epoch 2): payload=1024MB, c_i=1.2, sleep=30000us, comm=170.7ms, bw=25.17 Gbps [phase1]
[JobA-LONGLIU-MAIN] iter  57 (epoch 2): payload=1024MB, c_i=1.2, sleep=30000us, comm=173.0ms, bw=24.83 Gbps [phase1]
[JobA-LONGLIU-MAIN] iter  58 (epoch 2): payload=1024MB, c_i=1.2, sleep=30000us, comm=153.9ms, bw=27.90 Gbps [phase1]
[JobA-LONGLIU-MAIN] iter  59 (epoch 2): payload=1024MB, c_i=1.2, sleep=30000us, comm=168.8ms, bw=25.44 Gbps [phase1]
[JobA-LONGLIU-MAIN] iter  60 (epoch 3): payload=1024MB, c_i=1.2, sleep=30000us, comm=219.2ms, bw=19.59 Gbps [phase1]
[JobA-LONGLIU-MAIN] iter  61 (epoch 3): payload=1024MB, c_i=1.2, sleep=30000us, comm=293.1ms, bw=14.66 Gbps [phase1]
[JobA-LONGLIU-MAIN] iter  62 (epoch 3): payload=1024MB, c_i=1.2, sleep=30000us, comm=301.4ms, bw=14.25 Gbps [phase1]
[JobA-LONGLIU-MAIN] iter  63 (epoch 3): payload=1024MB, c_i=1.2, sleep=30000us, comm=310.7ms, bw=13.82 Gbps [phase1]
[JobA-LONGLIU-MAIN] iter  64 (epoch 3): payload=1024MB, c_i=1.2, sleep=30000us, comm=305.9ms, bw=14.04 Gbps [phase1]
[JobA-LONGLIU-MAIN] iter  65 (epoch 3): payload=1024MB, c_i=1.2, sleep=30000us, comm=289.6ms, bw=14.83 Gbps [phase1]
[JobA-LONGLIU-MAIN] iter  66 (epoch 3): payload=1024MB, c_i=1.2, sleep=30000us, comm=296.9ms, bw=14.47 Gbps [phase1]
[JobA-LONGLIU-MAIN] iter  67 (epoch 3): payload=1024MB, c_i=1.2, sleep=30000us, comm=302.3ms, bw=14.21 Gbps [phase1]
[JobA-LONGLIU-MAIN] iter  68 (epoch 3): payload=1024MB, c_i=1.2, sleep=30000us, comm=284.3ms, bw=15.11 Gbps [phase1]
[JobA-LONGLIU-MAIN] iter  69 (epoch 3): payload=1024MB, c_i=1.2, sleep=30000us, comm=307.1ms, bw=13.99 Gbps [phase1]
[JobA-LONGLIU-MAIN] iter  70 (epoch 3): payload=1024MB, c_i=1.2, sleep=30000us, comm=293.5ms, bw=14.64 Gbps [phase1]
[JobA-LONGLIU-MAIN] iter  71 (epoch 3): payload=1024MB, c_i=1.2, sleep=30000us, comm=306.7ms, bw=14.00 Gbps [phase1]
[JobA-LONGLIU-MAIN] iter  72 (epoch 3): payload=1024MB, c_i=1.2, sleep=30000us, comm=293.1ms, bw=14.66 Gbps [phase1]
[JobA-LONGLIU-MAIN] iter  73 (epoch 3): payload=1024MB, c_i=1.2, sleep=30000us, comm=305.5ms, bw=14.06 Gbps [phase1]
[JobA-LONGLIU-MAIN] iter  74 (epoch 3): payload=1024MB, c_i=1.2, sleep=30000us, comm=310.2ms, bw=13.85 Gbps [phase1]
[JobA-LONGLIU-MAIN] iter  75 (epoch 3): payload=1024MB, c_i=1.2, sleep=30000us, comm=305.8ms, bw=14.04 Gbps [phase1]
[JobA-LONGLIU-MAIN] iter  76 (epoch 3): payload=1024MB, c_i=1.2, sleep=30000us, comm=310.0ms, bw=13.86 Gbps [phase1]
[JobA-LONGLIU-MAIN] iter  77 (epoch 3): payload=1024MB, c_i=1.2, sleep=30000us, comm=323.3ms, bw=13.28 Gbps [phase1]
[JobA-LONGLIU-MAIN] iter  78 (epoch 3): payload=1024MB, c_i=1.2, sleep=30000us, comm=307.2ms, bw=13.98 Gbps [phase1]
[JobA-LONGLIU-MAIN] iter  79 (epoch 3): payload=1024MB, c_i=1.2, sleep=30000us, comm=323.1ms, bw=13.29 Gbps [phase1]
[JobA-LONGLIU-MAIN] iter  80 (epoch 4): payload=1024MB, c_i=1.2, sleep=30000us, comm=276.4ms, bw=15.54 Gbps [phase1]
[JobA-LONGLIU-MAIN] iter  81 (epoch 4): payload=1024MB, c_i=1.2, sleep=30000us, comm=225.1ms, bw=19.08 Gbps [phase1]
[JobA-LONGLIU-MAIN] iter  82 (epoch 4): payload=1024MB, c_i=1.2, sleep=30000us, comm=294.9ms, bw=14.56 Gbps [phase1]
[JobA-LONGLIU-MAIN] iter  83 (epoch 4): payload=1024MB, c_i=1.2, sleep=30000us, comm=318.9ms, bw=13.47 Gbps [phase1]
[JobA-LONGLIU-MAIN] iter  84 (epoch 4): payload=1024MB, c_i=1.2, sleep=30000us, comm=303.5ms, bw=14.15 Gbps [phase1]
[JobA-LONGLIU-MAIN] iter  85 (epoch 4): payload=1024MB, c_i=1.2, sleep=30000us, comm=319.4ms, bw=13.45 Gbps [phase1]
[JobA-LONGLIU-MAIN] iter  86 (epoch 4): payload=1024MB, c_i=1.2, sleep=30000us, comm=297.0ms, bw=14.46 Gbps [phase1]
[JobA-LONGLIU-MAIN] iter  87 (epoch 4): payload=1024MB, c_i=1.2, sleep=30000us, comm=305.9ms, bw=14.04 Gbps [phase1]
[JobA-LONGLIU-MAIN] iter  88 (epoch 4): payload=1024MB, c_i=1.2, sleep=30000us, comm=306.1ms, bw=14.03 Gbps [phase1]
[JobA-LONGLIU-MAIN] iter  89 (epoch 4): payload=1024MB, c_i=1.2, sleep=30000us, comm=306.6ms, bw=14.01 Gbps [phase1]
[JobA-LONGLIU-MAIN] iter  90 (epoch 4): payload=1024MB, c_i=1.2, sleep=30000us, comm=327.8ms, bw=13.10 Gbps [phase1]
[JobA-LONGLIU-MAIN] iter  91 (epoch 4): payload=1024MB, c_i=1.2, sleep=30000us, comm=301.8ms, bw=14.23 Gbps [phase1]
[JobA-LONGLIU-MAIN] iter  92 (epoch 4): payload=1024MB, c_i=1.2, sleep=30000us, comm=306.9ms, bw=14.00 Gbps [phase1]
[JobA-LONGLIU-MAIN] iter  93 (epoch 4): payload=1024MB, c_i=1.2, sleep=30000us, comm=335.7ms, bw=12.79 Gbps [phase1]
[JobA-LONGLIU-MAIN] iter  94 (epoch 4): payload=1024MB, c_i=1.2, sleep=30000us, comm=293.0ms, bw=14.66 Gbps [phase1]
[JobA-LONGLIU-MAIN] iter  95 (epoch 4): payload=1024MB, c_i=1.2, sleep=30000us, comm=297.0ms, bw=14.46 Gbps [phase1]
[JobA-LONGLIU-MAIN] iter  96 (epoch 4): payload=1024MB, c_i=1.2, sleep=30000us, comm=306.9ms, bw=13.99 Gbps [phase1]
[JobA-LONGLIU-MAIN] iter  97 (epoch 4): payload=1024MB, c_i=1.2, sleep=30000us, comm=310.2ms, bw=13.84 Gbps [phase1]
[JobA-LONGLIU-MAIN] iter  98 (epoch 4): payload=1024MB, c_i=1.2, sleep=30000us, comm=289.7ms, bw=14.82 Gbps [phase1]
[JobA-LONGLIU-MAIN] iter  99 (epoch 4): payload=1024MB, c_i=1.2, sleep=30000us, comm=297.7ms, bw=14.42 Gbps [phase1]
[SLO] Epoch 5: π=-0.089 (A=22.95s, expected=25.21s, T_target=4201.1ms, k=5), Priority P2 -> P4 (DSCP 24 -> 0)
[MultiComm] Rank 0: switching priority P2 -> P4 (DSCP 24 -> 0)
[JobA-LONGLIU-MAIN] iter 100 (epoch 5): payload=1024MB, c_i=1.2, sleep=30000us, comm=475.8ms, bw=9.03 Gbps [phase1]
[JobA-LONGLIU-MAIN] iter 101 (epoch 5): payload=1024MB, c_i=1.2, sleep=30000us, comm=293.3ms, bw=14.64 Gbps [phase1]
[JobA-LONGLIU-MAIN] iter 102 (epoch 5): payload=1024MB, c_i=1.2, sleep=30000us, comm=307.5ms, bw=13.97 Gbps [phase1]
[JobA-LONGLIU-MAIN] iter 103 (epoch 5): payload=1024MB, c_i=1.2, sleep=30000us, comm=314.3ms, bw=13.67 Gbps [phase1]
[JobA-LONGLIU-MAIN] iter 104 (epoch 5): payload=1024MB, c_i=1.2, sleep=30000us, comm=306.9ms, bw=13.99 Gbps [phase1]
[JobA-LONGLIU-MAIN] iter 105 (epoch 5): payload=1024MB, c_i=1.2, sleep=30000us, comm=306.1ms, bw=14.03 Gbps [phase1]
[JobA-LONGLIU-MAIN] iter 106 (epoch 5): payload=1024MB, c_i=1.2, sleep=30000us, comm=294.7ms, bw=14.57 Gbps [phase1]
[JobA-LONGLIU-MAIN] iter 107 (epoch 5): payload=1024MB, c_i=1.2, sleep=30000us, comm=292.7ms, bw=14.67 Gbps [phase1]
[JobA-LONGLIU-MAIN] iter 108 (epoch 5): payload=1024MB, c_i=1.2, sleep=30000us, comm=325.1ms, bw=13.21 Gbps [phase1]
[JobA-LONGLIU-MAIN] iter 109 (epoch 5): payload=1024MB, c_i=1.2, sleep=30000us, comm=306.2ms, bw=14.03 Gbps [phase1]
[JobA-LONGLIU-MAIN] iter 110 (epoch 5): payload=1024MB, c_i=1.2, sleep=30000us, comm=311.6ms, bw=13.78 Gbps [phase1]
[JobA-LONGLIU-MAIN] iter 111 (epoch 5): payload=1024MB, c_i=1.2, sleep=30000us, comm=318.9ms, bw=13.47 Gbps [phase1]
[JobA-LONGLIU-MAIN] iter 112 (epoch 5): payload=1024MB, c_i=1.2, sleep=30000us, comm=293.0ms, bw=14.66 Gbps [phase1]
[JobA-LONGLIU-MAIN] iter 113 (epoch 5): payload=1024MB, c_i=1.2, sleep=30000us, comm=284.7ms, bw=15.09 Gbps [phase1]
[JobA-LONGLIU-MAIN] iter 114 (epoch 5): payload=1024MB, c_i=1.2, sleep=30000us, comm=310.0ms, bw=13.85 Gbps [phase1]
[JobA-LONGLIU-MAIN] iter 115 (epoch 5): payload=1024MB, c_i=1.2, sleep=30000us, comm=289.0ms, bw=14.86 Gbps [phase1]
[JobA-LONGLIU-MAIN] iter 116 (epoch 5): payload=1024MB, c_i=1.2, sleep=30000us, comm=302.4ms, bw=14.20 Gbps [phase1]
[JobA-LONGLIU-MAIN] iter 117 (epoch 5): payload=1024MB, c_i=1.2, sleep=30000us, comm=311.3ms, bw=13.80 Gbps [phase1]
[JobA-LONGLIU-MAIN] iter 118 (epoch 5): payload=1024MB, c_i=1.2, sleep=30000us, comm=312.1ms, bw=13.76 Gbps [phase1]
[JobA-LONGLIU-MAIN] iter 119 (epoch 5): payload=1024MB, c_i=1.2, sleep=30000us, comm=315.7ms, bw=13.60 Gbps [phase1]
[JobA-LONGLIU-MAIN] iter 120 (epoch 6): payload=1024MB, c_i=1.2, sleep=30000us, comm=303.0ms, bw=14.17 Gbps [phase1]
[JobA-LONGLIU-MAIN] iter 121 (epoch 6): payload=1024MB, c_i=1.2, sleep=30000us, comm=297.7ms, bw=14.43 Gbps [phase1]
[JobA-LONGLIU-MAIN] iter 122 (epoch 6): payload=1024MB, c_i=1.2, sleep=30000us, comm=299.3ms, bw=14.35 Gbps [phase1]
[JobA-LONGLIU-MAIN] iter 123 (epoch 6): payload=1024MB, c_i=1.2, sleep=30000us, comm=297.5ms, bw=14.44 Gbps [phase1]
[JobA-LONGLIU-MAIN] iter 124 (epoch 6): payload=1024MB, c_i=1.2, sleep=30000us, comm=316.4ms, bw=13.57 Gbps [phase1]
[JobA-LONGLIU-MAIN] iter 125 (epoch 6): payload=1024MB, c_i=1.2, sleep=30000us, comm=298.4ms, bw=14.39 Gbps [phase1]
[JobA-LONGLIU-MAIN] iter 126 (epoch 6): payload=1024MB, c_i=1.2, sleep=30000us, comm=314.5ms, bw=13.66 Gbps [phase1]
[JobA-LONGLIU-MAIN] iter 127 (epoch 6): payload=1024MB, c_i=1.2, sleep=30000us, comm=284.8ms, bw=15.08 Gbps [phase1]
[JobA-LONGLIU-MAIN] iter 128 (epoch 6): payload=1024MB, c_i=1.2, sleep=30000us, comm=302.8ms, bw=14.18 Gbps [phase1]
[JobA-LONGLIU-MAIN] iter 129 (epoch 6): payload=1024MB, c_i=1.2, sleep=30000us, comm=302.1ms, bw=14.22 Gbps [phase1]
[JobA-LONGLIU-MAIN] iter 130 (epoch 6): payload=1024MB, c_i=1.2, sleep=30000us, comm=297.5ms, bw=14.44 Gbps [phase1]
[JobA-LONGLIU-MAIN] iter 131 (epoch 6): payload=1024MB, c_i=1.2, sleep=30000us, comm=298.5ms, bw=14.39 Gbps [phase1]
[JobA-LONGLIU-MAIN] iter 132 (epoch 6): payload=1024MB, c_i=1.2, sleep=30000us, comm=301.8ms, bw=14.23 Gbps [phase1]
[JobA-LONGLIU-MAIN] iter 133 (epoch 6): payload=1024MB, c_i=1.2, sleep=30000us, comm=306.5ms, bw=14.01 Gbps [phase1]
[JobA-LONGLIU-MAIN] iter 134 (epoch 6): payload=1024MB, c_i=1.2, sleep=30000us, comm=302.7ms, bw=14.19 Gbps [phase1]
[JobA-LONGLIU-MAIN] iter 135 (epoch 6): payload=1024MB, c_i=1.2, sleep=30000us, comm=294.7ms, bw=14.57 Gbps [phase1]
[JobA-LONGLIU-MAIN] iter 136 (epoch 6): payload=1024MB, c_i=1.2, sleep=30000us, comm=302.7ms, bw=14.19 Gbps [phase1]
[JobA-LONGLIU-MAIN] iter 137 (epoch 6): payload=1024MB, c_i=1.2, sleep=30000us, comm=307.2ms, bw=13.98 Gbps [phase1]
[JobA-LONGLIU-MAIN] iter 138 (epoch 6): payload=1024MB, c_i=1.2, sleep=30000us, comm=306.5ms, bw=14.01 Gbps [phase1]
[JobA-LONGLIU-MAIN] iter 139 (epoch 6): payload=1024MB, c_i=1.2, sleep=30000us, comm=298.5ms, bw=14.39 Gbps [phase1]
[SLO] c_i updated: 1.20 → 3.00
[JobA-LONGLIU-MAIN] *** c_i SWAP at epoch 7: now c_i=3.0 ***
[JobA-LONGLIU-MAIN] iter 140 (epoch 7): payload=1024MB, c_i=3.0, sleep=30000us, comm=299.9ms, bw=14.32 Gbps [phase2]
[JobA-LONGLIU-MAIN] iter 141 (epoch 7): payload=1024MB, c_i=3.0, sleep=30000us, comm=288.4ms, bw=14.89 Gbps [phase2]
[JobA-LONGLIU-MAIN] iter 142 (epoch 7): payload=1024MB, c_i=3.0, sleep=30000us, comm=314.2ms, bw=13.67 Gbps [phase2]
[JobA-LONGLIU-MAIN] iter 143 (epoch 7): payload=1024MB, c_i=3.0, sleep=30000us, comm=302.0ms, bw=14.22 Gbps [phase2]
[JobA-LONGLIU-MAIN] iter 144 (epoch 7): payload=1024MB, c_i=3.0, sleep=30000us, comm=310.9ms, bw=13.81 Gbps [phase2]
[JobA-LONGLIU-MAIN] iter 145 (epoch 7): payload=1024MB, c_i=3.0, sleep=30000us, comm=297.2ms, bw=14.45 Gbps [phase2]
[JobA-LONGLIU-MAIN] iter 146 (epoch 7): payload=1024MB, c_i=3.0, sleep=30000us, comm=331.9ms, bw=12.94 Gbps [phase2]
[JobA-LONGLIU-MAIN] iter 147 (epoch 7): payload=1024MB, c_i=3.0, sleep=30000us, comm=296.8ms, bw=14.47 Gbps [phase2]
[JobA-LONGLIU-MAIN] iter 148 (epoch 7): payload=1024MB, c_i=3.0, sleep=30000us, comm=298.2ms, bw=14.40 Gbps [phase2]
[JobA-LONGLIU-MAIN] iter 149 (epoch 7): payload=1024MB, c_i=3.0, sleep=30000us, comm=283.0ms, bw=15.18 Gbps [phase2]
[JobA-LONGLIU-MAIN] iter 150 (epoch 7): payload=1024MB, c_i=3.0, sleep=30000us, comm=293.4ms, bw=14.64 Gbps [phase2]
[JobA-LONGLIU-MAIN] iter 151 (epoch 7): payload=1024MB, c_i=3.0, sleep=30000us, comm=329.3ms, bw=13.04 Gbps [phase2]
[JobA-LONGLIU-MAIN] iter 152 (epoch 7): payload=1024MB, c_i=3.0, sleep=30000us, comm=314.3ms, bw=13.67 Gbps [phase2]
[JobA-LONGLIU-MAIN] iter 153 (epoch 7): payload=1024MB, c_i=3.0, sleep=30000us, comm=311.2ms, bw=13.80 Gbps [phase2]
[JobA-LONGLIU-MAIN] iter 154 (epoch 7): payload=1024MB, c_i=3.0, sleep=30000us, comm=288.6ms, bw=14.88 Gbps [phase2]
[JobA-LONGLIU-MAIN] iter 155 (epoch 7): payload=1024MB, c_i=3.0, sleep=30000us, comm=302.0ms, bw=14.22 Gbps [phase2]
[JobA-LONGLIU-MAIN] iter 156 (epoch 7): payload=1024MB, c_i=3.0, sleep=30000us, comm=299.4ms, bw=14.35 Gbps [phase2]
[JobA-LONGLIU-MAIN] iter 157 (epoch 7): payload=1024MB, c_i=3.0, sleep=30000us, comm=307.4ms, bw=13.97 Gbps [phase2]
[JobA-LONGLIU-MAIN] iter 158 (epoch 7): payload=1024MB, c_i=3.0, sleep=30000us, comm=303.2ms, bw=14.16 Gbps [phase2]
[JobA-LONGLIU-MAIN] iter 159 (epoch 7): payload=1024MB, c_i=3.0, sleep=30000us, comm=302.3ms, bw=14.21 Gbps [phase2]
[SLO] Epoch 8: π=-0.589 (A=41.46s, expected=100.83s, T_target=4201.1ms, k=8), Priority P4 -> P1 (DSCP 0 -> 32)
[MultiComm] Rank 0: switching priority P4 -> P1 (DSCP 0 -> 32)
[JobA-LONGLIU-MAIN] iter 160 (epoch 8): payload=1024MB, c_i=3.0, sleep=30000us, comm=547.0ms, bw=7.85 Gbps [phase2]
[JobA-LONGLIU-MAIN] iter 161 (epoch 8): payload=1024MB, c_i=3.0, sleep=30000us, comm=346.9ms, bw=12.38 Gbps [phase2]
[JobA-LONGLIU-MAIN] iter 162 (epoch 8): payload=1024MB, c_i=3.0, sleep=30000us, comm=388.4ms, bw=11.06 Gbps [phase2]
[JobA-LONGLIU-MAIN] iter 163 (epoch 8): payload=1024MB, c_i=3.0, sleep=30000us, comm=374.8ms, bw=11.46 Gbps [phase2]
[JobA-LONGLIU-MAIN] iter 164 (epoch 8): payload=1024MB, c_i=3.0, sleep=30000us, comm=358.6ms, bw=11.98 Gbps [phase2]
[JobA-LONGLIU-MAIN] iter 165 (epoch 8): payload=1024MB, c_i=3.0, sleep=30000us, comm=385.2ms, bw=11.15 Gbps [phase2]
[JobA-LONGLIU-MAIN] iter 166 (epoch 8): payload=1024MB, c_i=3.0, sleep=30000us, comm=358.9ms, bw=11.97 Gbps [phase2]
[JobA-LONGLIU-MAIN] iter 167 (epoch 8): payload=1024MB, c_i=3.0, sleep=30000us, comm=353.8ms, bw=12.14 Gbps [phase2]
[JobA-LONGLIU-MAIN] iter 168 (epoch 8): payload=1024MB, c_i=3.0, sleep=30000us, comm=363.1ms, bw=11.83 Gbps [phase2]
[JobA-LONGLIU-MAIN] iter 169 (epoch 8): payload=1024MB, c_i=3.0, sleep=30000us, comm=341.4ms, bw=12.58 Gbps [phase2]
[JobA-LONGLIU-MAIN] iter 170 (epoch 8): payload=1024MB, c_i=3.0, sleep=30000us, comm=370.9ms, bw=11.58 Gbps [phase2]
[JobA-LONGLIU-MAIN] iter 171 (epoch 8): payload=1024MB, c_i=3.0, sleep=30000us, comm=394.5ms, bw=10.89 Gbps [phase2]
[JobA-LONGLIU-MAIN] iter 172 (epoch 8): payload=1024MB, c_i=3.0, sleep=30000us, comm=393.6ms, bw=10.91 Gbps [phase2]
[JobA-LONGLIU-MAIN] iter 173 (epoch 8): payload=1024MB, c_i=3.0, sleep=30000us, comm=371.2ms, bw=11.57 Gbps [phase2]
[JobA-LONGLIU-MAIN] iter 174 (epoch 8): payload=1024MB, c_i=3.0, sleep=30000us, comm=342.4ms, bw=12.54 Gbps [phase2]
[JobA-LONGLIU-MAIN] iter 175 (epoch 8): payload=1024MB, c_i=3.0, sleep=30000us, comm=354.4ms, bw=12.12 Gbps [phase2]
[JobA-LONGLIU-MAIN] iter 176 (epoch 8): payload=1024MB, c_i=3.0, sleep=30000us, comm=375.2ms, bw=11.45 Gbps [phase2]
[JobA-LONGLIU-MAIN] iter 177 (epoch 8): payload=1024MB, c_i=3.0, sleep=30000us, comm=375.9ms, bw=11.43 Gbps [phase2]
[JobA-LONGLIU-MAIN] iter 178 (epoch 8): payload=1024MB, c_i=3.0, sleep=30000us, comm=375.1ms, bw=11.45 Gbps [phase2]
[JobA-LONGLIU-MAIN] iter 179 (epoch 8): payload=1024MB, c_i=3.0, sleep=30000us, comm=350.2ms, bw=12.26 Gbps [phase2]
[JobA-LONGLIU-MAIN] iter 180 (epoch 9): payload=1024MB, c_i=3.0, sleep=30000us, comm=363.0ms, bw=11.83 Gbps [phase2]
[JobA-LONGLIU-MAIN] iter 181 (epoch 9): payload=1024MB, c_i=3.0, sleep=30000us, comm=362.6ms, bw=11.85 Gbps [phase2]
[JobA-LONGLIU-MAIN] iter 182 (epoch 9): payload=1024MB, c_i=3.0, sleep=30000us, comm=388.9ms, bw=11.04 Gbps [phase2]
[JobA-LONGLIU-MAIN] iter 183 (epoch 9): payload=1024MB, c_i=3.0, sleep=30000us, comm=353.4ms, bw=12.15 Gbps [phase2]
[JobA-LONGLIU-MAIN] iter 184 (epoch 9): payload=1024MB, c_i=3.0, sleep=30000us, comm=359.8ms, bw=11.94 Gbps [phase2]
[JobA-LONGLIU-MAIN] iter 185 (epoch 9): payload=1024MB, c_i=3.0, sleep=30000us, comm=402.4ms, bw=10.67 Gbps [phase2]
[JobA-LONGLIU-MAIN] iter 186 (epoch 9): payload=1024MB, c_i=3.0, sleep=30000us, comm=393.5ms, bw=10.91 Gbps [phase2]
[JobA-LONGLIU-MAIN] iter 187 (epoch 9): payload=1024MB, c_i=3.0, sleep=30000us, comm=387.7ms, bw=11.08 Gbps [phase2]
[JobA-LONGLIU-MAIN] iter 188 (epoch 9): payload=1024MB, c_i=3.0, sleep=30000us, comm=359.7ms, bw=11.94 Gbps [phase2]
[JobA-LONGLIU-MAIN] iter 189 (epoch 9): payload=1024MB, c_i=3.0, sleep=30000us, comm=367.3ms, bw=11.69 Gbps [phase2]
[JobA-LONGLIU-MAIN] iter 190 (epoch 9): payload=1024MB, c_i=3.0, sleep=30000us, comm=371.5ms, bw=11.56 Gbps [phase2]
[JobA-LONGLIU-MAIN] iter 191 (epoch 9): payload=1024MB, c_i=3.0, sleep=30000us, comm=386.2ms, bw=11.12 Gbps [phase2]
[JobA-LONGLIU-MAIN] iter 192 (epoch 9): payload=1024MB, c_i=3.0, sleep=30000us, comm=375.0ms, bw=11.45 Gbps [phase2]
[JobA-LONGLIU-MAIN] iter 193 (epoch 9): payload=1024MB, c_i=3.0, sleep=30000us, comm=367.0ms, bw=11.70 Gbps [phase2]
[JobA-LONGLIU-MAIN] iter 194 (epoch 9): payload=1024MB, c_i=3.0, sleep=30000us, comm=372.5ms, bw=11.53 Gbps [phase2]
[JobA-LONGLIU-MAIN] iter 195 (epoch 9): payload=1024MB, c_i=3.0, sleep=30000us, comm=350.1ms, bw=12.27 Gbps [phase2]
[JobA-LONGLIU-MAIN] iter 196 (epoch 9): payload=1024MB, c_i=3.0, sleep=30000us, comm=392.7ms, bw=10.94 Gbps [phase2]
[JobA-LONGLIU-MAIN] iter 197 (epoch 9): payload=1024MB, c_i=3.0, sleep=30000us, comm=367.9ms, bw=11.67 Gbps [phase2]
[JobA-LONGLIU-MAIN] iter 198 (epoch 9): payload=1024MB, c_i=3.0, sleep=30000us, comm=361.8ms, bw=11.87 Gbps [phase2]
[JobA-LONGLIU-MAIN] iter 199 (epoch 9): payload=1024MB, c_i=3.0, sleep=30000us, comm=419.5ms, bw=10.24 Gbps [phase2]
[JobA-LONGLIU-MAIN] iter 200 (epoch 10): payload=1024MB, c_i=3.0, sleep=30000us, comm=392.7ms, bw=10.94 Gbps [phase2]
[JobA-LONGLIU-MAIN] iter 201 (epoch 10): payload=1024MB, c_i=3.0, sleep=30000us, comm=377.7ms, bw=11.37 Gbps [phase2]
[JobA-LONGLIU-MAIN] iter 202 (epoch 10): payload=1024MB, c_i=3.0, sleep=30000us, comm=186.0ms, bw=23.09 Gbps [phase2]
[JobA-LONGLIU-MAIN] iter 203 (epoch 10): payload=1024MB, c_i=3.0, sleep=30000us, comm=389.2ms, bw=11.03 Gbps [phase2]
[JobA-LONGLIU-MAIN] iter 204 (epoch 10): payload=1024MB, c_i=3.0, sleep=30000us, comm=376.9ms, bw=11.40 Gbps [phase2]
[JobA-LONGLIU-MAIN] iter 205 (epoch 10): payload=1024MB, c_i=3.0, sleep=30000us, comm=359.0ms, bw=11.96 Gbps [phase2]
[JobA-LONGLIU-MAIN] iter 206 (epoch 10): payload=1024MB, c_i=3.0, sleep=30000us, comm=373.0ms, bw=11.51 Gbps [phase2]
[JobA-LONGLIU-MAIN] iter 207 (epoch 10): payload=1024MB, c_i=3.0, sleep=30000us, comm=357.6ms, bw=12.01 Gbps [phase2]
[JobA-LONGLIU-MAIN] iter 208 (epoch 10): payload=1024MB, c_i=3.0, sleep=30000us, comm=380.6ms, bw=11.29 Gbps [phase2]
[JobA-LONGLIU-MAIN] iter 209 (epoch 10): payload=1024MB, c_i=3.0, sleep=30000us, comm=368.0ms, bw=11.67 Gbps [phase2]
[JobA-LONGLIU-MAIN] iter 210 (epoch 10): payload=1024MB, c_i=3.0, sleep=30000us, comm=379.1ms, bw=11.33 Gbps [phase2]
[JobA-LONGLIU-MAIN] iter 211 (epoch 10): payload=1024MB, c_i=3.0, sleep=30000us, comm=385.9ms, bw=11.13 Gbps [phase2]
[JobA-LONGLIU-MAIN] iter 212 (epoch 10): payload=1024MB, c_i=3.0, sleep=30000us, comm=379.7ms, bw=11.31 Gbps [phase2]
[JobA-LONGLIU-MAIN] iter 213 (epoch 10): payload=1024MB, c_i=3.0, sleep=30000us, comm=371.9ms, bw=11.55 Gbps [phase2]
[JobA-LONGLIU-MAIN] iter 214 (epoch 10): payload=1024MB, c_i=3.0, sleep=30000us, comm=406.7ms, bw=10.56 Gbps [phase2]
[JobA-LONGLIU-MAIN] iter 215 (epoch 10): payload=1024MB, c_i=3.0, sleep=30000us, comm=371.7ms, bw=11.56 Gbps [phase2]
[JobA-LONGLIU-MAIN] iter 216 (epoch 10): payload=1024MB, c_i=3.0, sleep=30000us, comm=384.7ms, bw=11.17 Gbps [phase2]
[JobA-LONGLIU-MAIN] iter 217 (epoch 10): payload=1024MB, c_i=3.0, sleep=30000us, comm=372.5ms, bw=11.53 Gbps [phase2]
[JobA-LONGLIU-MAIN] iter 218 (epoch 10): payload=1024MB, c_i=3.0, sleep=30000us, comm=381.1ms, bw=11.27 Gbps [phase2]
[JobA-LONGLIU-MAIN] iter 219 (epoch 10): payload=1024MB, c_i=3.0, sleep=30000us, comm=363.2ms, bw=11.83 Gbps [phase2]
[JobA-LONGLIU-MAIN] iter 220 (epoch 11): payload=1024MB, c_i=3.0, sleep=30000us, comm=354.8ms, bw=12.11 Gbps [phase2]
[JobA-LONGLIU-MAIN] iter 221 (epoch 11): payload=1024MB, c_i=3.0, sleep=30000us, comm=420.1ms, bw=10.22 Gbps [phase2]
[JobA-LONGLIU-MAIN] iter 222 (epoch 11): payload=1024MB, c_i=3.0, sleep=30000us, comm=371.2ms, bw=11.57 Gbps [phase2]
[JobA-LONGLIU-MAIN] iter 223 (epoch 11): payload=1024MB, c_i=3.0, sleep=30000us, comm=351.2ms, bw=12.23 Gbps [phase2]
[JobA-LONGLIU-MAIN] iter 224 (epoch 11): payload=1024MB, c_i=3.0, sleep=30000us, comm=389.0ms, bw=11.04 Gbps [phase2]
[JobA-LONGLIU-MAIN] iter 225 (epoch 11): payload=1024MB, c_i=3.0, sleep=30000us, comm=342.7ms, bw=12.53 Gbps [phase2]
[JobA-LONGLIU-MAIN] iter 226 (epoch 11): payload=1024MB, c_i=3.0, sleep=30000us, comm=375.3ms, bw=11.45 Gbps [phase2]
[JobA-LONGLIU-MAIN] iter 227 (epoch 11): payload=1024MB, c_i=3.0, sleep=30000us, comm=359.0ms, bw=11.96 Gbps [phase2]
[JobA-LONGLIU-MAIN] iter 228 (epoch 11): payload=1024MB, c_i=3.0, sleep=30000us, comm=364.2ms, bw=11.79 Gbps [phase2]
[JobA-LONGLIU-MAIN] iter 229 (epoch 11): payload=1024MB, c_i=3.0, sleep=30000us, comm=392.4ms, bw=10.95 Gbps [phase2]
[JobA-LONGLIU-MAIN] iter 230 (epoch 11): payload=1024MB, c_i=3.0, sleep=30000us, comm=380.7ms, bw=11.28 Gbps [phase2]
[JobA-LONGLIU-MAIN] iter 231 (epoch 11): payload=1024MB, c_i=3.0, sleep=30000us, comm=375.1ms, bw=11.45 Gbps [phase2]
[JobA-LONGLIU-MAIN] iter 232 (epoch 11): payload=1024MB, c_i=3.0, sleep=30000us, comm=377.2ms, bw=11.39 Gbps [phase2]
[JobA-LONGLIU-MAIN] iter 233 (epoch 11): payload=1024MB, c_i=3.0, sleep=30000us, comm=389.2ms, bw=11.04 Gbps [phase2]
[JobA-LONGLIU-MAIN] iter 234 (epoch 11): payload=1024MB, c_i=3.0, sleep=30000us, comm=371.2ms, bw=11.57 Gbps [phase2]
[JobA-LONGLIU-MAIN] iter 235 (epoch 11): payload=1024MB, c_i=3.0, sleep=30000us, comm=350.4ms, bw=12.26 Gbps [phase2]
[JobA-LONGLIU-MAIN] iter 236 (epoch 11): payload=1024MB, c_i=3.0, sleep=30000us, comm=379.4ms, bw=11.32 Gbps [phase2]
[JobA-LONGLIU-MAIN] iter 237 (epoch 11): payload=1024MB, c_i=3.0, sleep=30000us, comm=366.7ms, bw=11.71 Gbps [phase2]
[JobA-LONGLIU-MAIN] iter 238 (epoch 11): payload=1024MB, c_i=3.0, sleep=30000us, comm=366.6ms, bw=11.72 Gbps [phase2]
[JobA-LONGLIU-MAIN] iter 239 (epoch 11): payload=1024MB, c_i=3.0, sleep=30000us, comm=397.5ms, bw=10.81 Gbps [phase2]
[JobA-LONGLIU-MAIN] iter 240 (epoch 12): payload=1024MB, c_i=3.0, sleep=30000us, comm=370.3ms, bw=11.60 Gbps [phase2]
[JobA-LONGLIU-MAIN] iter 241 (epoch 12): payload=1024MB, c_i=3.0, sleep=30000us, comm=349.6ms, bw=12.29 Gbps [phase2]
[JobA-LONGLIU-MAIN] iter 242 (epoch 12): payload=1024MB, c_i=3.0, sleep=30000us, comm=353.4ms, bw=12.15 Gbps [phase2]
[JobA-LONGLIU-MAIN] iter 243 (epoch 12): payload=1024MB, c_i=3.0, sleep=30000us, comm=383.6ms, bw=11.20 Gbps [phase2]
[JobA-LONGLIU-MAIN] iter 244 (epoch 12): payload=1024MB, c_i=3.0, sleep=30000us, comm=336.5ms, bw=12.77 Gbps [phase2]
[JobA-LONGLIU-MAIN] iter 245 (epoch 12): payload=1024MB, c_i=3.0, sleep=30000us, comm=371.6ms, bw=11.56 Gbps [phase2]
[JobA-LONGLIU-MAIN] iter 246 (epoch 12): payload=1024MB, c_i=3.0, sleep=30000us, comm=363.2ms, bw=11.83 Gbps [phase2]
[JobA-LONGLIU-MAIN] iter 247 (epoch 12): payload=1024MB, c_i=3.0, sleep=30000us, comm=372.2ms, bw=11.54 Gbps [phase2]
[JobA-LONGLIU-MAIN] iter 248 (epoch 12): payload=1024MB, c_i=3.0, sleep=30000us, comm=368.1ms, bw=11.67 Gbps [phase2]
[JobA-LONGLIU-MAIN] iter 249 (epoch 12): payload=1024MB, c_i=3.0, sleep=30000us, comm=375.0ms, bw=11.45 Gbps [phase2]
[JobA-LONGLIU-MAIN] iter 250 (epoch 12): payload=1024MB, c_i=3.0, sleep=30000us, comm=379.9ms, bw=11.31 Gbps [phase2]
[JobA-LONGLIU-MAIN] iter 251 (epoch 12): payload=1024MB, c_i=3.0, sleep=30000us, comm=349.1ms, bw=12.30 Gbps [phase2]
[JobA-LONGLIU-MAIN] iter 252 (epoch 12): payload=1024MB, c_i=3.0, sleep=30000us, comm=376.9ms, bw=11.40 Gbps [phase2]
[JobA-LONGLIU-MAIN] iter 253 (epoch 12): payload=1024MB, c_i=3.0, sleep=30000us, comm=389.3ms, bw=11.03 Gbps [phase2]
[JobA-LONGLIU-MAIN] iter 254 (epoch 12): payload=1024MB, c_i=3.0, sleep=30000us, comm=370.7ms, bw=11.58 Gbps [phase2]
[JobA-LONGLIU-MAIN] iter 255 (epoch 12): payload=1024MB, c_i=3.0, sleep=30000us, comm=375.5ms, bw=11.44 Gbps [phase2]
[JobA-LONGLIU-MAIN] iter 256 (epoch 12): payload=1024MB, c_i=3.0, sleep=30000us, comm=380.1ms, bw=11.30 Gbps [phase2]
[JobA-LONGLIU-MAIN] iter 257 (epoch 12): payload=1024MB, c_i=3.0, sleep=30000us, comm=361.9ms, bw=11.87 Gbps [phase2]
[JobA-LONGLIU-MAIN] iter 258 (epoch 12): payload=1024MB, c_i=3.0, sleep=30000us, comm=377.6ms, bw=11.37 Gbps [phase2]
[JobA-LONGLIU-MAIN] iter 259 (epoch 12): payload=1024MB, c_i=3.0, sleep=30000us, comm=402.6ms, bw=10.67 Gbps [phase2]
[JobA-LONGLIU-MAIN] iter 260 (epoch 13): payload=1024MB, c_i=3.0, sleep=30000us, comm=355.5ms, bw=12.08 Gbps [phase2]
[JobA-LONGLIU-MAIN] iter 261 (epoch 13): payload=1024MB, c_i=3.0, sleep=30000us, comm=359.9ms, bw=11.93 Gbps [phase2]
[JobA-LONGLIU-MAIN] iter 262 (epoch 13): payload=1024MB, c_i=3.0, sleep=30000us, comm=357.7ms, bw=12.01 Gbps [phase2]
[JobA-LONGLIU-MAIN] iter 263 (epoch 13): payload=1024MB, c_i=3.0, sleep=30000us, comm=328.6ms, bw=13.07 Gbps [phase2]
[JobA-LONGLIU-MAIN] iter 264 (epoch 13): payload=1024MB, c_i=3.0, sleep=30000us, comm=344.9ms, bw=12.45 Gbps [phase2]
[JobA-LONGLIU-MAIN] iter 265 (epoch 13): payload=1024MB, c_i=3.0, sleep=30000us, comm=358.6ms, bw=11.98 Gbps [phase2]
[JobA-LONGLIU-MAIN] iter 266 (epoch 13): payload=1024MB, c_i=3.0, sleep=30000us, comm=394.9ms, bw=10.88 Gbps [phase2]
[JobA-LONGLIU-MAIN] iter 267 (epoch 13): payload=1024MB, c_i=3.0, sleep=30000us, comm=383.8ms, bw=11.19 Gbps [phase2]
[JobA-LONGLIU-MAIN] iter 268 (epoch 13): payload=1024MB, c_i=3.0, sleep=30000us, comm=354.4ms, bw=12.12 Gbps [phase2]
[JobA-LONGLIU-MAIN] iter 269 (epoch 13): payload=1024MB, c_i=3.0, sleep=30000us, comm=362.0ms, bw=11.86 Gbps [phase2]
[JobA-LONGLIU-MAIN] iter 270 (epoch 13): payload=1024MB, c_i=3.0, sleep=30000us, comm=360.7ms, bw=11.91 Gbps [phase2]
[JobA-LONGLIU-MAIN] iter 271 (epoch 13): payload=1024MB, c_i=3.0, sleep=30000us, comm=392.5ms, bw=10.94 Gbps [phase2]
[JobA-LONGLIU-MAIN] iter 272 (epoch 13): payload=1024MB, c_i=3.0, sleep=30000us, comm=394.2ms, bw=10.90 Gbps [phase2]
[JobA-LONGLIU-MAIN] iter 273 (epoch 13): payload=1024MB, c_i=3.0, sleep=30000us, comm=373.1ms, bw=11.51 Gbps [phase2]
[JobA-LONGLIU-MAIN] iter 274 (epoch 13): payload=1024MB, c_i=3.0, sleep=30000us, comm=366.3ms, bw=11.73 Gbps [phase2]
[JobA-LONGLIU-MAIN] iter 275 (epoch 13): payload=1024MB, c_i=3.0, sleep=30000us, comm=350.1ms, bw=12.27 Gbps [phase2]
[JobA-LONGLIU-MAIN] iter 276 (epoch 13): payload=1024MB, c_i=3.0, sleep=30000us, comm=393.8ms, bw=10.91 Gbps [phase2]
[JobA-LONGLIU-MAIN] iter 277 (epoch 13): payload=1024MB, c_i=3.0, sleep=30000us, comm=351.2ms, bw=12.23 Gbps [phase2]
[JobA-LONGLIU-MAIN] iter 278 (epoch 13): payload=1024MB, c_i=3.0, sleep=30000us, comm=367.4ms, bw=11.69 Gbps [phase2]
[JobA-LONGLIU-MAIN] iter 279 (epoch 13): payload=1024MB, c_i=3.0, sleep=30000us, comm=365.7ms, bw=11.75 Gbps [phase2]
[JobA-LONGLIU-MAIN] iter 280 (epoch 14): payload=1024MB, c_i=3.0, sleep=30000us, comm=375.7ms, bw=11.43 Gbps [phase2]
[JobA-LONGLIU-MAIN] iter 281 (epoch 14): payload=1024MB, c_i=3.0, sleep=30000us, comm=372.5ms, bw=11.53 Gbps [phase2]
[JobA-LONGLIU-MAIN] iter 282 (epoch 14): payload=1024MB, c_i=3.0, sleep=30000us, comm=371.4ms, bw=11.56 Gbps [phase2]
[JobA-LONGLIU-MAIN] iter 283 (epoch 14): payload=1024MB, c_i=3.0, sleep=30000us, comm=401.3ms, bw=10.70 Gbps [phase2]
[JobA-LONGLIU-MAIN] iter 284 (epoch 14): payload=1024MB, c_i=3.0, sleep=30000us, comm=352.2ms, bw=12.19 Gbps [phase2]
[JobA-LONGLIU-MAIN] iter 285 (epoch 14): payload=1024MB, c_i=3.0, sleep=30000us, comm=392.4ms, bw=10.94 Gbps [phase2]
[JobA-LONGLIU-MAIN] iter 286 (epoch 14): payload=1024MB, c_i=3.0, sleep=30000us, comm=385.1ms, bw=11.15 Gbps [phase2]
[JobA-LONGLIU-MAIN] iter 287 (epoch 14): payload=1024MB, c_i=3.0, sleep=30000us, comm=376.1ms, bw=11.42 Gbps [phase2]
[JobA-LONGLIU-MAIN] iter 288 (epoch 14): payload=1024MB, c_i=3.0, sleep=30000us, comm=375.9ms, bw=11.43 Gbps [phase2]
[JobA-LONGLIU-MAIN] iter 289 (epoch 14): payload=1024MB, c_i=3.0, sleep=30000us, comm=385.7ms, bw=11.13 Gbps [phase2]
[JobA-LONGLIU-MAIN] iter 290 (epoch 14): payload=1024MB, c_i=3.0, sleep=30000us, comm=344.7ms, bw=12.46 Gbps [phase2]
[JobA-LONGLIU-MAIN] iter 291 (epoch 14): payload=1024MB, c_i=3.0, sleep=30000us, comm=382.6ms, bw=11.23 Gbps [phase2]
[JobA-LONGLIU-MAIN] iter 292 (epoch 14): payload=1024MB, c_i=3.0, sleep=30000us, comm=370.8ms, bw=11.58 Gbps [phase2]
[JobA-LONGLIU-MAIN] iter 293 (epoch 14): payload=1024MB, c_i=3.0, sleep=30000us, comm=337.7ms, bw=12.72 Gbps [phase2]
[JobA-LONGLIU-MAIN] iter 294 (epoch 14): payload=1024MB, c_i=3.0, sleep=30000us, comm=381.7ms, bw=11.25 Gbps [phase2]
[JobA-LONGLIU-MAIN] iter 295 (epoch 14): payload=1024MB, c_i=3.0, sleep=30000us, comm=368.6ms, bw=11.65 Gbps [phase2]
[JobA-LONGLIU-MAIN] iter 296 (epoch 14): payload=1024MB, c_i=3.0, sleep=30000us, comm=341.0ms, bw=12.60 Gbps [phase2]
[JobA-LONGLIU-MAIN] iter 297 (epoch 14): payload=1024MB, c_i=3.0, sleep=30000us, comm=375.7ms, bw=11.43 Gbps [phase2]
[JobA-LONGLIU-MAIN] iter 298 (epoch 14): payload=1024MB, c_i=3.0, sleep=30000us, comm=354.0ms, bw=12.13 Gbps [phase2]
[JobA-LONGLIU-MAIN] iter 299 (epoch 14): payload=1024MB, c_i=3.0, sleep=30000us, comm=368.5ms, bw=11.65 Gbps [phase2]
[JobA-LONGLIU-MAIN] Per-iter results saved to p4_jobA_reverse_longliu_rank0_iter.csv
[JobA-LONGLIU-MAIN] Per-epoch stats saved to p4_jobA_reverse_longliu_rank0_epoch.csv
[JobA-LONGLIU-MAIN] Phase 1 (epochs 0-6): c_i=1.2, avg_comm=251.2ms, avg_bw=18.46 Gbps, avg_prio=2.9
[JobA-LONGLIU-MAIN] Phase 2 (epochs 7-14): c_i=3.0, avg_comm=362.9ms, avg_bw=11.96 Gbps, avg_prio=1.0
[JobA-LONGLIU-MAIN] Total wall time: 93.8s
[MultiComm] Rank 0: destroyed
