[JobA-LONGLIU-MAIN] Loaded T_target=4201.09ms from /tmp/ttarget_v5_jobA.json (preset_target=True)
[MultiComm] Loading library from /home/why/LongLiu_rebuild/multi_comm_slo/build/libmulti_comm.so
[MultiComm] Rank 0: initializing 7 priorities across 1 devices
[MultiComm] Rank 0: waiting for TCP connections on port 29520...
[MultiComm] Rank 0: sent 7 IDs to rank 1
[MultiComm] Rank 0: created communicator for priority P0 (DSCP=0)
[MultiComm] Rank 0: created communicator for priority P1 (DSCP=8)
[MultiComm] Rank 0: created communicator for priority P2 (DSCP=16)
[MultiComm] Rank 0: created communicator for priority P3 (DSCP=24)
[MultiComm] Rank 0: created communicator for priority P4 (DSCP=32)
[MultiComm] Rank 0: created communicator for priority P5 (DSCP=40)
[MultiComm] Rank 0: created communicator for priority P6 (DSCP=48)
[MultiComm] Rank 0: initialization complete, starting at P6 (DSCP=48)
[MultiComm] Initialized: rank=0, world_size=2, master=192.10.10.110:29520, priority=P3
[JobA-LONGLIU-MAIN] scheduler=v1(pi), queue=SP, payload=1024MB (fixed), reverse_epoch=7 (c_i swap), num_iters=300
[JobA-LONGLIU-MAIN] Phase 1 (epoch 0-6): c_i=1.2
[JobA-LONGLIU-MAIN] Phase 2 (epoch 7-14): c_i=3.0
[JobA-LONGLIU-MAIN] GPU 0: Quadro RTX 4000, free=7.5 GB
[JobA-LONGLIU-MAIN] Warmup done.
[MultiComm] Rank 0: switching priority P6 -> P3 (DSCP 48 -> 24)
[JobA-LONGLIU-MAIN] iter   0 (epoch 0): payload=1024MB, c_i=1.2, sleep=30000us, comm=321.7ms, bw=13.35 Gbps [phase1]
[JobA-LONGLIU-MAIN] iter   1 (epoch 0): payload=1024MB, c_i=1.2, sleep=30000us, comm=194.9ms, bw=22.03 Gbps [phase1]
[JobA-LONGLIU-MAIN] iter   2 (epoch 0): payload=1024MB, c_i=1.2, sleep=30000us, comm=180.6ms, bw=23.78 Gbps [phase1]
[JobA-LONGLIU-MAIN] iter   3 (epoch 0): payload=1024MB, c_i=1.2, sleep=30000us, comm=182.1ms, bw=23.58 Gbps [phase1]
[JobA-LONGLIU-MAIN] iter   4 (epoch 0): payload=1024MB, c_i=1.2, sleep=30000us, comm=183.6ms, bw=23.39 Gbps [phase1]
[JobA-LONGLIU-MAIN] iter   5 (epoch 0): payload=1024MB, c_i=1.2, sleep=30000us, comm=182.3ms, bw=23.55 Gbps [phase1]
[JobA-LONGLIU-MAIN] iter   6 (epoch 0): payload=1024MB, c_i=1.2, sleep=30000us, comm=174.5ms, bw=24.61 Gbps [phase1]
[JobA-LONGLIU-MAIN] iter   7 (epoch 0): payload=1024MB, c_i=1.2, sleep=30000us, comm=185.2ms, bw=23.19 Gbps [phase1]
[JobA-LONGLIU-MAIN] iter   8 (epoch 0): payload=1024MB, c_i=1.2, sleep=30000us, comm=192.6ms, bw=22.30 Gbps [phase1]
[JobA-LONGLIU-MAIN] iter   9 (epoch 0): payload=1024MB, c_i=1.2, sleep=30000us, comm=178.2ms, bw=24.10 Gbps [phase1]
[JobA-LONGLIU-MAIN] iter  10 (epoch 0): payload=1024MB, c_i=1.2, sleep=30000us, comm=186.4ms, bw=23.04 Gbps [phase1]
[JobA-LONGLIU-MAIN] iter  11 (epoch 0): payload=1024MB, c_i=1.2, sleep=30000us, comm=175.1ms, bw=24.53 Gbps [phase1]
[JobA-LONGLIU-MAIN] iter  12 (epoch 0): payload=1024MB, c_i=1.2, sleep=30000us, comm=187.9ms, bw=22.86 Gbps [phase1]
[JobA-LONGLIU-MAIN] iter  13 (epoch 0): payload=1024MB, c_i=1.2, sleep=30000us, comm=187.2ms, bw=22.94 Gbps [phase1]
[JobA-LONGLIU-MAIN] iter  14 (epoch 0): payload=1024MB, c_i=1.2, sleep=30000us, comm=176.4ms, bw=24.34 Gbps [phase1]
[JobA-LONGLIU-MAIN] iter  15 (epoch 0): payload=1024MB, c_i=1.2, sleep=30000us, comm=181.2ms, bw=23.71 Gbps [phase1]
[JobA-LONGLIU-MAIN] iter  16 (epoch 0): payload=1024MB, c_i=1.2, sleep=30000us, comm=165.6ms, bw=25.94 Gbps [phase1]
[JobA-LONGLIU-MAIN] iter  17 (epoch 0): payload=1024MB, c_i=1.2, sleep=30000us, comm=179.9ms, bw=23.88 Gbps [phase1]
[JobA-LONGLIU-MAIN] iter  18 (epoch 0): payload=1024MB, c_i=1.2, sleep=30000us, comm=179.9ms, bw=23.87 Gbps [phase1]
[JobA-LONGLIU-MAIN] iter  19 (epoch 0): payload=1024MB, c_i=1.2, sleep=30000us, comm=184.1ms, bw=23.33 Gbps [phase1]
[SLO] T_target PRESET (calibrated): 4201.1ms (c_i=1.2, SLO target=5041.3ms) — EMA updates SKIPPED
[SLO] Epoch 1: π=-0.249 (A=3.78s, expected=5.04s, T_target=4201.1ms, k=1), Priority P3 -> P2 (DSCP 24 -> 16)
[MultiComm] Rank 0: switching priority P3 -> P2 (DSCP 24 -> 16)
[JobA-LONGLIU-MAIN] iter  20 (epoch 1): payload=1024MB, c_i=1.2, sleep=30000us, comm=349.1ms, bw=12.30 Gbps [phase1]
[JobA-LONGLIU-MAIN] iter  21 (epoch 1): payload=1024MB, c_i=1.2, sleep=30000us, comm=201.8ms, bw=21.28 Gbps [phase1]
[JobA-LONGLIU-MAIN] iter  22 (epoch 1): payload=1024MB, c_i=1.2, sleep=30000us, comm=183.1ms, bw=23.46 Gbps [phase1]
[JobA-LONGLIU-MAIN] iter  23 (epoch 1): payload=1024MB, c_i=1.2, sleep=30000us, comm=176.6ms, bw=24.32 Gbps [phase1]
[JobA-LONGLIU-MAIN] iter  24 (epoch 1): payload=1024MB, c_i=1.2, sleep=30000us, comm=187.5ms, bw=22.90 Gbps [phase1]
[JobA-LONGLIU-MAIN] iter  25 (epoch 1): payload=1024MB, c_i=1.2, sleep=30000us, comm=183.5ms, bw=23.40 Gbps [phase1]
[JobA-LONGLIU-MAIN] iter  26 (epoch 1): payload=1024MB, c_i=1.2, sleep=30000us, comm=183.3ms, bw=23.44 Gbps [phase1]
[JobA-LONGLIU-MAIN] iter  27 (epoch 1): payload=1024MB, c_i=1.2, sleep=30000us, comm=166.9ms, bw=25.73 Gbps [phase1]
[JobA-LONGLIU-MAIN] iter  28 (epoch 1): payload=1024MB, c_i=1.2, sleep=30000us, comm=183.0ms, bw=23.47 Gbps [phase1]
[JobA-LONGLIU-MAIN] iter  29 (epoch 1): payload=1024MB, c_i=1.2, sleep=30000us, comm=183.7ms, bw=23.38 Gbps [phase1]
[JobA-LONGLIU-MAIN] iter  30 (epoch 1): payload=1024MB, c_i=1.2, sleep=30000us, comm=177.2ms, bw=24.24 Gbps [phase1]
[JobA-LONGLIU-MAIN] iter  31 (epoch 1): payload=1024MB, c_i=1.2, sleep=30000us, comm=181.4ms, bw=23.67 Gbps [phase1]
[JobA-LONGLIU-MAIN] iter  32 (epoch 1): payload=1024MB, c_i=1.2, sleep=30000us, comm=188.8ms, bw=22.75 Gbps [phase1]
[JobA-LONGLIU-MAIN] iter  33 (epoch 1): payload=1024MB, c_i=1.2, sleep=30000us, comm=170.6ms, bw=25.17 Gbps [phase1]
[JobA-LONGLIU-MAIN] iter  34 (epoch 1): payload=1024MB, c_i=1.2, sleep=30000us, comm=181.8ms, bw=23.62 Gbps [phase1]
[JobA-LONGLIU-MAIN] iter  35 (epoch 1): payload=1024MB, c_i=1.2, sleep=30000us, comm=159.7ms, bw=26.90 Gbps [phase1]
[JobA-LONGLIU-MAIN] iter  36 (epoch 1): payload=1024MB, c_i=1.2, sleep=30000us, comm=185.0ms, bw=23.21 Gbps [phase1]
[JobA-LONGLIU-MAIN] iter  37 (epoch 1): payload=1024MB, c_i=1.2, sleep=30000us, comm=184.9ms, bw=23.23 Gbps [phase1]
[JobA-LONGLIU-MAIN] iter  38 (epoch 1): payload=1024MB, c_i=1.2, sleep=30000us, comm=179.7ms, bw=23.90 Gbps [phase1]
[JobA-LONGLIU-MAIN] iter  39 (epoch 1): payload=1024MB, c_i=1.2, sleep=30000us, comm=169.9ms, bw=25.28 Gbps [phase1]
[JobA-LONGLIU-MAIN] iter  40 (epoch 2): payload=1024MB, c_i=1.2, sleep=30000us, comm=187.0ms, bw=22.97 Gbps [phase1]
[JobA-LONGLIU-MAIN] iter  41 (epoch 2): payload=1024MB, c_i=1.2, sleep=30000us, comm=178.4ms, bw=24.08 Gbps [phase1]
[JobA-LONGLIU-MAIN] iter  42 (epoch 2): payload=1024MB, c_i=1.2, sleep=30000us, comm=161.0ms, bw=26.68 Gbps [phase1]
[JobA-LONGLIU-MAIN] iter  43 (epoch 2): payload=1024MB, c_i=1.2, sleep=30000us, comm=180.9ms, bw=23.74 Gbps [phase1]
[JobA-LONGLIU-MAIN] iter  44 (epoch 2): payload=1024MB, c_i=1.2, sleep=30000us, comm=187.4ms, bw=22.91 Gbps [phase1]
[JobA-LONGLIU-MAIN] iter  45 (epoch 2): payload=1024MB, c_i=1.2, sleep=30000us, comm=181.1ms, bw=23.72 Gbps [phase1]
[JobA-LONGLIU-MAIN] iter  46 (epoch 2): payload=1024MB, c_i=1.2, sleep=30000us, comm=176.7ms, bw=24.31 Gbps [phase1]
[JobA-LONGLIU-MAIN] iter  47 (epoch 2): payload=1024MB, c_i=1.2, sleep=30000us, comm=179.6ms, bw=23.91 Gbps [phase1]
[JobA-LONGLIU-MAIN] iter  48 (epoch 2): payload=1024MB, c_i=1.2, sleep=30000us, comm=175.4ms, bw=24.49 Gbps [phase1]
[JobA-LONGLIU-MAIN] iter  49 (epoch 2): payload=1024MB, c_i=1.2, sleep=30000us, comm=176.4ms, bw=24.35 Gbps [phase1]
[JobA-LONGLIU-MAIN] iter  50 (epoch 2): payload=1024MB, c_i=1.2, sleep=30000us, comm=160.0ms, bw=26.84 Gbps [phase1]
[JobA-LONGLIU-MAIN] iter  51 (epoch 2): payload=1024MB, c_i=1.2, sleep=30000us, comm=165.2ms, bw=26.00 Gbps [phase1]
[JobA-LONGLIU-MAIN] iter  52 (epoch 2): payload=1024MB, c_i=1.2, sleep=30000us, comm=164.2ms, bw=26.16 Gbps [phase1]
[JobA-LONGLIU-MAIN] iter  53 (epoch 2): payload=1024MB, c_i=1.2, sleep=30000us, comm=167.1ms, bw=25.71 Gbps [phase1]
[JobA-LONGLIU-MAIN] iter  54 (epoch 2): payload=1024MB, c_i=1.2, sleep=30000us, comm=176.2ms, bw=24.37 Gbps [phase1]
[JobA-LONGLIU-MAIN] iter  55 (epoch 2): payload=1024MB, c_i=1.2, sleep=30000us, comm=177.4ms, bw=24.22 Gbps [phase1]
[JobA-LONGLIU-MAIN] iter  56 (epoch 2): payload=1024MB, c_i=1.2, sleep=30000us, comm=180.2ms, bw=23.83 Gbps [phase1]
[JobA-LONGLIU-MAIN] iter  57 (epoch 2): payload=1024MB, c_i=1.2, sleep=30000us, comm=170.8ms, bw=25.14 Gbps [phase1]
[JobA-LONGLIU-MAIN] iter  58 (epoch 2): payload=1024MB, c_i=1.2, sleep=30000us, comm=190.6ms, bw=22.53 Gbps [phase1]
[JobA-LONGLIU-MAIN] iter  59 (epoch 2): payload=1024MB, c_i=1.2, sleep=30000us, comm=297.0ms, bw=14.46 Gbps [phase1]
[JobA-LONGLIU-MAIN] iter  60 (epoch 3): payload=1024MB, c_i=1.2, sleep=30000us, comm=301.7ms, bw=14.24 Gbps [phase1]
[JobA-LONGLIU-MAIN] iter  61 (epoch 3): payload=1024MB, c_i=1.2, sleep=30000us, comm=310.7ms, bw=13.82 Gbps [phase1]
[JobA-LONGLIU-MAIN] iter  62 (epoch 3): payload=1024MB, c_i=1.2, sleep=30000us, comm=310.0ms, bw=13.85 Gbps [phase1]
[JobA-LONGLIU-MAIN] iter  63 (epoch 3): payload=1024MB, c_i=1.2, sleep=30000us, comm=301.1ms, bw=14.26 Gbps [phase1]
[JobA-LONGLIU-MAIN] iter  64 (epoch 3): payload=1024MB, c_i=1.2, sleep=30000us, comm=301.3ms, bw=14.25 Gbps [phase1]
[JobA-LONGLIU-MAIN] iter  65 (epoch 3): payload=1024MB, c_i=1.2, sleep=30000us, comm=289.6ms, bw=14.83 Gbps [phase1]
[JobA-LONGLIU-MAIN] iter  66 (epoch 3): payload=1024MB, c_i=1.2, sleep=30000us, comm=314.1ms, bw=13.67 Gbps [phase1]
[JobA-LONGLIU-MAIN] iter  67 (epoch 3): payload=1024MB, c_i=1.2, sleep=30000us, comm=305.3ms, bw=14.07 Gbps [phase1]
[JobA-LONGLIU-MAIN] iter  68 (epoch 3): payload=1024MB, c_i=1.2, sleep=30000us, comm=316.9ms, bw=13.55 Gbps [phase1]
[JobA-LONGLIU-MAIN] iter  69 (epoch 3): payload=1024MB, c_i=1.2, sleep=30000us, comm=293.6ms, bw=14.63 Gbps [phase1]
[JobA-LONGLIU-MAIN] iter  70 (epoch 3): payload=1024MB, c_i=1.2, sleep=30000us, comm=297.7ms, bw=14.43 Gbps [phase1]
[JobA-LONGLIU-MAIN] iter  71 (epoch 3): payload=1024MB, c_i=1.2, sleep=30000us, comm=294.9ms, bw=14.57 Gbps [phase1]
[JobA-LONGLIU-MAIN] iter  72 (epoch 3): payload=1024MB, c_i=1.2, sleep=30000us, comm=302.3ms, bw=14.21 Gbps [phase1]
[JobA-LONGLIU-MAIN] iter  73 (epoch 3): payload=1024MB, c_i=1.2, sleep=30000us, comm=310.8ms, bw=13.82 Gbps [phase1]
[JobA-LONGLIU-MAIN] iter  74 (epoch 3): payload=1024MB, c_i=1.2, sleep=30000us, comm=301.7ms, bw=14.24 Gbps [phase1]
[JobA-LONGLIU-MAIN] iter  75 (epoch 3): payload=1024MB, c_i=1.2, sleep=30000us, comm=301.5ms, bw=14.24 Gbps [phase1]
[JobA-LONGLIU-MAIN] iter  76 (epoch 3): payload=1024MB, c_i=1.2, sleep=30000us, comm=296.9ms, bw=14.47 Gbps [phase1]
[JobA-LONGLIU-MAIN] iter  77 (epoch 3): payload=1024MB, c_i=1.2, sleep=30000us, comm=285.1ms, bw=15.07 Gbps [phase1]
[JobA-LONGLIU-MAIN] iter  78 (epoch 3): payload=1024MB, c_i=1.2, sleep=30000us, comm=296.4ms, bw=14.49 Gbps [phase1]
[JobA-LONGLIU-MAIN] iter  79 (epoch 3): payload=1024MB, c_i=1.2, sleep=30000us, comm=210.6ms, bw=20.40 Gbps [phase1]
[JobA-LONGLIU-MAIN] iter  80 (epoch 4): payload=1024MB, c_i=1.2, sleep=30000us, comm=288.2ms, bw=14.91 Gbps [phase1]
[JobA-LONGLIU-MAIN] iter  81 (epoch 4): payload=1024MB, c_i=1.2, sleep=30000us, comm=301.9ms, bw=14.23 Gbps [phase1]
[JobA-LONGLIU-MAIN] iter  82 (epoch 4): payload=1024MB, c_i=1.2, sleep=30000us, comm=306.8ms, bw=14.00 Gbps [phase1]
[JobA-LONGLIU-MAIN] iter  83 (epoch 4): payload=1024MB, c_i=1.2, sleep=30000us, comm=306.0ms, bw=14.04 Gbps [phase1]
[JobA-LONGLIU-MAIN] iter  84 (epoch 4): payload=1024MB, c_i=1.2, sleep=30000us, comm=294.6ms, bw=14.58 Gbps [phase1]
[JobA-LONGLIU-MAIN] iter  85 (epoch 4): payload=1024MB, c_i=1.2, sleep=30000us, comm=305.8ms, bw=14.04 Gbps [phase1]
[JobA-LONGLIU-MAIN] iter  86 (epoch 4): payload=1024MB, c_i=1.2, sleep=30000us, comm=294.9ms, bw=14.56 Gbps [phase1]
[JobA-LONGLIU-MAIN] iter  87 (epoch 4): payload=1024MB, c_i=1.2, sleep=30000us, comm=306.6ms, bw=14.01 Gbps [phase1]
[JobA-LONGLIU-MAIN] iter  88 (epoch 4): payload=1024MB, c_i=1.2, sleep=30000us, comm=294.8ms, bw=14.57 Gbps [phase1]
[JobA-LONGLIU-MAIN] iter  89 (epoch 4): payload=1024MB, c_i=1.2, sleep=30000us, comm=296.8ms, bw=14.47 Gbps [phase1]
[JobA-LONGLIU-MAIN] iter  90 (epoch 4): payload=1024MB, c_i=1.2, sleep=30000us, comm=301.1ms, bw=14.26 Gbps [phase1]
[JobA-LONGLIU-MAIN] iter  91 (epoch 4): payload=1024MB, c_i=1.2, sleep=30000us, comm=302.0ms, bw=14.22 Gbps [phase1]
[JobA-LONGLIU-MAIN] iter  92 (epoch 4): payload=1024MB, c_i=1.2, sleep=30000us, comm=284.0ms, bw=15.12 Gbps [phase1]
[JobA-LONGLIU-MAIN] iter  93 (epoch 4): payload=1024MB, c_i=1.2, sleep=30000us, comm=296.7ms, bw=14.47 Gbps [phase1]
[JobA-LONGLIU-MAIN] iter  94 (epoch 4): payload=1024MB, c_i=1.2, sleep=30000us, comm=301.0ms, bw=14.27 Gbps [phase1]
[JobA-LONGLIU-MAIN] iter  95 (epoch 4): payload=1024MB, c_i=1.2, sleep=30000us, comm=305.6ms, bw=14.05 Gbps [phase1]
[JobA-LONGLIU-MAIN] iter  96 (epoch 4): payload=1024MB, c_i=1.2, sleep=30000us, comm=308.8ms, bw=13.91 Gbps [phase1]
[JobA-LONGLIU-MAIN] iter  97 (epoch 4): payload=1024MB, c_i=1.2, sleep=30000us, comm=314.9ms, bw=13.64 Gbps [phase1]
[JobA-LONGLIU-MAIN] iter  98 (epoch 4): payload=1024MB, c_i=1.2, sleep=30000us, comm=297.7ms, bw=14.43 Gbps [phase1]
[JobA-LONGLIU-MAIN] iter  99 (epoch 4): payload=1024MB, c_i=1.2, sleep=30000us, comm=315.2ms, bw=13.63 Gbps [phase1]
[SLO] Epoch 5: π=-0.077 (A=23.25s, expected=25.21s, T_target=4201.1ms, k=5), Priority P2 -> P4 (DSCP 16 -> 32)
[MultiComm] Rank 0: switching priority P2 -> P4 (DSCP 16 -> 32)
[JobA-LONGLIU-MAIN] iter 100 (epoch 5): payload=1024MB, c_i=1.2, sleep=30000us, comm=488.2ms, bw=8.80 Gbps [phase1]
[JobA-LONGLIU-MAIN] iter 101 (epoch 5): payload=1024MB, c_i=1.2, sleep=30000us, comm=357.7ms, bw=12.01 Gbps [phase1]
[JobA-LONGLIU-MAIN] iter 102 (epoch 5): payload=1024MB, c_i=1.2, sleep=30000us, comm=358.6ms, bw=11.98 Gbps [phase1]
[JobA-LONGLIU-MAIN] iter 103 (epoch 5): payload=1024MB, c_i=1.2, sleep=30000us, comm=371.7ms, bw=11.56 Gbps [phase1]
[JobA-LONGLIU-MAIN] iter 104 (epoch 5): payload=1024MB, c_i=1.2, sleep=30000us, comm=346.3ms, bw=12.40 Gbps [phase1]
[JobA-LONGLIU-MAIN] iter 105 (epoch 5): payload=1024MB, c_i=1.2, sleep=30000us, comm=357.6ms, bw=12.01 Gbps [phase1]
[JobA-LONGLIU-MAIN] iter 106 (epoch 5): payload=1024MB, c_i=1.2, sleep=30000us, comm=361.6ms, bw=11.88 Gbps [phase1]
[JobA-LONGLIU-MAIN] iter 107 (epoch 5): payload=1024MB, c_i=1.2, sleep=30000us, comm=389.8ms, bw=11.02 Gbps [phase1]
[JobA-LONGLIU-MAIN] iter 108 (epoch 5): payload=1024MB, c_i=1.2, sleep=30000us, comm=384.1ms, bw=11.18 Gbps [phase1]
[JobA-LONGLIU-MAIN] iter 109 (epoch 5): payload=1024MB, c_i=1.2, sleep=30000us, comm=393.5ms, bw=10.92 Gbps [phase1]
[JobA-LONGLIU-MAIN] iter 110 (epoch 5): payload=1024MB, c_i=1.2, sleep=30000us, comm=367.3ms, bw=11.69 Gbps [phase1]
[JobA-LONGLIU-MAIN] iter 111 (epoch 5): payload=1024MB, c_i=1.2, sleep=30000us, comm=381.3ms, bw=11.26 Gbps [phase1]
[JobA-LONGLIU-MAIN] iter 112 (epoch 5): payload=1024MB, c_i=1.2, sleep=30000us, comm=362.5ms, bw=11.85 Gbps [phase1]
[JobA-LONGLIU-MAIN] iter 113 (epoch 5): payload=1024MB, c_i=1.2, sleep=30000us, comm=218.7ms, bw=19.64 Gbps [phase1]
[JobA-LONGLIU-MAIN] iter 114 (epoch 5): payload=1024MB, c_i=1.2, sleep=30000us, comm=381.2ms, bw=11.27 Gbps [phase1]
[JobA-LONGLIU-MAIN] iter 115 (epoch 5): payload=1024MB, c_i=1.2, sleep=30000us, comm=401.9ms, bw=10.69 Gbps [phase1]
[JobA-LONGLIU-MAIN] iter 116 (epoch 5): payload=1024MB, c_i=1.2, sleep=30000us, comm=376.5ms, bw=11.41 Gbps [phase1]
[JobA-LONGLIU-MAIN] iter 117 (epoch 5): payload=1024MB, c_i=1.2, sleep=30000us, comm=381.2ms, bw=11.27 Gbps [phase1]
[JobA-LONGLIU-MAIN] iter 118 (epoch 5): payload=1024MB, c_i=1.2, sleep=30000us, comm=341.2ms, bw=12.59 Gbps [phase1]
[JobA-LONGLIU-MAIN] iter 119 (epoch 5): payload=1024MB, c_i=1.2, sleep=30000us, comm=367.2ms, bw=11.70 Gbps [phase1]
[JobA-LONGLIU-MAIN] iter 120 (epoch 6): payload=1024MB, c_i=1.2, sleep=30000us, comm=359.7ms, bw=11.94 Gbps [phase1]
[JobA-LONGLIU-MAIN] iter 121 (epoch 6): payload=1024MB, c_i=1.2, sleep=30000us, comm=353.2ms, bw=12.16 Gbps [phase1]
[JobA-LONGLIU-MAIN] iter 122 (epoch 6): payload=1024MB, c_i=1.2, sleep=30000us, comm=387.5ms, bw=11.08 Gbps [phase1]
[JobA-LONGLIU-MAIN] iter 123 (epoch 6): payload=1024MB, c_i=1.2, sleep=30000us, comm=393.3ms, bw=10.92 Gbps [phase1]
[JobA-LONGLIU-MAIN] iter 124 (epoch 6): payload=1024MB, c_i=1.2, sleep=30000us, comm=379.4ms, bw=11.32 Gbps [phase1]
[JobA-LONGLIU-MAIN] iter 125 (epoch 6): payload=1024MB, c_i=1.2, sleep=30000us, comm=364.9ms, bw=11.77 Gbps [phase1]
[JobA-LONGLIU-MAIN] iter 126 (epoch 6): payload=1024MB, c_i=1.2, sleep=30000us, comm=363.9ms, bw=11.80 Gbps [phase1]
[JobA-LONGLIU-MAIN] iter 127 (epoch 6): payload=1024MB, c_i=1.2, sleep=30000us, comm=375.4ms, bw=11.44 Gbps [phase1]
[JobA-LONGLIU-MAIN] iter 128 (epoch 6): payload=1024MB, c_i=1.2, sleep=30000us, comm=346.7ms, bw=12.39 Gbps [phase1]
[JobA-LONGLIU-MAIN] iter 129 (epoch 6): payload=1024MB, c_i=1.2, sleep=30000us, comm=357.3ms, bw=12.02 Gbps [phase1]
[JobA-LONGLIU-MAIN] iter 130 (epoch 6): payload=1024MB, c_i=1.2, sleep=30000us, comm=375.3ms, bw=11.44 Gbps [phase1]
[JobA-LONGLIU-MAIN] iter 131 (epoch 6): payload=1024MB, c_i=1.2, sleep=30000us, comm=341.0ms, bw=12.59 Gbps [phase1]
[JobA-LONGLIU-MAIN] iter 132 (epoch 6): payload=1024MB, c_i=1.2, sleep=30000us, comm=372.1ms, bw=11.54 Gbps [phase1]
[JobA-LONGLIU-MAIN] iter 133 (epoch 6): payload=1024MB, c_i=1.2, sleep=30000us, comm=380.5ms, bw=11.29 Gbps [phase1]
[JobA-LONGLIU-MAIN] iter 134 (epoch 6): payload=1024MB, c_i=1.2, sleep=30000us, comm=366.6ms, bw=11.71 Gbps [phase1]
[JobA-LONGLIU-MAIN] iter 135 (epoch 6): payload=1024MB, c_i=1.2, sleep=30000us, comm=366.4ms, bw=11.72 Gbps [phase1]
[JobA-LONGLIU-MAIN] iter 136 (epoch 6): payload=1024MB, c_i=1.2, sleep=30000us, comm=385.0ms, bw=11.16 Gbps [phase1]
[JobA-LONGLIU-MAIN] iter 137 (epoch 6): payload=1024MB, c_i=1.2, sleep=30000us, comm=391.9ms, bw=10.96 Gbps [phase1]
[JobA-LONGLIU-MAIN] iter 138 (epoch 6): payload=1024MB, c_i=1.2, sleep=30000us, comm=381.5ms, bw=11.26 Gbps [phase1]
[JobA-LONGLIU-MAIN] iter 139 (epoch 6): payload=1024MB, c_i=1.2, sleep=30000us, comm=370.8ms, bw=11.58 Gbps [phase1]
[SLO] c_i updated: 1.20 → 3.00
[JobA-LONGLIU-MAIN] *** c_i SWAP at epoch 7: now c_i=3.0 ***
[JobA-LONGLIU-MAIN] iter 140 (epoch 7): payload=1024MB, c_i=3.0, sleep=30000us, comm=357.5ms, bw=12.01 Gbps [phase2]
[JobA-LONGLIU-MAIN] iter 141 (epoch 7): payload=1024MB, c_i=3.0, sleep=30000us, comm=358.1ms, bw=11.99 Gbps [phase2]
[JobA-LONGLIU-MAIN] iter 142 (epoch 7): payload=1024MB, c_i=3.0, sleep=30000us, comm=350.4ms, bw=12.26 Gbps [phase2]
[JobA-LONGLIU-MAIN] iter 143 (epoch 7): payload=1024MB, c_i=3.0, sleep=30000us, comm=380.1ms, bw=11.30 Gbps [phase2]
[JobA-LONGLIU-MAIN] iter 144 (epoch 7): payload=1024MB, c_i=3.0, sleep=30000us, comm=324.9ms, bw=13.22 Gbps [phase2]
[JobA-LONGLIU-MAIN] iter 145 (epoch 7): payload=1024MB, c_i=3.0, sleep=30000us, comm=358.7ms, bw=11.97 Gbps [phase2]
[JobA-LONGLIU-MAIN] iter 146 (epoch 7): payload=1024MB, c_i=3.0, sleep=30000us, comm=384.0ms, bw=11.18 Gbps [phase2]
[JobA-LONGLIU-MAIN] iter 147 (epoch 7): payload=1024MB, c_i=3.0, sleep=30000us, comm=394.8ms, bw=10.88 Gbps [phase2]
[JobA-LONGLIU-MAIN] iter 148 (epoch 7): payload=1024MB, c_i=3.0, sleep=30000us, comm=392.2ms, bw=10.95 Gbps [phase2]
[JobA-LONGLIU-MAIN] iter 149 (epoch 7): payload=1024MB, c_i=3.0, sleep=30000us, comm=359.7ms, bw=11.94 Gbps [phase2]
[JobA-LONGLIU-MAIN] iter 150 (epoch 7): payload=1024MB, c_i=3.0, sleep=30000us, comm=385.4ms, bw=11.14 Gbps [phase2]
[JobA-LONGLIU-MAIN] iter 151 (epoch 7): payload=1024MB, c_i=3.0, sleep=30000us, comm=356.7ms, bw=12.04 Gbps [phase2]
[JobA-LONGLIU-MAIN] iter 152 (epoch 7): payload=1024MB, c_i=3.0, sleep=30000us, comm=392.4ms, bw=10.95 Gbps [phase2]
[JobA-LONGLIU-MAIN] iter 153 (epoch 7): payload=1024MB, c_i=3.0, sleep=30000us, comm=357.7ms, bw=12.01 Gbps [phase2]
[JobA-LONGLIU-MAIN] iter 154 (epoch 7): payload=1024MB, c_i=3.0, sleep=30000us, comm=375.7ms, bw=11.43 Gbps [phase2]
[JobA-LONGLIU-MAIN] iter 155 (epoch 7): payload=1024MB, c_i=3.0, sleep=30000us, comm=332.4ms, bw=12.92 Gbps [phase2]
[JobA-LONGLIU-MAIN] iter 156 (epoch 7): payload=1024MB, c_i=3.0, sleep=30000us, comm=349.6ms, bw=12.29 Gbps [phase2]
[JobA-LONGLIU-MAIN] iter 157 (epoch 7): payload=1024MB, c_i=3.0, sleep=30000us, comm=357.1ms, bw=12.03 Gbps [phase2]
[JobA-LONGLIU-MAIN] iter 158 (epoch 7): payload=1024MB, c_i=3.0, sleep=30000us, comm=348.7ms, bw=12.32 Gbps [phase2]
[JobA-LONGLIU-MAIN] iter 159 (epoch 7): payload=1024MB, c_i=3.0, sleep=30000us, comm=376.2ms, bw=11.42 Gbps [phase2]
[SLO] Epoch 8: π=-0.549 (A=45.48s, expected=100.83s, T_target=4201.1ms, k=8), Priority P4 -> P1 (DSCP 32 -> 8)
[MultiComm] Rank 0: switching priority P4 -> P1 (DSCP 32 -> 8)
[JobA-LONGLIU-MAIN] iter 160 (epoch 8): payload=1024MB, c_i=3.0, sleep=30000us, comm=482.4ms, bw=8.90 Gbps [phase2]
[JobA-LONGLIU-MAIN] iter 161 (epoch 8): payload=1024MB, c_i=3.0, sleep=30000us, comm=310.3ms, bw=13.84 Gbps [phase2]
[JobA-LONGLIU-MAIN] iter 162 (epoch 8): payload=1024MB, c_i=3.0, sleep=30000us, comm=297.6ms, bw=14.43 Gbps [phase2]
[JobA-LONGLIU-MAIN] iter 163 (epoch 8): payload=1024MB, c_i=3.0, sleep=30000us, comm=312.0ms, bw=13.77 Gbps [phase2]
[JobA-LONGLIU-MAIN] iter 164 (epoch 8): payload=1024MB, c_i=3.0, sleep=30000us, comm=314.3ms, bw=13.67 Gbps [phase2]
[JobA-LONGLIU-MAIN] iter 165 (epoch 8): payload=1024MB, c_i=3.0, sleep=30000us, comm=307.1ms, bw=13.98 Gbps [phase2]
[JobA-LONGLIU-MAIN] iter 166 (epoch 8): payload=1024MB, c_i=3.0, sleep=30000us, comm=346.5ms, bw=12.39 Gbps [phase2]
[JobA-LONGLIU-MAIN] iter 167 (epoch 8): payload=1024MB, c_i=3.0, sleep=30000us, comm=302.5ms, bw=14.20 Gbps [phase2]
[JobA-LONGLIU-MAIN] iter 168 (epoch 8): payload=1024MB, c_i=3.0, sleep=30000us, comm=319.1ms, bw=13.46 Gbps [phase2]
[JobA-LONGLIU-MAIN] iter 169 (epoch 8): payload=1024MB, c_i=3.0, sleep=30000us, comm=293.0ms, bw=14.66 Gbps [phase2]
[JobA-LONGLIU-MAIN] iter 170 (epoch 8): payload=1024MB, c_i=3.0, sleep=30000us, comm=310.2ms, bw=13.84 Gbps [phase2]
[JobA-LONGLIU-MAIN] iter 171 (epoch 8): payload=1024MB, c_i=3.0, sleep=30000us, comm=280.1ms, bw=15.33 Gbps [phase2]
[JobA-LONGLIU-MAIN] iter 172 (epoch 8): payload=1024MB, c_i=3.0, sleep=30000us, comm=309.6ms, bw=13.87 Gbps [phase2]
[JobA-LONGLIU-MAIN] iter 173 (epoch 8): payload=1024MB, c_i=3.0, sleep=30000us, comm=293.8ms, bw=14.62 Gbps [phase2]
[JobA-LONGLIU-MAIN] iter 174 (epoch 8): payload=1024MB, c_i=3.0, sleep=30000us, comm=297.4ms, bw=14.44 Gbps [phase2]
[JobA-LONGLIU-MAIN] iter 175 (epoch 8): payload=1024MB, c_i=3.0, sleep=30000us, comm=305.9ms, bw=14.04 Gbps [phase2]
[JobA-LONGLIU-MAIN] iter 176 (epoch 8): payload=1024MB, c_i=3.0, sleep=30000us, comm=297.9ms, bw=14.42 Gbps [phase2]
[JobA-LONGLIU-MAIN] iter 177 (epoch 8): payload=1024MB, c_i=3.0, sleep=30000us, comm=298.8ms, bw=14.37 Gbps [phase2]
[JobA-LONGLIU-MAIN] iter 178 (epoch 8): payload=1024MB, c_i=3.0, sleep=30000us, comm=301.3ms, bw=14.26 Gbps [phase2]
[JobA-LONGLIU-MAIN] iter 179 (epoch 8): payload=1024MB, c_i=3.0, sleep=30000us, comm=296.9ms, bw=14.46 Gbps [phase2]
[JobA-LONGLIU-MAIN] iter 180 (epoch 9): payload=1024MB, c_i=3.0, sleep=30000us, comm=293.3ms, bw=14.64 Gbps [phase2]
[JobA-LONGLIU-MAIN] iter 181 (epoch 9): payload=1024MB, c_i=3.0, sleep=30000us, comm=318.6ms, bw=13.48 Gbps [phase2]
[JobA-LONGLIU-MAIN] iter 182 (epoch 9): payload=1024MB, c_i=3.0, sleep=30000us, comm=297.4ms, bw=14.44 Gbps [phase2]
[JobA-LONGLIU-MAIN] iter 183 (epoch 9): payload=1024MB, c_i=3.0, sleep=30000us, comm=302.4ms, bw=14.20 Gbps [phase2]
[JobA-LONGLIU-MAIN] iter 184 (epoch 9): payload=1024MB, c_i=3.0, sleep=30000us, comm=323.7ms, bw=13.27 Gbps [phase2]
[JobA-LONGLIU-MAIN] iter 185 (epoch 9): payload=1024MB, c_i=3.0, sleep=30000us, comm=311.4ms, bw=13.79 Gbps [phase2]
[JobA-LONGLIU-MAIN] iter 186 (epoch 9): payload=1024MB, c_i=3.0, sleep=30000us, comm=301.1ms, bw=14.27 Gbps [phase2]
[JobA-LONGLIU-MAIN] iter 187 (epoch 9): payload=1024MB, c_i=3.0, sleep=30000us, comm=292.4ms, bw=14.69 Gbps [phase2]
[JobA-LONGLIU-MAIN] iter 188 (epoch 9): payload=1024MB, c_i=3.0, sleep=30000us, comm=296.9ms, bw=14.46 Gbps [phase2]
[JobA-LONGLIU-MAIN] iter 189 (epoch 9): payload=1024MB, c_i=3.0, sleep=30000us, comm=310.5ms, bw=13.83 Gbps [phase2]
[JobA-LONGLIU-MAIN] iter 190 (epoch 9): payload=1024MB, c_i=3.0, sleep=30000us, comm=307.4ms, bw=13.97 Gbps [phase2]
[JobA-LONGLIU-MAIN] iter 191 (epoch 9): payload=1024MB, c_i=3.0, sleep=30000us, comm=318.8ms, bw=13.47 Gbps [phase2]
[JobA-LONGLIU-MAIN] iter 192 (epoch 9): payload=1024MB, c_i=3.0, sleep=30000us, comm=301.7ms, bw=14.24 Gbps [phase2]
[JobA-LONGLIU-MAIN] iter 193 (epoch 9): payload=1024MB, c_i=3.0, sleep=30000us, comm=289.1ms, bw=14.86 Gbps [phase2]
[JobA-LONGLIU-MAIN] iter 194 (epoch 9): payload=1024MB, c_i=3.0, sleep=30000us, comm=316.4ms, bw=13.58 Gbps [phase2]
[JobA-LONGLIU-MAIN] iter 195 (epoch 9): payload=1024MB, c_i=3.0, sleep=30000us, comm=198.5ms, bw=21.64 Gbps [phase2]
[JobA-LONGLIU-MAIN] iter 196 (epoch 9): payload=1024MB, c_i=3.0, sleep=30000us, comm=242.9ms, bw=17.68 Gbps [phase2]
[JobA-LONGLIU-MAIN] iter 197 (epoch 9): payload=1024MB, c_i=3.0, sleep=30000us, comm=292.6ms, bw=14.68 Gbps [phase2]
[JobA-LONGLIU-MAIN] iter 198 (epoch 9): payload=1024MB, c_i=3.0, sleep=30000us, comm=262.4ms, bw=16.37 Gbps [phase2]
[JobA-LONGLIU-MAIN] iter 199 (epoch 9): payload=1024MB, c_i=3.0, sleep=30000us, comm=275.0ms, bw=15.62 Gbps [phase2]
[JobA-LONGLIU-MAIN] iter 200 (epoch 10): payload=1024MB, c_i=3.0, sleep=30000us, comm=272.7ms, bw=15.75 Gbps [phase2]
[JobA-LONGLIU-MAIN] iter 201 (epoch 10): payload=1024MB, c_i=3.0, sleep=30000us, comm=246.4ms, bw=17.43 Gbps [phase2]
[JobA-LONGLIU-MAIN] iter 202 (epoch 10): payload=1024MB, c_i=3.0, sleep=30000us, comm=287.9ms, bw=14.92 Gbps [phase2]
[JobA-LONGLIU-MAIN] iter 203 (epoch 10): payload=1024MB, c_i=3.0, sleep=30000us, comm=284.4ms, bw=15.10 Gbps [phase2]
[JobA-LONGLIU-MAIN] iter 204 (epoch 10): payload=1024MB, c_i=3.0, sleep=30000us, comm=267.4ms, bw=16.06 Gbps [phase2]
[JobA-LONGLIU-MAIN] iter 205 (epoch 10): payload=1024MB, c_i=3.0, sleep=30000us, comm=253.3ms, bw=16.95 Gbps [phase2]
[JobA-LONGLIU-MAIN] iter 206 (epoch 10): payload=1024MB, c_i=3.0, sleep=30000us, comm=265.1ms, bw=16.20 Gbps [phase2]
[JobA-LONGLIU-MAIN] iter 207 (epoch 10): payload=1024MB, c_i=3.0, sleep=30000us, comm=263.3ms, bw=16.31 Gbps [phase2]
[JobA-LONGLIU-MAIN] iter 208 (epoch 10): payload=1024MB, c_i=3.0, sleep=30000us, comm=263.5ms, bw=16.30 Gbps [phase2]
[JobA-LONGLIU-MAIN] iter 209 (epoch 10): payload=1024MB, c_i=3.0, sleep=30000us, comm=245.0ms, bw=17.53 Gbps [phase2]
[JobA-LONGLIU-MAIN] iter 210 (epoch 10): payload=1024MB, c_i=3.0, sleep=30000us, comm=262.1ms, bw=16.39 Gbps [phase2]
[JobA-LONGLIU-MAIN] iter 211 (epoch 10): payload=1024MB, c_i=3.0, sleep=30000us, comm=281.6ms, bw=15.25 Gbps [phase2]
[JobA-LONGLIU-MAIN] iter 212 (epoch 10): payload=1024MB, c_i=3.0, sleep=30000us, comm=258.0ms, bw=16.65 Gbps [phase2]
[JobA-LONGLIU-MAIN] iter 213 (epoch 10): payload=1024MB, c_i=3.0, sleep=30000us, comm=279.1ms, bw=15.39 Gbps [phase2]
[JobA-LONGLIU-MAIN] iter 214 (epoch 10): payload=1024MB, c_i=3.0, sleep=30000us, comm=275.1ms, bw=15.61 Gbps [phase2]
[JobA-LONGLIU-MAIN] iter 215 (epoch 10): payload=1024MB, c_i=3.0, sleep=30000us, comm=233.2ms, bw=18.42 Gbps [phase2]
[JobA-LONGLIU-MAIN] iter 216 (epoch 10): payload=1024MB, c_i=3.0, sleep=30000us, comm=241.9ms, bw=17.76 Gbps [phase2]
[JobA-LONGLIU-MAIN] iter 217 (epoch 10): payload=1024MB, c_i=3.0, sleep=30000us, comm=249.1ms, bw=17.24 Gbps [phase2]
[JobA-LONGLIU-MAIN] iter 218 (epoch 10): payload=1024MB, c_i=3.0, sleep=30000us, comm=242.6ms, bw=17.70 Gbps [phase2]
[JobA-LONGLIU-MAIN] iter 219 (epoch 10): payload=1024MB, c_i=3.0, sleep=30000us, comm=292.5ms, bw=14.68 Gbps [phase2]
[JobA-LONGLIU-MAIN] iter 220 (epoch 11): payload=1024MB, c_i=3.0, sleep=30000us, comm=257.9ms, bw=16.65 Gbps [phase2]
[JobA-LONGLIU-MAIN] iter 221 (epoch 11): payload=1024MB, c_i=3.0, sleep=30000us, comm=254.2ms, bw=16.90 Gbps [phase2]
[JobA-LONGLIU-MAIN] iter 222 (epoch 11): payload=1024MB, c_i=3.0, sleep=30000us, comm=259.3ms, bw=16.56 Gbps [phase2]
[JobA-LONGLIU-MAIN] iter 223 (epoch 11): payload=1024MB, c_i=3.0, sleep=30000us, comm=302.4ms, bw=14.20 Gbps [phase2]
[JobA-LONGLIU-MAIN] iter 224 (epoch 11): payload=1024MB, c_i=3.0, sleep=30000us, comm=281.4ms, bw=15.26 Gbps [phase2]
[JobA-LONGLIU-MAIN] iter 225 (epoch 11): payload=1024MB, c_i=3.0, sleep=30000us, comm=248.8ms, bw=17.27 Gbps [phase2]
[JobA-LONGLIU-MAIN] iter 226 (epoch 11): payload=1024MB, c_i=3.0, sleep=30000us, comm=245.2ms, bw=17.51 Gbps [phase2]
[JobA-LONGLIU-MAIN] iter 227 (epoch 11): payload=1024MB, c_i=3.0, sleep=30000us, comm=269.1ms, bw=15.96 Gbps [phase2]
[JobA-LONGLIU-MAIN] iter 228 (epoch 11): payload=1024MB, c_i=3.0, sleep=30000us, comm=274.8ms, bw=15.63 Gbps [phase2]
[JobA-LONGLIU-MAIN] iter 229 (epoch 11): payload=1024MB, c_i=3.0, sleep=30000us, comm=238.3ms, bw=18.02 Gbps [phase2]
[JobA-LONGLIU-MAIN] iter 230 (epoch 11): payload=1024MB, c_i=3.0, sleep=30000us, comm=301.2ms, bw=14.26 Gbps [phase2]
[JobA-LONGLIU-MAIN] iter 231 (epoch 11): payload=1024MB, c_i=3.0, sleep=30000us, comm=242.5ms, bw=17.71 Gbps [phase2]
[JobA-LONGLIU-MAIN] iter 232 (epoch 11): payload=1024MB, c_i=3.0, sleep=30000us, comm=276.0ms, bw=15.56 Gbps [phase2]
[JobA-LONGLIU-MAIN] iter 233 (epoch 11): payload=1024MB, c_i=3.0, sleep=30000us, comm=281.3ms, bw=15.27 Gbps [phase2]
[JobA-LONGLIU-MAIN] iter 234 (epoch 11): payload=1024MB, c_i=3.0, sleep=30000us, comm=272.4ms, bw=15.77 Gbps [phase2]
[JobA-LONGLIU-MAIN] iter 235 (epoch 11): payload=1024MB, c_i=3.0, sleep=30000us, comm=262.9ms, bw=16.34 Gbps [phase2]
[JobA-LONGLIU-MAIN] iter 236 (epoch 11): payload=1024MB, c_i=3.0, sleep=30000us, comm=258.0ms, bw=16.65 Gbps [phase2]
[JobA-LONGLIU-MAIN] iter 237 (epoch 11): payload=1024MB, c_i=3.0, sleep=30000us, comm=279.8ms, bw=15.35 Gbps [phase2]
[JobA-LONGLIU-MAIN] iter 238 (epoch 11): payload=1024MB, c_i=3.0, sleep=30000us, comm=255.3ms, bw=16.83 Gbps [phase2]
[JobA-LONGLIU-MAIN] iter 239 (epoch 11): payload=1024MB, c_i=3.0, sleep=30000us, comm=296.6ms, bw=14.48 Gbps [phase2]
[JobA-LONGLIU-MAIN] iter 240 (epoch 12): payload=1024MB, c_i=3.0, sleep=30000us, comm=259.2ms, bw=16.57 Gbps [phase2]
[JobA-LONGLIU-MAIN] iter 241 (epoch 12): payload=1024MB, c_i=3.0, sleep=30000us, comm=271.3ms, bw=15.83 Gbps [phase2]
[JobA-LONGLIU-MAIN] iter 242 (epoch 12): payload=1024MB, c_i=3.0, sleep=30000us, comm=271.1ms, bw=15.84 Gbps [phase2]
[JobA-LONGLIU-MAIN] iter 243 (epoch 12): payload=1024MB, c_i=3.0, sleep=30000us, comm=276.3ms, bw=15.54 Gbps [phase2]
[JobA-LONGLIU-MAIN] iter 244 (epoch 12): payload=1024MB, c_i=3.0, sleep=30000us, comm=242.5ms, bw=17.71 Gbps [phase2]
[JobA-LONGLIU-MAIN] iter 245 (epoch 12): payload=1024MB, c_i=3.0, sleep=30000us, comm=259.5ms, bw=16.55 Gbps [phase2]
[JobA-LONGLIU-MAIN] iter 246 (epoch 12): payload=1024MB, c_i=3.0, sleep=30000us, comm=257.6ms, bw=16.67 Gbps [phase2]
[JobA-LONGLIU-MAIN] iter 247 (epoch 12): payload=1024MB, c_i=3.0, sleep=30000us, comm=249.4ms, bw=17.22 Gbps [phase2]
[JobA-LONGLIU-MAIN] iter 248 (epoch 12): payload=1024MB, c_i=3.0, sleep=30000us, comm=267.2ms, bw=16.07 Gbps [phase2]
[JobA-LONGLIU-MAIN] iter 249 (epoch 12): payload=1024MB, c_i=3.0, sleep=30000us, comm=281.0ms, bw=15.28 Gbps [phase2]
[JobA-LONGLIU-MAIN] iter 250 (epoch 12): payload=1024MB, c_i=3.0, sleep=30000us, comm=267.0ms, bw=16.09 Gbps [phase2]
[JobA-LONGLIU-MAIN] iter 251 (epoch 12): payload=1024MB, c_i=3.0, sleep=30000us, comm=279.8ms, bw=15.35 Gbps [phase2]
[JobA-LONGLIU-MAIN] iter 252 (epoch 12): payload=1024MB, c_i=3.0, sleep=30000us, comm=288.1ms, bw=14.91 Gbps [phase2]
[JobA-LONGLIU-MAIN] iter 253 (epoch 12): payload=1024MB, c_i=3.0, sleep=30000us, comm=267.6ms, bw=16.05 Gbps [phase2]
[JobA-LONGLIU-MAIN] iter 254 (epoch 12): payload=1024MB, c_i=3.0, sleep=30000us, comm=279.3ms, bw=15.38 Gbps [phase2]
[JobA-LONGLIU-MAIN] iter 255 (epoch 12): payload=1024MB, c_i=3.0, sleep=30000us, comm=288.5ms, bw=14.89 Gbps [phase2]
[JobA-LONGLIU-MAIN] iter 256 (epoch 12): payload=1024MB, c_i=3.0, sleep=30000us, comm=298.1ms, bw=14.41 Gbps [phase2]
[JobA-LONGLIU-MAIN] iter 257 (epoch 12): payload=1024MB, c_i=3.0, sleep=30000us, comm=258.9ms, bw=16.59 Gbps [phase2]
[JobA-LONGLIU-MAIN] iter 258 (epoch 12): payload=1024MB, c_i=3.0, sleep=30000us, comm=267.6ms, bw=16.05 Gbps [phase2]
[JobA-LONGLIU-MAIN] iter 259 (epoch 12): payload=1024MB, c_i=3.0, sleep=30000us, comm=276.9ms, bw=15.51 Gbps [phase2]
[JobA-LONGLIU-MAIN] iter 260 (epoch 13): payload=1024MB, c_i=3.0, sleep=30000us, comm=247.3ms, bw=17.36 Gbps [phase2]
[JobA-LONGLIU-MAIN] iter 261 (epoch 13): payload=1024MB, c_i=3.0, sleep=30000us, comm=246.0ms, bw=17.46 Gbps [phase2]
[JobA-LONGLIU-MAIN] iter 262 (epoch 13): payload=1024MB, c_i=3.0, sleep=30000us, comm=242.0ms, bw=17.75 Gbps [phase2]
[JobA-LONGLIU-MAIN] iter 263 (epoch 13): payload=1024MB, c_i=3.0, sleep=30000us, comm=254.0ms, bw=16.91 Gbps [phase2]
[JobA-LONGLIU-MAIN] iter 264 (epoch 13): payload=1024MB, c_i=3.0, sleep=30000us, comm=262.1ms, bw=16.39 Gbps [phase2]
[JobA-LONGLIU-MAIN] iter 265 (epoch 13): payload=1024MB, c_i=3.0, sleep=30000us, comm=249.3ms, bw=17.23 Gbps [phase2]
[JobA-LONGLIU-MAIN] iter 266 (epoch 13): payload=1024MB, c_i=3.0, sleep=30000us, comm=280.0ms, bw=15.34 Gbps [phase2]
[JobA-LONGLIU-MAIN] iter 267 (epoch 13): payload=1024MB, c_i=3.0, sleep=30000us, comm=272.3ms, bw=15.77 Gbps [phase2]
[JobA-LONGLIU-MAIN] iter 268 (epoch 13): payload=1024MB, c_i=3.0, sleep=30000us, comm=257.7ms, bw=16.66 Gbps [phase2]
[JobA-LONGLIU-MAIN] iter 269 (epoch 13): payload=1024MB, c_i=3.0, sleep=30000us, comm=250.2ms, bw=17.16 Gbps [phase2]
[JobA-LONGLIU-MAIN] iter 270 (epoch 13): payload=1024MB, c_i=3.0, sleep=30000us, comm=259.6ms, bw=16.54 Gbps [phase2]
[JobA-LONGLIU-MAIN] iter 271 (epoch 13): payload=1024MB, c_i=3.0, sleep=30000us, comm=258.2ms, bw=16.63 Gbps [phase2]
[JobA-LONGLIU-MAIN] iter 272 (epoch 13): payload=1024MB, c_i=3.0, sleep=30000us, comm=262.6ms, bw=16.36 Gbps [phase2]
[JobA-LONGLIU-MAIN] iter 273 (epoch 13): payload=1024MB, c_i=3.0, sleep=30000us, comm=255.1ms, bw=16.84 Gbps [phase2]
[JobA-LONGLIU-MAIN] iter 274 (epoch 13): payload=1024MB, c_i=3.0, sleep=30000us, comm=258.0ms, bw=16.65 Gbps [phase2]
[JobA-LONGLIU-MAIN] iter 275 (epoch 13): payload=1024MB, c_i=3.0, sleep=30000us, comm=271.1ms, bw=15.84 Gbps [phase2]
[JobA-LONGLIU-MAIN] iter 276 (epoch 13): payload=1024MB, c_i=3.0, sleep=30000us, comm=245.6ms, bw=17.49 Gbps [phase2]
[JobA-LONGLIU-MAIN] iter 277 (epoch 13): payload=1024MB, c_i=3.0, sleep=30000us, comm=281.0ms, bw=15.29 Gbps [phase2]
[JobA-LONGLIU-MAIN] iter 278 (epoch 13): payload=1024MB, c_i=3.0, sleep=30000us, comm=232.7ms, bw=18.46 Gbps [phase2]
[JobA-LONGLIU-MAIN] iter 279 (epoch 13): payload=1024MB, c_i=3.0, sleep=30000us, comm=267.1ms, bw=16.08 Gbps [phase2]
[JobA-LONGLIU-MAIN] iter 280 (epoch 14): payload=1024MB, c_i=3.0, sleep=30000us, comm=302.2ms, bw=14.21 Gbps [phase2]
[JobA-LONGLIU-MAIN] iter 281 (epoch 14): payload=1024MB, c_i=3.0, sleep=30000us, comm=267.0ms, bw=16.08 Gbps [phase2]
[JobA-LONGLIU-MAIN] iter 282 (epoch 14): payload=1024MB, c_i=3.0, sleep=30000us, comm=283.7ms, bw=15.14 Gbps [phase2]
[JobA-LONGLIU-MAIN] iter 283 (epoch 14): payload=1024MB, c_i=3.0, sleep=30000us, comm=254.2ms, bw=16.89 Gbps [phase2]
[JobA-LONGLIU-MAIN] iter 284 (epoch 14): payload=1024MB, c_i=3.0, sleep=30000us, comm=281.7ms, bw=15.25 Gbps [phase2]
[JobA-LONGLIU-MAIN] iter 285 (epoch 14): payload=1024MB, c_i=3.0, sleep=30000us, comm=263.5ms, bw=16.30 Gbps [phase2]
[JobA-LONGLIU-MAIN] iter 286 (epoch 14): payload=1024MB, c_i=3.0, sleep=30000us, comm=253.8ms, bw=16.92 Gbps [phase2]
[JobA-LONGLIU-MAIN] iter 287 (epoch 14): payload=1024MB, c_i=3.0, sleep=30000us, comm=275.9ms, bw=15.57 Gbps [phase2]
[JobA-LONGLIU-MAIN] iter 288 (epoch 14): payload=1024MB, c_i=3.0, sleep=30000us, comm=267.3ms, bw=16.07 Gbps [phase2]
[JobA-LONGLIU-MAIN] iter 289 (epoch 14): payload=1024MB, c_i=3.0, sleep=30000us, comm=254.6ms, bw=16.87 Gbps [phase2]
[JobA-LONGLIU-MAIN] iter 290 (epoch 14): payload=1024MB, c_i=3.0, sleep=30000us, comm=253.5ms, bw=16.94 Gbps [phase2]
[JobA-LONGLIU-MAIN] iter 291 (epoch 14): payload=1024MB, c_i=3.0, sleep=30000us, comm=279.6ms, bw=15.36 Gbps [phase2]
[JobA-LONGLIU-MAIN] iter 292 (epoch 14): payload=1024MB, c_i=3.0, sleep=30000us, comm=284.2ms, bw=15.11 Gbps [phase2]
[JobA-LONGLIU-MAIN] iter 293 (epoch 14): payload=1024MB, c_i=3.0, sleep=30000us, comm=262.2ms, bw=16.38 Gbps [phase2]
[JobA-LONGLIU-MAIN] iter 294 (epoch 14): payload=1024MB, c_i=3.0, sleep=30000us, comm=262.0ms, bw=16.39 Gbps [phase2]
[JobA-LONGLIU-MAIN] iter 295 (epoch 14): payload=1024MB, c_i=3.0, sleep=30000us, comm=328.9ms, bw=13.06 Gbps [phase2]
[JobA-LONGLIU-MAIN] iter 296 (epoch 14): payload=1024MB, c_i=3.0, sleep=30000us, comm=268.0ms, bw=16.03 Gbps [phase2]
[JobA-LONGLIU-MAIN] iter 297 (epoch 14): payload=1024MB, c_i=3.0, sleep=30000us, comm=236.9ms, bw=18.13 Gbps [phase2]
[JobA-LONGLIU-MAIN] iter 298 (epoch 14): payload=1024MB, c_i=3.0, sleep=30000us, comm=296.7ms, bw=14.48 Gbps [phase2]
[JobA-LONGLIU-MAIN] iter 299 (epoch 14): payload=1024MB, c_i=3.0, sleep=30000us, comm=255.4ms, bw=16.82 Gbps [phase2]
[JobA-LONGLIU-MAIN] Per-iter results saved to p4_jobA_reverse_longliu_rank0_iter.csv
[JobA-LONGLIU-MAIN] Per-epoch stats saved to p4_jobA_reverse_longliu_rank0_epoch.csv
[JobA-LONGLIU-MAIN] Phase 1 (epochs 0-6): c_i=1.2, avg_comm=271.1ms, avg_bw=17.53 Gbps, avg_prio=2.9
[JobA-LONGLIU-MAIN] Phase 2 (epochs 7-14): c_i=3.0, avg_comm=287.7ms, avg_bw=15.19 Gbps, avg_prio=1.0
[JobA-LONGLIU-MAIN] Total wall time: 84.5s
[MultiComm] Rank 0: destroyed
