[JobA-LONGLIU-MAIN] Loaded T_target=4201.09ms from /tmp/ttarget_v5_jobA.json (preset_target=True)
[MultiComm] Loading library from /home/why/LongLiu_rebuild/multi_comm_slo/build/libmulti_comm.so
[MultiComm] Rank 0: initializing 7 priorities across 1 devices
[MultiComm] Rank 0: waiting for TCP connections on port 29520...
[MultiComm] Rank 0: sent 7 IDs to rank 1
[MultiComm] Rank 0: created communicator for priority P0 (DSCP=0)
[MultiComm] Rank 0: created communicator for priority P1 (DSCP=8)
[MultiComm] Rank 0: created communicator for priority P2 (DSCP=16)
[MultiComm] Rank 0: created communicator for priority P3 (DSCP=24)
[MultiComm] Rank 0: created communicator for priority P4 (DSCP=32)
[MultiComm] Rank 0: created communicator for priority P5 (DSCP=40)
[MultiComm] Rank 0: created communicator for priority P6 (DSCP=48)
[MultiComm] Rank 0: initialization complete, starting at P6 (DSCP=48)
[MultiComm] Initialized: rank=0, world_size=2, master=192.10.10.110:29520, priority=P4
[JobA-LONGLIU-MAIN] scheduler=v1(pi), queue=SP, payload=1024MB (fixed), reverse_epoch=7 (c_i swap), num_iters=300
[JobA-LONGLIU-MAIN] Phase 1 (epoch 0-6): c_i=1.7
[JobA-LONGLIU-MAIN] Phase 2 (epoch 7-14): c_i=3.0
[JobA-LONGLIU-MAIN] GPU 0: Quadro RTX 4000, free=7.5 GB
[JobA-LONGLIU-MAIN] Warmup done.
[MultiComm] Rank 0: switching priority P6 -> P4 (DSCP 48 -> 32)
[JobA-LONGLIU-MAIN] iter   0 (epoch 0): payload=1024MB, c_i=1.7, sleep=30000us, comm=286.3ms, bw=15.00 Gbps [phase1]
[JobA-LONGLIU-MAIN] iter   1 (epoch 0): payload=1024MB, c_i=1.7, sleep=30000us, comm=181.8ms, bw=23.63 Gbps [phase1]
[JobA-LONGLIU-MAIN] iter   2 (epoch 0): payload=1024MB, c_i=1.7, sleep=30000us, comm=171.9ms, bw=24.99 Gbps [phase1]
[JobA-LONGLIU-MAIN] iter   3 (epoch 0): payload=1024MB, c_i=1.7, sleep=30000us, comm=174.1ms, bw=24.67 Gbps [phase1]
[JobA-LONGLIU-MAIN] iter   4 (epoch 0): payload=1024MB, c_i=1.7, sleep=30000us, comm=182.9ms, bw=23.48 Gbps [phase1]
[JobA-LONGLIU-MAIN] iter   5 (epoch 0): payload=1024MB, c_i=1.7, sleep=30000us, comm=170.9ms, bw=25.13 Gbps [phase1]
[JobA-LONGLIU-MAIN] iter   6 (epoch 0): payload=1024MB, c_i=1.7, sleep=30000us, comm=180.5ms, bw=23.80 Gbps [phase1]
[JobA-LONGLIU-MAIN] iter   7 (epoch 0): payload=1024MB, c_i=1.7, sleep=30000us, comm=177.2ms, bw=24.23 Gbps [phase1]
[JobA-LONGLIU-MAIN] iter   8 (epoch 0): payload=1024MB, c_i=1.7, sleep=30000us, comm=182.1ms, bw=23.58 Gbps [phase1]
[JobA-LONGLIU-MAIN] iter   9 (epoch 0): payload=1024MB, c_i=1.7, sleep=30000us, comm=165.3ms, bw=25.98 Gbps [phase1]
[JobA-LONGLIU-MAIN] iter  10 (epoch 0): payload=1024MB, c_i=1.7, sleep=30000us, comm=146.6ms, bw=29.29 Gbps [phase1]
[JobA-LONGLIU-MAIN] iter  11 (epoch 0): payload=1024MB, c_i=1.7, sleep=30000us, comm=153.7ms, bw=27.94 Gbps [phase1]
[JobA-LONGLIU-MAIN] iter  12 (epoch 0): payload=1024MB, c_i=1.7, sleep=30000us, comm=173.9ms, bw=24.70 Gbps [phase1]
[JobA-LONGLIU-MAIN] iter  13 (epoch 0): payload=1024MB, c_i=1.7, sleep=30000us, comm=196.4ms, bw=21.87 Gbps [phase1]
[JobA-LONGLIU-MAIN] iter  14 (epoch 0): payload=1024MB, c_i=1.7, sleep=30000us, comm=171.4ms, bw=25.05 Gbps [phase1]
[JobA-LONGLIU-MAIN] iter  15 (epoch 0): payload=1024MB, c_i=1.7, sleep=30000us, comm=170.3ms, bw=25.22 Gbps [phase1]
[JobA-LONGLIU-MAIN] iter  16 (epoch 0): payload=1024MB, c_i=1.7, sleep=30000us, comm=168.3ms, bw=25.52 Gbps [phase1]
[JobA-LONGLIU-MAIN] iter  17 (epoch 0): payload=1024MB, c_i=1.7, sleep=30000us, comm=174.8ms, bw=24.57 Gbps [phase1]
[JobA-LONGLIU-MAIN] iter  18 (epoch 0): payload=1024MB, c_i=1.7, sleep=30000us, comm=180.2ms, bw=23.83 Gbps [phase1]
[JobA-LONGLIU-MAIN] iter  19 (epoch 0): payload=1024MB, c_i=1.7, sleep=30000us, comm=182.4ms, bw=23.55 Gbps [phase1]
[SLO] T_target PRESET (calibrated): 4201.1ms (c_i=1.7, SLO target=7141.8ms) — EMA updates SKIPPED
[SLO] Epoch 1: π=-0.497 (A=3.59s, expected=7.14s, T_target=4201.1ms, k=1), Priority P4 -> P2 (DSCP 32 -> 16)
[MultiComm] Rank 0: switching priority P4 -> P2 (DSCP 32 -> 16)
[JobA-LONGLIU-MAIN] iter  20 (epoch 1): payload=1024MB, c_i=1.7, sleep=30000us, comm=326.4ms, bw=13.16 Gbps [phase1]
[JobA-LONGLIU-MAIN] iter  21 (epoch 1): payload=1024MB, c_i=1.7, sleep=30000us, comm=197.9ms, bw=21.70 Gbps [phase1]
[JobA-LONGLIU-MAIN] iter  22 (epoch 1): payload=1024MB, c_i=1.7, sleep=30000us, comm=198.9ms, bw=21.59 Gbps [phase1]
[JobA-LONGLIU-MAIN] iter  23 (epoch 1): payload=1024MB, c_i=1.7, sleep=30000us, comm=218.8ms, bw=19.63 Gbps [phase1]
[JobA-LONGLIU-MAIN] iter  24 (epoch 1): payload=1024MB, c_i=1.7, sleep=30000us, comm=201.4ms, bw=21.32 Gbps [phase1]
[JobA-LONGLIU-MAIN] iter  25 (epoch 1): payload=1024MB, c_i=1.7, sleep=30000us, comm=187.4ms, bw=22.92 Gbps [phase1]
[JobA-LONGLIU-MAIN] iter  26 (epoch 1): payload=1024MB, c_i=1.7, sleep=30000us, comm=186.2ms, bw=23.06 Gbps [phase1]
[JobA-LONGLIU-MAIN] iter  27 (epoch 1): payload=1024MB, c_i=1.7, sleep=30000us, comm=177.8ms, bw=24.16 Gbps [phase1]
[JobA-LONGLIU-MAIN] iter  28 (epoch 1): payload=1024MB, c_i=1.7, sleep=30000us, comm=196.1ms, bw=21.90 Gbps [phase1]
[JobA-LONGLIU-MAIN] iter  29 (epoch 1): payload=1024MB, c_i=1.7, sleep=30000us, comm=186.3ms, bw=23.05 Gbps [phase1]
[JobA-LONGLIU-MAIN] iter  30 (epoch 1): payload=1024MB, c_i=1.7, sleep=30000us, comm=200.4ms, bw=21.43 Gbps [phase1]
[JobA-LONGLIU-MAIN] iter  31 (epoch 1): payload=1024MB, c_i=1.7, sleep=30000us, comm=183.1ms, bw=23.46 Gbps [phase1]
[JobA-LONGLIU-MAIN] iter  32 (epoch 1): payload=1024MB, c_i=1.7, sleep=30000us, comm=205.4ms, bw=20.91 Gbps [phase1]
[JobA-LONGLIU-MAIN] iter  33 (epoch 1): payload=1024MB, c_i=1.7, sleep=30000us, comm=198.5ms, bw=21.64 Gbps [phase1]
[JobA-LONGLIU-MAIN] iter  34 (epoch 1): payload=1024MB, c_i=1.7, sleep=30000us, comm=200.2ms, bw=21.46 Gbps [phase1]
[JobA-LONGLIU-MAIN] iter  35 (epoch 1): payload=1024MB, c_i=1.7, sleep=30000us, comm=198.9ms, bw=21.59 Gbps [phase1]
[JobA-LONGLIU-MAIN] iter  36 (epoch 1): payload=1024MB, c_i=1.7, sleep=30000us, comm=195.7ms, bw=21.95 Gbps [phase1]
[JobA-LONGLIU-MAIN] iter  37 (epoch 1): payload=1024MB, c_i=1.7, sleep=30000us, comm=190.7ms, bw=22.52 Gbps [phase1]
[JobA-LONGLIU-MAIN] iter  38 (epoch 1): payload=1024MB, c_i=1.7, sleep=30000us, comm=185.3ms, bw=23.18 Gbps [phase1]
[JobA-LONGLIU-MAIN] iter  39 (epoch 1): payload=1024MB, c_i=1.7, sleep=30000us, comm=222.0ms, bw=19.35 Gbps [phase1]
[JobA-LONGLIU-MAIN] iter  40 (epoch 2): payload=1024MB, c_i=1.7, sleep=30000us, comm=166.0ms, bw=25.87 Gbps [phase1]
[JobA-LONGLIU-MAIN] iter  41 (epoch 2): payload=1024MB, c_i=1.7, sleep=30000us, comm=192.6ms, bw=22.30 Gbps [phase1]
[JobA-LONGLIU-MAIN] iter  42 (epoch 2): payload=1024MB, c_i=1.7, sleep=30000us, comm=197.1ms, bw=21.79 Gbps [phase1]
[JobA-LONGLIU-MAIN] iter  43 (epoch 2): payload=1024MB, c_i=1.7, sleep=30000us, comm=189.0ms, bw=22.73 Gbps [phase1]
[JobA-LONGLIU-MAIN] iter  44 (epoch 2): payload=1024MB, c_i=1.7, sleep=30000us, comm=211.6ms, bw=20.30 Gbps [phase1]
[JobA-LONGLIU-MAIN] iter  45 (epoch 2): payload=1024MB, c_i=1.7, sleep=30000us, comm=205.3ms, bw=20.92 Gbps [phase1]
[JobA-LONGLIU-MAIN] iter  46 (epoch 2): payload=1024MB, c_i=1.7, sleep=30000us, comm=195.5ms, bw=21.97 Gbps [phase1]
[JobA-LONGLIU-MAIN] iter  47 (epoch 2): payload=1024MB, c_i=1.7, sleep=30000us, comm=173.7ms, bw=24.72 Gbps [phase1]
[JobA-LONGLIU-MAIN] iter  48 (epoch 2): payload=1024MB, c_i=1.7, sleep=30000us, comm=186.9ms, bw=22.98 Gbps [phase1]
[JobA-LONGLIU-MAIN] iter  49 (epoch 2): payload=1024MB, c_i=1.7, sleep=30000us, comm=204.1ms, bw=21.05 Gbps [phase1]
[JobA-LONGLIU-MAIN] iter  50 (epoch 2): payload=1024MB, c_i=1.7, sleep=30000us, comm=211.4ms, bw=20.32 Gbps [phase1]
[JobA-LONGLIU-MAIN] iter  51 (epoch 2): payload=1024MB, c_i=1.7, sleep=30000us, comm=179.2ms, bw=23.97 Gbps [phase1]
[JobA-LONGLIU-MAIN] iter  52 (epoch 2): payload=1024MB, c_i=1.7, sleep=30000us, comm=199.9ms, bw=21.48 Gbps [phase1]
[JobA-LONGLIU-MAIN] iter  53 (epoch 2): payload=1024MB, c_i=1.7, sleep=30000us, comm=190.6ms, bw=22.54 Gbps [phase1]
[JobA-LONGLIU-MAIN] iter  54 (epoch 2): payload=1024MB, c_i=1.7, sleep=30000us, comm=251.1ms, bw=17.11 Gbps [phase1]
[JobA-LONGLIU-MAIN] iter  55 (epoch 2): payload=1024MB, c_i=1.7, sleep=30000us, comm=300.9ms, bw=14.27 Gbps [phase1]
[JobA-LONGLIU-MAIN] iter  56 (epoch 2): payload=1024MB, c_i=1.7, sleep=30000us, comm=288.3ms, bw=14.90 Gbps [phase1]
[JobA-LONGLIU-MAIN] iter  57 (epoch 2): payload=1024MB, c_i=1.7, sleep=30000us, comm=289.7ms, bw=14.82 Gbps [phase1]
[JobA-LONGLIU-MAIN] iter  58 (epoch 2): payload=1024MB, c_i=1.7, sleep=30000us, comm=289.3ms, bw=14.85 Gbps [phase1]
[JobA-LONGLIU-MAIN] iter  59 (epoch 2): payload=1024MB, c_i=1.7, sleep=30000us, comm=243.3ms, bw=17.65 Gbps [phase1]
[JobA-LONGLIU-MAIN] iter  60 (epoch 3): payload=1024MB, c_i=1.7, sleep=30000us, comm=276.6ms, bw=15.53 Gbps [phase1]
[JobA-LONGLIU-MAIN] iter  61 (epoch 3): payload=1024MB, c_i=1.7, sleep=30000us, comm=310.1ms, bw=13.85 Gbps [phase1]
[JobA-LONGLIU-MAIN] iter  62 (epoch 3): payload=1024MB, c_i=1.7, sleep=30000us, comm=340.4ms, bw=12.62 Gbps [phase1]
[JobA-LONGLIU-MAIN] iter  63 (epoch 3): payload=1024MB, c_i=1.7, sleep=30000us, comm=312.4ms, bw=13.75 Gbps [phase1]
[JobA-LONGLIU-MAIN] iter  64 (epoch 3): payload=1024MB, c_i=1.7, sleep=30000us, comm=276.2ms, bw=15.55 Gbps [phase1]
[JobA-LONGLIU-MAIN] iter  65 (epoch 3): payload=1024MB, c_i=1.7, sleep=30000us, comm=294.5ms, bw=14.59 Gbps [phase1]
[JobA-LONGLIU-MAIN] iter  66 (epoch 3): payload=1024MB, c_i=1.7, sleep=30000us, comm=276.3ms, bw=15.55 Gbps [phase1]
[JobA-LONGLIU-MAIN] iter  67 (epoch 3): payload=1024MB, c_i=1.7, sleep=30000us, comm=306.5ms, bw=14.01 Gbps [phase1]
[JobA-LONGLIU-MAIN] iter  68 (epoch 3): payload=1024MB, c_i=1.7, sleep=30000us, comm=267.5ms, bw=16.06 Gbps [phase1]
[JobA-LONGLIU-MAIN] iter  69 (epoch 3): payload=1024MB, c_i=1.7, sleep=30000us, comm=272.5ms, bw=15.76 Gbps [phase1]
[JobA-LONGLIU-MAIN] iter  70 (epoch 3): payload=1024MB, c_i=1.7, sleep=30000us, comm=289.3ms, bw=14.85 Gbps [phase1]
[JobA-LONGLIU-MAIN] iter  71 (epoch 3): payload=1024MB, c_i=1.7, sleep=30000us, comm=281.8ms, bw=15.24 Gbps [phase1]
[JobA-LONGLIU-MAIN] iter  72 (epoch 3): payload=1024MB, c_i=1.7, sleep=30000us, comm=288.7ms, bw=14.88 Gbps [phase1]
[JobA-LONGLIU-MAIN] iter  73 (epoch 3): payload=1024MB, c_i=1.7, sleep=30000us, comm=266.3ms, bw=16.13 Gbps [phase1]
[JobA-LONGLIU-MAIN] iter  74 (epoch 3): payload=1024MB, c_i=1.7, sleep=30000us, comm=280.6ms, bw=15.31 Gbps [phase1]
[JobA-LONGLIU-MAIN] iter  75 (epoch 3): payload=1024MB, c_i=1.7, sleep=30000us, comm=285.5ms, bw=15.04 Gbps [phase1]
[JobA-LONGLIU-MAIN] iter  76 (epoch 3): payload=1024MB, c_i=1.7, sleep=30000us, comm=285.9ms, bw=15.02 Gbps [phase1]
[JobA-LONGLIU-MAIN] iter  77 (epoch 3): payload=1024MB, c_i=1.7, sleep=30000us, comm=310.4ms, bw=13.84 Gbps [phase1]
[JobA-LONGLIU-MAIN] iter  78 (epoch 3): payload=1024MB, c_i=1.7, sleep=30000us, comm=318.6ms, bw=13.48 Gbps [phase1]
[JobA-LONGLIU-MAIN] iter  79 (epoch 3): payload=1024MB, c_i=1.7, sleep=30000us, comm=259.4ms, bw=16.55 Gbps [phase1]
[JobA-LONGLIU-MAIN] iter  80 (epoch 4): payload=1024MB, c_i=1.7, sleep=30000us, comm=336.2ms, bw=12.77 Gbps [phase1]
[JobA-LONGLIU-MAIN] iter  81 (epoch 4): payload=1024MB, c_i=1.7, sleep=30000us, comm=320.9ms, bw=13.39 Gbps [phase1]
[JobA-LONGLIU-MAIN] iter  82 (epoch 4): payload=1024MB, c_i=1.7, sleep=30000us, comm=319.9ms, bw=13.42 Gbps [phase1]
[JobA-LONGLIU-MAIN] iter  83 (epoch 4): payload=1024MB, c_i=1.7, sleep=30000us, comm=367.8ms, bw=11.68 Gbps [phase1]
[JobA-LONGLIU-MAIN] iter  84 (epoch 4): payload=1024MB, c_i=1.7, sleep=30000us, comm=362.7ms, bw=11.84 Gbps [phase1]
[JobA-LONGLIU-MAIN] iter  85 (epoch 4): payload=1024MB, c_i=1.7, sleep=30000us, comm=329.7ms, bw=13.03 Gbps [phase1]
[JobA-LONGLIU-MAIN] iter  86 (epoch 4): payload=1024MB, c_i=1.7, sleep=30000us, comm=349.4ms, bw=12.29 Gbps [phase1]
[JobA-LONGLIU-MAIN] iter  87 (epoch 4): payload=1024MB, c_i=1.7, sleep=30000us, comm=310.5ms, bw=13.83 Gbps [phase1]
[JobA-LONGLIU-MAIN] iter  88 (epoch 4): payload=1024MB, c_i=1.7, sleep=30000us, comm=281.3ms, bw=15.27 Gbps [phase1]
[JobA-LONGLIU-MAIN] iter  89 (epoch 4): payload=1024MB, c_i=1.7, sleep=30000us, comm=349.6ms, bw=12.28 Gbps [phase1]
[JobA-LONGLIU-MAIN] iter  90 (epoch 4): payload=1024MB, c_i=1.7, sleep=30000us, comm=341.5ms, bw=12.58 Gbps [phase1]
[JobA-LONGLIU-MAIN] iter  91 (epoch 4): payload=1024MB, c_i=1.7, sleep=30000us, comm=318.9ms, bw=13.47 Gbps [phase1]
[JobA-LONGLIU-MAIN] iter  92 (epoch 4): payload=1024MB, c_i=1.7, sleep=30000us, comm=327.1ms, bw=13.13 Gbps [phase1]
[JobA-LONGLIU-MAIN] iter  93 (epoch 4): payload=1024MB, c_i=1.7, sleep=30000us, comm=341.9ms, bw=12.56 Gbps [phase1]
[JobA-LONGLIU-MAIN] iter  94 (epoch 4): payload=1024MB, c_i=1.7, sleep=30000us, comm=315.1ms, bw=13.63 Gbps [phase1]
[JobA-LONGLIU-MAIN] iter  95 (epoch 4): payload=1024MB, c_i=1.7, sleep=30000us, comm=384.8ms, bw=11.16 Gbps [phase1]
[JobA-LONGLIU-MAIN] iter  96 (epoch 4): payload=1024MB, c_i=1.7, sleep=30000us, comm=319.1ms, bw=13.46 Gbps [phase1]
[JobA-LONGLIU-MAIN] iter  97 (epoch 4): payload=1024MB, c_i=1.7, sleep=30000us, comm=357.3ms, bw=12.02 Gbps [phase1]
[JobA-LONGLIU-MAIN] iter  98 (epoch 4): payload=1024MB, c_i=1.7, sleep=30000us, comm=324.6ms, bw=13.23 Gbps [phase1]
[JobA-LONGLIU-MAIN] iter  99 (epoch 4): payload=1024MB, c_i=1.7, sleep=30000us, comm=331.8ms, bw=12.94 Gbps [phase1]
[JobA-LONGLIU-MAIN] iter 100 (epoch 5): payload=1024MB, c_i=1.7, sleep=30000us, comm=320.5ms, bw=13.40 Gbps [phase1]
[JobA-LONGLIU-MAIN] iter 101 (epoch 5): payload=1024MB, c_i=1.7, sleep=30000us, comm=319.6ms, bw=13.44 Gbps [phase1]
[JobA-LONGLIU-MAIN] iter 102 (epoch 5): payload=1024MB, c_i=1.7, sleep=30000us, comm=303.2ms, bw=14.17 Gbps [phase1]
[JobA-LONGLIU-MAIN] iter 103 (epoch 5): payload=1024MB, c_i=1.7, sleep=30000us, comm=353.2ms, bw=12.16 Gbps [phase1]
[JobA-LONGLIU-MAIN] iter 104 (epoch 5): payload=1024MB, c_i=1.7, sleep=30000us, comm=314.8ms, bw=13.64 Gbps [phase1]
[JobA-LONGLIU-MAIN] iter 105 (epoch 5): payload=1024MB, c_i=1.7, sleep=30000us, comm=340.7ms, bw=12.61 Gbps [phase1]
[JobA-LONGLIU-MAIN] iter 106 (epoch 5): payload=1024MB, c_i=1.7, sleep=30000us, comm=333.0ms, bw=12.90 Gbps [phase1]
[JobA-LONGLIU-MAIN] iter 107 (epoch 5): payload=1024MB, c_i=1.7, sleep=30000us, comm=327.5ms, bw=13.11 Gbps [phase1]
[JobA-LONGLIU-MAIN] iter 108 (epoch 5): payload=1024MB, c_i=1.7, sleep=30000us, comm=354.4ms, bw=12.12 Gbps [phase1]
[JobA-LONGLIU-MAIN] iter 109 (epoch 5): payload=1024MB, c_i=1.7, sleep=30000us, comm=333.0ms, bw=12.90 Gbps [phase1]
[JobA-LONGLIU-MAIN] iter 110 (epoch 5): payload=1024MB, c_i=1.7, sleep=30000us, comm=314.7ms, bw=13.65 Gbps [phase1]
[JobA-LONGLIU-MAIN] iter 111 (epoch 5): payload=1024MB, c_i=1.7, sleep=30000us, comm=358.6ms, bw=11.98 Gbps [phase1]
[JobA-LONGLIU-MAIN] iter 112 (epoch 5): payload=1024MB, c_i=1.7, sleep=30000us, comm=323.6ms, bw=13.27 Gbps [phase1]
[JobA-LONGLIU-MAIN] iter 113 (epoch 5): payload=1024MB, c_i=1.7, sleep=30000us, comm=405.5ms, bw=10.59 Gbps [phase1]
[JobA-LONGLIU-MAIN] iter 114 (epoch 5): payload=1024MB, c_i=1.7, sleep=30000us, comm=359.7ms, bw=11.94 Gbps [phase1]
[JobA-LONGLIU-MAIN] iter 115 (epoch 5): payload=1024MB, c_i=1.7, sleep=30000us, comm=323.2ms, bw=13.29 Gbps [phase1]
[JobA-LONGLIU-MAIN] iter 116 (epoch 5): payload=1024MB, c_i=1.7, sleep=30000us, comm=362.0ms, bw=11.86 Gbps [phase1]
[JobA-LONGLIU-MAIN] iter 117 (epoch 5): payload=1024MB, c_i=1.7, sleep=30000us, comm=336.2ms, bw=12.77 Gbps [phase1]
[JobA-LONGLIU-MAIN] iter 118 (epoch 5): payload=1024MB, c_i=1.7, sleep=30000us, comm=340.3ms, bw=12.62 Gbps [phase1]
[JobA-LONGLIU-MAIN] iter 119 (epoch 5): payload=1024MB, c_i=1.7, sleep=30000us, comm=324.1ms, bw=13.25 Gbps [phase1]
[JobA-LONGLIU-MAIN] iter 120 (epoch 6): payload=1024MB, c_i=1.7, sleep=30000us, comm=345.0ms, bw=12.45 Gbps [phase1]
[JobA-LONGLIU-MAIN] iter 121 (epoch 6): payload=1024MB, c_i=1.7, sleep=30000us, comm=331.5ms, bw=12.95 Gbps [phase1]
[JobA-LONGLIU-MAIN] iter 122 (epoch 6): payload=1024MB, c_i=1.7, sleep=30000us, comm=314.8ms, bw=13.64 Gbps [phase1]
[JobA-LONGLIU-MAIN] iter 123 (epoch 6): payload=1024MB, c_i=1.7, sleep=30000us, comm=354.1ms, bw=12.13 Gbps [phase1]
[JobA-LONGLIU-MAIN] iter 124 (epoch 6): payload=1024MB, c_i=1.7, sleep=30000us, comm=318.9ms, bw=13.47 Gbps [phase1]
[JobA-LONGLIU-MAIN] iter 125 (epoch 6): payload=1024MB, c_i=1.7, sleep=30000us, comm=354.0ms, bw=12.13 Gbps [phase1]
[JobA-LONGLIU-MAIN] iter 126 (epoch 6): payload=1024MB, c_i=1.7, sleep=30000us, comm=331.9ms, bw=12.94 Gbps [phase1]
[JobA-LONGLIU-MAIN] iter 127 (epoch 6): payload=1024MB, c_i=1.7, sleep=30000us, comm=383.3ms, bw=11.20 Gbps [phase1]
[JobA-LONGLIU-MAIN] iter 128 (epoch 6): payload=1024MB, c_i=1.7, sleep=30000us, comm=368.0ms, bw=11.67 Gbps [phase1]
[JobA-LONGLIU-MAIN] iter 129 (epoch 6): payload=1024MB, c_i=1.7, sleep=30000us, comm=349.2ms, bw=12.30 Gbps [phase1]
[JobA-LONGLIU-MAIN] iter 130 (epoch 6): payload=1024MB, c_i=1.7, sleep=30000us, comm=353.3ms, bw=12.16 Gbps [phase1]
[JobA-LONGLIU-MAIN] iter 131 (epoch 6): payload=1024MB, c_i=1.7, sleep=30000us, comm=336.0ms, bw=12.78 Gbps [phase1]
[JobA-LONGLIU-MAIN] iter 132 (epoch 6): payload=1024MB, c_i=1.7, sleep=30000us, comm=349.9ms, bw=12.27 Gbps [phase1]
[JobA-LONGLIU-MAIN] iter 133 (epoch 6): payload=1024MB, c_i=1.7, sleep=30000us, comm=307.6ms, bw=13.96 Gbps [phase1]
[JobA-LONGLIU-MAIN] iter 134 (epoch 6): payload=1024MB, c_i=1.7, sleep=30000us, comm=371.9ms, bw=11.55 Gbps [phase1]
[JobA-LONGLIU-MAIN] iter 135 (epoch 6): payload=1024MB, c_i=1.7, sleep=30000us, comm=305.8ms, bw=14.05 Gbps [phase1]
[JobA-LONGLIU-MAIN] iter 136 (epoch 6): payload=1024MB, c_i=1.7, sleep=30000us, comm=338.4ms, bw=12.69 Gbps [phase1]
[JobA-LONGLIU-MAIN] iter 137 (epoch 6): payload=1024MB, c_i=1.7, sleep=30000us, comm=324.2ms, bw=13.25 Gbps [phase1]
[JobA-LONGLIU-MAIN] iter 138 (epoch 6): payload=1024MB, c_i=1.7, sleep=30000us, comm=311.3ms, bw=13.80 Gbps [phase1]
[JobA-LONGLIU-MAIN] iter 139 (epoch 6): payload=1024MB, c_i=1.7, sleep=30000us, comm=310.1ms, bw=13.85 Gbps [phase1]
[SLO] c_i updated: 1.70 → 3.00
[JobA-LONGLIU-MAIN] *** c_i SWAP at epoch 7: now c_i=3.0 ***
[JobA-LONGLIU-MAIN] iter 140 (epoch 7): payload=1024MB, c_i=3.0, sleep=30000us, comm=362.3ms, bw=11.86 Gbps [phase2]
[JobA-LONGLIU-MAIN] iter 141 (epoch 7): payload=1024MB, c_i=3.0, sleep=30000us, comm=328.1ms, bw=13.09 Gbps [phase2]
[JobA-LONGLIU-MAIN] iter 142 (epoch 7): payload=1024MB, c_i=3.0, sleep=30000us, comm=321.5ms, bw=13.36 Gbps [phase2]
[JobA-LONGLIU-MAIN] iter 143 (epoch 7): payload=1024MB, c_i=3.0, sleep=30000us, comm=345.1ms, bw=12.45 Gbps [phase2]
[JobA-LONGLIU-MAIN] iter 144 (epoch 7): payload=1024MB, c_i=3.0, sleep=30000us, comm=363.1ms, bw=11.83 Gbps [phase2]
[JobA-LONGLIU-MAIN] iter 145 (epoch 7): payload=1024MB, c_i=3.0, sleep=30000us, comm=331.3ms, bw=12.96 Gbps [phase2]
[JobA-LONGLIU-MAIN] iter 146 (epoch 7): payload=1024MB, c_i=3.0, sleep=30000us, comm=315.2ms, bw=13.63 Gbps [phase2]
[JobA-LONGLIU-MAIN] iter 147 (epoch 7): payload=1024MB, c_i=3.0, sleep=30000us, comm=330.0ms, bw=13.01 Gbps [phase2]
[JobA-LONGLIU-MAIN] iter 148 (epoch 7): payload=1024MB, c_i=3.0, sleep=30000us, comm=328.9ms, bw=13.06 Gbps [phase2]
[JobA-LONGLIU-MAIN] iter 149 (epoch 7): payload=1024MB, c_i=3.0, sleep=30000us, comm=361.5ms, bw=11.88 Gbps [phase2]
[JobA-LONGLIU-MAIN] iter 150 (epoch 7): payload=1024MB, c_i=3.0, sleep=30000us, comm=350.8ms, bw=12.24 Gbps [phase2]
[JobA-LONGLIU-MAIN] iter 151 (epoch 7): payload=1024MB, c_i=3.0, sleep=30000us, comm=319.0ms, bw=13.47 Gbps [phase2]
[JobA-LONGLIU-MAIN] iter 152 (epoch 7): payload=1024MB, c_i=3.0, sleep=30000us, comm=341.2ms, bw=12.59 Gbps [phase2]
[JobA-LONGLIU-MAIN] iter 153 (epoch 7): payload=1024MB, c_i=3.0, sleep=30000us, comm=315.6ms, bw=13.61 Gbps [phase2]
[JobA-LONGLIU-MAIN] iter 154 (epoch 7): payload=1024MB, c_i=3.0, sleep=30000us, comm=337.6ms, bw=12.72 Gbps [phase2]
[JobA-LONGLIU-MAIN] iter 155 (epoch 7): payload=1024MB, c_i=3.0, sleep=30000us, comm=328.9ms, bw=13.06 Gbps [phase2]
[JobA-LONGLIU-MAIN] iter 156 (epoch 7): payload=1024MB, c_i=3.0, sleep=30000us, comm=354.1ms, bw=12.13 Gbps [phase2]
[JobA-LONGLIU-MAIN] iter 157 (epoch 7): payload=1024MB, c_i=3.0, sleep=30000us, comm=331.5ms, bw=12.96 Gbps [phase2]
[JobA-LONGLIU-MAIN] iter 158 (epoch 7): payload=1024MB, c_i=3.0, sleep=30000us, comm=327.4ms, bw=13.12 Gbps [phase2]
[JobA-LONGLIU-MAIN] iter 159 (epoch 7): payload=1024MB, c_i=3.0, sleep=30000us, comm=329.0ms, bw=13.06 Gbps [phase2]
[SLO] Epoch 8: π=-0.554 (A=44.97s, expected=100.83s, T_target=4201.1ms, k=8), Priority P2 -> P1 (DSCP 16 -> 8)
[MultiComm] Rank 0: switching priority P2 -> P1 (DSCP 16 -> 8)
[JobA-LONGLIU-MAIN] iter 160 (epoch 8): payload=1024MB, c_i=3.0, sleep=30000us, comm=466.2ms, bw=9.21 Gbps [phase2]
[JobA-LONGLIU-MAIN] iter 161 (epoch 8): payload=1024MB, c_i=3.0, sleep=30000us, comm=310.4ms, bw=13.84 Gbps [phase2]
[JobA-LONGLIU-MAIN] iter 162 (epoch 8): payload=1024MB, c_i=3.0, sleep=30000us, comm=288.4ms, bw=14.89 Gbps [phase2]
[JobA-LONGLIU-MAIN] iter 163 (epoch 8): payload=1024MB, c_i=3.0, sleep=30000us, comm=325.1ms, bw=13.21 Gbps [phase2]
[JobA-LONGLIU-MAIN] iter 164 (epoch 8): payload=1024MB, c_i=3.0, sleep=30000us, comm=324.5ms, bw=13.24 Gbps [phase2]
[JobA-LONGLIU-MAIN] iter 165 (epoch 8): payload=1024MB, c_i=3.0, sleep=30000us, comm=314.8ms, bw=13.64 Gbps [phase2]
[JobA-LONGLIU-MAIN] iter 166 (epoch 8): payload=1024MB, c_i=3.0, sleep=30000us, comm=301.9ms, bw=14.23 Gbps [phase2]
[JobA-LONGLIU-MAIN] iter 167 (epoch 8): payload=1024MB, c_i=3.0, sleep=30000us, comm=323.6ms, bw=13.27 Gbps [phase2]
[JobA-LONGLIU-MAIN] iter 168 (epoch 8): payload=1024MB, c_i=3.0, sleep=30000us, comm=332.4ms, bw=12.92 Gbps [phase2]
[JobA-LONGLIU-MAIN] iter 169 (epoch 8): payload=1024MB, c_i=3.0, sleep=30000us, comm=323.0ms, bw=13.30 Gbps [phase2]
[JobA-LONGLIU-MAIN] iter 170 (epoch 8): payload=1024MB, c_i=3.0, sleep=30000us, comm=297.0ms, bw=14.46 Gbps [phase2]
[JobA-LONGLIU-MAIN] iter 171 (epoch 8): payload=1024MB, c_i=3.0, sleep=30000us, comm=340.4ms, bw=12.62 Gbps [phase2]
[JobA-LONGLIU-MAIN] iter 172 (epoch 8): payload=1024MB, c_i=3.0, sleep=30000us, comm=310.7ms, bw=13.83 Gbps [phase2]
[JobA-LONGLIU-MAIN] iter 173 (epoch 8): payload=1024MB, c_i=3.0, sleep=30000us, comm=328.3ms, bw=13.08 Gbps [phase2]
[JobA-LONGLIU-MAIN] iter 174 (epoch 8): payload=1024MB, c_i=3.0, sleep=30000us, comm=298.0ms, bw=14.41 Gbps [phase2]
[JobA-LONGLIU-MAIN] iter 175 (epoch 8): payload=1024MB, c_i=3.0, sleep=30000us, comm=324.0ms, bw=13.25 Gbps [phase2]
[JobA-LONGLIU-MAIN] iter 176 (epoch 8): payload=1024MB, c_i=3.0, sleep=30000us, comm=332.8ms, bw=12.90 Gbps [phase2]
[JobA-LONGLIU-MAIN] iter 177 (epoch 8): payload=1024MB, c_i=3.0, sleep=30000us, comm=320.4ms, bw=13.41 Gbps [phase2]
[JobA-LONGLIU-MAIN] iter 178 (epoch 8): payload=1024MB, c_i=3.0, sleep=30000us, comm=333.0ms, bw=12.90 Gbps [phase2]
[JobA-LONGLIU-MAIN] iter 179 (epoch 8): payload=1024MB, c_i=3.0, sleep=30000us, comm=331.3ms, bw=12.96 Gbps [phase2]
[JobA-LONGLIU-MAIN] iter 180 (epoch 9): payload=1024MB, c_i=3.0, sleep=30000us, comm=304.8ms, bw=14.09 Gbps [phase2]
[JobA-LONGLIU-MAIN] iter 181 (epoch 9): payload=1024MB, c_i=3.0, sleep=30000us, comm=302.6ms, bw=14.19 Gbps [phase2]
[JobA-LONGLIU-MAIN] iter 182 (epoch 9): payload=1024MB, c_i=3.0, sleep=30000us, comm=340.1ms, bw=12.63 Gbps [phase2]
[JobA-LONGLIU-MAIN] iter 183 (epoch 9): payload=1024MB, c_i=3.0, sleep=30000us, comm=312.0ms, bw=13.76 Gbps [phase2]
[JobA-LONGLIU-MAIN] iter 184 (epoch 9): payload=1024MB, c_i=3.0, sleep=30000us, comm=311.5ms, bw=13.79 Gbps [phase2]
[JobA-LONGLIU-MAIN] iter 185 (epoch 9): payload=1024MB, c_i=3.0, sleep=30000us, comm=327.9ms, bw=13.10 Gbps [phase2]
[JobA-LONGLIU-MAIN] iter 186 (epoch 9): payload=1024MB, c_i=3.0, sleep=30000us, comm=305.7ms, bw=14.05 Gbps [phase2]
[JobA-LONGLIU-MAIN] iter 187 (epoch 9): payload=1024MB, c_i=3.0, sleep=30000us, comm=307.2ms, bw=13.98 Gbps [phase2]
[JobA-LONGLIU-MAIN] iter 188 (epoch 9): payload=1024MB, c_i=3.0, sleep=30000us, comm=323.4ms, bw=13.28 Gbps [phase2]
[JobA-LONGLIU-MAIN] iter 189 (epoch 9): payload=1024MB, c_i=3.0, sleep=30000us, comm=310.5ms, bw=13.83 Gbps [phase2]
[JobA-LONGLIU-MAIN] iter 190 (epoch 9): payload=1024MB, c_i=3.0, sleep=30000us, comm=297.2ms, bw=14.45 Gbps [phase2]
[JobA-LONGLIU-MAIN] iter 191 (epoch 9): payload=1024MB, c_i=3.0, sleep=30000us, comm=293.3ms, bw=14.64 Gbps [phase2]
[JobA-LONGLIU-MAIN] iter 192 (epoch 9): payload=1024MB, c_i=3.0, sleep=30000us, comm=302.7ms, bw=14.19 Gbps [phase2]
[JobA-LONGLIU-MAIN] iter 193 (epoch 9): payload=1024MB, c_i=3.0, sleep=30000us, comm=323.1ms, bw=13.29 Gbps [phase2]
[JobA-LONGLIU-MAIN] iter 194 (epoch 9): payload=1024MB, c_i=3.0, sleep=30000us, comm=314.9ms, bw=13.64 Gbps [phase2]
[JobA-LONGLIU-MAIN] iter 195 (epoch 9): payload=1024MB, c_i=3.0, sleep=30000us, comm=340.2ms, bw=12.62 Gbps [phase2]
[JobA-LONGLIU-MAIN] iter 196 (epoch 9): payload=1024MB, c_i=3.0, sleep=30000us, comm=345.2ms, bw=12.44 Gbps [phase2]
[JobA-LONGLIU-MAIN] iter 197 (epoch 9): payload=1024MB, c_i=3.0, sleep=30000us, comm=314.8ms, bw=13.64 Gbps [phase2]
[JobA-LONGLIU-MAIN] iter 198 (epoch 9): payload=1024MB, c_i=3.0, sleep=30000us, comm=331.5ms, bw=12.96 Gbps [phase2]
[JobA-LONGLIU-MAIN] iter 199 (epoch 9): payload=1024MB, c_i=3.0, sleep=30000us, comm=350.8ms, bw=12.24 Gbps [phase2]
[JobA-LONGLIU-MAIN] iter 200 (epoch 10): payload=1024MB, c_i=3.0, sleep=30000us, comm=310.6ms, bw=13.83 Gbps [phase2]
[JobA-LONGLIU-MAIN] iter 201 (epoch 10): payload=1024MB, c_i=3.0, sleep=30000us, comm=328.9ms, bw=13.06 Gbps [phase2]
[JobA-LONGLIU-MAIN] iter 202 (epoch 10): payload=1024MB, c_i=3.0, sleep=30000us, comm=324.1ms, bw=13.25 Gbps [phase2]
[JobA-LONGLIU-MAIN] iter 203 (epoch 10): payload=1024MB, c_i=3.0, sleep=30000us, comm=329.1ms, bw=13.05 Gbps [phase2]
[JobA-LONGLIU-MAIN] iter 204 (epoch 10): payload=1024MB, c_i=3.0, sleep=30000us, comm=314.8ms, bw=13.64 Gbps [phase2]
[JobA-LONGLIU-MAIN] iter 205 (epoch 10): payload=1024MB, c_i=3.0, sleep=30000us, comm=336.9ms, bw=12.75 Gbps [phase2]
[JobA-LONGLIU-MAIN] iter 206 (epoch 10): payload=1024MB, c_i=3.0, sleep=30000us, comm=310.1ms, bw=13.85 Gbps [phase2]
[JobA-LONGLIU-MAIN] iter 207 (epoch 10): payload=1024MB, c_i=3.0, sleep=30000us, comm=299.0ms, bw=14.37 Gbps [phase2]
[JobA-LONGLIU-MAIN] iter 208 (epoch 10): payload=1024MB, c_i=3.0, sleep=30000us, comm=322.9ms, bw=13.30 Gbps [phase2]
[JobA-LONGLIU-MAIN] iter 209 (epoch 10): payload=1024MB, c_i=3.0, sleep=30000us, comm=306.9ms, bw=14.00 Gbps [phase2]
[JobA-LONGLIU-MAIN] iter 210 (epoch 10): payload=1024MB, c_i=3.0, sleep=30000us, comm=354.6ms, bw=12.11 Gbps [phase2]
[JobA-LONGLIU-MAIN] iter 211 (epoch 10): payload=1024MB, c_i=3.0, sleep=30000us, comm=324.3ms, bw=13.25 Gbps [phase2]
[JobA-LONGLIU-MAIN] iter 212 (epoch 10): payload=1024MB, c_i=3.0, sleep=30000us, comm=310.8ms, bw=13.82 Gbps [phase2]
[JobA-LONGLIU-MAIN] iter 213 (epoch 10): payload=1024MB, c_i=3.0, sleep=30000us, comm=364.2ms, bw=11.79 Gbps [phase2]
[JobA-LONGLIU-MAIN] iter 214 (epoch 10): payload=1024MB, c_i=3.0, sleep=30000us, comm=293.0ms, bw=14.66 Gbps [phase2]
[JobA-LONGLIU-MAIN] iter 215 (epoch 10): payload=1024MB, c_i=3.0, sleep=30000us, comm=349.4ms, bw=12.29 Gbps [phase2]
[JobA-LONGLIU-MAIN] iter 216 (epoch 10): payload=1024MB, c_i=3.0, sleep=30000us, comm=347.0ms, bw=12.38 Gbps [phase2]
[JobA-LONGLIU-MAIN] iter 217 (epoch 10): payload=1024MB, c_i=3.0, sleep=30000us, comm=311.4ms, bw=13.79 Gbps [phase2]
[JobA-LONGLIU-MAIN] iter 218 (epoch 10): payload=1024MB, c_i=3.0, sleep=30000us, comm=314.7ms, bw=13.65 Gbps [phase2]
[JobA-LONGLIU-MAIN] iter 219 (epoch 10): payload=1024MB, c_i=3.0, sleep=30000us, comm=253.5ms, bw=16.94 Gbps [phase2]
[JobA-LONGLIU-MAIN] iter 220 (epoch 11): payload=1024MB, c_i=3.0, sleep=30000us, comm=277.8ms, bw=15.46 Gbps [phase2]
[JobA-LONGLIU-MAIN] iter 221 (epoch 11): payload=1024MB, c_i=3.0, sleep=30000us, comm=255.1ms, bw=16.83 Gbps [phase2]
[JobA-LONGLIU-MAIN] iter 222 (epoch 11): payload=1024MB, c_i=3.0, sleep=30000us, comm=260.5ms, bw=16.49 Gbps [phase2]
[JobA-LONGLIU-MAIN] iter 223 (epoch 11): payload=1024MB, c_i=3.0, sleep=30000us, comm=253.9ms, bw=16.92 Gbps [phase2]
[JobA-LONGLIU-MAIN] iter 224 (epoch 11): payload=1024MB, c_i=3.0, sleep=30000us, comm=258.6ms, bw=16.61 Gbps [phase2]
[JobA-LONGLIU-MAIN] iter 225 (epoch 11): payload=1024MB, c_i=3.0, sleep=30000us, comm=293.8ms, bw=14.62 Gbps [phase2]
[JobA-LONGLIU-MAIN] iter 226 (epoch 11): payload=1024MB, c_i=3.0, sleep=30000us, comm=271.3ms, bw=15.83 Gbps [phase2]
[JobA-LONGLIU-MAIN] iter 227 (epoch 11): payload=1024MB, c_i=3.0, sleep=30000us, comm=262.7ms, bw=16.35 Gbps [phase2]
[JobA-LONGLIU-MAIN] iter 228 (epoch 11): payload=1024MB, c_i=3.0, sleep=30000us, comm=280.8ms, bw=15.30 Gbps [phase2]
[JobA-LONGLIU-MAIN] iter 229 (epoch 11): payload=1024MB, c_i=3.0, sleep=30000us, comm=259.8ms, bw=16.53 Gbps [phase2]
[JobA-LONGLIU-MAIN] iter 230 (epoch 11): payload=1024MB, c_i=3.0, sleep=30000us, comm=284.6ms, bw=15.09 Gbps [phase2]
[JobA-LONGLIU-MAIN] iter 231 (epoch 11): payload=1024MB, c_i=3.0, sleep=30000us, comm=275.5ms, bw=15.59 Gbps [phase2]
[JobA-LONGLIU-MAIN] iter 232 (epoch 11): payload=1024MB, c_i=3.0, sleep=30000us, comm=247.1ms, bw=17.38 Gbps [phase2]
[JobA-LONGLIU-MAIN] iter 233 (epoch 11): payload=1024MB, c_i=3.0, sleep=30000us, comm=246.9ms, bw=17.40 Gbps [phase2]
[JobA-LONGLIU-MAIN] iter 234 (epoch 11): payload=1024MB, c_i=3.0, sleep=30000us, comm=253.7ms, bw=16.93 Gbps [phase2]
[JobA-LONGLIU-MAIN] iter 235 (epoch 11): payload=1024MB, c_i=3.0, sleep=30000us, comm=253.8ms, bw=16.93 Gbps [phase2]
[JobA-LONGLIU-MAIN] iter 236 (epoch 11): payload=1024MB, c_i=3.0, sleep=30000us, comm=271.2ms, bw=15.84 Gbps [phase2]
[JobA-LONGLIU-MAIN] iter 237 (epoch 11): payload=1024MB, c_i=3.0, sleep=30000us, comm=228.6ms, bw=18.79 Gbps [phase2]
[JobA-LONGLIU-MAIN] iter 238 (epoch 11): payload=1024MB, c_i=3.0, sleep=30000us, comm=269.9ms, bw=15.91 Gbps [phase2]
[JobA-LONGLIU-MAIN] iter 239 (epoch 11): payload=1024MB, c_i=3.0, sleep=30000us, comm=293.7ms, bw=14.63 Gbps [phase2]
[JobA-LONGLIU-MAIN] iter 240 (epoch 12): payload=1024MB, c_i=3.0, sleep=30000us, comm=250.7ms, bw=17.13 Gbps [phase2]
[JobA-LONGLIU-MAIN] iter 241 (epoch 12): payload=1024MB, c_i=3.0, sleep=30000us, comm=257.7ms, bw=16.67 Gbps [phase2]
[JobA-LONGLIU-MAIN] iter 242 (epoch 12): payload=1024MB, c_i=3.0, sleep=30000us, comm=288.6ms, bw=14.88 Gbps [phase2]
[JobA-LONGLIU-MAIN] iter 243 (epoch 12): payload=1024MB, c_i=3.0, sleep=30000us, comm=240.9ms, bw=17.83 Gbps [phase2]
[JobA-LONGLIU-MAIN] iter 244 (epoch 12): payload=1024MB, c_i=3.0, sleep=30000us, comm=250.9ms, bw=17.12 Gbps [phase2]
[JobA-LONGLIU-MAIN] iter 245 (epoch 12): payload=1024MB, c_i=3.0, sleep=30000us, comm=246.2ms, bw=17.44 Gbps [phase2]
[JobA-LONGLIU-MAIN] iter 246 (epoch 12): payload=1024MB, c_i=3.0, sleep=30000us, comm=322.5ms, bw=13.32 Gbps [phase2]
[JobA-LONGLIU-MAIN] iter 247 (epoch 12): payload=1024MB, c_i=3.0, sleep=30000us, comm=267.4ms, bw=16.06 Gbps [phase2]
[JobA-LONGLIU-MAIN] iter 248 (epoch 12): payload=1024MB, c_i=3.0, sleep=30000us, comm=246.8ms, bw=17.40 Gbps [phase2]
[JobA-LONGLIU-MAIN] iter 249 (epoch 12): payload=1024MB, c_i=3.0, sleep=30000us, comm=235.1ms, bw=18.27 Gbps [phase2]
[JobA-LONGLIU-MAIN] iter 250 (epoch 12): payload=1024MB, c_i=3.0, sleep=30000us, comm=259.6ms, bw=16.55 Gbps [phase2]
[JobA-LONGLIU-MAIN] iter 251 (epoch 12): payload=1024MB, c_i=3.0, sleep=30000us, comm=231.6ms, bw=18.55 Gbps [phase2]
[JobA-LONGLIU-MAIN] iter 252 (epoch 12): payload=1024MB, c_i=3.0, sleep=30000us, comm=262.6ms, bw=16.36 Gbps [phase2]
[JobA-LONGLIU-MAIN] iter 253 (epoch 12): payload=1024MB, c_i=3.0, sleep=30000us, comm=251.1ms, bw=17.10 Gbps [phase2]
[JobA-LONGLIU-MAIN] iter 254 (epoch 12): payload=1024MB, c_i=3.0, sleep=30000us, comm=268.3ms, bw=16.01 Gbps [phase2]
[JobA-LONGLIU-MAIN] iter 255 (epoch 12): payload=1024MB, c_i=3.0, sleep=30000us, comm=298.3ms, bw=14.40 Gbps [phase2]
[JobA-LONGLIU-MAIN] iter 256 (epoch 12): payload=1024MB, c_i=3.0, sleep=30000us, comm=240.3ms, bw=17.87 Gbps [phase2]
[JobA-LONGLIU-MAIN] iter 257 (epoch 12): payload=1024MB, c_i=3.0, sleep=30000us, comm=244.0ms, bw=17.60 Gbps [phase2]
[JobA-LONGLIU-MAIN] iter 258 (epoch 12): payload=1024MB, c_i=3.0, sleep=30000us, comm=268.4ms, bw=16.00 Gbps [phase2]
[JobA-LONGLIU-MAIN] iter 259 (epoch 12): payload=1024MB, c_i=3.0, sleep=30000us, comm=263.1ms, bw=16.32 Gbps [phase2]
[JobA-LONGLIU-MAIN] iter 260 (epoch 13): payload=1024MB, c_i=3.0, sleep=30000us, comm=240.9ms, bw=17.83 Gbps [phase2]
[JobA-LONGLIU-MAIN] iter 261 (epoch 13): payload=1024MB, c_i=3.0, sleep=30000us, comm=244.9ms, bw=17.54 Gbps [phase2]
[JobA-LONGLIU-MAIN] iter 262 (epoch 13): payload=1024MB, c_i=3.0, sleep=30000us, comm=253.7ms, bw=16.93 Gbps [phase2]
[JobA-LONGLIU-MAIN] iter 263 (epoch 13): payload=1024MB, c_i=3.0, sleep=30000us, comm=237.6ms, bw=18.08 Gbps [phase2]
[JobA-LONGLIU-MAIN] iter 264 (epoch 13): payload=1024MB, c_i=3.0, sleep=30000us, comm=250.0ms, bw=17.18 Gbps [phase2]
[JobA-LONGLIU-MAIN] iter 265 (epoch 13): payload=1024MB, c_i=3.0, sleep=30000us, comm=281.0ms, bw=15.28 Gbps [phase2]
[JobA-LONGLIU-MAIN] iter 266 (epoch 13): payload=1024MB, c_i=3.0, sleep=30000us, comm=250.7ms, bw=17.13 Gbps [phase2]
[JobA-LONGLIU-MAIN] iter 267 (epoch 13): payload=1024MB, c_i=3.0, sleep=30000us, comm=275.4ms, bw=15.59 Gbps [phase2]
[JobA-LONGLIU-MAIN] iter 268 (epoch 13): payload=1024MB, c_i=3.0, sleep=30000us, comm=262.6ms, bw=16.36 Gbps [phase2]
[JobA-LONGLIU-MAIN] iter 269 (epoch 13): payload=1024MB, c_i=3.0, sleep=30000us, comm=258.4ms, bw=16.62 Gbps [phase2]
[JobA-LONGLIU-MAIN] iter 270 (epoch 13): payload=1024MB, c_i=3.0, sleep=30000us, comm=249.8ms, bw=17.20 Gbps [phase2]
[JobA-LONGLIU-MAIN] iter 271 (epoch 13): payload=1024MB, c_i=3.0, sleep=30000us, comm=284.1ms, bw=15.12 Gbps [phase2]
[JobA-LONGLIU-MAIN] iter 272 (epoch 13): payload=1024MB, c_i=3.0, sleep=30000us, comm=306.7ms, bw=14.00 Gbps [phase2]
[JobA-LONGLIU-MAIN] iter 273 (epoch 13): payload=1024MB, c_i=3.0, sleep=30000us, comm=280.1ms, bw=15.33 Gbps [phase2]
[JobA-LONGLIU-MAIN] iter 274 (epoch 13): payload=1024MB, c_i=3.0, sleep=30000us, comm=294.3ms, bw=14.60 Gbps [phase2]
[JobA-LONGLIU-MAIN] iter 275 (epoch 13): payload=1024MB, c_i=3.0, sleep=30000us, comm=239.6ms, bw=17.93 Gbps [phase2]
[JobA-LONGLIU-MAIN] iter 276 (epoch 13): payload=1024MB, c_i=3.0, sleep=30000us, comm=262.1ms, bw=16.38 Gbps [phase2]
[JobA-LONGLIU-MAIN] iter 277 (epoch 13): payload=1024MB, c_i=3.0, sleep=30000us, comm=243.6ms, bw=17.63 Gbps [phase2]
[JobA-LONGLIU-MAIN] iter 278 (epoch 13): payload=1024MB, c_i=3.0, sleep=30000us, comm=250.1ms, bw=17.18 Gbps [phase2]
[JobA-LONGLIU-MAIN] iter 279 (epoch 13): payload=1024MB, c_i=3.0, sleep=30000us, comm=266.9ms, bw=16.09 Gbps [phase2]
[JobA-LONGLIU-MAIN] iter 280 (epoch 14): payload=1024MB, c_i=3.0, sleep=30000us, comm=279.3ms, bw=15.38 Gbps [phase2]
[JobA-LONGLIU-MAIN] iter 281 (epoch 14): payload=1024MB, c_i=3.0, sleep=30000us, comm=245.1ms, bw=17.52 Gbps [phase2]
[JobA-LONGLIU-MAIN] iter 282 (epoch 14): payload=1024MB, c_i=3.0, sleep=30000us, comm=267.4ms, bw=16.06 Gbps [phase2]
[JobA-LONGLIU-MAIN] iter 283 (epoch 14): payload=1024MB, c_i=3.0, sleep=30000us, comm=250.5ms, bw=17.14 Gbps [phase2]
[JobA-LONGLIU-MAIN] iter 284 (epoch 14): payload=1024MB, c_i=3.0, sleep=30000us, comm=246.3ms, bw=17.44 Gbps [phase2]
[JobA-LONGLIU-MAIN] iter 285 (epoch 14): payload=1024MB, c_i=3.0, sleep=30000us, comm=255.2ms, bw=16.83 Gbps [phase2]
[JobA-LONGLIU-MAIN] iter 286 (epoch 14): payload=1024MB, c_i=3.0, sleep=30000us, comm=246.8ms, bw=17.40 Gbps [phase2]
[JobA-LONGLIU-MAIN] iter 287 (epoch 14): payload=1024MB, c_i=3.0, sleep=30000us, comm=288.5ms, bw=14.89 Gbps [phase2]
[JobA-LONGLIU-MAIN] iter 288 (epoch 14): payload=1024MB, c_i=3.0, sleep=30000us, comm=288.4ms, bw=14.89 Gbps [phase2]
[JobA-LONGLIU-MAIN] iter 289 (epoch 14): payload=1024MB, c_i=3.0, sleep=30000us, comm=273.2ms, bw=15.72 Gbps [phase2]
[JobA-LONGLIU-MAIN] iter 290 (epoch 14): payload=1024MB, c_i=3.0, sleep=30000us, comm=284.1ms, bw=15.12 Gbps [phase2]
[JobA-LONGLIU-MAIN] iter 291 (epoch 14): payload=1024MB, c_i=3.0, sleep=30000us, comm=271.8ms, bw=15.80 Gbps [phase2]
[JobA-LONGLIU-MAIN] iter 292 (epoch 14): payload=1024MB, c_i=3.0, sleep=30000us, comm=281.0ms, bw=15.29 Gbps [phase2]
[JobA-LONGLIU-MAIN] iter 293 (epoch 14): payload=1024MB, c_i=3.0, sleep=30000us, comm=258.5ms, bw=16.62 Gbps [phase2]
[JobA-LONGLIU-MAIN] iter 294 (epoch 14): payload=1024MB, c_i=3.0, sleep=30000us, comm=267.7ms, bw=16.04 Gbps [phase2]
[JobA-LONGLIU-MAIN] iter 295 (epoch 14): payload=1024MB, c_i=3.0, sleep=30000us, comm=271.7ms, bw=15.81 Gbps [phase2]
[JobA-LONGLIU-MAIN] iter 296 (epoch 14): payload=1024MB, c_i=3.0, sleep=30000us, comm=253.8ms, bw=16.92 Gbps [phase2]
[JobA-LONGLIU-MAIN] iter 297 (epoch 14): payload=1024MB, c_i=3.0, sleep=30000us, comm=301.6ms, bw=14.24 Gbps [phase2]
[JobA-LONGLIU-MAIN] iter 298 (epoch 14): payload=1024MB, c_i=3.0, sleep=30000us, comm=258.9ms, bw=16.59 Gbps [phase2]
[JobA-LONGLIU-MAIN] iter 299 (epoch 14): payload=1024MB, c_i=3.0, sleep=30000us, comm=259.8ms, bw=16.53 Gbps [phase2]
[JobA-LONGLIU-MAIN] Per-iter results saved to p4_jobA_reverse_longliu_rank0_iter.csv
[JobA-LONGLIU-MAIN] Per-epoch stats saved to p4_jobA_reverse_longliu_rank0_epoch.csv
[JobA-LONGLIU-MAIN] Phase 1 (epochs 0-6): c_i=1.7, avg_comm=271.5ms, avg_bw=17.06 Gbps, avg_prio=2.0
[JobA-LONGLIU-MAIN] Phase 2 (epochs 7-14): c_i=3.0, avg_comm=294.3ms, avg_bw=14.83 Gbps, avg_prio=1.0
[JobA-LONGLIU-MAIN] Total wall time: 85.6s
[MultiComm] Rank 0: destroyed
