[JobB-LONGLIU-MAIN] Loaded T_target=3905.16ms from /tmp/ttarget_v5_jobB.json (preset_target=True)
[MultiComm] Loading library from /home/why/LongLiu_rebuild/multi_comm_slo/build/libmulti_comm.so
[MultiComm] Rank 0: initializing 7 priorities across 1 devices
[MultiComm] Rank 0: waiting for TCP connections on port 29521...
[MultiComm] Rank 0: sent 7 IDs to rank 1
[MultiComm] Rank 0: created communicator for priority P0 (DSCP=40)
[MultiComm] Rank 0: created communicator for priority P1 (DSCP=32)
[MultiComm] Rank 0: created communicator for priority P2 (DSCP=24)
[MultiComm] Rank 0: created communicator for priority P3 (DSCP=16)
[MultiComm] Rank 0: created communicator for priority P4 (DSCP=0)
[MultiComm] Rank 0: created communicator for priority P5 (DSCP=0)
[MultiComm] Rank 0: created communicator for priority P6 (DSCP=8)
[MultiComm] Rank 0: initialization complete, starting at P6 (DSCP=8)
[MultiComm] Initialized: rank=0, world_size=2, master=192.10.10.110:29521, priority=P3
[JobB-LONGLIU-MAIN] scheduler=v1(pi), queue=SP, payload=1024MB (fixed), reverse_epoch=7 (c_i swap), num_iters=300
[JobB-LONGLIU-MAIN] Phase 1 (epoch 0-6): c_i=3.0
[JobB-LONGLIU-MAIN] Phase 2 (epoch 7-14): c_i=1.2
[JobB-LONGLIU-MAIN] GPU 0: Quadro RTX 4000, free=6.2 GB
[JobB-LONGLIU-MAIN] Warmup done.
[MultiComm] Rank 0: switching priority P6 -> P3 (DSCP 8 -> 16)
[JobB-LONGLIU-MAIN] iter   0 (epoch 0): payload=1024MB, c_i=3.0, sleep=30000us, comm=413.0ms, bw=10.40 Gbps [phase1]
[JobB-LONGLIU-MAIN] iter   1 (epoch 0): payload=1024MB, c_i=3.0, sleep=30000us, comm=292.9ms, bw=14.66 Gbps [phase1]
[JobB-LONGLIU-MAIN] iter   2 (epoch 0): payload=1024MB, c_i=3.0, sleep=30000us, comm=296.7ms, bw=14.47 Gbps [phase1]
[JobB-LONGLIU-MAIN] iter   3 (epoch 0): payload=1024MB, c_i=3.0, sleep=30000us, comm=315.3ms, bw=13.62 Gbps [phase1]
[JobB-LONGLIU-MAIN] iter   4 (epoch 0): payload=1024MB, c_i=3.0, sleep=30000us, comm=289.9ms, bw=14.82 Gbps [phase1]
[JobB-LONGLIU-MAIN] iter   5 (epoch 0): payload=1024MB, c_i=3.0, sleep=30000us, comm=292.6ms, bw=14.68 Gbps [phase1]
[JobB-LONGLIU-MAIN] iter   6 (epoch 0): payload=1024MB, c_i=3.0, sleep=30000us, comm=302.3ms, bw=14.21 Gbps [phase1]
[JobB-LONGLIU-MAIN] iter   7 (epoch 0): payload=1024MB, c_i=3.0, sleep=30000us, comm=301.1ms, bw=14.26 Gbps [phase1]
[JobB-LONGLIU-MAIN] iter   8 (epoch 0): payload=1024MB, c_i=3.0, sleep=30000us, comm=306.3ms, bw=14.02 Gbps [phase1]
[JobB-LONGLIU-MAIN] iter   9 (epoch 0): payload=1024MB, c_i=3.0, sleep=30000us, comm=285.3ms, bw=15.06 Gbps [phase1]
[JobB-LONGLIU-MAIN] iter  10 (epoch 0): payload=1024MB, c_i=3.0, sleep=30000us, comm=301.9ms, bw=14.23 Gbps [phase1]
[JobB-LONGLIU-MAIN] iter  11 (epoch 0): payload=1024MB, c_i=3.0, sleep=30000us, comm=302.5ms, bw=14.20 Gbps [phase1]
[JobB-LONGLIU-MAIN] iter  12 (epoch 0): payload=1024MB, c_i=3.0, sleep=30000us, comm=306.0ms, bw=14.04 Gbps [phase1]
[JobB-LONGLIU-MAIN] iter  13 (epoch 0): payload=1024MB, c_i=3.0, sleep=30000us, comm=292.3ms, bw=14.70 Gbps [phase1]
[JobB-LONGLIU-MAIN] iter  14 (epoch 0): payload=1024MB, c_i=3.0, sleep=30000us, comm=310.3ms, bw=13.84 Gbps [phase1]
[JobB-LONGLIU-MAIN] iter  15 (epoch 0): payload=1024MB, c_i=3.0, sleep=30000us, comm=318.7ms, bw=13.47 Gbps [phase1]
[JobB-LONGLIU-MAIN] iter  16 (epoch 0): payload=1024MB, c_i=3.0, sleep=30000us, comm=319.0ms, bw=13.47 Gbps [phase1]
[JobB-LONGLIU-MAIN] iter  17 (epoch 0): payload=1024MB, c_i=3.0, sleep=30000us, comm=318.6ms, bw=13.48 Gbps [phase1]
[JobB-LONGLIU-MAIN] iter  18 (epoch 0): payload=1024MB, c_i=3.0, sleep=30000us, comm=319.7ms, bw=13.43 Gbps [phase1]
[JobB-LONGLIU-MAIN] iter  19 (epoch 0): payload=1024MB, c_i=3.0, sleep=30000us, comm=316.0ms, bw=13.59 Gbps [phase1]
[SLO] T_target PRESET (calibrated): 3905.2ms (c_i=3.0, SLO target=11715.5ms) — EMA updates SKIPPED
[SLO] Epoch 1: π=-0.467 (A=6.25s, expected=11.72s, T_target=3905.2ms, k=1), Priority P3 -> P2 (DSCP 16 -> 24)
[MultiComm] Rank 0: switching priority P3 -> P2 (DSCP 16 -> 24)
[JobB-LONGLIU-MAIN] iter  20 (epoch 1): payload=1024MB, c_i=3.0, sleep=30000us, comm=446.1ms, bw=9.63 Gbps [phase1]
[JobB-LONGLIU-MAIN] iter  21 (epoch 1): payload=1024MB, c_i=3.0, sleep=30000us, comm=310.5ms, bw=13.83 Gbps [phase1]
[JobB-LONGLIU-MAIN] iter  22 (epoch 1): payload=1024MB, c_i=3.0, sleep=30000us, comm=319.4ms, bw=13.45 Gbps [phase1]
[JobB-LONGLIU-MAIN] iter  23 (epoch 1): payload=1024MB, c_i=3.0, sleep=30000us, comm=315.9ms, bw=13.60 Gbps [phase1]
[JobB-LONGLIU-MAIN] iter  24 (epoch 1): payload=1024MB, c_i=3.0, sleep=30000us, comm=297.7ms, bw=14.43 Gbps [phase1]
[JobB-LONGLIU-MAIN] iter  25 (epoch 1): payload=1024MB, c_i=3.0, sleep=30000us, comm=305.3ms, bw=14.07 Gbps [phase1]
[JobB-LONGLIU-MAIN] iter  26 (epoch 1): payload=1024MB, c_i=3.0, sleep=30000us, comm=302.0ms, bw=14.22 Gbps [phase1]
[JobB-LONGLIU-MAIN] iter  27 (epoch 1): payload=1024MB, c_i=3.0, sleep=30000us, comm=306.4ms, bw=14.02 Gbps [phase1]
[JobB-LONGLIU-MAIN] iter  28 (epoch 1): payload=1024MB, c_i=3.0, sleep=30000us, comm=302.3ms, bw=14.21 Gbps [phase1]
[JobB-LONGLIU-MAIN] iter  29 (epoch 1): payload=1024MB, c_i=3.0, sleep=30000us, comm=314.7ms, bw=13.65 Gbps [phase1]
[JobB-LONGLIU-MAIN] iter  30 (epoch 1): payload=1024MB, c_i=3.0, sleep=30000us, comm=289.3ms, bw=14.85 Gbps [phase1]
[JobB-LONGLIU-MAIN] iter  31 (epoch 1): payload=1024MB, c_i=3.0, sleep=30000us, comm=318.8ms, bw=13.47 Gbps [phase1]
[JobB-LONGLIU-MAIN] iter  32 (epoch 1): payload=1024MB, c_i=3.0, sleep=30000us, comm=323.0ms, bw=13.30 Gbps [phase1]
[JobB-LONGLIU-MAIN] iter  33 (epoch 1): payload=1024MB, c_i=3.0, sleep=30000us, comm=305.7ms, bw=14.05 Gbps [phase1]
[JobB-LONGLIU-MAIN] iter  34 (epoch 1): payload=1024MB, c_i=3.0, sleep=30000us, comm=293.8ms, bw=14.62 Gbps [phase1]
[JobB-LONGLIU-MAIN] iter  35 (epoch 1): payload=1024MB, c_i=3.0, sleep=30000us, comm=318.9ms, bw=13.47 Gbps [phase1]
[JobB-LONGLIU-MAIN] iter  36 (epoch 1): payload=1024MB, c_i=3.0, sleep=30000us, comm=298.4ms, bw=14.39 Gbps [phase1]
[JobB-LONGLIU-MAIN] iter  37 (epoch 1): payload=1024MB, c_i=3.0, sleep=30000us, comm=301.6ms, bw=14.24 Gbps [phase1]
[JobB-LONGLIU-MAIN] iter  38 (epoch 1): payload=1024MB, c_i=3.0, sleep=30000us, comm=238.5ms, bw=18.01 Gbps [phase1]
[JobB-LONGLIU-MAIN] iter  39 (epoch 1): payload=1024MB, c_i=3.0, sleep=30000us, comm=236.4ms, bw=18.17 Gbps [phase1]
[JobB-LONGLIU-MAIN] iter  40 (epoch 2): payload=1024MB, c_i=3.0, sleep=30000us, comm=290.5ms, bw=14.78 Gbps [phase1]
[JobB-LONGLIU-MAIN] iter  41 (epoch 2): payload=1024MB, c_i=3.0, sleep=30000us, comm=294.4ms, bw=14.59 Gbps [phase1]
[JobB-LONGLIU-MAIN] iter  42 (epoch 2): payload=1024MB, c_i=3.0, sleep=30000us, comm=309.9ms, bw=13.86 Gbps [phase1]
[JobB-LONGLIU-MAIN] iter  43 (epoch 2): payload=1024MB, c_i=3.0, sleep=30000us, comm=315.6ms, bw=13.61 Gbps [phase1]
[JobB-LONGLIU-MAIN] iter  44 (epoch 2): payload=1024MB, c_i=3.0, sleep=30000us, comm=296.9ms, bw=14.47 Gbps [phase1]
[JobB-LONGLIU-MAIN] iter  45 (epoch 2): payload=1024MB, c_i=3.0, sleep=30000us, comm=308.0ms, bw=13.95 Gbps [phase1]
[JobB-LONGLIU-MAIN] iter  46 (epoch 2): payload=1024MB, c_i=3.0, sleep=30000us, comm=301.9ms, bw=14.23 Gbps [phase1]
[JobB-LONGLIU-MAIN] iter  47 (epoch 2): payload=1024MB, c_i=3.0, sleep=30000us, comm=306.1ms, bw=14.03 Gbps [phase1]
[JobB-LONGLIU-MAIN] iter  48 (epoch 2): payload=1024MB, c_i=3.0, sleep=30000us, comm=312.2ms, bw=13.76 Gbps [phase1]
[JobB-LONGLIU-MAIN] iter  49 (epoch 2): payload=1024MB, c_i=3.0, sleep=30000us, comm=322.9ms, bw=13.30 Gbps [phase1]
[JobB-LONGLIU-MAIN] iter  50 (epoch 2): payload=1024MB, c_i=3.0, sleep=30000us, comm=312.0ms, bw=13.76 Gbps [phase1]
[JobB-LONGLIU-MAIN] iter  51 (epoch 2): payload=1024MB, c_i=3.0, sleep=30000us, comm=305.4ms, bw=14.06 Gbps [phase1]
[JobB-LONGLIU-MAIN] iter  52 (epoch 2): payload=1024MB, c_i=3.0, sleep=30000us, comm=293.0ms, bw=14.66 Gbps [phase1]
[JobB-LONGLIU-MAIN] iter  53 (epoch 2): payload=1024MB, c_i=3.0, sleep=30000us, comm=293.0ms, bw=14.66 Gbps [phase1]
[JobB-LONGLIU-MAIN] iter  54 (epoch 2): payload=1024MB, c_i=3.0, sleep=30000us, comm=301.7ms, bw=14.24 Gbps [phase1]
[JobB-LONGLIU-MAIN] iter  55 (epoch 2): payload=1024MB, c_i=3.0, sleep=30000us, comm=305.5ms, bw=14.06 Gbps [phase1]
[JobB-LONGLIU-MAIN] iter  56 (epoch 2): payload=1024MB, c_i=3.0, sleep=30000us, comm=298.3ms, bw=14.40 Gbps [phase1]
[JobB-LONGLIU-MAIN] iter  57 (epoch 2): payload=1024MB, c_i=3.0, sleep=30000us, comm=311.7ms, bw=13.78 Gbps [phase1]
[JobB-LONGLIU-MAIN] iter  58 (epoch 2): payload=1024MB, c_i=3.0, sleep=30000us, comm=316.2ms, bw=13.58 Gbps [phase1]
[JobB-LONGLIU-MAIN] iter  59 (epoch 2): payload=1024MB, c_i=3.0, sleep=30000us, comm=311.2ms, bw=13.80 Gbps [phase1]
[JobB-LONGLIU-MAIN] iter  60 (epoch 3): payload=1024MB, c_i=3.0, sleep=30000us, comm=312.3ms, bw=13.75 Gbps [phase1]
[JobB-LONGLIU-MAIN] iter  61 (epoch 3): payload=1024MB, c_i=3.0, sleep=30000us, comm=285.4ms, bw=15.05 Gbps [phase1]
[JobB-LONGLIU-MAIN] iter  62 (epoch 3): payload=1024MB, c_i=3.0, sleep=30000us, comm=302.7ms, bw=14.19 Gbps [phase1]
[JobB-LONGLIU-MAIN] iter  63 (epoch 3): payload=1024MB, c_i=3.0, sleep=30000us, comm=293.8ms, bw=14.62 Gbps [phase1]
[JobB-LONGLIU-MAIN] iter  64 (epoch 3): payload=1024MB, c_i=3.0, sleep=30000us, comm=306.8ms, bw=14.00 Gbps [phase1]
[JobB-LONGLIU-MAIN] iter  65 (epoch 3): payload=1024MB, c_i=3.0, sleep=30000us, comm=311.5ms, bw=13.79 Gbps [phase1]
[JobB-LONGLIU-MAIN] iter  66 (epoch 3): payload=1024MB, c_i=3.0, sleep=30000us, comm=301.7ms, bw=14.23 Gbps [phase1]
[JobB-LONGLIU-MAIN] iter  67 (epoch 3): payload=1024MB, c_i=3.0, sleep=30000us, comm=293.2ms, bw=14.65 Gbps [phase1]
[JobB-LONGLIU-MAIN] iter  68 (epoch 3): payload=1024MB, c_i=3.0, sleep=30000us, comm=302.9ms, bw=14.18 Gbps [phase1]
[JobB-LONGLIU-MAIN] iter  69 (epoch 3): payload=1024MB, c_i=3.0, sleep=30000us, comm=306.5ms, bw=14.01 Gbps [phase1]
[JobB-LONGLIU-MAIN] iter  70 (epoch 3): payload=1024MB, c_i=3.0, sleep=30000us, comm=302.0ms, bw=14.22 Gbps [phase1]
[JobB-LONGLIU-MAIN] iter  71 (epoch 3): payload=1024MB, c_i=3.0, sleep=30000us, comm=298.6ms, bw=14.38 Gbps [phase1]
[JobB-LONGLIU-MAIN] iter  72 (epoch 3): payload=1024MB, c_i=3.0, sleep=30000us, comm=306.2ms, bw=14.03 Gbps [phase1]
[JobB-LONGLIU-MAIN] iter  73 (epoch 3): payload=1024MB, c_i=3.0, sleep=30000us, comm=311.5ms, bw=13.79 Gbps [phase1]
[JobB-LONGLIU-MAIN] iter  74 (epoch 3): payload=1024MB, c_i=3.0, sleep=30000us, comm=285.8ms, bw=15.03 Gbps [phase1]
[JobB-LONGLIU-MAIN] iter  75 (epoch 3): payload=1024MB, c_i=3.0, sleep=30000us, comm=302.9ms, bw=14.18 Gbps [phase1]
[JobB-LONGLIU-MAIN] iter  76 (epoch 3): payload=1024MB, c_i=3.0, sleep=30000us, comm=307.1ms, bw=13.99 Gbps [phase1]
[JobB-LONGLIU-MAIN] iter  77 (epoch 3): payload=1024MB, c_i=3.0, sleep=30000us, comm=284.6ms, bw=15.09 Gbps [phase1]
[JobB-LONGLIU-MAIN] iter  78 (epoch 3): payload=1024MB, c_i=3.0, sleep=30000us, comm=307.3ms, bw=13.98 Gbps [phase1]
[JobB-LONGLIU-MAIN] iter  79 (epoch 3): payload=1024MB, c_i=3.0, sleep=30000us, comm=294.0ms, bw=14.61 Gbps [phase1]
[JobB-LONGLIU-MAIN] iter  80 (epoch 4): payload=1024MB, c_i=3.0, sleep=30000us, comm=311.6ms, bw=13.78 Gbps [phase1]
[JobB-LONGLIU-MAIN] iter  81 (epoch 4): payload=1024MB, c_i=3.0, sleep=30000us, comm=301.3ms, bw=14.26 Gbps [phase1]
[JobB-LONGLIU-MAIN] iter  82 (epoch 4): payload=1024MB, c_i=3.0, sleep=30000us, comm=318.8ms, bw=13.47 Gbps [phase1]
[JobB-LONGLIU-MAIN] iter  83 (epoch 4): payload=1024MB, c_i=3.0, sleep=30000us, comm=302.2ms, bw=14.21 Gbps [phase1]
[JobB-LONGLIU-MAIN] iter  84 (epoch 4): payload=1024MB, c_i=3.0, sleep=30000us, comm=302.1ms, bw=14.22 Gbps [phase1]
[JobB-LONGLIU-MAIN] iter  85 (epoch 4): payload=1024MB, c_i=3.0, sleep=30000us, comm=335.9ms, bw=12.79 Gbps [phase1]
[JobB-LONGLIU-MAIN] iter  86 (epoch 4): payload=1024MB, c_i=3.0, sleep=30000us, comm=306.0ms, bw=14.03 Gbps [phase1]
[JobB-LONGLIU-MAIN] iter  87 (epoch 4): payload=1024MB, c_i=3.0, sleep=30000us, comm=302.3ms, bw=14.21 Gbps [phase1]
[JobB-LONGLIU-MAIN] iter  88 (epoch 4): payload=1024MB, c_i=3.0, sleep=30000us, comm=285.6ms, bw=15.04 Gbps [phase1]
[JobB-LONGLIU-MAIN] iter  89 (epoch 4): payload=1024MB, c_i=3.0, sleep=30000us, comm=303.4ms, bw=14.16 Gbps [phase1]
[JobB-LONGLIU-MAIN] iter  90 (epoch 4): payload=1024MB, c_i=3.0, sleep=30000us, comm=315.1ms, bw=13.63 Gbps [phase1]
[JobB-LONGLIU-MAIN] iter  91 (epoch 4): payload=1024MB, c_i=3.0, sleep=30000us, comm=324.5ms, bw=13.24 Gbps [phase1]
[JobB-LONGLIU-MAIN] iter  92 (epoch 4): payload=1024MB, c_i=3.0, sleep=30000us, comm=302.5ms, bw=14.20 Gbps [phase1]
[JobB-LONGLIU-MAIN] iter  93 (epoch 4): payload=1024MB, c_i=3.0, sleep=30000us, comm=296.7ms, bw=14.48 Gbps [phase1]
[JobB-LONGLIU-MAIN] iter  94 (epoch 4): payload=1024MB, c_i=3.0, sleep=30000us, comm=306.1ms, bw=14.03 Gbps [phase1]
[JobB-LONGLIU-MAIN] iter  95 (epoch 4): payload=1024MB, c_i=3.0, sleep=30000us, comm=307.9ms, bw=13.95 Gbps [phase1]
[JobB-LONGLIU-MAIN] iter  96 (epoch 4): payload=1024MB, c_i=3.0, sleep=30000us, comm=306.8ms, bw=14.00 Gbps [phase1]
[JobB-LONGLIU-MAIN] iter  97 (epoch 4): payload=1024MB, c_i=3.0, sleep=30000us, comm=311.8ms, bw=13.78 Gbps [phase1]
[JobB-LONGLIU-MAIN] iter  98 (epoch 4): payload=1024MB, c_i=3.0, sleep=30000us, comm=299.2ms, bw=14.35 Gbps [phase1]
[JobB-LONGLIU-MAIN] iter  99 (epoch 4): payload=1024MB, c_i=3.0, sleep=30000us, comm=203.7ms, bw=21.08 Gbps [phase1]
[JobB-LONGLIU-MAIN] iter 100 (epoch 5): payload=1024MB, c_i=3.0, sleep=30000us, comm=256.1ms, bw=16.77 Gbps [phase1]
[JobB-LONGLIU-MAIN] iter 101 (epoch 5): payload=1024MB, c_i=3.0, sleep=30000us, comm=250.0ms, bw=17.18 Gbps [phase1]
[JobB-LONGLIU-MAIN] iter 102 (epoch 5): payload=1024MB, c_i=3.0, sleep=30000us, comm=254.4ms, bw=16.89 Gbps [phase1]
[JobB-LONGLIU-MAIN] iter 103 (epoch 5): payload=1024MB, c_i=3.0, sleep=30000us, comm=307.1ms, bw=13.99 Gbps [phase1]
[JobB-LONGLIU-MAIN] iter 104 (epoch 5): payload=1024MB, c_i=3.0, sleep=30000us, comm=253.9ms, bw=16.91 Gbps [phase1]
[JobB-LONGLIU-MAIN] iter 105 (epoch 5): payload=1024MB, c_i=3.0, sleep=30000us, comm=258.7ms, bw=16.60 Gbps [phase1]
[JobB-LONGLIU-MAIN] iter 106 (epoch 5): payload=1024MB, c_i=3.0, sleep=30000us, comm=257.6ms, bw=16.67 Gbps [phase1]
[JobB-LONGLIU-MAIN] iter 107 (epoch 5): payload=1024MB, c_i=3.0, sleep=30000us, comm=271.6ms, bw=15.81 Gbps [phase1]
[JobB-LONGLIU-MAIN] iter 108 (epoch 5): payload=1024MB, c_i=3.0, sleep=30000us, comm=233.4ms, bw=18.40 Gbps [phase1]
[JobB-LONGLIU-MAIN] iter 109 (epoch 5): payload=1024MB, c_i=3.0, sleep=30000us, comm=258.6ms, bw=16.61 Gbps [phase1]
[JobB-LONGLIU-MAIN] iter 110 (epoch 5): payload=1024MB, c_i=3.0, sleep=30000us, comm=258.2ms, bw=16.63 Gbps [phase1]
[JobB-LONGLIU-MAIN] iter 111 (epoch 5): payload=1024MB, c_i=3.0, sleep=30000us, comm=258.7ms, bw=16.60 Gbps [phase1]
[JobB-LONGLIU-MAIN] iter 112 (epoch 5): payload=1024MB, c_i=3.0, sleep=30000us, comm=259.1ms, bw=16.57 Gbps [phase1]
[JobB-LONGLIU-MAIN] iter 113 (epoch 5): payload=1024MB, c_i=3.0, sleep=30000us, comm=267.1ms, bw=16.08 Gbps [phase1]
[JobB-LONGLIU-MAIN] iter 114 (epoch 5): payload=1024MB, c_i=3.0, sleep=30000us, comm=271.4ms, bw=15.83 Gbps [phase1]
[JobB-LONGLIU-MAIN] iter 115 (epoch 5): payload=1024MB, c_i=3.0, sleep=30000us, comm=268.4ms, bw=16.00 Gbps [phase1]
[JobB-LONGLIU-MAIN] iter 116 (epoch 5): payload=1024MB, c_i=3.0, sleep=30000us, comm=276.6ms, bw=15.53 Gbps [phase1]
[JobB-LONGLIU-MAIN] iter 117 (epoch 5): payload=1024MB, c_i=3.0, sleep=30000us, comm=262.1ms, bw=16.39 Gbps [phase1]
[JobB-LONGLIU-MAIN] iter 118 (epoch 5): payload=1024MB, c_i=3.0, sleep=30000us, comm=245.8ms, bw=17.48 Gbps [phase1]
[JobB-LONGLIU-MAIN] iter 119 (epoch 5): payload=1024MB, c_i=3.0, sleep=30000us, comm=267.7ms, bw=16.05 Gbps [phase1]
[JobB-LONGLIU-MAIN] iter 120 (epoch 6): payload=1024MB, c_i=3.0, sleep=30000us, comm=258.7ms, bw=16.60 Gbps [phase1]
[JobB-LONGLIU-MAIN] iter 121 (epoch 6): payload=1024MB, c_i=3.0, sleep=30000us, comm=266.8ms, bw=16.10 Gbps [phase1]
[JobB-LONGLIU-MAIN] iter 122 (epoch 6): payload=1024MB, c_i=3.0, sleep=30000us, comm=281.2ms, bw=15.27 Gbps [phase1]
[JobB-LONGLIU-MAIN] iter 123 (epoch 6): payload=1024MB, c_i=3.0, sleep=30000us, comm=270.9ms, bw=15.86 Gbps [phase1]
[JobB-LONGLIU-MAIN] iter 124 (epoch 6): payload=1024MB, c_i=3.0, sleep=30000us, comm=257.8ms, bw=16.66 Gbps [phase1]
[JobB-LONGLIU-MAIN] iter 125 (epoch 6): payload=1024MB, c_i=3.0, sleep=30000us, comm=245.9ms, bw=17.47 Gbps [phase1]
[JobB-LONGLIU-MAIN] iter 126 (epoch 6): payload=1024MB, c_i=3.0, sleep=30000us, comm=245.2ms, bw=17.51 Gbps [phase1]
[JobB-LONGLIU-MAIN] iter 127 (epoch 6): payload=1024MB, c_i=3.0, sleep=30000us, comm=283.8ms, bw=15.14 Gbps [phase1]
[JobB-LONGLIU-MAIN] iter 128 (epoch 6): payload=1024MB, c_i=3.0, sleep=30000us, comm=246.5ms, bw=17.43 Gbps [phase1]
[JobB-LONGLIU-MAIN] iter 129 (epoch 6): payload=1024MB, c_i=3.0, sleep=30000us, comm=267.5ms, bw=16.05 Gbps [phase1]
[JobB-LONGLIU-MAIN] iter 130 (epoch 6): payload=1024MB, c_i=3.0, sleep=30000us, comm=249.7ms, bw=17.20 Gbps [phase1]
[JobB-LONGLIU-MAIN] iter 131 (epoch 6): payload=1024MB, c_i=3.0, sleep=30000us, comm=257.9ms, bw=16.65 Gbps [phase1]
[JobB-LONGLIU-MAIN] iter 132 (epoch 6): payload=1024MB, c_i=3.0, sleep=30000us, comm=262.8ms, bw=16.34 Gbps [phase1]
[JobB-LONGLIU-MAIN] iter 133 (epoch 6): payload=1024MB, c_i=3.0, sleep=30000us, comm=268.4ms, bw=16.00 Gbps [phase1]
[JobB-LONGLIU-MAIN] iter 134 (epoch 6): payload=1024MB, c_i=3.0, sleep=30000us, comm=257.8ms, bw=16.66 Gbps [phase1]
[JobB-LONGLIU-MAIN] iter 135 (epoch 6): payload=1024MB, c_i=3.0, sleep=30000us, comm=262.6ms, bw=16.35 Gbps [phase1]
[JobB-LONGLIU-MAIN] iter 136 (epoch 6): payload=1024MB, c_i=3.0, sleep=30000us, comm=255.5ms, bw=16.81 Gbps [phase1]
[JobB-LONGLIU-MAIN] iter 137 (epoch 6): payload=1024MB, c_i=3.0, sleep=30000us, comm=288.1ms, bw=14.91 Gbps [phase1]
[JobB-LONGLIU-MAIN] iter 138 (epoch 6): payload=1024MB, c_i=3.0, sleep=30000us, comm=245.4ms, bw=17.50 Gbps [phase1]
[JobB-LONGLIU-MAIN] iter 139 (epoch 6): payload=1024MB, c_i=3.0, sleep=30000us, comm=263.9ms, bw=16.28 Gbps [phase1]
[SLO] c_i updated: 3.00 → 1.20
[JobB-LONGLIU-MAIN] *** c_i SWAP at epoch 7: now c_i=1.2 ***
[JobB-LONGLIU-MAIN] iter 140 (epoch 7): payload=1024MB, c_i=1.2, sleep=30000us, comm=262.2ms, bw=16.38 Gbps [phase2]
[JobB-LONGLIU-MAIN] iter 141 (epoch 7): payload=1024MB, c_i=1.2, sleep=30000us, comm=249.5ms, bw=17.21 Gbps [phase2]
[JobB-LONGLIU-MAIN] iter 142 (epoch 7): payload=1024MB, c_i=1.2, sleep=30000us, comm=246.3ms, bw=17.44 Gbps [phase2]
[JobB-LONGLIU-MAIN] iter 143 (epoch 7): payload=1024MB, c_i=1.2, sleep=30000us, comm=255.0ms, bw=16.84 Gbps [phase2]
[JobB-LONGLIU-MAIN] iter 144 (epoch 7): payload=1024MB, c_i=1.2, sleep=30000us, comm=268.1ms, bw=16.02 Gbps [phase2]
[JobB-LONGLIU-MAIN] iter 145 (epoch 7): payload=1024MB, c_i=1.2, sleep=30000us, comm=267.1ms, bw=16.08 Gbps [phase2]
[JobB-LONGLIU-MAIN] iter 146 (epoch 7): payload=1024MB, c_i=1.2, sleep=30000us, comm=241.0ms, bw=17.82 Gbps [phase2]
[JobB-LONGLIU-MAIN] iter 147 (epoch 7): payload=1024MB, c_i=1.2, sleep=30000us, comm=249.2ms, bw=17.24 Gbps [phase2]
[JobB-LONGLIU-MAIN] iter 148 (epoch 7): payload=1024MB, c_i=1.2, sleep=30000us, comm=251.1ms, bw=17.10 Gbps [phase2]
[JobB-LONGLIU-MAIN] iter 149 (epoch 7): payload=1024MB, c_i=1.2, sleep=30000us, comm=258.8ms, bw=16.59 Gbps [phase2]
[JobB-LONGLIU-MAIN] iter 150 (epoch 7): payload=1024MB, c_i=1.2, sleep=30000us, comm=240.6ms, bw=17.85 Gbps [phase2]
[JobB-LONGLIU-MAIN] iter 151 (epoch 7): payload=1024MB, c_i=1.2, sleep=30000us, comm=275.7ms, bw=15.58 Gbps [phase2]
[JobB-LONGLIU-MAIN] iter 152 (epoch 7): payload=1024MB, c_i=1.2, sleep=30000us, comm=255.2ms, bw=16.83 Gbps [phase2]
[JobB-LONGLIU-MAIN] iter 153 (epoch 7): payload=1024MB, c_i=1.2, sleep=30000us, comm=253.4ms, bw=16.95 Gbps [phase2]
[JobB-LONGLIU-MAIN] iter 154 (epoch 7): payload=1024MB, c_i=1.2, sleep=30000us, comm=262.3ms, bw=16.37 Gbps [phase2]
[JobB-LONGLIU-MAIN] iter 155 (epoch 7): payload=1024MB, c_i=1.2, sleep=30000us, comm=263.5ms, bw=16.30 Gbps [phase2]
[JobB-LONGLIU-MAIN] iter 156 (epoch 7): payload=1024MB, c_i=1.2, sleep=30000us, comm=244.6ms, bw=17.56 Gbps [phase2]
[JobB-LONGLIU-MAIN] iter 157 (epoch 7): payload=1024MB, c_i=1.2, sleep=30000us, comm=253.7ms, bw=16.93 Gbps [phase2]
[JobB-LONGLIU-MAIN] iter 158 (epoch 7): payload=1024MB, c_i=1.2, sleep=30000us, comm=275.9ms, bw=15.57 Gbps [phase2]
[JobB-LONGLIU-MAIN] iter 159 (epoch 7): payload=1024MB, c_i=1.2, sleep=30000us, comm=279.4ms, bw=15.37 Gbps [phase2]
[SLO] Epoch 8: π=+0.240 (A=46.49s, expected=37.49s, T_target=3905.2ms, k=8), Priority P2 -> P4 (DSCP 24 -> 0)
[MultiComm] Rank 0: switching priority P2 -> P4 (DSCP 24 -> 0)
[JobB-LONGLIU-MAIN] iter 160 (epoch 8): payload=1024MB, c_i=1.2, sleep=30000us, comm=421.0ms, bw=10.20 Gbps [phase2]
[JobB-LONGLIU-MAIN] iter 161 (epoch 8): payload=1024MB, c_i=1.2, sleep=30000us, comm=263.7ms, bw=16.29 Gbps [phase2]
[JobB-LONGLIU-MAIN] iter 162 (epoch 8): payload=1024MB, c_i=1.2, sleep=30000us, comm=254.8ms, bw=16.85 Gbps [phase2]
[JobB-LONGLIU-MAIN] iter 163 (epoch 8): payload=1024MB, c_i=1.2, sleep=30000us, comm=241.9ms, bw=17.75 Gbps [phase2]
[JobB-LONGLIU-MAIN] iter 164 (epoch 8): payload=1024MB, c_i=1.2, sleep=30000us, comm=267.4ms, bw=16.06 Gbps [phase2]
[JobB-LONGLIU-MAIN] iter 165 (epoch 8): payload=1024MB, c_i=1.2, sleep=30000us, comm=233.3ms, bw=18.41 Gbps [phase2]
[JobB-LONGLIU-MAIN] iter 166 (epoch 8): payload=1024MB, c_i=1.2, sleep=30000us, comm=271.5ms, bw=15.82 Gbps [phase2]
[JobB-LONGLIU-MAIN] iter 167 (epoch 8): payload=1024MB, c_i=1.2, sleep=30000us, comm=255.1ms, bw=16.84 Gbps [phase2]
[JobB-LONGLIU-MAIN] iter 168 (epoch 8): payload=1024MB, c_i=1.2, sleep=30000us, comm=283.9ms, bw=15.13 Gbps [phase2]
[JobB-LONGLIU-MAIN] iter 169 (epoch 8): payload=1024MB, c_i=1.2, sleep=30000us, comm=280.9ms, bw=15.29 Gbps [phase2]
[JobB-LONGLIU-MAIN] iter 170 (epoch 8): payload=1024MB, c_i=1.2, sleep=30000us, comm=253.7ms, bw=16.93 Gbps [phase2]
[JobB-LONGLIU-MAIN] iter 171 (epoch 8): payload=1024MB, c_i=1.2, sleep=30000us, comm=263.4ms, bw=16.30 Gbps [phase2]
[JobB-LONGLIU-MAIN] iter 172 (epoch 8): payload=1024MB, c_i=1.2, sleep=30000us, comm=276.8ms, bw=15.52 Gbps [phase2]
[JobB-LONGLIU-MAIN] iter 173 (epoch 8): payload=1024MB, c_i=1.2, sleep=30000us, comm=249.0ms, bw=17.25 Gbps [phase2]
[JobB-LONGLIU-MAIN] iter 174 (epoch 8): payload=1024MB, c_i=1.2, sleep=30000us, comm=275.8ms, bw=15.57 Gbps [phase2]
[JobB-LONGLIU-MAIN] iter 175 (epoch 8): payload=1024MB, c_i=1.2, sleep=30000us, comm=250.4ms, bw=17.15 Gbps [phase2]
[JobB-LONGLIU-MAIN] iter 176 (epoch 8): payload=1024MB, c_i=1.2, sleep=30000us, comm=262.5ms, bw=16.36 Gbps [phase2]
[JobB-LONGLIU-MAIN] iter 177 (epoch 8): payload=1024MB, c_i=1.2, sleep=30000us, comm=271.6ms, bw=15.81 Gbps [phase2]
[JobB-LONGLIU-MAIN] iter 178 (epoch 8): payload=1024MB, c_i=1.2, sleep=30000us, comm=246.1ms, bw=17.45 Gbps [phase2]
[JobB-LONGLIU-MAIN] iter 179 (epoch 8): payload=1024MB, c_i=1.2, sleep=30000us, comm=257.8ms, bw=16.66 Gbps [phase2]
[JobB-LONGLIU-MAIN] iter 180 (epoch 9): payload=1024MB, c_i=1.2, sleep=30000us, comm=250.2ms, bw=17.16 Gbps [phase2]
[JobB-LONGLIU-MAIN] iter 181 (epoch 9): payload=1024MB, c_i=1.2, sleep=30000us, comm=242.7ms, bw=17.70 Gbps [phase2]
[JobB-LONGLIU-MAIN] iter 182 (epoch 9): payload=1024MB, c_i=1.2, sleep=30000us, comm=275.2ms, bw=15.61 Gbps [phase2]
[JobB-LONGLIU-MAIN] iter 183 (epoch 9): payload=1024MB, c_i=1.2, sleep=30000us, comm=247.5ms, bw=17.36 Gbps [phase2]
[JobB-LONGLIU-MAIN] iter 184 (epoch 9): payload=1024MB, c_i=1.2, sleep=30000us, comm=262.3ms, bw=16.37 Gbps [phase2]
[JobB-LONGLIU-MAIN] iter 185 (epoch 9): payload=1024MB, c_i=1.2, sleep=30000us, comm=263.1ms, bw=16.32 Gbps [phase2]
[JobB-LONGLIU-MAIN] iter 186 (epoch 9): payload=1024MB, c_i=1.2, sleep=30000us, comm=254.2ms, bw=16.90 Gbps [phase2]
[JobB-LONGLIU-MAIN] iter 187 (epoch 9): payload=1024MB, c_i=1.2, sleep=30000us, comm=264.2ms, bw=16.26 Gbps [phase2]
[JobB-LONGLIU-MAIN] iter 188 (epoch 9): payload=1024MB, c_i=1.2, sleep=30000us, comm=266.5ms, bw=16.12 Gbps [phase2]
[JobB-LONGLIU-MAIN] iter 189 (epoch 9): payload=1024MB, c_i=1.2, sleep=30000us, comm=271.6ms, bw=15.81 Gbps [phase2]
[JobB-LONGLIU-MAIN] iter 190 (epoch 9): payload=1024MB, c_i=1.2, sleep=30000us, comm=260.1ms, bw=16.51 Gbps [phase2]
[JobB-LONGLIU-MAIN] iter 191 (epoch 9): payload=1024MB, c_i=1.2, sleep=30000us, comm=289.6ms, bw=14.83 Gbps [phase2]
[JobB-LONGLIU-MAIN] iter 192 (epoch 9): payload=1024MB, c_i=1.2, sleep=30000us, comm=259.4ms, bw=16.55 Gbps [phase2]
[JobB-LONGLIU-MAIN] iter 193 (epoch 9): payload=1024MB, c_i=1.2, sleep=30000us, comm=249.7ms, bw=17.20 Gbps [phase2]
[JobB-LONGLIU-MAIN] iter 194 (epoch 9): payload=1024MB, c_i=1.2, sleep=30000us, comm=246.8ms, bw=17.40 Gbps [phase2]
[JobB-LONGLIU-MAIN] iter 195 (epoch 9): payload=1024MB, c_i=1.2, sleep=30000us, comm=249.5ms, bw=17.21 Gbps [phase2]
[JobB-LONGLIU-MAIN] iter 196 (epoch 9): payload=1024MB, c_i=1.2, sleep=30000us, comm=241.1ms, bw=17.81 Gbps [phase2]
[JobB-LONGLIU-MAIN] iter 197 (epoch 9): payload=1024MB, c_i=1.2, sleep=30000us, comm=259.5ms, bw=16.55 Gbps [phase2]
[JobB-LONGLIU-MAIN] iter 198 (epoch 9): payload=1024MB, c_i=1.2, sleep=30000us, comm=258.2ms, bw=16.64 Gbps [phase2]
[JobB-LONGLIU-MAIN] iter 199 (epoch 9): payload=1024MB, c_i=1.2, sleep=30000us, comm=253.6ms, bw=16.94 Gbps [phase2]
[JobB-LONGLIU-MAIN] iter 200 (epoch 10): payload=1024MB, c_i=1.2, sleep=30000us, comm=254.6ms, bw=16.87 Gbps [phase2]
[JobB-LONGLIU-MAIN] iter 201 (epoch 10): payload=1024MB, c_i=1.2, sleep=30000us, comm=271.6ms, bw=15.82 Gbps [phase2]
[JobB-LONGLIU-MAIN] iter 202 (epoch 10): payload=1024MB, c_i=1.2, sleep=30000us, comm=271.4ms, bw=15.82 Gbps [phase2]
[JobB-LONGLIU-MAIN] iter 203 (epoch 10): payload=1024MB, c_i=1.2, sleep=30000us, comm=260.3ms, bw=16.50 Gbps [phase2]
[JobB-LONGLIU-MAIN] iter 204 (epoch 10): payload=1024MB, c_i=1.2, sleep=30000us, comm=258.0ms, bw=16.65 Gbps [phase2]
[JobB-LONGLIU-MAIN] iter 205 (epoch 10): payload=1024MB, c_i=1.2, sleep=30000us, comm=253.7ms, bw=16.93 Gbps [phase2]
[JobB-LONGLIU-MAIN] iter 206 (epoch 10): payload=1024MB, c_i=1.2, sleep=30000us, comm=262.6ms, bw=16.36 Gbps [phase2]
[JobB-LONGLIU-MAIN] iter 207 (epoch 10): payload=1024MB, c_i=1.2, sleep=30000us, comm=259.5ms, bw=16.55 Gbps [phase2]
[JobB-LONGLIU-MAIN] iter 208 (epoch 10): payload=1024MB, c_i=1.2, sleep=30000us, comm=280.0ms, bw=15.34 Gbps [phase2]
[JobB-LONGLIU-MAIN] iter 209 (epoch 10): payload=1024MB, c_i=1.2, sleep=30000us, comm=270.7ms, bw=15.86 Gbps [phase2]
[JobB-LONGLIU-MAIN] iter 210 (epoch 10): payload=1024MB, c_i=1.2, sleep=30000us, comm=271.2ms, bw=15.84 Gbps [phase2]
[JobB-LONGLIU-MAIN] iter 211 (epoch 10): payload=1024MB, c_i=1.2, sleep=30000us, comm=253.7ms, bw=16.93 Gbps [phase2]
[JobB-LONGLIU-MAIN] iter 212 (epoch 10): payload=1024MB, c_i=1.2, sleep=30000us, comm=249.7ms, bw=17.20 Gbps [phase2]
[JobB-LONGLIU-MAIN] iter 213 (epoch 10): payload=1024MB, c_i=1.2, sleep=30000us, comm=275.3ms, bw=15.60 Gbps [phase2]
[JobB-LONGLIU-MAIN] iter 214 (epoch 10): payload=1024MB, c_i=1.2, sleep=30000us, comm=232.1ms, bw=18.50 Gbps [phase2]
[JobB-LONGLIU-MAIN] iter 215 (epoch 10): payload=1024MB, c_i=1.2, sleep=30000us, comm=249.3ms, bw=17.23 Gbps [phase2]
[JobB-LONGLIU-MAIN] iter 216 (epoch 10): payload=1024MB, c_i=1.2, sleep=30000us, comm=271.3ms, bw=15.83 Gbps [phase2]
[JobB-LONGLIU-MAIN] iter 217 (epoch 10): payload=1024MB, c_i=1.2, sleep=30000us, comm=266.9ms, bw=16.09 Gbps [phase2]
[JobB-LONGLIU-MAIN] iter 218 (epoch 10): payload=1024MB, c_i=1.2, sleep=30000us, comm=271.3ms, bw=15.83 Gbps [phase2]
[JobB-LONGLIU-MAIN] iter 219 (epoch 10): payload=1024MB, c_i=1.2, sleep=30000us, comm=236.1ms, bw=18.19 Gbps [phase2]
[JobB-LONGLIU-MAIN] iter 220 (epoch 11): payload=1024MB, c_i=1.2, sleep=30000us, comm=262.5ms, bw=16.36 Gbps [phase2]
[JobB-LONGLIU-MAIN] iter 221 (epoch 11): payload=1024MB, c_i=1.2, sleep=30000us, comm=259.1ms, bw=16.58 Gbps [phase2]
[JobB-LONGLIU-MAIN] iter 222 (epoch 11): payload=1024MB, c_i=1.2, sleep=30000us, comm=262.1ms, bw=16.39 Gbps [phase2]
[JobB-LONGLIU-MAIN] iter 223 (epoch 11): payload=1024MB, c_i=1.2, sleep=30000us, comm=263.3ms, bw=16.31 Gbps [phase2]
[JobB-LONGLIU-MAIN] iter 224 (epoch 11): payload=1024MB, c_i=1.2, sleep=30000us, comm=233.5ms, bw=18.39 Gbps [phase2]
[JobB-LONGLIU-MAIN] iter 225 (epoch 11): payload=1024MB, c_i=1.2, sleep=30000us, comm=241.2ms, bw=17.81 Gbps [phase2]
[JobB-LONGLIU-MAIN] iter 226 (epoch 11): payload=1024MB, c_i=1.2, sleep=30000us, comm=245.7ms, bw=17.48 Gbps [phase2]
[JobB-LONGLIU-MAIN] iter 227 (epoch 11): payload=1024MB, c_i=1.2, sleep=30000us, comm=249.5ms, bw=17.21 Gbps [phase2]
[JobB-LONGLIU-MAIN] iter 228 (epoch 11): payload=1024MB, c_i=1.2, sleep=30000us, comm=245.4ms, bw=17.50 Gbps [phase2]
[JobB-LONGLIU-MAIN] iter 229 (epoch 11): payload=1024MB, c_i=1.2, sleep=30000us, comm=262.3ms, bw=16.37 Gbps [phase2]
[JobB-LONGLIU-MAIN] iter 230 (epoch 11): payload=1024MB, c_i=1.2, sleep=30000us, comm=259.6ms, bw=16.54 Gbps [phase2]
[JobB-LONGLIU-MAIN] iter 231 (epoch 11): payload=1024MB, c_i=1.2, sleep=30000us, comm=272.5ms, bw=15.76 Gbps [phase2]
[JobB-LONGLIU-MAIN] iter 232 (epoch 11): payload=1024MB, c_i=1.2, sleep=30000us, comm=257.7ms, bw=16.67 Gbps [phase2]
[JobB-LONGLIU-MAIN] iter 233 (epoch 11): payload=1024MB, c_i=1.2, sleep=30000us, comm=279.9ms, bw=15.35 Gbps [phase2]
[JobB-LONGLIU-MAIN] iter 234 (epoch 11): payload=1024MB, c_i=1.2, sleep=30000us, comm=267.4ms, bw=16.06 Gbps [phase2]
[JobB-LONGLIU-MAIN] iter 235 (epoch 11): payload=1024MB, c_i=1.2, sleep=30000us, comm=276.0ms, bw=15.56 Gbps [phase2]
[JobB-LONGLIU-MAIN] iter 236 (epoch 11): payload=1024MB, c_i=1.2, sleep=30000us, comm=266.3ms, bw=16.13 Gbps [phase2]
[JobB-LONGLIU-MAIN] iter 237 (epoch 11): payload=1024MB, c_i=1.2, sleep=30000us, comm=266.9ms, bw=16.09 Gbps [phase2]
[JobB-LONGLIU-MAIN] iter 238 (epoch 11): payload=1024MB, c_i=1.2, sleep=30000us, comm=233.2ms, bw=18.42 Gbps [phase2]
[JobB-LONGLIU-MAIN] iter 239 (epoch 11): payload=1024MB, c_i=1.2, sleep=30000us, comm=240.6ms, bw=17.85 Gbps [phase2]
[JobB-LONGLIU-MAIN] iter 240 (epoch 12): payload=1024MB, c_i=1.2, sleep=30000us, comm=291.0ms, bw=14.76 Gbps [phase2]
[JobB-LONGLIU-MAIN] iter 241 (epoch 12): payload=1024MB, c_i=1.2, sleep=30000us, comm=271.3ms, bw=15.83 Gbps [phase2]
[JobB-LONGLIU-MAIN] iter 242 (epoch 12): payload=1024MB, c_i=1.2, sleep=30000us, comm=258.0ms, bw=16.65 Gbps [phase2]
[JobB-LONGLIU-MAIN] iter 243 (epoch 12): payload=1024MB, c_i=1.2, sleep=30000us, comm=260.4ms, bw=16.50 Gbps [phase2]
[JobB-LONGLIU-MAIN] iter 244 (epoch 12): payload=1024MB, c_i=1.2, sleep=30000us, comm=268.2ms, bw=16.01 Gbps [phase2]
[JobB-LONGLIU-MAIN] iter 245 (epoch 12): payload=1024MB, c_i=1.2, sleep=30000us, comm=267.0ms, bw=16.09 Gbps [phase2]
[JobB-LONGLIU-MAIN] iter 246 (epoch 12): payload=1024MB, c_i=1.2, sleep=30000us, comm=262.6ms, bw=16.36 Gbps [phase2]
[JobB-LONGLIU-MAIN] iter 247 (epoch 12): payload=1024MB, c_i=1.2, sleep=30000us, comm=241.2ms, bw=17.80 Gbps [phase2]
[JobB-LONGLIU-MAIN] iter 248 (epoch 12): payload=1024MB, c_i=1.2, sleep=30000us, comm=223.6ms, bw=19.21 Gbps [phase2]
[JobB-LONGLIU-MAIN] iter 249 (epoch 12): payload=1024MB, c_i=1.2, sleep=30000us, comm=272.3ms, bw=15.78 Gbps [phase2]
[JobB-LONGLIU-MAIN] iter 250 (epoch 12): payload=1024MB, c_i=1.2, sleep=30000us, comm=258.5ms, bw=16.61 Gbps [phase2]
[JobB-LONGLIU-MAIN] iter 251 (epoch 12): payload=1024MB, c_i=1.2, sleep=30000us, comm=272.7ms, bw=15.75 Gbps [phase2]
[JobB-LONGLIU-MAIN] iter 252 (epoch 12): payload=1024MB, c_i=1.2, sleep=30000us, comm=236.5ms, bw=18.16 Gbps [phase2]
[JobB-LONGLIU-MAIN] iter 253 (epoch 12): payload=1024MB, c_i=1.2, sleep=30000us, comm=248.0ms, bw=17.32 Gbps [phase2]
[JobB-LONGLIU-MAIN] iter 254 (epoch 12): payload=1024MB, c_i=1.2, sleep=30000us, comm=258.2ms, bw=16.63 Gbps [phase2]
[JobB-LONGLIU-MAIN] iter 255 (epoch 12): payload=1024MB, c_i=1.2, sleep=30000us, comm=245.3ms, bw=17.51 Gbps [phase2]
[JobB-LONGLIU-MAIN] iter 256 (epoch 12): payload=1024MB, c_i=1.2, sleep=30000us, comm=276.2ms, bw=15.55 Gbps [phase2]
[JobB-LONGLIU-MAIN] iter 257 (epoch 12): payload=1024MB, c_i=1.2, sleep=30000us, comm=268.6ms, bw=15.99 Gbps [phase2]
[JobB-LONGLIU-MAIN] iter 258 (epoch 12): payload=1024MB, c_i=1.2, sleep=30000us, comm=259.4ms, bw=16.56 Gbps [phase2]
[JobB-LONGLIU-MAIN] iter 259 (epoch 12): payload=1024MB, c_i=1.2, sleep=30000us, comm=308.0ms, bw=13.95 Gbps [phase2]
[JobB-LONGLIU-MAIN] iter 260 (epoch 13): payload=1024MB, c_i=1.2, sleep=30000us, comm=249.6ms, bw=17.21 Gbps [phase2]
[JobB-LONGLIU-MAIN] iter 261 (epoch 13): payload=1024MB, c_i=1.2, sleep=30000us, comm=253.7ms, bw=16.93 Gbps [phase2]
[JobB-LONGLIU-MAIN] iter 262 (epoch 13): payload=1024MB, c_i=1.2, sleep=30000us, comm=254.0ms, bw=16.91 Gbps [phase2]
[JobB-LONGLIU-MAIN] iter 263 (epoch 13): payload=1024MB, c_i=1.2, sleep=30000us, comm=257.9ms, bw=16.65 Gbps [phase2]
[JobB-LONGLIU-MAIN] iter 264 (epoch 13): payload=1024MB, c_i=1.2, sleep=30000us, comm=260.0ms, bw=16.52 Gbps [phase2]
[JobB-LONGLIU-MAIN] iter 265 (epoch 13): payload=1024MB, c_i=1.2, sleep=30000us, comm=272.1ms, bw=15.79 Gbps [phase2]
[JobB-LONGLIU-MAIN] iter 266 (epoch 13): payload=1024MB, c_i=1.2, sleep=30000us, comm=232.8ms, bw=18.45 Gbps [phase2]
[JobB-LONGLIU-MAIN] iter 267 (epoch 13): payload=1024MB, c_i=1.2, sleep=30000us, comm=267.3ms, bw=16.07 Gbps [phase2]
[JobB-LONGLIU-MAIN] iter 268 (epoch 13): payload=1024MB, c_i=1.2, sleep=30000us, comm=250.9ms, bw=17.12 Gbps [phase2]
[JobB-LONGLIU-MAIN] iter 269 (epoch 13): payload=1024MB, c_i=1.2, sleep=30000us, comm=257.9ms, bw=16.66 Gbps [phase2]
[JobB-LONGLIU-MAIN] iter 270 (epoch 13): payload=1024MB, c_i=1.2, sleep=30000us, comm=267.2ms, bw=16.08 Gbps [phase2]
[JobB-LONGLIU-MAIN] iter 271 (epoch 13): payload=1024MB, c_i=1.2, sleep=30000us, comm=275.8ms, bw=15.57 Gbps [phase2]
[JobB-LONGLIU-MAIN] iter 272 (epoch 13): payload=1024MB, c_i=1.2, sleep=30000us, comm=281.4ms, bw=15.26 Gbps [phase2]
[JobB-LONGLIU-MAIN] iter 273 (epoch 13): payload=1024MB, c_i=1.2, sleep=30000us, comm=258.1ms, bw=16.64 Gbps [phase2]
[JobB-LONGLIU-MAIN] iter 274 (epoch 13): payload=1024MB, c_i=1.2, sleep=30000us, comm=249.5ms, bw=17.21 Gbps [phase2]
[JobB-LONGLIU-MAIN] iter 275 (epoch 13): payload=1024MB, c_i=1.2, sleep=30000us, comm=268.6ms, bw=15.99 Gbps [phase2]
[JobB-LONGLIU-MAIN] iter 276 (epoch 13): payload=1024MB, c_i=1.2, sleep=30000us, comm=249.4ms, bw=17.22 Gbps [phase2]
[JobB-LONGLIU-MAIN] iter 277 (epoch 13): payload=1024MB, c_i=1.2, sleep=30000us, comm=267.8ms, bw=16.04 Gbps [phase2]
[JobB-LONGLIU-MAIN] iter 278 (epoch 13): payload=1024MB, c_i=1.2, sleep=30000us, comm=268.2ms, bw=16.02 Gbps [phase2]
[JobB-LONGLIU-MAIN] iter 279 (epoch 13): payload=1024MB, c_i=1.2, sleep=30000us, comm=271.3ms, bw=15.83 Gbps [phase2]
[JobB-LONGLIU-MAIN] iter 280 (epoch 14): payload=1024MB, c_i=1.2, sleep=30000us, comm=262.6ms, bw=16.35 Gbps [phase2]
[JobB-LONGLIU-MAIN] iter 281 (epoch 14): payload=1024MB, c_i=1.2, sleep=30000us, comm=254.5ms, bw=16.87 Gbps [phase2]
[JobB-LONGLIU-MAIN] iter 282 (epoch 14): payload=1024MB, c_i=1.2, sleep=30000us, comm=262.9ms, bw=16.34 Gbps [phase2]
[JobB-LONGLIU-MAIN] iter 283 (epoch 14): payload=1024MB, c_i=1.2, sleep=30000us, comm=254.9ms, bw=16.85 Gbps [phase2]
[JobB-LONGLIU-MAIN] iter 284 (epoch 14): payload=1024MB, c_i=1.2, sleep=30000us, comm=258.5ms, bw=16.62 Gbps [phase2]
[JobB-LONGLIU-MAIN] iter 285 (epoch 14): payload=1024MB, c_i=1.2, sleep=30000us, comm=242.5ms, bw=17.71 Gbps [phase2]
[JobB-LONGLIU-MAIN] iter 286 (epoch 14): payload=1024MB, c_i=1.2, sleep=30000us, comm=259.2ms, bw=16.57 Gbps [phase2]
[JobB-LONGLIU-MAIN] iter 287 (epoch 14): payload=1024MB, c_i=1.2, sleep=30000us, comm=275.6ms, bw=15.59 Gbps [phase2]
[JobB-LONGLIU-MAIN] iter 288 (epoch 14): payload=1024MB, c_i=1.2, sleep=30000us, comm=272.8ms, bw=15.74 Gbps [phase2]
[JobB-LONGLIU-MAIN] iter 289 (epoch 14): payload=1024MB, c_i=1.2, sleep=30000us, comm=267.0ms, bw=16.09 Gbps [phase2]
[JobB-LONGLIU-MAIN] iter 290 (epoch 14): payload=1024MB, c_i=1.2, sleep=30000us, comm=268.2ms, bw=16.01 Gbps [phase2]
[JobB-LONGLIU-MAIN] iter 291 (epoch 14): payload=1024MB, c_i=1.2, sleep=30000us, comm=258.7ms, bw=16.60 Gbps [phase2]
[JobB-LONGLIU-MAIN] iter 292 (epoch 14): payload=1024MB, c_i=1.2, sleep=30000us, comm=251.3ms, bw=17.09 Gbps [phase2]
[JobB-LONGLIU-MAIN] iter 293 (epoch 14): payload=1024MB, c_i=1.2, sleep=30000us, comm=263.2ms, bw=16.32 Gbps [phase2]
[JobB-LONGLIU-MAIN] iter 294 (epoch 14): payload=1024MB, c_i=1.2, sleep=30000us, comm=266.4ms, bw=16.12 Gbps [phase2]
[JobB-LONGLIU-MAIN] iter 295 (epoch 14): payload=1024MB, c_i=1.2, sleep=30000us, comm=267.9ms, bw=16.03 Gbps [phase2]
[JobB-LONGLIU-MAIN] iter 296 (epoch 14): payload=1024MB, c_i=1.2, sleep=30000us, comm=254.1ms, bw=16.90 Gbps [phase2]
[JobB-LONGLIU-MAIN] iter 297 (epoch 14): payload=1024MB, c_i=1.2, sleep=30000us, comm=279.2ms, bw=15.38 Gbps [phase2]
[JobB-LONGLIU-MAIN] iter 298 (epoch 14): payload=1024MB, c_i=1.2, sleep=30000us, comm=190.3ms, bw=22.57 Gbps [phase2]
[JobB-LONGLIU-MAIN] iter 299 (epoch 14): payload=1024MB, c_i=1.2, sleep=30000us, comm=177.3ms, bw=24.22 Gbps [phase2]
[JobB-LONGLIU-MAIN] Per-iter results saved to p4_jobB_reverse_longliu_rank0_iter.csv
[JobB-LONGLIU-MAIN] Per-epoch stats saved to p4_jobB_reverse_longliu_rank0_epoch.csv
[JobB-LONGLIU-MAIN] Phase 1 (epochs 0-6): c_i=3.0, avg_comm=292.7ms, avg_bw=14.82 Gbps, avg_prio=2.0
[JobB-LONGLIU-MAIN] Phase 2 (epochs 7-14): c_i=1.2, avg_comm=260.1ms, avg_bw=16.61 Gbps, avg_prio=4.0
[JobB-LONGLIU-MAIN] Total wall time: 83.2s
[MultiComm] Rank 0: destroyed
