[JobB-CRUX-MAIN] Loaded T_target=3905.16ms from /tmp/ttarget_v5_jobB.json (preset_target=True)
[MultiComm] Loading library from /home/why/LongLiu_rebuild/multi_comm_slo/build/libmulti_comm.so
[MultiComm] Rank 0: initializing 7 priorities across 1 devices
[MultiComm] Rank 0: waiting for TCP connections on port 29521...
[MultiComm] Rank 0: sent 7 IDs to rank 1
[MultiComm] Rank 0: created communicator for priority P0 (DSCP=40)
[MultiComm] Rank 0: created communicator for priority P1 (DSCP=32)
[MultiComm] Rank 0: created communicator for priority P2 (DSCP=24)
[MultiComm] Rank 0: created communicator for priority P3 (DSCP=16)
[MultiComm] Rank 0: created communicator for priority P4 (DSCP=0)
[MultiComm] Rank 0: created communicator for priority P5 (DSCP=0)
[MultiComm] Rank 0: created communicator for priority P6 (DSCP=8)
[MultiComm] Rank 0: initialization complete, starting at P6 (DSCP=8)
[MultiComm] Initialized: rank=0, world_size=2, master=192.10.10.110:29521, priority=P3
[JobB-CRUX-MAIN] scheduler=CRUX-static, queue=SP, payload=1024MB (fixed), reverse_epoch=7 (c_i swap), num_iters=300
[JobB-CRUX-MAIN] Phase 1 (epoch 0-6): c_i=3.0
[JobB-CRUX-MAIN] Phase 2 (epoch 7-14): c_i=1.2
[JobB-CRUX] Static priority: P3 (DSCP=24) — based on GPU intensity, held fixed
[JobB-CRUX-MAIN] GPU 0: Quadro RTX 4000, free=6.2 GB
[JobB-CRUX-MAIN] Warmup done.
[MultiComm] Rank 0: switching priority P6 -> P3 (DSCP 8 -> 16)
[JobB-CRUX-MAIN] iter   0 (epoch 0): payload=1024MB, c_i=3.0, sleep=30000us, comm=416.6ms, bw=10.31 Gbps [phase1]
[JobB-CRUX-MAIN] iter   1 (epoch 0): payload=1024MB, c_i=3.0, sleep=30000us, comm=289.1ms, bw=14.85 Gbps [phase1]
[JobB-CRUX-MAIN] iter   2 (epoch 0): payload=1024MB, c_i=3.0, sleep=30000us, comm=301.5ms, bw=14.25 Gbps [phase1]
[JobB-CRUX-MAIN] iter   3 (epoch 0): payload=1024MB, c_i=3.0, sleep=30000us, comm=284.2ms, bw=15.11 Gbps [phase1]
[JobB-CRUX-MAIN] iter   4 (epoch 0): payload=1024MB, c_i=3.0, sleep=30000us, comm=301.5ms, bw=14.24 Gbps [phase1]
[JobB-CRUX-MAIN] iter   5 (epoch 0): payload=1024MB, c_i=3.0, sleep=30000us, comm=288.9ms, bw=14.87 Gbps [phase1]
[JobB-CRUX-MAIN] iter   6 (epoch 0): payload=1024MB, c_i=3.0, sleep=30000us, comm=284.6ms, bw=15.09 Gbps [phase1]
[JobB-CRUX-MAIN] iter   7 (epoch 0): payload=1024MB, c_i=3.0, sleep=30000us, comm=305.8ms, bw=14.04 Gbps [phase1]
[JobB-CRUX-MAIN] iter   8 (epoch 0): payload=1024MB, c_i=3.0, sleep=30000us, comm=298.0ms, bw=14.41 Gbps [phase1]
[JobB-CRUX-MAIN] iter   9 (epoch 0): payload=1024MB, c_i=3.0, sleep=30000us, comm=304.5ms, bw=14.11 Gbps [phase1]
[JobB-CRUX-MAIN] iter  10 (epoch 0): payload=1024MB, c_i=3.0, sleep=30000us, comm=293.6ms, bw=14.63 Gbps [phase1]
[JobB-CRUX-MAIN] iter  11 (epoch 0): payload=1024MB, c_i=3.0, sleep=30000us, comm=293.5ms, bw=14.63 Gbps [phase1]
[JobB-CRUX-MAIN] iter  12 (epoch 0): payload=1024MB, c_i=3.0, sleep=30000us, comm=294.5ms, bw=14.58 Gbps [phase1]
[JobB-CRUX-MAIN] iter  13 (epoch 0): payload=1024MB, c_i=3.0, sleep=30000us, comm=294.1ms, bw=14.60 Gbps [phase1]
[JobB-CRUX-MAIN] iter  14 (epoch 0): payload=1024MB, c_i=3.0, sleep=30000us, comm=294.0ms, bw=14.61 Gbps [phase1]
[JobB-CRUX-MAIN] iter  15 (epoch 0): payload=1024MB, c_i=3.0, sleep=30000us, comm=315.8ms, bw=13.60 Gbps [phase1]
[JobB-CRUX-MAIN] iter  16 (epoch 0): payload=1024MB, c_i=3.0, sleep=30000us, comm=293.5ms, bw=14.64 Gbps [phase1]
[JobB-CRUX-MAIN] iter  17 (epoch 0): payload=1024MB, c_i=3.0, sleep=30000us, comm=284.8ms, bw=15.08 Gbps [phase1]
[JobB-CRUX-MAIN] iter  18 (epoch 0): payload=1024MB, c_i=3.0, sleep=30000us, comm=284.0ms, bw=15.13 Gbps [phase1]
[JobB-CRUX-MAIN] iter  19 (epoch 0): payload=1024MB, c_i=3.0, sleep=30000us, comm=293.5ms, bw=14.63 Gbps [phase1]
[JobB-CRUX-MAIN] iter  20 (epoch 1): payload=1024MB, c_i=3.0, sleep=30000us, comm=286.0ms, bw=15.02 Gbps [phase1]
[JobB-CRUX-MAIN] iter  21 (epoch 1): payload=1024MB, c_i=3.0, sleep=30000us, comm=290.0ms, bw=14.81 Gbps [phase1]
[JobB-CRUX-MAIN] iter  22 (epoch 1): payload=1024MB, c_i=3.0, sleep=30000us, comm=302.6ms, bw=14.19 Gbps [phase1]
[JobB-CRUX-MAIN] iter  23 (epoch 1): payload=1024MB, c_i=3.0, sleep=30000us, comm=312.2ms, bw=13.76 Gbps [phase1]
[JobB-CRUX-MAIN] iter  24 (epoch 1): payload=1024MB, c_i=3.0, sleep=30000us, comm=297.3ms, bw=14.44 Gbps [phase1]
[JobB-CRUX-MAIN] iter  25 (epoch 1): payload=1024MB, c_i=3.0, sleep=30000us, comm=318.6ms, bw=13.48 Gbps [phase1]
[JobB-CRUX-MAIN] iter  26 (epoch 1): payload=1024MB, c_i=3.0, sleep=30000us, comm=314.3ms, bw=13.67 Gbps [phase1]
[JobB-CRUX-MAIN] iter  27 (epoch 1): payload=1024MB, c_i=3.0, sleep=30000us, comm=281.9ms, bw=15.24 Gbps [phase1]
[JobB-CRUX-MAIN] iter  28 (epoch 1): payload=1024MB, c_i=3.0, sleep=30000us, comm=293.5ms, bw=14.63 Gbps [phase1]
[JobB-CRUX-MAIN] iter  29 (epoch 1): payload=1024MB, c_i=3.0, sleep=30000us, comm=302.2ms, bw=14.21 Gbps [phase1]
[JobB-CRUX-MAIN] iter  30 (epoch 1): payload=1024MB, c_i=3.0, sleep=30000us, comm=298.3ms, bw=14.40 Gbps [phase1]
[JobB-CRUX-MAIN] iter  31 (epoch 1): payload=1024MB, c_i=3.0, sleep=30000us, comm=288.9ms, bw=14.87 Gbps [phase1]
[JobB-CRUX-MAIN] iter  32 (epoch 1): payload=1024MB, c_i=3.0, sleep=30000us, comm=284.3ms, bw=15.11 Gbps [phase1]
[JobB-CRUX-MAIN] iter  33 (epoch 1): payload=1024MB, c_i=3.0, sleep=30000us, comm=293.0ms, bw=14.66 Gbps [phase1]
[JobB-CRUX-MAIN] iter  34 (epoch 1): payload=1024MB, c_i=3.0, sleep=30000us, comm=344.7ms, bw=12.46 Gbps [phase1]
[JobB-CRUX-MAIN] iter  35 (epoch 1): payload=1024MB, c_i=3.0, sleep=30000us, comm=298.5ms, bw=14.39 Gbps [phase1]
[JobB-CRUX-MAIN] iter  36 (epoch 1): payload=1024MB, c_i=3.0, sleep=30000us, comm=294.3ms, bw=14.59 Gbps [phase1]
[JobB-CRUX-MAIN] iter  37 (epoch 1): payload=1024MB, c_i=3.0, sleep=30000us, comm=297.9ms, bw=14.42 Gbps [phase1]
[JobB-CRUX-MAIN] iter  38 (epoch 1): payload=1024MB, c_i=3.0, sleep=30000us, comm=293.5ms, bw=14.63 Gbps [phase1]
[JobB-CRUX-MAIN] iter  39 (epoch 1): payload=1024MB, c_i=3.0, sleep=30000us, comm=284.5ms, bw=15.10 Gbps [phase1]
[JobB-CRUX-MAIN] iter  40 (epoch 2): payload=1024MB, c_i=3.0, sleep=30000us, comm=281.6ms, bw=15.25 Gbps [phase1]
[JobB-CRUX-MAIN] iter  41 (epoch 2): payload=1024MB, c_i=3.0, sleep=30000us, comm=301.2ms, bw=14.26 Gbps [phase1]
[JobB-CRUX-MAIN] iter  42 (epoch 2): payload=1024MB, c_i=3.0, sleep=30000us, comm=318.5ms, bw=13.48 Gbps [phase1]
[JobB-CRUX-MAIN] iter  43 (epoch 2): payload=1024MB, c_i=3.0, sleep=30000us, comm=307.3ms, bw=13.98 Gbps [phase1]
[JobB-CRUX-MAIN] iter  44 (epoch 2): payload=1024MB, c_i=3.0, sleep=30000us, comm=294.0ms, bw=14.61 Gbps [phase1]
[JobB-CRUX-MAIN] iter  45 (epoch 2): payload=1024MB, c_i=3.0, sleep=30000us, comm=297.9ms, bw=14.42 Gbps [phase1]
[JobB-CRUX-MAIN] iter  46 (epoch 2): payload=1024MB, c_i=3.0, sleep=30000us, comm=285.1ms, bw=15.06 Gbps [phase1]
[JobB-CRUX-MAIN] iter  47 (epoch 2): payload=1024MB, c_i=3.0, sleep=30000us, comm=285.2ms, bw=15.06 Gbps [phase1]
[JobB-CRUX-MAIN] iter  48 (epoch 2): payload=1024MB, c_i=3.0, sleep=30000us, comm=276.6ms, bw=15.53 Gbps [phase1]
[JobB-CRUX-MAIN] iter  49 (epoch 2): payload=1024MB, c_i=3.0, sleep=30000us, comm=285.0ms, bw=15.07 Gbps [phase1]
[JobB-CRUX-MAIN] iter  50 (epoch 2): payload=1024MB, c_i=3.0, sleep=30000us, comm=289.3ms, bw=14.85 Gbps [phase1]
[JobB-CRUX-MAIN] iter  51 (epoch 2): payload=1024MB, c_i=3.0, sleep=30000us, comm=298.9ms, bw=14.37 Gbps [phase1]
[JobB-CRUX-MAIN] iter  52 (epoch 2): payload=1024MB, c_i=3.0, sleep=30000us, comm=284.9ms, bw=15.07 Gbps [phase1]
[JobB-CRUX-MAIN] iter  53 (epoch 2): payload=1024MB, c_i=3.0, sleep=30000us, comm=294.1ms, bw=14.61 Gbps [phase1]
[JobB-CRUX-MAIN] iter  54 (epoch 2): payload=1024MB, c_i=3.0, sleep=30000us, comm=289.2ms, bw=14.85 Gbps [phase1]
[JobB-CRUX-MAIN] iter  55 (epoch 2): payload=1024MB, c_i=3.0, sleep=30000us, comm=294.4ms, bw=14.59 Gbps [phase1]
[JobB-CRUX-MAIN] iter  56 (epoch 2): payload=1024MB, c_i=3.0, sleep=30000us, comm=293.6ms, bw=14.63 Gbps [phase1]
[JobB-CRUX-MAIN] iter  57 (epoch 2): payload=1024MB, c_i=3.0, sleep=30000us, comm=285.0ms, bw=15.07 Gbps [phase1]
[JobB-CRUX-MAIN] iter  58 (epoch 2): payload=1024MB, c_i=3.0, sleep=30000us, comm=293.2ms, bw=14.65 Gbps [phase1]
[JobB-CRUX-MAIN] iter  59 (epoch 2): payload=1024MB, c_i=3.0, sleep=30000us, comm=314.6ms, bw=13.65 Gbps [phase1]
[JobB-CRUX-MAIN] iter  60 (epoch 3): payload=1024MB, c_i=3.0, sleep=30000us, comm=297.2ms, bw=14.45 Gbps [phase1]
[JobB-CRUX-MAIN] iter  61 (epoch 3): payload=1024MB, c_i=3.0, sleep=30000us, comm=302.6ms, bw=14.20 Gbps [phase1]
[JobB-CRUX-MAIN] iter  62 (epoch 3): payload=1024MB, c_i=3.0, sleep=30000us, comm=311.3ms, bw=13.80 Gbps [phase1]
[JobB-CRUX-MAIN] iter  63 (epoch 3): payload=1024MB, c_i=3.0, sleep=30000us, comm=314.1ms, bw=13.67 Gbps [phase1]
[JobB-CRUX-MAIN] iter  64 (epoch 3): payload=1024MB, c_i=3.0, sleep=30000us, comm=288.7ms, bw=14.88 Gbps [phase1]
[JobB-CRUX-MAIN] iter  65 (epoch 3): payload=1024MB, c_i=3.0, sleep=30000us, comm=293.2ms, bw=14.65 Gbps [phase1]
[JobB-CRUX-MAIN] iter  66 (epoch 3): payload=1024MB, c_i=3.0, sleep=30000us, comm=311.8ms, bw=13.77 Gbps [phase1]
[JobB-CRUX-MAIN] iter  67 (epoch 3): payload=1024MB, c_i=3.0, sleep=30000us, comm=315.8ms, bw=13.60 Gbps [phase1]
[JobB-CRUX-MAIN] iter  68 (epoch 3): payload=1024MB, c_i=3.0, sleep=30000us, comm=306.6ms, bw=14.01 Gbps [phase1]
[JobB-CRUX-MAIN] iter  69 (epoch 3): payload=1024MB, c_i=3.0, sleep=30000us, comm=301.4ms, bw=14.25 Gbps [phase1]
[JobB-CRUX-MAIN] iter  70 (epoch 3): payload=1024MB, c_i=3.0, sleep=30000us, comm=288.4ms, bw=14.89 Gbps [phase1]
[JobB-CRUX-MAIN] iter  71 (epoch 3): payload=1024MB, c_i=3.0, sleep=30000us, comm=305.9ms, bw=14.04 Gbps [phase1]
[JobB-CRUX-MAIN] iter  72 (epoch 3): payload=1024MB, c_i=3.0, sleep=30000us, comm=288.9ms, bw=14.87 Gbps [phase1]
[JobB-CRUX-MAIN] iter  73 (epoch 3): payload=1024MB, c_i=3.0, sleep=30000us, comm=298.5ms, bw=14.39 Gbps [phase1]
[JobB-CRUX-MAIN] iter  74 (epoch 3): payload=1024MB, c_i=3.0, sleep=30000us, comm=311.2ms, bw=13.80 Gbps [phase1]
[JobB-CRUX-MAIN] iter  75 (epoch 3): payload=1024MB, c_i=3.0, sleep=30000us, comm=302.2ms, bw=14.21 Gbps [phase1]
[JobB-CRUX-MAIN] iter  76 (epoch 3): payload=1024MB, c_i=3.0, sleep=30000us, comm=316.2ms, bw=13.58 Gbps [phase1]
[JobB-CRUX-MAIN] iter  77 (epoch 3): payload=1024MB, c_i=3.0, sleep=30000us, comm=288.5ms, bw=14.89 Gbps [phase1]
[JobB-CRUX-MAIN] iter  78 (epoch 3): payload=1024MB, c_i=3.0, sleep=30000us, comm=284.6ms, bw=15.09 Gbps [phase1]
[JobB-CRUX-MAIN] iter  79 (epoch 3): payload=1024MB, c_i=3.0, sleep=30000us, comm=289.2ms, bw=14.85 Gbps [phase1]
[JobB-CRUX-MAIN] iter  80 (epoch 4): payload=1024MB, c_i=3.0, sleep=30000us, comm=285.7ms, bw=15.03 Gbps [phase1]
[JobB-CRUX-MAIN] iter  81 (epoch 4): payload=1024MB, c_i=3.0, sleep=30000us, comm=284.6ms, bw=15.09 Gbps [phase1]
[JobB-CRUX-MAIN] iter  82 (epoch 4): payload=1024MB, c_i=3.0, sleep=30000us, comm=307.3ms, bw=13.98 Gbps [phase1]
[JobB-CRUX-MAIN] iter  83 (epoch 4): payload=1024MB, c_i=3.0, sleep=30000us, comm=297.4ms, bw=14.44 Gbps [phase1]
[JobB-CRUX-MAIN] iter  84 (epoch 4): payload=1024MB, c_i=3.0, sleep=30000us, comm=297.2ms, bw=14.45 Gbps [phase1]
[JobB-CRUX-MAIN] iter  85 (epoch 4): payload=1024MB, c_i=3.0, sleep=30000us, comm=299.0ms, bw=14.36 Gbps [phase1]
[JobB-CRUX-MAIN] iter  86 (epoch 4): payload=1024MB, c_i=3.0, sleep=30000us, comm=297.2ms, bw=14.45 Gbps [phase1]
[JobB-CRUX-MAIN] iter  87 (epoch 4): payload=1024MB, c_i=3.0, sleep=30000us, comm=293.2ms, bw=14.65 Gbps [phase1]
[JobB-CRUX-MAIN] iter  88 (epoch 4): payload=1024MB, c_i=3.0, sleep=30000us, comm=284.5ms, bw=15.10 Gbps [phase1]
[JobB-CRUX-MAIN] iter  89 (epoch 4): payload=1024MB, c_i=3.0, sleep=30000us, comm=297.4ms, bw=14.44 Gbps [phase1]
[JobB-CRUX-MAIN] iter  90 (epoch 4): payload=1024MB, c_i=3.0, sleep=30000us, comm=306.1ms, bw=14.03 Gbps [phase1]
[JobB-CRUX-MAIN] iter  91 (epoch 4): payload=1024MB, c_i=3.0, sleep=30000us, comm=285.7ms, bw=15.03 Gbps [phase1]
[JobB-CRUX-MAIN] iter  92 (epoch 4): payload=1024MB, c_i=3.0, sleep=30000us, comm=301.8ms, bw=14.23 Gbps [phase1]
[JobB-CRUX-MAIN] iter  93 (epoch 4): payload=1024MB, c_i=3.0, sleep=30000us, comm=323.5ms, bw=13.28 Gbps [phase1]
[JobB-CRUX-MAIN] iter  94 (epoch 4): payload=1024MB, c_i=3.0, sleep=30000us, comm=300.0ms, bw=14.32 Gbps [phase1]
[JobB-CRUX-MAIN] iter  95 (epoch 4): payload=1024MB, c_i=3.0, sleep=30000us, comm=325.8ms, bw=13.18 Gbps [phase1]
[JobB-CRUX-MAIN] iter  96 (epoch 4): payload=1024MB, c_i=3.0, sleep=30000us, comm=301.3ms, bw=14.25 Gbps [phase1]
[JobB-CRUX-MAIN] iter  97 (epoch 4): payload=1024MB, c_i=3.0, sleep=30000us, comm=305.6ms, bw=14.05 Gbps [phase1]
[JobB-CRUX-MAIN] iter  98 (epoch 4): payload=1024MB, c_i=3.0, sleep=30000us, comm=306.0ms, bw=14.03 Gbps [phase1]
[JobB-CRUX-MAIN] iter  99 (epoch 4): payload=1024MB, c_i=3.0, sleep=30000us, comm=310.0ms, bw=13.85 Gbps [phase1]
[JobB-CRUX-MAIN] iter 100 (epoch 5): payload=1024MB, c_i=3.0, sleep=30000us, comm=301.2ms, bw=14.26 Gbps [phase1]
[JobB-CRUX-MAIN] iter 101 (epoch 5): payload=1024MB, c_i=3.0, sleep=30000us, comm=293.0ms, bw=14.66 Gbps [phase1]
[JobB-CRUX-MAIN] iter 102 (epoch 5): payload=1024MB, c_i=3.0, sleep=30000us, comm=304.1ms, bw=14.13 Gbps [phase1]
[JobB-CRUX-MAIN] iter 103 (epoch 5): payload=1024MB, c_i=3.0, sleep=30000us, comm=314.5ms, bw=13.66 Gbps [phase1]
[JobB-CRUX-MAIN] iter 104 (epoch 5): payload=1024MB, c_i=3.0, sleep=30000us, comm=297.9ms, bw=14.42 Gbps [phase1]
[JobB-CRUX-MAIN] iter 105 (epoch 5): payload=1024MB, c_i=3.0, sleep=30000us, comm=285.0ms, bw=15.07 Gbps [phase1]
[JobB-CRUX-MAIN] iter 106 (epoch 5): payload=1024MB, c_i=3.0, sleep=30000us, comm=310.1ms, bw=13.85 Gbps [phase1]
[JobB-CRUX-MAIN] iter 107 (epoch 5): payload=1024MB, c_i=3.0, sleep=30000us, comm=302.2ms, bw=14.21 Gbps [phase1]
[JobB-CRUX-MAIN] iter 108 (epoch 5): payload=1024MB, c_i=3.0, sleep=30000us, comm=294.1ms, bw=14.61 Gbps [phase1]
[JobB-CRUX-MAIN] iter 109 (epoch 5): payload=1024MB, c_i=3.0, sleep=30000us, comm=302.4ms, bw=14.20 Gbps [phase1]
[JobB-CRUX-MAIN] iter 110 (epoch 5): payload=1024MB, c_i=3.0, sleep=30000us, comm=309.9ms, bw=13.86 Gbps [phase1]
[JobB-CRUX-MAIN] iter 111 (epoch 5): payload=1024MB, c_i=3.0, sleep=30000us, comm=292.9ms, bw=14.66 Gbps [phase1]
[JobB-CRUX-MAIN] iter 112 (epoch 5): payload=1024MB, c_i=3.0, sleep=30000us, comm=288.7ms, bw=14.88 Gbps [phase1]
[JobB-CRUX-MAIN] iter 113 (epoch 5): payload=1024MB, c_i=3.0, sleep=30000us, comm=302.7ms, bw=14.19 Gbps [phase1]
[JobB-CRUX-MAIN] iter 114 (epoch 5): payload=1024MB, c_i=3.0, sleep=30000us, comm=284.4ms, bw=15.10 Gbps [phase1]
[JobB-CRUX-MAIN] iter 115 (epoch 5): payload=1024MB, c_i=3.0, sleep=30000us, comm=293.9ms, bw=14.61 Gbps [phase1]
[JobB-CRUX-MAIN] iter 116 (epoch 5): payload=1024MB, c_i=3.0, sleep=30000us, comm=293.4ms, bw=14.64 Gbps [phase1]
[JobB-CRUX-MAIN] iter 117 (epoch 5): payload=1024MB, c_i=3.0, sleep=30000us, comm=301.4ms, bw=14.25 Gbps [phase1]
[JobB-CRUX-MAIN] iter 118 (epoch 5): payload=1024MB, c_i=3.0, sleep=30000us, comm=288.4ms, bw=14.89 Gbps [phase1]
[JobB-CRUX-MAIN] iter 119 (epoch 5): payload=1024MB, c_i=3.0, sleep=30000us, comm=290.4ms, bw=14.79 Gbps [phase1]
[JobB-CRUX-MAIN] iter 120 (epoch 6): payload=1024MB, c_i=3.0, sleep=30000us, comm=285.7ms, bw=15.04 Gbps [phase1]
[JobB-CRUX-MAIN] iter 121 (epoch 6): payload=1024MB, c_i=3.0, sleep=30000us, comm=281.7ms, bw=15.25 Gbps [phase1]
[JobB-CRUX-MAIN] iter 122 (epoch 6): payload=1024MB, c_i=3.0, sleep=30000us, comm=301.5ms, bw=14.24 Gbps [phase1]
[JobB-CRUX-MAIN] iter 123 (epoch 6): payload=1024MB, c_i=3.0, sleep=30000us, comm=281.0ms, bw=15.28 Gbps [phase1]
[JobB-CRUX-MAIN] iter 124 (epoch 6): payload=1024MB, c_i=3.0, sleep=30000us, comm=310.0ms, bw=13.85 Gbps [phase1]
[JobB-CRUX-MAIN] iter 125 (epoch 6): payload=1024MB, c_i=3.0, sleep=30000us, comm=318.4ms, bw=13.49 Gbps [phase1]
[JobB-CRUX-MAIN] iter 126 (epoch 6): payload=1024MB, c_i=3.0, sleep=30000us, comm=314.5ms, bw=13.66 Gbps [phase1]
[JobB-CRUX-MAIN] iter 127 (epoch 6): payload=1024MB, c_i=3.0, sleep=30000us, comm=310.5ms, bw=13.83 Gbps [phase1]
[JobB-CRUX-MAIN] iter 128 (epoch 6): payload=1024MB, c_i=3.0, sleep=30000us, comm=302.1ms, bw=14.22 Gbps [phase1]
[JobB-CRUX-MAIN] iter 129 (epoch 6): payload=1024MB, c_i=3.0, sleep=30000us, comm=307.4ms, bw=13.97 Gbps [phase1]
[JobB-CRUX-MAIN] iter 130 (epoch 6): payload=1024MB, c_i=3.0, sleep=30000us, comm=304.5ms, bw=14.10 Gbps [phase1]
[JobB-CRUX-MAIN] iter 131 (epoch 6): payload=1024MB, c_i=3.0, sleep=30000us, comm=306.6ms, bw=14.01 Gbps [phase1]
[JobB-CRUX-MAIN] iter 132 (epoch 6): payload=1024MB, c_i=3.0, sleep=30000us, comm=297.5ms, bw=14.43 Gbps [phase1]
[JobB-CRUX-MAIN] iter 133 (epoch 6): payload=1024MB, c_i=3.0, sleep=30000us, comm=297.4ms, bw=14.44 Gbps [phase1]
[JobB-CRUX-MAIN] iter 134 (epoch 6): payload=1024MB, c_i=3.0, sleep=30000us, comm=288.7ms, bw=14.88 Gbps [phase1]
[JobB-CRUX-MAIN] iter 135 (epoch 6): payload=1024MB, c_i=3.0, sleep=30000us, comm=281.4ms, bw=15.26 Gbps [phase1]
[JobB-CRUX-MAIN] iter 136 (epoch 6): payload=1024MB, c_i=3.0, sleep=30000us, comm=302.1ms, bw=14.22 Gbps [phase1]
[JobB-CRUX-MAIN] iter 137 (epoch 6): payload=1024MB, c_i=3.0, sleep=30000us, comm=280.9ms, bw=15.29 Gbps [phase1]
[JobB-CRUX-MAIN] iter 138 (epoch 6): payload=1024MB, c_i=3.0, sleep=30000us, comm=303.4ms, bw=14.16 Gbps [phase1]
[JobB-CRUX-MAIN] iter 139 (epoch 6): payload=1024MB, c_i=3.0, sleep=30000us, comm=298.4ms, bw=14.39 Gbps [phase1]
[JobB-CRUX-MAIN] *** c_i SWAP at epoch 7: now c_i=1.2 ***
[JobB-CRUX-MAIN] iter 140 (epoch 7): payload=1024MB, c_i=1.2, sleep=30000us, comm=294.5ms, bw=14.58 Gbps [phase2]
[JobB-CRUX-MAIN] iter 141 (epoch 7): payload=1024MB, c_i=1.2, sleep=30000us, comm=280.3ms, bw=15.33 Gbps [phase2]
[JobB-CRUX-MAIN] iter 142 (epoch 7): payload=1024MB, c_i=1.2, sleep=30000us, comm=290.5ms, bw=14.78 Gbps [phase2]
[JobB-CRUX-MAIN] iter 143 (epoch 7): payload=1024MB, c_i=1.2, sleep=30000us, comm=297.0ms, bw=14.46 Gbps [phase2]
[JobB-CRUX-MAIN] iter 144 (epoch 7): payload=1024MB, c_i=1.2, sleep=30000us, comm=293.0ms, bw=14.66 Gbps [phase2]
[JobB-CRUX-MAIN] iter 145 (epoch 7): payload=1024MB, c_i=1.2, sleep=30000us, comm=316.3ms, bw=13.58 Gbps [phase2]
[JobB-CRUX-MAIN] iter 146 (epoch 7): payload=1024MB, c_i=1.2, sleep=30000us, comm=297.1ms, bw=14.46 Gbps [phase2]
[JobB-CRUX-MAIN] iter 147 (epoch 7): payload=1024MB, c_i=1.2, sleep=30000us, comm=306.0ms, bw=14.04 Gbps [phase2]
[JobB-CRUX-MAIN] iter 148 (epoch 7): payload=1024MB, c_i=1.2, sleep=30000us, comm=288.6ms, bw=14.88 Gbps [phase2]
[JobB-CRUX-MAIN] iter 149 (epoch 7): payload=1024MB, c_i=1.2, sleep=30000us, comm=280.6ms, bw=15.31 Gbps [phase2]
[JobB-CRUX-MAIN] iter 150 (epoch 7): payload=1024MB, c_i=1.2, sleep=30000us, comm=288.7ms, bw=14.88 Gbps [phase2]
[JobB-CRUX-MAIN] iter 151 (epoch 7): payload=1024MB, c_i=1.2, sleep=30000us, comm=290.0ms, bw=14.81 Gbps [phase2]
[JobB-CRUX-MAIN] iter 152 (epoch 7): payload=1024MB, c_i=1.2, sleep=30000us, comm=284.6ms, bw=15.09 Gbps [phase2]
[JobB-CRUX-MAIN] iter 153 (epoch 7): payload=1024MB, c_i=1.2, sleep=30000us, comm=292.7ms, bw=14.67 Gbps [phase2]
[JobB-CRUX-MAIN] iter 154 (epoch 7): payload=1024MB, c_i=1.2, sleep=30000us, comm=288.6ms, bw=14.88 Gbps [phase2]
[JobB-CRUX-MAIN] iter 155 (epoch 7): payload=1024MB, c_i=1.2, sleep=30000us, comm=298.0ms, bw=14.41 Gbps [phase2]
[JobB-CRUX-MAIN] iter 156 (epoch 7): payload=1024MB, c_i=1.2, sleep=30000us, comm=293.8ms, bw=14.62 Gbps [phase2]
[JobB-CRUX-MAIN] iter 157 (epoch 7): payload=1024MB, c_i=1.2, sleep=30000us, comm=302.4ms, bw=14.20 Gbps [phase2]
[JobB-CRUX-MAIN] iter 158 (epoch 7): payload=1024MB, c_i=1.2, sleep=30000us, comm=305.8ms, bw=14.04 Gbps [phase2]
[JobB-CRUX-MAIN] iter 159 (epoch 7): payload=1024MB, c_i=1.2, sleep=30000us, comm=310.3ms, bw=13.84 Gbps [phase2]
[JobB-CRUX-MAIN] iter 160 (epoch 8): payload=1024MB, c_i=1.2, sleep=30000us, comm=307.4ms, bw=13.97 Gbps [phase2]
[JobB-CRUX-MAIN] iter 161 (epoch 8): payload=1024MB, c_i=1.2, sleep=30000us, comm=307.2ms, bw=13.98 Gbps [phase2]
[JobB-CRUX-MAIN] iter 162 (epoch 8): payload=1024MB, c_i=1.2, sleep=30000us, comm=298.1ms, bw=14.41 Gbps [phase2]
[JobB-CRUX-MAIN] iter 163 (epoch 8): payload=1024MB, c_i=1.2, sleep=30000us, comm=306.0ms, bw=14.04 Gbps [phase2]
[JobB-CRUX-MAIN] iter 164 (epoch 8): payload=1024MB, c_i=1.2, sleep=30000us, comm=289.9ms, bw=14.81 Gbps [phase2]
[JobB-CRUX-MAIN] iter 165 (epoch 8): payload=1024MB, c_i=1.2, sleep=30000us, comm=310.5ms, bw=13.83 Gbps [phase2]
[JobB-CRUX-MAIN] iter 166 (epoch 8): payload=1024MB, c_i=1.2, sleep=30000us, comm=293.9ms, bw=14.61 Gbps [phase2]
[JobB-CRUX-MAIN] iter 167 (epoch 8): payload=1024MB, c_i=1.2, sleep=30000us, comm=285.6ms, bw=15.04 Gbps [phase2]
[JobB-CRUX-MAIN] iter 168 (epoch 8): payload=1024MB, c_i=1.2, sleep=30000us, comm=302.0ms, bw=14.22 Gbps [phase2]
[JobB-CRUX-MAIN] iter 169 (epoch 8): payload=1024MB, c_i=1.2, sleep=30000us, comm=289.5ms, bw=14.84 Gbps [phase2]
[JobB-CRUX-MAIN] iter 170 (epoch 8): payload=1024MB, c_i=1.2, sleep=30000us, comm=284.2ms, bw=15.11 Gbps [phase2]
[JobB-CRUX-MAIN] iter 171 (epoch 8): payload=1024MB, c_i=1.2, sleep=30000us, comm=276.3ms, bw=15.54 Gbps [phase2]
[JobB-CRUX-MAIN] iter 172 (epoch 8): payload=1024MB, c_i=1.2, sleep=30000us, comm=310.0ms, bw=13.85 Gbps [phase2]
[JobB-CRUX-MAIN] iter 173 (epoch 8): payload=1024MB, c_i=1.2, sleep=30000us, comm=306.3ms, bw=14.02 Gbps [phase2]
[JobB-CRUX-MAIN] iter 174 (epoch 8): payload=1024MB, c_i=1.2, sleep=30000us, comm=311.0ms, bw=13.81 Gbps [phase2]
[JobB-CRUX-MAIN] iter 175 (epoch 8): payload=1024MB, c_i=1.2, sleep=30000us, comm=306.0ms, bw=14.03 Gbps [phase2]
[JobB-CRUX-MAIN] iter 176 (epoch 8): payload=1024MB, c_i=1.2, sleep=30000us, comm=288.5ms, bw=14.89 Gbps [phase2]
[JobB-CRUX-MAIN] iter 177 (epoch 8): payload=1024MB, c_i=1.2, sleep=30000us, comm=271.7ms, bw=15.81 Gbps [phase2]
[JobB-CRUX-MAIN] iter 178 (epoch 8): payload=1024MB, c_i=1.2, sleep=30000us, comm=267.2ms, bw=16.08 Gbps [phase2]
[JobB-CRUX-MAIN] iter 179 (epoch 8): payload=1024MB, c_i=1.2, sleep=30000us, comm=301.5ms, bw=14.24 Gbps [phase2]
[JobB-CRUX-MAIN] iter 180 (epoch 9): payload=1024MB, c_i=1.2, sleep=30000us, comm=290.0ms, bw=14.81 Gbps [phase2]
[JobB-CRUX-MAIN] iter 181 (epoch 9): payload=1024MB, c_i=1.2, sleep=30000us, comm=298.9ms, bw=14.37 Gbps [phase2]
[JobB-CRUX-MAIN] iter 182 (epoch 9): payload=1024MB, c_i=1.2, sleep=30000us, comm=289.5ms, bw=14.84 Gbps [phase2]
[JobB-CRUX-MAIN] iter 183 (epoch 9): payload=1024MB, c_i=1.2, sleep=30000us, comm=290.0ms, bw=14.81 Gbps [phase2]
[JobB-CRUX-MAIN] iter 184 (epoch 9): payload=1024MB, c_i=1.2, sleep=30000us, comm=293.1ms, bw=14.65 Gbps [phase2]
[JobB-CRUX-MAIN] iter 185 (epoch 9): payload=1024MB, c_i=1.2, sleep=30000us, comm=306.0ms, bw=14.03 Gbps [phase2]
[JobB-CRUX-MAIN] iter 186 (epoch 9): payload=1024MB, c_i=1.2, sleep=30000us, comm=286.3ms, bw=15.00 Gbps [phase2]
[JobB-CRUX-MAIN] iter 187 (epoch 9): payload=1024MB, c_i=1.2, sleep=30000us, comm=281.5ms, bw=15.26 Gbps [phase2]
[JobB-CRUX-MAIN] iter 188 (epoch 9): payload=1024MB, c_i=1.2, sleep=30000us, comm=301.8ms, bw=14.23 Gbps [phase2]
[JobB-CRUX-MAIN] iter 189 (epoch 9): payload=1024MB, c_i=1.2, sleep=30000us, comm=323.5ms, bw=13.27 Gbps [phase2]
[JobB-CRUX-MAIN] iter 190 (epoch 9): payload=1024MB, c_i=1.2, sleep=30000us, comm=306.0ms, bw=14.04 Gbps [phase2]
[JobB-CRUX-MAIN] iter 191 (epoch 9): payload=1024MB, c_i=1.2, sleep=30000us, comm=298.2ms, bw=14.40 Gbps [phase2]
[JobB-CRUX-MAIN] iter 192 (epoch 9): payload=1024MB, c_i=1.2, sleep=30000us, comm=280.4ms, bw=15.32 Gbps [phase2]
[JobB-CRUX-MAIN] iter 193 (epoch 9): payload=1024MB, c_i=1.2, sleep=30000us, comm=284.3ms, bw=15.11 Gbps [phase2]
[JobB-CRUX-MAIN] iter 194 (epoch 9): payload=1024MB, c_i=1.2, sleep=30000us, comm=284.8ms, bw=15.08 Gbps [phase2]
[JobB-CRUX-MAIN] iter 195 (epoch 9): payload=1024MB, c_i=1.2, sleep=30000us, comm=284.4ms, bw=15.10 Gbps [phase2]
[JobB-CRUX-MAIN] iter 196 (epoch 9): payload=1024MB, c_i=1.2, sleep=30000us, comm=280.3ms, bw=15.32 Gbps [phase2]
[JobB-CRUX-MAIN] iter 197 (epoch 9): payload=1024MB, c_i=1.2, sleep=30000us, comm=290.0ms, bw=14.81 Gbps [phase2]
[JobB-CRUX-MAIN] iter 198 (epoch 9): payload=1024MB, c_i=1.2, sleep=30000us, comm=281.0ms, bw=15.29 Gbps [phase2]
[JobB-CRUX-MAIN] iter 199 (epoch 9): payload=1024MB, c_i=1.2, sleep=30000us, comm=307.3ms, bw=13.97 Gbps [phase2]
[JobB-CRUX-MAIN] iter 200 (epoch 10): payload=1024MB, c_i=1.2, sleep=30000us, comm=280.1ms, bw=15.33 Gbps [phase2]
[JobB-CRUX-MAIN] iter 201 (epoch 10): payload=1024MB, c_i=1.2, sleep=30000us, comm=276.8ms, bw=15.52 Gbps [phase2]
[JobB-CRUX-MAIN] iter 202 (epoch 10): payload=1024MB, c_i=1.2, sleep=30000us, comm=294.3ms, bw=14.59 Gbps [phase2]
[JobB-CRUX-MAIN] iter 203 (epoch 10): payload=1024MB, c_i=1.2, sleep=30000us, comm=283.9ms, bw=15.13 Gbps [phase2]
[JobB-CRUX-MAIN] iter 204 (epoch 10): payload=1024MB, c_i=1.2, sleep=30000us, comm=305.8ms, bw=14.05 Gbps [phase2]
[JobB-CRUX-MAIN] iter 205 (epoch 10): payload=1024MB, c_i=1.2, sleep=30000us, comm=310.3ms, bw=13.84 Gbps [phase2]
[JobB-CRUX-MAIN] iter 206 (epoch 10): payload=1024MB, c_i=1.2, sleep=30000us, comm=306.7ms, bw=14.00 Gbps [phase2]
[JobB-CRUX-MAIN] iter 207 (epoch 10): payload=1024MB, c_i=1.2, sleep=30000us, comm=293.8ms, bw=14.62 Gbps [phase2]
[JobB-CRUX-MAIN] iter 208 (epoch 10): payload=1024MB, c_i=1.2, sleep=30000us, comm=303.2ms, bw=14.16 Gbps [phase2]
[JobB-CRUX-MAIN] iter 209 (epoch 10): payload=1024MB, c_i=1.2, sleep=30000us, comm=293.5ms, bw=14.64 Gbps [phase2]
[JobB-CRUX-MAIN] iter 210 (epoch 10): payload=1024MB, c_i=1.2, sleep=30000us, comm=284.7ms, bw=15.08 Gbps [phase2]
[JobB-CRUX-MAIN] iter 211 (epoch 10): payload=1024MB, c_i=1.2, sleep=30000us, comm=276.6ms, bw=15.53 Gbps [phase2]
[JobB-CRUX-MAIN] iter 212 (epoch 10): payload=1024MB, c_i=1.2, sleep=30000us, comm=288.9ms, bw=14.87 Gbps [phase2]
[JobB-CRUX-MAIN] iter 213 (epoch 10): payload=1024MB, c_i=1.2, sleep=30000us, comm=289.6ms, bw=14.83 Gbps [phase2]
[JobB-CRUX-MAIN] iter 214 (epoch 10): payload=1024MB, c_i=1.2, sleep=30000us, comm=311.3ms, bw=13.79 Gbps [phase2]
[JobB-CRUX-MAIN] iter 215 (epoch 10): payload=1024MB, c_i=1.2, sleep=30000us, comm=292.9ms, bw=14.67 Gbps [phase2]
[JobB-CRUX-MAIN] iter 216 (epoch 10): payload=1024MB, c_i=1.2, sleep=30000us, comm=308.9ms, bw=13.90 Gbps [phase2]
[JobB-CRUX-MAIN] iter 217 (epoch 10): payload=1024MB, c_i=1.2, sleep=30000us, comm=284.4ms, bw=15.10 Gbps [phase2]
[JobB-CRUX-MAIN] iter 218 (epoch 10): payload=1024MB, c_i=1.2, sleep=30000us, comm=289.4ms, bw=14.84 Gbps [phase2]
[JobB-CRUX-MAIN] iter 219 (epoch 10): payload=1024MB, c_i=1.2, sleep=30000us, comm=289.6ms, bw=14.83 Gbps [phase2]
[JobB-CRUX-MAIN] iter 220 (epoch 11): payload=1024MB, c_i=1.2, sleep=30000us, comm=288.9ms, bw=14.87 Gbps [phase2]
[JobB-CRUX-MAIN] iter 221 (epoch 11): payload=1024MB, c_i=1.2, sleep=30000us, comm=299.0ms, bw=14.37 Gbps [phase2]
[JobB-CRUX-MAIN] iter 222 (epoch 11): payload=1024MB, c_i=1.2, sleep=30000us, comm=302.3ms, bw=14.21 Gbps [phase2]
[JobB-CRUX-MAIN] iter 223 (epoch 11): payload=1024MB, c_i=1.2, sleep=30000us, comm=289.1ms, bw=14.86 Gbps [phase2]
[JobB-CRUX-MAIN] iter 224 (epoch 11): payload=1024MB, c_i=1.2, sleep=30000us, comm=297.4ms, bw=14.44 Gbps [phase2]
[JobB-CRUX-MAIN] iter 225 (epoch 11): payload=1024MB, c_i=1.2, sleep=30000us, comm=297.6ms, bw=14.43 Gbps [phase2]
[JobB-CRUX-MAIN] iter 226 (epoch 11): payload=1024MB, c_i=1.2, sleep=30000us, comm=301.3ms, bw=14.25 Gbps [phase2]
[JobB-CRUX-MAIN] iter 227 (epoch 11): payload=1024MB, c_i=1.2, sleep=30000us, comm=297.3ms, bw=14.45 Gbps [phase2]
[JobB-CRUX-MAIN] iter 228 (epoch 11): payload=1024MB, c_i=1.2, sleep=30000us, comm=289.3ms, bw=14.84 Gbps [phase2]
[JobB-CRUX-MAIN] iter 229 (epoch 11): payload=1024MB, c_i=1.2, sleep=30000us, comm=280.5ms, bw=15.31 Gbps [phase2]
[JobB-CRUX-MAIN] iter 230 (epoch 11): payload=1024MB, c_i=1.2, sleep=30000us, comm=294.0ms, bw=14.61 Gbps [phase2]
[JobB-CRUX-MAIN] iter 231 (epoch 11): payload=1024MB, c_i=1.2, sleep=30000us, comm=305.6ms, bw=14.05 Gbps [phase2]
[JobB-CRUX-MAIN] iter 232 (epoch 11): payload=1024MB, c_i=1.2, sleep=30000us, comm=297.0ms, bw=14.46 Gbps [phase2]
[JobB-CRUX-MAIN] iter 233 (epoch 11): payload=1024MB, c_i=1.2, sleep=30000us, comm=289.2ms, bw=14.85 Gbps [phase2]
[JobB-CRUX-MAIN] iter 234 (epoch 11): payload=1024MB, c_i=1.2, sleep=30000us, comm=289.9ms, bw=14.82 Gbps [phase2]
[JobB-CRUX-MAIN] iter 235 (epoch 11): payload=1024MB, c_i=1.2, sleep=30000us, comm=276.7ms, bw=15.52 Gbps [phase2]
[JobB-CRUX-MAIN] iter 236 (epoch 11): payload=1024MB, c_i=1.2, sleep=30000us, comm=297.0ms, bw=14.46 Gbps [phase2]
[JobB-CRUX-MAIN] iter 237 (epoch 11): payload=1024MB, c_i=1.2, sleep=30000us, comm=277.7ms, bw=15.47 Gbps [phase2]
[JobB-CRUX-MAIN] iter 238 (epoch 11): payload=1024MB, c_i=1.2, sleep=30000us, comm=288.7ms, bw=14.88 Gbps [phase2]
[JobB-CRUX-MAIN] iter 239 (epoch 11): payload=1024MB, c_i=1.2, sleep=30000us, comm=289.0ms, bw=14.86 Gbps [phase2]
[JobB-CRUX-MAIN] iter 240 (epoch 12): payload=1024MB, c_i=1.2, sleep=30000us, comm=177.9ms, bw=24.14 Gbps [phase2]
[JobB-CRUX-MAIN] iter 241 (epoch 12): payload=1024MB, c_i=1.2, sleep=30000us, comm=149.0ms, bw=28.83 Gbps [phase2]
[JobB-CRUX-MAIN] iter 242 (epoch 12): payload=1024MB, c_i=1.2, sleep=30000us, comm=147.6ms, bw=29.09 Gbps [phase2]
[JobB-CRUX-MAIN] iter 243 (epoch 12): payload=1024MB, c_i=1.2, sleep=30000us, comm=146.9ms, bw=29.23 Gbps [phase2]
[JobB-CRUX-MAIN] iter 244 (epoch 12): payload=1024MB, c_i=1.2, sleep=30000us, comm=143.8ms, bw=29.87 Gbps [phase2]
[JobB-CRUX-MAIN] iter 245 (epoch 12): payload=1024MB, c_i=1.2, sleep=30000us, comm=150.6ms, bw=28.51 Gbps [phase2]
[JobB-CRUX-MAIN] iter 246 (epoch 12): payload=1024MB, c_i=1.2, sleep=30000us, comm=151.4ms, bw=28.37 Gbps [phase2]
[JobB-CRUX-MAIN] iter 247 (epoch 12): payload=1024MB, c_i=1.2, sleep=30000us, comm=153.6ms, bw=27.96 Gbps [phase2]
[JobB-CRUX-MAIN] iter 248 (epoch 12): payload=1024MB, c_i=1.2, sleep=30000us, comm=150.7ms, bw=28.51 Gbps [phase2]
[JobB-CRUX-MAIN] iter 249 (epoch 12): payload=1024MB, c_i=1.2, sleep=30000us, comm=168.7ms, bw=25.46 Gbps [phase2]
[JobB-CRUX-MAIN] iter 250 (epoch 12): payload=1024MB, c_i=1.2, sleep=30000us, comm=143.8ms, bw=29.87 Gbps [phase2]
[JobB-CRUX-MAIN] iter 251 (epoch 12): payload=1024MB, c_i=1.2, sleep=30000us, comm=157.2ms, bw=27.33 Gbps [phase2]
[JobB-CRUX-MAIN] iter 252 (epoch 12): payload=1024MB, c_i=1.2, sleep=30000us, comm=159.4ms, bw=26.95 Gbps [phase2]
[JobB-CRUX-MAIN] iter 253 (epoch 12): payload=1024MB, c_i=1.2, sleep=30000us, comm=144.5ms, bw=29.73 Gbps [phase2]
[JobB-CRUX-MAIN] iter 254 (epoch 12): payload=1024MB, c_i=1.2, sleep=30000us, comm=158.7ms, bw=27.06 Gbps [phase2]
[JobB-CRUX-MAIN] iter 255 (epoch 12): payload=1024MB, c_i=1.2, sleep=30000us, comm=162.4ms, bw=26.44 Gbps [phase2]
[JobB-CRUX-MAIN] iter 256 (epoch 12): payload=1024MB, c_i=1.2, sleep=30000us, comm=148.2ms, bw=28.97 Gbps [phase2]
[JobB-CRUX-MAIN] iter 257 (epoch 12): payload=1024MB, c_i=1.2, sleep=30000us, comm=139.3ms, bw=30.82 Gbps [phase2]
[JobB-CRUX-MAIN] iter 258 (epoch 12): payload=1024MB, c_i=1.2, sleep=30000us, comm=149.9ms, bw=28.66 Gbps [phase2]
[JobB-CRUX-MAIN] iter 259 (epoch 12): payload=1024MB, c_i=1.2, sleep=30000us, comm=158.6ms, bw=27.09 Gbps [phase2]
[JobB-CRUX-MAIN] iter 260 (epoch 13): payload=1024MB, c_i=1.2, sleep=30000us, comm=157.3ms, bw=27.31 Gbps [phase2]
[JobB-CRUX-MAIN] iter 261 (epoch 13): payload=1024MB, c_i=1.2, sleep=30000us, comm=145.4ms, bw=29.54 Gbps [phase2]
[JobB-CRUX-MAIN] iter 262 (epoch 13): payload=1024MB, c_i=1.2, sleep=30000us, comm=151.3ms, bw=28.39 Gbps [phase2]
[JobB-CRUX-MAIN] iter 263 (epoch 13): payload=1024MB, c_i=1.2, sleep=30000us, comm=160.2ms, bw=26.80 Gbps [phase2]
[JobB-CRUX-MAIN] iter 264 (epoch 13): payload=1024MB, c_i=1.2, sleep=30000us, comm=146.2ms, bw=29.37 Gbps [phase2]
[JobB-CRUX-MAIN] iter 265 (epoch 13): payload=1024MB, c_i=1.2, sleep=30000us, comm=152.1ms, bw=28.25 Gbps [phase2]
[JobB-CRUX-MAIN] iter 266 (epoch 13): payload=1024MB, c_i=1.2, sleep=30000us, comm=160.4ms, bw=26.77 Gbps [phase2]
[JobB-CRUX-MAIN] iter 267 (epoch 13): payload=1024MB, c_i=1.2, sleep=30000us, comm=155.7ms, bw=27.58 Gbps [phase2]
[JobB-CRUX-MAIN] iter 268 (epoch 13): payload=1024MB, c_i=1.2, sleep=30000us, comm=150.2ms, bw=28.59 Gbps [phase2]
[JobB-CRUX-MAIN] iter 269 (epoch 13): payload=1024MB, c_i=1.2, sleep=30000us, comm=152.8ms, bw=28.11 Gbps [phase2]
[JobB-CRUX-MAIN] iter 270 (epoch 13): payload=1024MB, c_i=1.2, sleep=30000us, comm=148.0ms, bw=29.01 Gbps [phase2]
[JobB-CRUX-MAIN] iter 271 (epoch 13): payload=1024MB, c_i=1.2, sleep=30000us, comm=149.8ms, bw=28.68 Gbps [phase2]
[JobB-CRUX-MAIN] iter 272 (epoch 13): payload=1024MB, c_i=1.2, sleep=30000us, comm=147.4ms, bw=29.14 Gbps [phase2]
[JobB-CRUX-MAIN] iter 273 (epoch 13): payload=1024MB, c_i=1.2, sleep=30000us, comm=154.8ms, bw=27.74 Gbps [phase2]
[JobB-CRUX-MAIN] iter 274 (epoch 13): payload=1024MB, c_i=1.2, sleep=30000us, comm=150.4ms, bw=28.55 Gbps [phase2]
[JobB-CRUX-MAIN] iter 275 (epoch 13): payload=1024MB, c_i=1.2, sleep=30000us, comm=150.2ms, bw=28.60 Gbps [phase2]
[JobB-CRUX-MAIN] iter 276 (epoch 13): payload=1024MB, c_i=1.2, sleep=30000us, comm=165.4ms, bw=25.97 Gbps [phase2]
[JobB-CRUX-MAIN] iter 277 (epoch 13): payload=1024MB, c_i=1.2, sleep=30000us, comm=152.4ms, bw=28.19 Gbps [phase2]
[JobB-CRUX-MAIN] iter 278 (epoch 13): payload=1024MB, c_i=1.2, sleep=30000us, comm=152.2ms, bw=28.22 Gbps [phase2]
[JobB-CRUX-MAIN] iter 279 (epoch 13): payload=1024MB, c_i=1.2, sleep=30000us, comm=158.0ms, bw=27.18 Gbps [phase2]
[JobB-CRUX-MAIN] iter 280 (epoch 14): payload=1024MB, c_i=1.2, sleep=30000us, comm=152.7ms, bw=28.12 Gbps [phase2]
[JobB-CRUX-MAIN] iter 281 (epoch 14): payload=1024MB, c_i=1.2, sleep=30000us, comm=152.7ms, bw=28.13 Gbps [phase2]
[JobB-CRUX-MAIN] iter 282 (epoch 14): payload=1024MB, c_i=1.2, sleep=30000us, comm=148.8ms, bw=28.86 Gbps [phase2]
[JobB-CRUX-MAIN] iter 283 (epoch 14): payload=1024MB, c_i=1.2, sleep=30000us, comm=151.6ms, bw=28.33 Gbps [phase2]
[JobB-CRUX-MAIN] iter 284 (epoch 14): payload=1024MB, c_i=1.2, sleep=30000us, comm=157.2ms, bw=27.33 Gbps [phase2]
[JobB-CRUX-MAIN] iter 285 (epoch 14): payload=1024MB, c_i=1.2, sleep=30000us, comm=165.8ms, bw=25.91 Gbps [phase2]
[JobB-CRUX-MAIN] iter 286 (epoch 14): payload=1024MB, c_i=1.2, sleep=30000us, comm=150.7ms, bw=28.50 Gbps [phase2]
[JobB-CRUX-MAIN] iter 287 (epoch 14): payload=1024MB, c_i=1.2, sleep=30000us, comm=154.0ms, bw=27.89 Gbps [phase2]
[JobB-CRUX-MAIN] iter 288 (epoch 14): payload=1024MB, c_i=1.2, sleep=30000us, comm=150.2ms, bw=28.60 Gbps [phase2]
[JobB-CRUX-MAIN] iter 289 (epoch 14): payload=1024MB, c_i=1.2, sleep=30000us, comm=151.4ms, bw=28.37 Gbps [phase2]
[JobB-CRUX-MAIN] iter 290 (epoch 14): payload=1024MB, c_i=1.2, sleep=30000us, comm=143.9ms, bw=29.85 Gbps [phase2]
[JobB-CRUX-MAIN] iter 291 (epoch 14): payload=1024MB, c_i=1.2, sleep=30000us, comm=149.3ms, bw=28.76 Gbps [phase2]
[JobB-CRUX-MAIN] iter 292 (epoch 14): payload=1024MB, c_i=1.2, sleep=30000us, comm=146.6ms, bw=29.30 Gbps [phase2]
[JobB-CRUX-MAIN] iter 293 (epoch 14): payload=1024MB, c_i=1.2, sleep=30000us, comm=149.6ms, bw=28.71 Gbps [phase2]
[JobB-CRUX-MAIN] iter 294 (epoch 14): payload=1024MB, c_i=1.2, sleep=30000us, comm=148.5ms, bw=28.92 Gbps [phase2]
[JobB-CRUX-MAIN] iter 295 (epoch 14): payload=1024MB, c_i=1.2, sleep=30000us, comm=159.5ms, bw=26.93 Gbps [phase2]
[JobB-CRUX-MAIN] iter 296 (epoch 14): payload=1024MB, c_i=1.2, sleep=30000us, comm=144.6ms, bw=29.70 Gbps [phase2]
[JobB-CRUX-MAIN] iter 297 (epoch 14): payload=1024MB, c_i=1.2, sleep=30000us, comm=139.0ms, bw=30.89 Gbps [phase2]
[JobB-CRUX-MAIN] iter 298 (epoch 14): payload=1024MB, c_i=1.2, sleep=30000us, comm=141.1ms, bw=30.44 Gbps [phase2]
[JobB-CRUX-MAIN] iter 299 (epoch 14): payload=1024MB, c_i=1.2, sleep=30000us, comm=152.2ms, bw=28.22 Gbps [phase2]
[JobB-CRUX-MAIN] Per-iter results saved to p4_jobB_reverse_crux_rank0_iter.csv
[JobB-CRUX-MAIN] Per-epoch stats saved to p4_jobB_reverse_crux_rank0_epoch.csv
[JobB-CRUX-MAIN] Phase 1 (epochs 0-6): c_i=3.0, avg_comm=298.7ms, avg_bw=14.41 Gbps, avg_prio=3.0
[JobB-CRUX-MAIN] Phase 2 (epochs 7-14): c_i=1.2, avg_comm=240.7ms, avg_bw=19.75 Gbps, avg_prio=3.0
[JobB-CRUX-MAIN] Total wall time: 80.9s
[MultiComm] Rank 0: destroyed
