==========================================
P4-1 Role-Reversal V2 (payload reversal)
  scheduler = v1(pi) / CRUX-static
  queue     = SP
  c_i       = 1.3 (both jobs)
  iters     = 300 (15 epochs x 20 iters/epoch)
  reversal  = payload swap at epoch 7
  T_target  = solo pre-learning (Phase 0)
  date      = 2026-07-19T16:22:36+08:00
==========================================

Skipping Phase 0 calibration (SKIP_CALIB=1)
Reusing: T_target_A={
  "job": "A",
  "mode": "longliu",
  "payload_mb": 2048,
  "c_i": 1.3,
  "sleep_us": 30000,
  "calib_epochs": 5,
  "iters_per_epoch": 20,
  "target_comm_time_ms": 5743.498,
  "timestamp": "2026-07-19T16:01:50"
}
Reusing: T_target_B={
  "job": "B",
  "mode": "longliu",
  "payload_mb": 256,
  "c_i": 1.3,
  "sleep_us": 30000,
  "calib_epochs": 5,
  "iters_per_epoch": 20,
  "target_comm_time_ms": 694.467,
  "timestamp": "2026-07-19T16:02:03"
}
  (ensured both files exist on 192.10.10.226)

==========================================
Phase 1+2: Main experiment — Mode=longliu (scheduler=v1(pi))
==========================================
Job A launched (PIDs: 2025677 on 10.1, 2025678 on 226)
Waiting 10s for Job A to initialize...
Job B launched (PIDs: 2025840 on 10.1, 2025841 on 226)

Running longliu experiment (scheduler=v1(pi), queue=SP)...
Job A: heavy→light, Job B: light→heavy, reversal at epoch 7


==========================================
longliu experiment completed
  scheduler = v1(pi)
  queue     = SP
  c_i       = 1.3 (both jobs)
  T_target  = solo pre-learning
  date      = 2026-07-19T16:24:13+08:00
Job A exit codes: 0 (10.1), 0 (226)
Job B exit codes: 0 (10.1), 0 (226)
==========================================

=== Job A per-epoch summary ===
epoch,phase,payload_mb,sleep_us,avg_comm_s,avg_bw_gbps,pi,priority,dscp,slowdown,t_target_ms
0,phase1,2048,30000,0.292898,29.4882,-0.215075,2,16,0.0392,5743.498
1,phase1,2048,30000,0.302856,29.4471,-0.201292,2,16,0.0406,5743.498
2,phase1,2048,30000,0.418665,20.5335,-0.091793,4,32,0.0561,5743.498
3,phase1,2048,30000,0.522889,16.4405,0.03279,4,32,0.07,5743.498
4,phase1,2048,30000,0.525065,16.3679,0.108702,4,32,0.0703,5743.498
5,phase1,2048,30000,0.520675,16.5112,0.157309,4,32,0.0697,5743.498
6,phase1,2048,30000,0.523774,16.4065,0.193046,4,32,0.0701,5743.498
7,phase2,256,30000,0.065752,16.3962,0.066678,4,32,0.0088,5743.498
8,phase2,256,30000,0.066613,16.1632,-0.031353,4,32,0.0089,5743.498
9,phase2,256,30000,0.067133,16.0734,-0.109666,2,16,0.009,5743.498
10,phase2,256,30000,0.056156,19.1793,-0.176388,2,16,0.0075,5743.498
11,phase2,256,30000,0.058123,18.581,-0.231574,2,16,0.0078,5743.498
12,phase2,256,30000,0.05629,19.178,-0.278625,2,16,0.0075,5743.498
13,phase2,256,30000,0.055804,19.3217,-0.319048,2,16,0.0075,5743.498
14,phase2,256,30000,0.056007,19.2458,-0.354045,2,16,0.0075,5743.498

=== Job B per-epoch summary ===
epoch,phase,payload_mb,sleep_us,avg_comm_s,avg_bw_gbps,pi,priority,dscp,slowdown,t_target_ms
0,phase1,256,30000,0.084429,13.1777,0.922121,6,48,0.0935,694.467
1,phase1,256,30000,0.080645,13.4197,0.878943,6,48,0.0893,694.467
2,phase1,256,30000,0.078107,13.8701,0.84586,6,48,0.0865,694.467
3,phase1,256,30000,0.07986,13.5836,0.839027,6,48,0.0885,694.467
4,phase1,256,30000,0.080207,13.4494,0.83599,6,48,0.0888,694.467
5,phase1,256,30000,0.081198,13.3289,0.838003,6,48,0.0899,694.467
6,phase1,256,30000,0.068246,15.7737,0.798465,6,48,0.0756,694.467
7,phase2,2048,30000,0.526389,16.3259,2.037424,6,48,0.5831,694.467
8,phase2,2048,30000,0.523499,16.4191,2.993952,6,48,0.5799,694.467
9,phase2,2048,30000,0.521954,16.469,3.755559,6,48,0.5781,694.467
10,phase2,2048,30000,0.521639,16.483,4.377446,6,48,0.5778,694.467
11,phase2,2048,30000,0.485823,19.241,4.829184,6,48,0.5381,694.467
12,phase2,2048,30000,0.265273,32.4045,4.832981,6,48,0.2938,694.467
13,phase2,2048,30000,0.265789,32.3462,4.83705,6,48,0.2944,694.467
14,phase2,2048,30000,0.265673,32.3546,4.840404,6,48,0.2943,694.467

Logs: p4_job[AB]_reverse_longliu_node[101|226].log
CSVs: p4_job[AB]_reverse_longliu_rank*_*.csv

Waiting 15s between modes for NCCL cleanup...
==========================================
Phase 1+2: Main experiment — Mode=crux (scheduler=CRUX-static)
==========================================
Job A launched (PIDs: 2026654 on 10.1, 2026655 on 226)
Waiting 10s for Job A to initialize...
Job B launched (PIDs: 2026783 on 10.1, 2026784 on 226)

Running crux experiment (scheduler=CRUX-static, queue=SP)...
Job A: heavy→light, Job B: light→heavy, reversal at epoch 7


==========================================
crux experiment completed
  scheduler = CRUX-static
  queue     = SP
  c_i       = 1.3 (both jobs)
  T_target  = solo pre-learning
  date      = 2026-07-19T16:26:03+08:00
Job A exit codes: 0 (10.1), 0 (226)
Job B exit codes: 0 (10.1), 0 (226)
==========================================

=== Job A per-epoch summary ===
epoch,phase,payload_mb,sleep_us,avg_comm_s,avg_bw_gbps,pi,priority,dscp,slowdown,t_target_ms
0,phase1,2048,30000,0.282626,30.5841,-0.24254,3,24,0.0379,5743.498
1,phase1,2048,30000,0.290837,30.2749,-0.231268,3,24,0.039,5743.498
2,phase1,2048,30000,0.427901,20.0857,-0.103587,3,24,0.0573,5743.498
3,phase1,2048,30000,0.427222,20.1258,-0.040117,3,24,0.0572,5743.498
4,phase1,2048,30000,0.431289,19.9361,0.000111,3,24,0.0578,5743.498
5,phase1,2048,30000,0.425502,20.2029,0.024377,3,24,0.057,5743.498
6,phase1,2048,30000,0.434023,19.8053,0.044962,3,24,0.0581,5743.498
7,phase2,256,30000,0.057278,18.8854,-0.065734,3,24,0.0077,5743.498
8,phase2,256,30000,0.055195,19.5665,-0.15245,3,24,0.0074,5743.498
9,phase2,256,30000,0.056037,19.2358,-0.221598,3,24,0.0075,5743.498
10,phase2,256,30000,0.055819,19.3445,-0.278227,3,24,0.0075,5743.498
11,phase2,256,30000,0.056191,19.1716,-0.325337,3,24,0.0075,5743.498
12,phase2,256,30000,0.056079,19.2196,-0.365219,3,24,0.0075,5743.498
13,phase2,256,30000,0.054759,19.652,-0.399657,3,24,0.0073,5743.498
14,phase2,256,30000,0.056199,19.183,-0.429265,3,24,0.0075,5743.498

=== Job B per-epoch summary ===
epoch,phase,payload_mb,sleep_us,avg_comm_s,avg_bw_gbps,pi,priority,dscp,slowdown,t_target_ms
0,phase1,256,30000,0.089155,12.4926,1.026741,4,32,0.0988,694.467
1,phase1,256,30000,0.079649,13.5632,0.919047,4,32,0.0882,694.467
2,phase1,256,30000,0.08382,12.8737,0.914793,4,32,0.0928,694.467
3,phase1,256,30000,0.080689,13.3904,0.895935,4,32,0.0894,694.467
4,phase1,256,30000,0.078144,13.8181,0.872446,4,32,0.0866,694.467
5,phase1,256,30000,0.080836,13.4139,0.867147,4,32,0.0895,694.467
6,phase1,256,30000,0.080725,13.355,0.862919,4,32,0.0894,694.467
7,phase2,2048,30000,0.626199,13.7241,2.36988,4,32,0.6936,694.467
8,phase2,2048,30000,0.622927,13.7978,3.534191,4,32,0.69,694.467
9,phase2,2048,30000,0.608443,14.1476,4.433328,4,32,0.6739,694.467
10,phase2,2048,30000,0.385936,25.4583,4.718428,4,32,0.4275,694.467
11,phase2,2048,30000,0.267011,32.1998,4.735052,4,32,0.2958,694.467
12,phase2,2048,30000,0.266167,32.2854,4.747635,4,32,0.2948,694.467
13,phase2,2048,30000,0.266875,32.1998,4.759589,4,32,0.2956,694.467
14,phase2,2048,30000,0.265823,32.3323,4.768366,4,32,0.2944,694.467

Logs: p4_job[AB]_reverse_crux_node[101|226].log
CSVs: p4_job[AB]_reverse_crux_rank*_*.csv

==========================================
All experiments completed.
T_target_A: {
  "job": "A",
  "mode": "longliu",
  "payload_mb": 2048,
  "c_i": 1.3,
  "sleep_us": 30000,
  "calib_epochs": 5,
  "iters_per_epoch": 20,
  "target_comm_time_ms": 5743.498,
  "timestamp": "2026-07-19T16:01:50"
}
T_target_B: {
  "job": "B",
  "mode": "longliu",
  "payload_mb": 256,
  "c_i": 1.3,
  "sleep_us": 30000,
  "calib_epochs": 5,
  "iters_per_epoch": 20,
  "target_comm_time_ms": 694.467,
  "timestamp": "2026-07-19T16:02:03"
}
==========================================
