==========================================
P4-1 Role-Reversal V5 (c_i swap, same payload)
  scheduler = v1(pi) / CRUX-static
  queue     = SP
  payload   = 1024MB x 2 (same for both jobs)
  c_i       = 1.7/3.0 (swap at epoch 7)
  iters     = 300 (15 epochs x 20 iters/epoch)
  reversal  = c_i swap at epoch 7
  T_target  = solo pre-learning (Phase 0)
  date      = 2026-07-20T13:26:21+08:00
==========================================

==========================================
Phase 0a: Calibrate Job A (solo, 1024MB, 5 epochs)
==========================================
Job A calibration launched (PIDs: 2725335 on 10.1, 2725336 on 226)
Job A calibration done (exits: 0, 0)
T_target_A: {
  "job": "A",
  "mode": "longliu",
  "payload_mb": 1024,
  "c_i_calib": 1.7,
  "sleep_us": 30000,
  "calib_epochs": 5,
  "iters_per_epoch": 20,
  "target_comm_time_ms": 4201.087,
  "timestamp": "2026-07-20T13:26:47"
}
  (copied to 192.10.10.226:/tmp/ttarget_v5_jobA.json)

==========================================
Phase 0b: Calibrate Job B (solo, 1024MB, 5 epochs)
==========================================
Job B calibration launched (PIDs: 2726278 on 10.1, 2726279 on 226)
Job B calibration done (exits: 0, 0)
T_target_B: {
  "job": "B",
  "mode": "longliu",
  "payload_mb": 1024,
  "c_i_calib": 3.0,
  "sleep_us": 30000,
  "calib_epochs": 5,
  "iters_per_epoch": 20,
  "target_comm_time_ms": 3905.163,
  "timestamp": "2026-07-20T13:27:17"
}
  (copied to 192.10.10.226:/tmp/ttarget_v5_jobB.json)

==========================================
Phase 1+2: Main experiment — Mode=longliu (scheduler=v1(pi))
==========================================
Job A launched (PIDs: 2727141 on 10.1, 2727142 on 226)
Waiting 10s for Job A to initialize...
Job B launched (PIDs: 2727466 on 10.1, 2727467 on 226)

Running longliu experiment (scheduler=v1(pi), queue=SP)...
Job A: 1024MB fixed, c_i 1.7→3.0; Job B: 1024MB fixed, c_i 3.0→1.7
c_i swap at epoch 7 (same payload, CRUX blind to GPU intensity tie)


==========================================
longliu experiment completed
  scheduler = v1(pi)
  queue     = SP
  payload   = 1024MB x 2 (same)
  c_i       = 1.7/3.0 (swapped at epoch 7)
  T_target  = solo pre-learning
  date      = 2026-07-20T13:29:05+08:00
Job A exit codes: 0 (10.1), 0 (226)
Job B exit codes: 0 (10.1), 0 (226)
==========================================

=== Job A per-epoch summary ===
epoch,phase,payload_mb,c_i,sleep_us,avg_comm_s,avg_bw_gbps,pi,priority,dscp,slowdown,t_target_ms
0,phase1,1024,1.7,30000,0.179556,24.3019,-0.496842,2,16,0.0251,4201.087
1,phase1,1024,1.7,30000,0.202875,21.4989,-0.464239,2,16,0.0284,4201.087
2,phase1,1024,1.7,30000,0.218266,20.3273,-0.438483,2,16,0.0306,4201.087
3,phase1,1024,1.7,30000,0.289981,14.8793,-0.374363,2,16,0.0406,4201.087
4,phase1,1024,1.7,30000,0.334515,12.8994,-0.310898,2,16,0.0468,4201.087
5,phase1,1024,1.7,30000,0.337393,12.7836,-0.267239,2,16,0.0472,4201.087
6,phase1,1024,1.7,30000,0.337961,12.7627,-0.235827,2,16,0.0473,4201.087
7,phase2,1024,3.0,30000,0.336099,12.8035,-0.553989,1,8,0.0267,4201.087
8,phase2,1024,3.0,30000,0.326297,13.2793,-0.545622,1,8,0.0259,4201.087
9,phase2,1024,3.0,30000,0.317978,13.5414,-0.540249,1,8,0.0252,4201.087
10,phase2,1024,3.0,30000,0.320302,13.4889,-0.535517,1,8,0.0254,4201.087
11,phase2,1024,3.0,30000,0.264965,16.2703,-0.538908,1,8,0.021,4201.087
12,phase2,1024,3.0,30000,0.259706,16.644,-0.542416,1,8,0.0206,4201.087
13,phase2,1024,3.0,30000,0.261617,16.5001,-0.545206,1,8,0.0208,4201.087
14,phase2,1024,3.0,30000,0.267477,16.1119,-0.546993,1,8,0.0212,4201.087

=== Job B per-epoch summary ===
epoch,phase,payload_mb,c_i,sleep_us,avg_comm_s,avg_bw_gbps,pi,priority,dscp,slowdown,t_target_ms
0,phase1,1024,3.0,30000,0.350489,12.357,-0.397713,2,16,0.0299,3905.163
1,phase1,1024,3.0,30000,0.343597,12.6347,-0.403691,2,16,0.0293,3905.163
2,phase1,1024,3.0,30000,0.336529,12.813,-0.409709,2,16,0.0287,3905.163
3,phase1,1024,3.0,30000,0.338436,12.7262,-0.411899,2,16,0.0289,3905.163
4,phase1,1024,3.0,30000,0.334746,12.8589,-0.414473,2,16,0.0286,3905.163
5,phase1,1024,3.0,30000,0.313682,13.7702,-0.422211,2,16,0.0268,3905.163
6,phase1,1024,3.0,30000,0.321129,13.4069,-0.425895,2,16,0.0274,3905.163
7,phase2,1024,1.7,30000,0.324936,13.2613,0.009681,4,32,0.0489,3905.163
8,phase2,1024,1.7,30000,0.324332,13.2764,0.006731,4,32,0.0489,3905.163
9,phase2,1024,1.7,30000,0.32539,13.2491,0.004721,4,32,0.049,3905.163
10,phase2,1024,1.7,30000,0.334725,12.8582,0.005649,4,32,0.0504,3905.163
11,phase2,1024,1.7,30000,0.217739,21.3012,-0.023304,4,32,0.0328,3905.163
12,phase2,1024,1.7,30000,0.16919,25.5138,-0.059203,4,32,0.0255,3905.163
13,phase2,1024,1.7,30000,0.17375,24.9106,-0.088993,4,32,0.0262,3905.163
14,phase2,1024,1.7,30000,0.173972,24.8421,-0.114766,2,16,0.0262,3905.163

Logs: p4_job[AB]_reverse_longliu_node[101|226].log
CSVs: p4_job[AB]_reverse_longliu_rank*_*.csv

Waiting 15s between modes for NCCL cleanup...
==========================================
Phase 1+2: Main experiment — Mode=crux (scheduler=CRUX-static)
==========================================
Job A launched (PIDs: 2730597 on 10.1, 2730598 on 226)
Waiting 10s for Job A to initialize...
Job B launched (PIDs: 2730952 on 10.1, 2730953 on 226)

Running crux experiment (scheduler=CRUX-static, queue=SP)...
Job A: 1024MB fixed, c_i 1.7→3.0; Job B: 1024MB fixed, c_i 3.0→1.7
c_i swap at epoch 7 (same payload, CRUX blind to GPU intensity tie)


==========================================
crux experiment completed
  scheduler = CRUX-static
  queue     = SP
  payload   = 1024MB x 2 (same)
  c_i       = 1.7/3.0 (swapped at epoch 7)
  T_target  = solo pre-learning
  date      = 2026-07-20T13:30:55+08:00
Job A exit codes: 0 (10.1), 0 (226)
Job B exit codes: 0 (10.1), 0 (226)
==========================================

=== Job A per-epoch summary ===
epoch,phase,payload_mb,c_i,sleep_us,avg_comm_s,avg_bw_gbps,pi,priority,dscp,slowdown,t_target_ms
0,phase1,1024,1.7,30000,0.168095,26.1211,-0.528785,3,24,0.0235,4201.087
1,phase1,1024,1.7,30000,0.157671,27.2998,-0.543483,3,24,0.0221,4201.087
2,phase1,1024,1.7,30000,0.161561,26.6641,-0.544721,3,24,0.0226,4201.087
3,phase1,1024,1.7,30000,0.240749,19.1212,-0.48887,3,24,0.0337,4201.087
4,phase1,1024,1.7,30000,0.280872,15.3029,-0.432547,3,24,0.0393,4201.087
5,phase1,1024,1.7,30000,0.281837,15.2562,-0.394545,3,24,0.0395,4201.087
6,phase1,1024,1.7,30000,0.277271,15.5005,-0.369228,3,24,0.0388,4201.087
7,phase2,1024,3.0,30000,0.283653,15.15,-0.630537,3,24,0.0225,4201.087
8,phase2,1024,3.0,30000,0.278816,15.4096,-0.622035,3,24,0.0221,4201.087
9,phase2,1024,3.0,30000,0.282685,15.2063,-0.61462,3,24,0.0224,4201.087
10,phase2,1024,3.0,30000,0.278472,15.437,-0.609162,3,24,0.0221,4201.087
11,phase2,1024,3.0,30000,0.281005,15.3036,-0.604277,3,24,0.0223,4201.087
12,phase2,1024,3.0,30000,0.281917,15.2601,-0.600032,3,24,0.0224,4201.087
13,phase2,1024,3.0,30000,0.281205,15.2802,-0.596475,3,24,0.0223,4201.087
14,phase2,1024,3.0,30000,0.281441,15.2754,-0.593367,3,24,0.0223,4201.087

=== Job B per-epoch summary ===
epoch,phase,payload_mb,c_i,sleep_us,avg_comm_s,avg_bw_gbps,pi,priority,dscp,slowdown,t_target_ms
0,phase1,1024,3.0,30000,0.284247,15.1975,-0.510772,3,24,0.0243,3905.163
1,phase1,1024,3.0,30000,0.283537,15.1587,-0.511489,3,24,0.0242,3905.163
2,phase1,1024,3.0,30000,0.279797,15.3618,-0.513851,3,24,0.0239,3905.163
3,phase1,1024,3.0,30000,0.276625,15.5371,-0.516398,3,24,0.0236,3905.163
4,phase1,1024,3.0,30000,0.281691,15.258,-0.516187,3,24,0.024,3905.163
5,phase1,1024,3.0,30000,0.278783,15.4127,-0.516872,3,24,0.0238,3905.163
6,phase1,1024,3.0,30000,0.280357,15.331,-0.516976,3,24,0.0239,3905.163
7,phase2,1024,1.7,30000,0.2809,15.3078,-0.147538,3,24,0.0423,3905.163
8,phase2,1024,1.7,30000,0.278827,15.4138,-0.148181,3,24,0.042,3905.163
9,phase2,1024,1.7,30000,0.283196,15.1826,-0.147377,3,24,0.0427,3905.163
10,phase2,1024,1.7,30000,0.278151,15.4529,-0.148101,3,24,0.0419,3905.163
11,phase2,1024,1.7,30000,0.24901,18.304,-0.156154,3,24,0.0375,3905.163
12,phase2,1024,1.7,30000,0.159833,26.9924,-0.184003,3,24,0.0241,3905.163
13,phase2,1024,1.7,30000,0.162074,26.6592,-0.207395,3,24,0.0244,3905.163
14,phase2,1024,1.7,30000,0.156713,27.5262,-0.228742,3,24,0.0236,3905.163

Logs: p4_job[AB]_reverse_crux_node[101|226].log
CSVs: p4_job[AB]_reverse_crux_rank*_*.csv

==========================================
All experiments completed.
T_target_A: {
  "job": "A",
  "mode": "longliu",
  "payload_mb": 1024,
  "c_i_calib": 1.7,
  "sleep_us": 30000,
  "calib_epochs": 5,
  "iters_per_epoch": 20,
  "target_comm_time_ms": 4201.087,
  "timestamp": "2026-07-20T13:26:47"
}
T_target_B: {
  "job": "B",
  "mode": "longliu",
  "payload_mb": 1024,
  "c_i_calib": 3.0,
  "sleep_us": 30000,
  "calib_epochs": 5,
  "iters_per_epoch": 20,
  "target_comm_time_ms": 3905.163,
  "timestamp": "2026-07-20T13:27:17"
}
==========================================
