================================================================
V6 Full Experiment — Round 2: CXthenLL
  Background flow: iperf3 UDP 6 Gbps, DSCP=P3
  Payload:        1024MB × 2
  c_i tight/loose: 1.2 / 3.0 (swap at epoch 7)
  Warmup:         5 min before first mode
  CRUX priority:  both P3 (GPU intensity tie)
  LongLiu start:  P3 (same as CRUX starting point)
  Order:          crux → longliu
  T_target:       V5 calibration (1024MB)
  Date:           2026-07-24T16:59:16+08:00
================================================================
--- Starting iperf3 background flow: 6 Gbps (12×500M), DSCP=P3, 570s ---
  启动 12 路 iperf3 服务器 (226)...
  服务器运行数: 12
  启动 12 路客户端（每路 500 Mbps）...
  12 路客户端已启动（总 6 Gbps, duration 570s）

--- Warmup phase: 5 min (data discarded) ---
  Background flow running at 6 Gbps DSCP=P3
  Waiting for NIC/thermal/driver state stabilization...
  Warmup complete.

--- Running CXthenLL_first(crux) (crux) ---
Job A (crux) launched, waiting 10s for init...
Job B (crux) launched.
  (background flow active: 6 Gbps DSCP=P3)
  Job A 10.1 done (exit=0)
  Job A 226 done (exit=0)
  Job B 10.1 done (exit=0)
  Job B 226 done (exit=0)
--- CXthenLL_first(crux) completed ---

Waiting 15s between modes for NCCL cleanup...

--- Running CXthenLL_second(longliu) (longliu) ---
Job A (longliu) launched, waiting 10s for init...
Job B (longliu) launched.
  (background flow active: 6 Gbps DSCP=P3)
  Job A 10.1 done (exit=0)
  Job A 226 done (exit=0)
  Job B 10.1 done (exit=0)
  Job B 226 done (exit=0)
--- CXthenLL_second(longliu) completed ---

--- Stopping background flow ---
  12 路背景流已停止

================================================================
V6 Round 2 (CXthenLL) — Results Summary
================================================================

=== longliu ===
--- Job A ---
epoch,phase,payload_mb,c_i,sleep_us,avg_comm_s,avg_bw_gbps,pi,priority,dscp,slowdown,t_target_ms
0,phase1,1024,1.2,30000,0.184924,23.7746,-0.265575,2,24,0.7336,4201.087
1,phase1,1024,1.2,30000,0.183148,23.8696,-0.269213,2,24,0.7266,4201.087
2,phase1,1024,1.2,30000,0.17452,24.6702,-0.281771,2,24,0.6924,4201.087
3,phase1,1024,1.2,30000,0.299441,14.4308,-0.162293,2,24,1.188,4201.087
4,phase1,1024,1.2,30000,0.301039,14.3557,-0.089328,4,0,1.1943,4201.087
5,phase1,1024,1.2,30000,0.31357,13.8444,-0.032342,4,0,1.244,4201.087
6,phase1,1024,1.2,30000,0.301654,14.245,0.001618,4,0,1.1967,4201.087
7,phase2,1024,3.0,30000,0.303677,14.1653,-0.588761,1,32,0.4819,4201.087
8,phase2,1024,3.0,30000,0.376075,11.5296,-0.567756,1,32,0.5968,4201.087
9,phase2,1024,3.0,30000,0.375121,11.4735,-0.551107,1,32,0.5953,4201.087
10,phase2,1024,3.0,30000,0.367865,11.9749,-0.538546,1,32,0.5838,4201.087
11,phase2,1024,3.0,30000,0.373689,11.5194,-0.527292,1,32,0.593,4201.087
12,phase2,1024,3.0,30000,0.370348,11.6158,-0.518179,1,32,0.5877,4201.087
13,phase2,1024,3.0,30000,0.365763,11.7697,-0.510899,1,32,0.5804,4201.087
14,phase2,1024,3.0,30000,0.370679,11.6105,-0.504056,1,32,0.5882,4201.087
--- Job B ---
epoch,phase,payload_mb,c_i,sleep_us,avg_comm_s,avg_bw_gbps,pi,priority,dscp,slowdown,t_target_ms
0,phase1,1024,3.0,30000,0.310016,13.9325,-0.466815,2,24,0.5292,3905.163
1,phase1,1024,3.0,30000,0.307233,14.1829,-0.469382,2,24,0.5245,3905.163
2,phase1,1024,3.0,30000,0.305311,14.079,-0.471267,2,24,0.5212,3905.163
3,phase1,1024,3.0,30000,0.300841,14.2881,-0.47412,2,24,0.5136,3905.163
4,phase1,1024,3.0,30000,0.302177,14.3447,-0.475374,2,24,0.5159,3905.163
5,phase1,1024,3.0,30000,0.261824,16.4493,-0.487716,2,24,0.447,3905.163
6,phase1,1024,3.0,30000,0.261828,16.4392,-0.49651,2,24,0.447,3905.163
7,phase2,1024,1.2,30000,0.257634,16.7018,0.240009,4,0,1.0995,3905.163
8,phase2,1024,1.2,30000,0.269035,16.1827,0.230854,4,0,1.1482,3905.163
9,phase2,1024,1.2,30000,0.258249,16.6629,0.218925,4,0,1.1022,3905.163
10,phase2,1024,1.2,30000,0.260953,16.4979,0.210214,4,0,1.1137,3905.163
11,phase2,1024,1.2,30000,0.257234,16.742,0.201633,4,0,1.0978,3905.163
12,phase2,1024,1.2,30000,0.262346,16.4505,0.196042,4,0,1.1197,3905.163
13,phase2,1024,1.2,30000,0.260676,16.5075,0.190724,4,0,1.1125,3905.163
14,phase2,1024,1.2,30000,0.254357,17.0992,0.184311,4,0,1.0856,3905.163

=== crux ===
--- Job A ---
epoch,phase,payload_mb,c_i,sleep_us,avg_comm_s,avg_bw_gbps,pi,priority,dscp,slowdown,t_target_ms
0,phase1,1024,1.2,30000,0.179318,24.2299,-0.287726,3,16,0.7114,4201.087
1,phase1,1024,1.2,30000,0.171884,25.0256,-0.302637,3,16,0.6819,4201.087
2,phase1,1024,1.2,30000,0.175716,24.4939,-0.302511,3,16,0.6971,4201.087
3,phase1,1024,1.2,30000,0.297249,15.0242,-0.180183,3,16,1.1793,4201.087
4,phase1,1024,1.2,30000,0.317545,13.5452,-0.090478,3,16,1.2598,4201.087
5,phase1,1024,1.2,30000,0.318655,13.4928,-0.029933,3,16,1.2642,4201.087
6,phase1,1024,1.2,30000,0.320967,13.4043,0.014636,3,16,1.2734,4201.087
7,phase2,1024,3.0,30000,0.317592,13.5402,-0.581446,3,16,0.504,4201.087
8,phase2,1024,3.0,30000,0.317449,13.5403,-0.571592,3,16,0.5038,4201.087
9,phase2,1024,3.0,30000,0.316239,13.5937,-0.563902,3,16,0.5018,4201.087
10,phase2,1024,3.0,30000,0.315533,13.6246,-0.55771,3,16,0.5007,4201.087
11,phase2,1024,3.0,30000,0.318959,13.4861,-0.552099,3,16,0.5062,4201.087
12,phase2,1024,3.0,30000,0.315579,13.6273,-0.547764,3,16,0.5008,4201.087
13,phase2,1024,3.0,30000,0.317394,13.549,-0.543842,3,16,0.5037,4201.087
14,phase2,1024,3.0,30000,0.316366,13.5988,-0.540552,3,16,0.502,4201.087
--- Job B ---
epoch,phase,payload_mb,c_i,sleep_us,avg_comm_s,avg_bw_gbps,pi,priority,dscp,slowdown,t_target_ms
0,phase1,1024,3.0,30000,0.321122,13.4564,-0.447851,3,16,0.5482,3905.163
1,phase1,1024,3.0,30000,0.319138,13.4745,-0.44966,3,16,0.5448,3905.163
2,phase1,1024,3.0,30000,0.318518,13.5041,-0.450624,3,16,0.5438,3905.163
3,phase1,1024,3.0,30000,0.318652,13.5036,-0.451036,3,16,0.544,3905.163
4,phase1,1024,3.0,30000,0.31931,13.469,-0.451063,3,16,0.5451,3905.163
5,phase1,1024,3.0,30000,0.316846,13.5626,-0.45178,3,16,0.5409,3905.163
6,phase1,1024,3.0,30000,0.316683,13.5753,-0.452333,3,16,0.5406,3905.163
7,phase2,1024,1.2,30000,0.315693,13.6134,0.3676,3,16,1.3473,3905.163
8,phase2,1024,1.2,30000,0.319202,13.4696,0.368064,3,16,1.3623,3905.163
9,phase2,1024,1.2,30000,0.313272,13.7267,0.365892,3,16,1.337,3905.163
10,phase2,1024,1.2,30000,0.318006,13.5306,0.365954,3,16,1.3572,3905.163
11,phase2,1024,1.2,30000,0.299572,14.7971,0.359383,3,16,1.2785,3905.163
12,phase2,1024,1.2,30000,0.194085,22.1766,0.318591,3,16,0.8283,3905.163
13,phase2,1024,1.2,30000,0.191764,22.4472,0.282919,3,16,0.8184,3905.163
14,phase2,1024,1.2,30000,0.196621,21.8809,0.253383,3,16,0.8391,3905.163

=== 背景流总吞吐 ===
  Port 6200: 0.00 Gbps
  Port 6201: 0.00 Gbps
  Port 6202: 0.00 Gbps
  Port 6203: 0.00 Gbps
  Port 6204: 0.00 Gbps
  Port 6205: 0.00 Gbps
  Port 6206: 0.00 Gbps
  Port 6207: 0.00 Gbps
  Port 6208: 0.00 Gbps
  Port 6209: 0.00 Gbps
  Port 6210: 0.00 Gbps
  Port 6211: 0.00 Gbps
  总吞吐: ~0.0 Gbps

================================================================
Round 2 complete.
  Logs: p4_job[AB]_v6_round2_CXthenLL_*_node[101|226].log
  CSVs: p4_job[AB]_v6_round2_CXthenLL_*_rank0_epoch.csv
  Background: /tmp/v6_bgflow_round2_CXthenLL_*.log
================================================================
