[JobB-LONGLIU-MAIN] Loaded T_target=3905.16ms from /tmp/ttarget_v5_jobB.json (preset_target=True)
[MultiComm] Loading library from /home/why/LongLiu_rebuild/current/multi_comm_slo/build/libmulti_comm.so
[MultiComm] Rank 0: active priorities = 0 1 2 3 4 5 6 (7 total)
[MultiComm] Rank 0: initializing 7 priorities across 1 devices
[MultiComm] Rank 0: waiting for TCP connections on port 29521...
[MultiComm] Rank 0: sent 7 IDs to rank 1
[MultiComm] Rank 0: created communicator for priority P0 (DSCP=40, ToS=160)
[MultiComm] Rank 0: created communicator for priority P1 (DSCP=32, ToS=128)
[MultiComm] Rank 0: created communicator for priority P2 (DSCP=24, ToS=96)
[MultiComm] Rank 0: created communicator for priority P3 (DSCP=16, ToS=64)
[MultiComm] Rank 0: created communicator for priority P4 (DSCP=0, ToS=0)
[MultiComm] Rank 0: created communicator for priority P5 (DSCP=16, ToS=64)
[MultiComm] Rank 0: created communicator for priority P6 (DSCP=8, ToS=32)
[MultiComm] Rank 0: initialization complete, starting at P6 (DSCP=8)
[MultiComm] Initialized: rank=0, world_size=2, master=192.10.10.110:29521, priority=P3
[JobB-LONGLIU-MAIN] scheduler=v1(pi), queue=SP, payload=1024MB (fixed), reverse_window=7 (c_i swap), num_iters=300
[JobB-LONGLIU-MAIN] Phase 1 (window 0-6): c_i=3.0
[JobB-LONGLIU-MAIN] Phase 2 (window 7-14): c_i=1.2
[JobB-LONGLIU-MAIN] GPU 0: Quadro RTX 4000, free=6.2 GB
[JobB-LONGLIU-MAIN] Warmup done.
[MultiComm] Rank 0: switching priority P6 -> P3 (DSCP 8 -> 16)
[JobB-LONGLIU-MAIN] iter   0 (window 0): payload=1024MB, c_i=3.0, sleep=30000us, comm=1422.0ms, bw=3.02 Gbps [phase1]
[JobB-LONGLIU-MAIN] iter   1 (window 0): payload=1024MB, c_i=3.0, sleep=30000us, comm=1278.7ms, bw=3.36 Gbps [phase1]
[JobB-LONGLIU-MAIN] iter   2 (window 0): payload=1024MB, c_i=3.0, sleep=30000us, comm=1231.5ms, bw=3.49 Gbps [phase1]
[JobB-LONGLIU-MAIN] iter   3 (window 0): payload=1024MB, c_i=3.0, sleep=30000us, comm=1708.2ms, bw=2.51 Gbps [phase1]
[JobB-LONGLIU-MAIN] iter   4 (window 0): payload=1024MB, c_i=3.0, sleep=30000us, comm=1950.9ms, bw=2.20 Gbps [phase1]
[JobB-LONGLIU-MAIN] iter   5 (window 0): payload=1024MB, c_i=3.0, sleep=30000us, comm=1694.7ms, bw=2.53 Gbps [phase1]
[JobB-LONGLIU-MAIN] iter   6 (window 0): payload=1024MB, c_i=3.0, sleep=30000us, comm=1603.5ms, bw=2.68 Gbps [phase1]
[JobB-LONGLIU-MAIN] iter   7 (window 0): payload=1024MB, c_i=3.0, sleep=30000us, comm=2031.4ms, bw=2.11 Gbps [phase1]
[JobB-LONGLIU-MAIN] iter   8 (window 0): payload=1024MB, c_i=3.0, sleep=30000us, comm=1955.7ms, bw=2.20 Gbps [phase1]
[JobB-LONGLIU-MAIN] iter   9 (window 0): payload=1024MB, c_i=3.0, sleep=30000us, comm=1998.7ms, bw=2.15 Gbps [phase1]
[JobB-LONGLIU-MAIN] iter  10 (window 0): payload=1024MB, c_i=3.0, sleep=30000us, comm=1770.7ms, bw=2.43 Gbps [phase1]
[JobB-LONGLIU-MAIN] iter  11 (window 0): payload=1024MB, c_i=3.0, sleep=30000us, comm=1755.9ms, bw=2.45 Gbps [phase1]
[JobB-LONGLIU-MAIN] iter  12 (window 0): payload=1024MB, c_i=3.0, sleep=30000us, comm=1902.0ms, bw=2.26 Gbps [phase1]
[JobB-LONGLIU-MAIN] iter  13 (window 0): payload=1024MB, c_i=3.0, sleep=30000us, comm=1731.0ms, bw=2.48 Gbps [phase1]
[JobB-LONGLIU-MAIN] iter  14 (window 0): payload=1024MB, c_i=3.0, sleep=30000us, comm=1777.9ms, bw=2.42 Gbps [phase1]
[JobB-LONGLIU-MAIN] iter  15 (window 0): payload=1024MB, c_i=3.0, sleep=30000us, comm=1837.9ms, bw=2.34 Gbps [phase1]
[JobB-LONGLIU-MAIN] iter  16 (window 0): payload=1024MB, c_i=3.0, sleep=30000us, comm=1962.4ms, bw=2.19 Gbps [phase1]
[JobB-LONGLIU-MAIN] iter  17 (window 0): payload=1024MB, c_i=3.0, sleep=30000us, comm=1758.9ms, bw=2.44 Gbps [phase1]
[JobB-LONGLIU-MAIN] iter  18 (window 0): payload=1024MB, c_i=3.0, sleep=30000us, comm=1965.2ms, bw=2.19 Gbps [phase1]
[JobB-LONGLIU-MAIN] iter  19 (window 0): payload=1024MB, c_i=3.0, sleep=30000us, comm=1798.9ms, bw=2.39 Gbps [phase1]
[SLO] T_target PRESET (calibrated): 3905.2ms (c_i=3.0, SLO target=11715.5ms) — EMA updates SKIPPED
[SLO] Window 1: π=+2.002 (A=35.17s, expected=11.72s, T_target=3905.2ms, k=1), comm_ratio=1.00, urgency=+2.002, Priority P3 -> P6 (DSCP 16 -> 8)
[MultiComm] Rank 0: switching priority P3 -> P6 (DSCP 16 -> 8)
[JobB-LONGLIU-MAIN] iter  20 (window 1): payload=1024MB, c_i=3.0, sleep=30000us, comm=1369.3ms, bw=3.14 Gbps [phase1]
[JobB-LONGLIU-MAIN] iter  21 (window 1): payload=1024MB, c_i=3.0, sleep=30000us, comm=1370.0ms, bw=3.14 Gbps [phase1]
[JobB-LONGLIU-MAIN] iter  22 (window 1): payload=1024MB, c_i=3.0, sleep=30000us, comm=1374.0ms, bw=3.13 Gbps [phase1]
[JobB-LONGLIU-MAIN] iter  23 (window 1): payload=1024MB, c_i=3.0, sleep=30000us, comm=1434.7ms, bw=2.99 Gbps [phase1]
[JobB-LONGLIU-MAIN] iter  24 (window 1): payload=1024MB, c_i=3.0, sleep=30000us, comm=1477.4ms, bw=2.91 Gbps [phase1]
[JobB-LONGLIU-MAIN] iter  25 (window 1): payload=1024MB, c_i=3.0, sleep=30000us, comm=1348.3ms, bw=3.19 Gbps [phase1]
[JobB-LONGLIU-MAIN] iter  26 (window 1): payload=1024MB, c_i=3.0, sleep=30000us, comm=1442.4ms, bw=2.98 Gbps [phase1]
[JobB-LONGLIU-MAIN] iter  27 (window 1): payload=1024MB, c_i=3.0, sleep=30000us, comm=1473.6ms, bw=2.91 Gbps [phase1]
[JobB-LONGLIU-MAIN] iter  28 (window 1): payload=1024MB, c_i=3.0, sleep=30000us, comm=1387.7ms, bw=3.09 Gbps [phase1]
[JobB-LONGLIU-MAIN] iter  29 (window 1): payload=1024MB, c_i=3.0, sleep=30000us, comm=1358.7ms, bw=3.16 Gbps [phase1]
[JobB-LONGLIU-MAIN] iter  30 (window 1): payload=1024MB, c_i=3.0, sleep=30000us, comm=1374.9ms, bw=3.12 Gbps [phase1]
[JobB-LONGLIU-MAIN] iter  31 (window 1): payload=1024MB, c_i=3.0, sleep=30000us, comm=1382.5ms, bw=3.11 Gbps [phase1]
[JobB-LONGLIU-MAIN] iter  32 (window 1): payload=1024MB, c_i=3.0, sleep=30000us, comm=1374.3ms, bw=3.13 Gbps [phase1]
[JobB-LONGLIU-MAIN] iter  33 (window 1): payload=1024MB, c_i=3.0, sleep=30000us, comm=1348.9ms, bw=3.18 Gbps [phase1]
[JobB-LONGLIU-MAIN] iter  34 (window 1): payload=1024MB, c_i=3.0, sleep=30000us, comm=1348.2ms, bw=3.19 Gbps [phase1]
[JobB-LONGLIU-MAIN] iter  35 (window 1): payload=1024MB, c_i=3.0, sleep=30000us, comm=1396.1ms, bw=3.08 Gbps [phase1]
[JobB-LONGLIU-MAIN] iter  36 (window 1): payload=1024MB, c_i=3.0, sleep=30000us, comm=1486.4ms, bw=2.89 Gbps [phase1]
[JobB-LONGLIU-MAIN] iter  37 (window 1): payload=1024MB, c_i=3.0, sleep=30000us, comm=1438.7ms, bw=2.99 Gbps [phase1]
[JobB-LONGLIU-MAIN] iter  38 (window 1): payload=1024MB, c_i=3.0, sleep=30000us, comm=1376.4ms, bw=3.12 Gbps [phase1]
[JobB-LONGLIU-MAIN] iter  39 (window 1): payload=1024MB, c_i=3.0, sleep=30000us, comm=1408.0ms, bw=3.05 Gbps [phase1]
[SLO] comm baseline initialized: 27962.7ms/window (window 2)
[JobB-LONGLIU-MAIN] iter  40 (window 2): payload=1024MB, c_i=3.0, sleep=30000us, comm=1290.8ms, bw=3.33 Gbps [phase1]
[JobB-LONGLIU-MAIN] iter  41 (window 2): payload=1024MB, c_i=3.0, sleep=30000us, comm=1408.1ms, bw=3.05 Gbps [phase1]
[JobB-LONGLIU-MAIN] iter  42 (window 2): payload=1024MB, c_i=3.0, sleep=30000us, comm=1447.8ms, bw=2.97 Gbps [phase1]
[JobB-LONGLIU-MAIN] iter  43 (window 2): payload=1024MB, c_i=3.0, sleep=30000us, comm=1383.5ms, bw=3.10 Gbps [phase1]
[JobB-LONGLIU-MAIN] iter  44 (window 2): payload=1024MB, c_i=3.0, sleep=30000us, comm=1404.5ms, bw=3.06 Gbps [phase1]
[JobB-LONGLIU-MAIN] iter  45 (window 2): payload=1024MB, c_i=3.0, sleep=30000us, comm=1408.7ms, bw=3.05 Gbps [phase1]
[JobB-LONGLIU-MAIN] iter  46 (window 2): payload=1024MB, c_i=3.0, sleep=30000us, comm=1344.3ms, bw=3.20 Gbps [phase1]
[JobB-LONGLIU-MAIN] iter  47 (window 2): payload=1024MB, c_i=3.0, sleep=30000us, comm=1374.9ms, bw=3.12 Gbps [phase1]
[JobB-LONGLIU-MAIN] iter  48 (window 2): payload=1024MB, c_i=3.0, sleep=30000us, comm=1413.9ms, bw=3.04 Gbps [phase1]
[JobB-LONGLIU-MAIN] iter  49 (window 2): payload=1024MB, c_i=3.0, sleep=30000us, comm=1430.0ms, bw=3.00 Gbps [phase1]
[JobB-LONGLIU-MAIN] iter  50 (window 2): payload=1024MB, c_i=3.0, sleep=30000us, comm=1447.2ms, bw=2.97 Gbps [phase1]
[JobB-LONGLIU-MAIN] iter  51 (window 2): payload=1024MB, c_i=3.0, sleep=30000us, comm=1430.2ms, bw=3.00 Gbps [phase1]
[JobB-LONGLIU-MAIN] iter  52 (window 2): payload=1024MB, c_i=3.0, sleep=30000us, comm=1413.2ms, bw=3.04 Gbps [phase1]
[JobB-LONGLIU-MAIN] iter  53 (window 2): payload=1024MB, c_i=3.0, sleep=30000us, comm=1405.4ms, bw=3.06 Gbps [phase1]
[JobB-LONGLIU-MAIN] iter  54 (window 2): payload=1024MB, c_i=3.0, sleep=30000us, comm=1343.1ms, bw=3.20 Gbps [phase1]
[JobB-LONGLIU-MAIN] iter  55 (window 2): payload=1024MB, c_i=3.0, sleep=30000us, comm=1355.2ms, bw=3.17 Gbps [phase1]
[JobB-LONGLIU-MAIN] iter  56 (window 2): payload=1024MB, c_i=3.0, sleep=30000us, comm=1455.7ms, bw=2.95 Gbps [phase1]
[JobB-LONGLIU-MAIN] iter  57 (window 2): payload=1024MB, c_i=3.0, sleep=30000us, comm=1436.1ms, bw=2.99 Gbps [phase1]
[JobB-LONGLIU-MAIN] iter  58 (window 2): payload=1024MB, c_i=3.0, sleep=30000us, comm=1413.1ms, bw=3.04 Gbps [phase1]
[JobB-LONGLIU-MAIN] iter  59 (window 2): payload=1024MB, c_i=3.0, sleep=30000us, comm=1395.0ms, bw=3.08 Gbps [phase1]
[JobB-LONGLIU-MAIN] iter  60 (window 3): payload=1024MB, c_i=3.0, sleep=30000us, comm=1401.7ms, bw=3.06 Gbps [phase1]
[JobB-LONGLIU-MAIN] iter  61 (window 3): payload=1024MB, c_i=3.0, sleep=30000us, comm=1367.4ms, bw=3.14 Gbps [phase1]
[JobB-LONGLIU-MAIN] iter  62 (window 3): payload=1024MB, c_i=3.0, sleep=30000us, comm=1398.4ms, bw=3.07 Gbps [phase1]
[JobB-LONGLIU-MAIN] iter  63 (window 3): payload=1024MB, c_i=3.0, sleep=30000us, comm=1378.9ms, bw=3.11 Gbps [phase1]
[JobB-LONGLIU-MAIN] iter  64 (window 3): payload=1024MB, c_i=3.0, sleep=30000us, comm=1322.6ms, bw=3.25 Gbps [phase1]
[JobB-LONGLIU-MAIN] iter  65 (window 3): payload=1024MB, c_i=3.0, sleep=30000us, comm=1343.4ms, bw=3.20 Gbps [phase1]
[JobB-LONGLIU-MAIN] iter  66 (window 3): payload=1024MB, c_i=3.0, sleep=30000us, comm=1331.6ms, bw=3.23 Gbps [phase1]
[JobB-LONGLIU-MAIN] iter  67 (window 3): payload=1024MB, c_i=3.0, sleep=30000us, comm=1352.0ms, bw=3.18 Gbps [phase1]
[JobB-LONGLIU-MAIN] iter  68 (window 3): payload=1024MB, c_i=3.0, sleep=30000us, comm=1370.6ms, bw=3.13 Gbps [phase1]
[JobB-LONGLIU-MAIN] iter  69 (window 3): payload=1024MB, c_i=3.0, sleep=30000us, comm=1410.5ms, bw=3.04 Gbps [phase1]
[JobB-LONGLIU-MAIN] iter  70 (window 3): payload=1024MB, c_i=3.0, sleep=30000us, comm=1340.2ms, bw=3.20 Gbps [phase1]
[JobB-LONGLIU-MAIN] iter  71 (window 3): payload=1024MB, c_i=3.0, sleep=30000us, comm=1401.0ms, bw=3.07 Gbps [phase1]
[JobB-LONGLIU-MAIN] iter  72 (window 3): payload=1024MB, c_i=3.0, sleep=30000us, comm=1309.1ms, bw=3.28 Gbps [phase1]
[JobB-LONGLIU-MAIN] iter  73 (window 3): payload=1024MB, c_i=3.0, sleep=30000us, comm=1440.2ms, bw=2.98 Gbps [phase1]
[JobB-LONGLIU-MAIN] iter  74 (window 3): payload=1024MB, c_i=3.0, sleep=30000us, comm=1553.0ms, bw=2.77 Gbps [phase1]
[JobB-LONGLIU-MAIN] iter  75 (window 3): payload=1024MB, c_i=3.0, sleep=30000us, comm=1372.8ms, bw=3.13 Gbps [phase1]
[JobB-LONGLIU-MAIN] iter  76 (window 3): payload=1024MB, c_i=3.0, sleep=30000us, comm=1432.0ms, bw=3.00 Gbps [phase1]
[JobB-LONGLIU-MAIN] iter  77 (window 3): payload=1024MB, c_i=3.0, sleep=30000us, comm=1414.5ms, bw=3.04 Gbps [phase1]
[JobB-LONGLIU-MAIN] iter  78 (window 3): payload=1024MB, c_i=3.0, sleep=30000us, comm=1482.6ms, bw=2.90 Gbps [phase1]
[JobB-LONGLIU-MAIN] iter  79 (window 3): payload=1024MB, c_i=3.0, sleep=30000us, comm=1345.7ms, bw=3.19 Gbps [phase1]
[JobB-LONGLIU-MAIN] iter  80 (window 4): payload=1024MB, c_i=3.0, sleep=30000us, comm=1431.5ms, bw=3.00 Gbps [phase1]
[JobB-LONGLIU-MAIN] iter  81 (window 4): payload=1024MB, c_i=3.0, sleep=30000us, comm=1363.2ms, bw=3.15 Gbps [phase1]
[JobB-LONGLIU-MAIN] iter  82 (window 4): payload=1024MB, c_i=3.0, sleep=30000us, comm=1396.9ms, bw=3.07 Gbps [phase1]
[JobB-LONGLIU-MAIN] iter  83 (window 4): payload=1024MB, c_i=3.0, sleep=30000us, comm=1387.1ms, bw=3.10 Gbps [phase1]
[JobB-LONGLIU-MAIN] iter  84 (window 4): payload=1024MB, c_i=3.0, sleep=30000us, comm=1287.7ms, bw=3.34 Gbps [phase1]
[JobB-LONGLIU-MAIN] iter  85 (window 4): payload=1024MB, c_i=3.0, sleep=30000us, comm=1435.5ms, bw=2.99 Gbps [phase1]
[JobB-LONGLIU-MAIN] iter  86 (window 4): payload=1024MB, c_i=3.0, sleep=30000us, comm=1447.5ms, bw=2.97 Gbps [phase1]
[JobB-LONGLIU-MAIN] iter  87 (window 4): payload=1024MB, c_i=3.0, sleep=30000us, comm=1361.5ms, bw=3.15 Gbps [phase1]
[JobB-LONGLIU-MAIN] iter  88 (window 4): payload=1024MB, c_i=3.0, sleep=30000us, comm=1430.4ms, bw=3.00 Gbps [phase1]
[JobB-LONGLIU-MAIN] iter  89 (window 4): payload=1024MB, c_i=3.0, sleep=30000us, comm=1357.5ms, bw=3.16 Gbps [phase1]
[JobB-LONGLIU-MAIN] iter  90 (window 4): payload=1024MB, c_i=3.0, sleep=30000us, comm=1365.7ms, bw=3.14 Gbps [phase1]
[JobB-LONGLIU-MAIN] iter  91 (window 4): payload=1024MB, c_i=3.0, sleep=30000us, comm=1335.2ms, bw=3.22 Gbps [phase1]
[JobB-LONGLIU-MAIN] iter  92 (window 4): payload=1024MB, c_i=3.0, sleep=30000us, comm=1415.6ms, bw=3.03 Gbps [phase1]
[JobB-LONGLIU-MAIN] iter  93 (window 4): payload=1024MB, c_i=3.0, sleep=30000us, comm=1409.7ms, bw=3.05 Gbps [phase1]
[JobB-LONGLIU-MAIN] iter  94 (window 4): payload=1024MB, c_i=3.0, sleep=30000us, comm=1406.4ms, bw=3.05 Gbps [phase1]
[JobB-LONGLIU-MAIN] iter  95 (window 4): payload=1024MB, c_i=3.0, sleep=30000us, comm=1343.6ms, bw=3.20 Gbps [phase1]
[JobB-LONGLIU-MAIN] iter  96 (window 4): payload=1024MB, c_i=3.0, sleep=30000us, comm=1408.8ms, bw=3.05 Gbps [phase1]
[JobB-LONGLIU-MAIN] iter  97 (window 4): payload=1024MB, c_i=3.0, sleep=30000us, comm=1378.2ms, bw=3.12 Gbps [phase1]
[JobB-LONGLIU-MAIN] iter  98 (window 4): payload=1024MB, c_i=3.0, sleep=30000us, comm=1531.9ms, bw=2.80 Gbps [phase1]
[JobB-LONGLIU-MAIN] iter  99 (window 4): payload=1024MB, c_i=3.0, sleep=30000us, comm=1481.3ms, bw=2.90 Gbps [phase1]
[JobB-LONGLIU-MAIN] iter 100 (window 5): payload=1024MB, c_i=3.0, sleep=30000us, comm=1352.8ms, bw=3.17 Gbps [phase1]
[JobB-LONGLIU-MAIN] iter 101 (window 5): payload=1024MB, c_i=3.0, sleep=30000us, comm=1460.2ms, bw=2.94 Gbps [phase1]
[JobB-LONGLIU-MAIN] iter 102 (window 5): payload=1024MB, c_i=3.0, sleep=30000us, comm=1434.5ms, bw=2.99 Gbps [phase1]
[JobB-LONGLIU-MAIN] iter 103 (window 5): payload=1024MB, c_i=3.0, sleep=30000us, comm=1374.2ms, bw=3.13 Gbps [phase1]
[JobB-LONGLIU-MAIN] iter 104 (window 5): payload=1024MB, c_i=3.0, sleep=30000us, comm=1448.4ms, bw=2.97 Gbps [phase1]
[JobB-LONGLIU-MAIN] iter 105 (window 5): payload=1024MB, c_i=3.0, sleep=30000us, comm=1400.1ms, bw=3.07 Gbps [phase1]
[JobB-LONGLIU-MAIN] iter 106 (window 5): payload=1024MB, c_i=3.0, sleep=30000us, comm=1362.2ms, bw=3.15 Gbps [phase1]
[JobB-LONGLIU-MAIN] iter 107 (window 5): payload=1024MB, c_i=3.0, sleep=30000us, comm=1383.3ms, bw=3.10 Gbps [phase1]
[JobB-LONGLIU-MAIN] iter 108 (window 5): payload=1024MB, c_i=3.0, sleep=30000us, comm=1426.8ms, bw=3.01 Gbps [phase1]
[JobB-LONGLIU-MAIN] iter 109 (window 5): payload=1024MB, c_i=3.0, sleep=30000us, comm=1452.2ms, bw=2.96 Gbps [phase1]
[JobB-LONGLIU-MAIN] iter 110 (window 5): payload=1024MB, c_i=3.0, sleep=30000us, comm=1283.4ms, bw=3.35 Gbps [phase1]
[JobB-LONGLIU-MAIN] iter 111 (window 5): payload=1024MB, c_i=3.0, sleep=30000us, comm=1392.1ms, bw=3.09 Gbps [phase1]
[JobB-LONGLIU-MAIN] iter 112 (window 5): payload=1024MB, c_i=3.0, sleep=30000us, comm=1280.4ms, bw=3.35 Gbps [phase1]
[JobB-LONGLIU-MAIN] iter 113 (window 5): payload=1024MB, c_i=3.0, sleep=30000us, comm=1328.8ms, bw=3.23 Gbps [phase1]
[JobB-LONGLIU-MAIN] iter 114 (window 5): payload=1024MB, c_i=3.0, sleep=30000us, comm=1357.7ms, bw=3.16 Gbps [phase1]
[JobB-LONGLIU-MAIN] iter 115 (window 5): payload=1024MB, c_i=3.0, sleep=30000us, comm=1361.9ms, bw=3.15 Gbps [phase1]
[JobB-LONGLIU-MAIN] iter 116 (window 5): payload=1024MB, c_i=3.0, sleep=30000us, comm=1322.4ms, bw=3.25 Gbps [phase1]
[JobB-LONGLIU-MAIN] iter 117 (window 5): payload=1024MB, c_i=3.0, sleep=30000us, comm=1430.2ms, bw=3.00 Gbps [phase1]
[JobB-LONGLIU-MAIN] iter 118 (window 5): payload=1024MB, c_i=3.0, sleep=30000us, comm=1384.5ms, bw=3.10 Gbps [phase1]
[JobB-LONGLIU-MAIN] iter 119 (window 5): payload=1024MB, c_i=3.0, sleep=30000us, comm=1471.9ms, bw=2.92 Gbps [phase1]
[JobB-LONGLIU-MAIN] iter 120 (window 6): payload=1024MB, c_i=3.0, sleep=30000us, comm=1339.6ms, bw=3.21 Gbps [phase1]
[JobB-LONGLIU-MAIN] iter 121 (window 6): payload=1024MB, c_i=3.0, sleep=30000us, comm=1417.2ms, bw=3.03 Gbps [phase1]
[JobB-LONGLIU-MAIN] iter 122 (window 6): payload=1024MB, c_i=3.0, sleep=30000us, comm=1384.7ms, bw=3.10 Gbps [phase1]
[JobB-LONGLIU-MAIN] iter 123 (window 6): payload=1024MB, c_i=3.0, sleep=30000us, comm=1379.8ms, bw=3.11 Gbps [phase1]
[JobB-LONGLIU-MAIN] iter 124 (window 6): payload=1024MB, c_i=3.0, sleep=30000us, comm=1367.7ms, bw=3.14 Gbps [phase1]
[JobB-LONGLIU-MAIN] iter 125 (window 6): payload=1024MB, c_i=3.0, sleep=30000us, comm=1387.9ms, bw=3.09 Gbps [phase1]
[JobB-LONGLIU-MAIN] iter 126 (window 6): payload=1024MB, c_i=3.0, sleep=30000us, comm=1387.5ms, bw=3.10 Gbps [phase1]
[JobB-LONGLIU-MAIN] iter 127 (window 6): payload=1024MB, c_i=3.0, sleep=30000us, comm=1391.3ms, bw=3.09 Gbps [phase1]
[JobB-LONGLIU-MAIN] iter 128 (window 6): payload=1024MB, c_i=3.0, sleep=30000us, comm=1408.4ms, bw=3.05 Gbps [phase1]
[JobB-LONGLIU-MAIN] iter 129 (window 6): payload=1024MB, c_i=3.0, sleep=30000us, comm=1523.3ms, bw=2.82 Gbps [phase1]
[JobB-LONGLIU-MAIN] iter 130 (window 6): payload=1024MB, c_i=3.0, sleep=30000us, comm=1441.4ms, bw=2.98 Gbps [phase1]
[JobB-LONGLIU-MAIN] iter 131 (window 6): payload=1024MB, c_i=3.0, sleep=30000us, comm=1353.6ms, bw=3.17 Gbps [phase1]
[JobB-LONGLIU-MAIN] iter 132 (window 6): payload=1024MB, c_i=3.0, sleep=30000us, comm=1447.7ms, bw=2.97 Gbps [phase1]
[JobB-LONGLIU-MAIN] iter 133 (window 6): payload=1024MB, c_i=3.0, sleep=30000us, comm=1345.5ms, bw=3.19 Gbps [phase1]
[JobB-LONGLIU-MAIN] iter 134 (window 6): payload=1024MB, c_i=3.0, sleep=30000us, comm=1457.9ms, bw=2.95 Gbps [phase1]
[JobB-LONGLIU-MAIN] iter 135 (window 6): payload=1024MB, c_i=3.0, sleep=30000us, comm=1447.6ms, bw=2.97 Gbps [phase1]
[JobB-LONGLIU-MAIN] iter 136 (window 6): payload=1024MB, c_i=3.0, sleep=30000us, comm=1293.8ms, bw=3.32 Gbps [phase1]
[JobB-LONGLIU-MAIN] iter 137 (window 6): payload=1024MB, c_i=3.0, sleep=30000us, comm=1343.5ms, bw=3.20 Gbps [phase1]
[JobB-LONGLIU-MAIN] iter 138 (window 6): payload=1024MB, c_i=3.0, sleep=30000us, comm=1396.0ms, bw=3.08 Gbps [phase1]
[JobB-LONGLIU-MAIN] iter 139 (window 6): payload=1024MB, c_i=3.0, sleep=30000us, comm=1374.6ms, bw=3.12 Gbps [phase1]
[SLO] c_i updated: 3.00 → 1.20
[JobB-LONGLIU-MAIN] *** c_i SWAP at window 7: now c_i=1.2 ***
[JobB-LONGLIU-MAIN] iter 140 (window 7): payload=1024MB, c_i=1.2, sleep=30000us, comm=1369.8ms, bw=3.14 Gbps [phase2]
[JobB-LONGLIU-MAIN] iter 141 (window 7): payload=1024MB, c_i=1.2, sleep=30000us, comm=1365.7ms, bw=3.14 Gbps [phase2]
[JobB-LONGLIU-MAIN] iter 142 (window 7): payload=1024MB, c_i=1.2, sleep=30000us, comm=1427.1ms, bw=3.01 Gbps [phase2]
[JobB-LONGLIU-MAIN] iter 143 (window 7): payload=1024MB, c_i=1.2, sleep=30000us, comm=1417.8ms, bw=3.03 Gbps [phase2]
[JobB-LONGLIU-MAIN] iter 144 (window 7): payload=1024MB, c_i=1.2, sleep=30000us, comm=1336.9ms, bw=3.21 Gbps [phase2]
[JobB-LONGLIU-MAIN] iter 145 (window 7): payload=1024MB, c_i=1.2, sleep=30000us, comm=1428.0ms, bw=3.01 Gbps [phase2]
[JobB-LONGLIU-MAIN] iter 146 (window 7): payload=1024MB, c_i=1.2, sleep=30000us, comm=1332.9ms, bw=3.22 Gbps [phase2]
[JobB-LONGLIU-MAIN] iter 147 (window 7): payload=1024MB, c_i=1.2, sleep=30000us, comm=1344.4ms, bw=3.19 Gbps [phase2]
[JobB-LONGLIU-MAIN] iter 148 (window 7): payload=1024MB, c_i=1.2, sleep=30000us, comm=1326.6ms, bw=3.24 Gbps [phase2]
[JobB-LONGLIU-MAIN] iter 149 (window 7): payload=1024MB, c_i=1.2, sleep=30000us, comm=1388.0ms, bw=3.09 Gbps [phase2]
[JobB-LONGLIU-MAIN] iter 150 (window 7): payload=1024MB, c_i=1.2, sleep=30000us, comm=1421.6ms, bw=3.02 Gbps [phase2]
[JobB-LONGLIU-MAIN] iter 151 (window 7): payload=1024MB, c_i=1.2, sleep=30000us, comm=1361.0ms, bw=3.16 Gbps [phase2]
[JobB-LONGLIU-MAIN] iter 152 (window 7): payload=1024MB, c_i=1.2, sleep=30000us, comm=1435.8ms, bw=2.99 Gbps [phase2]
[JobB-LONGLIU-MAIN] iter 153 (window 7): payload=1024MB, c_i=1.2, sleep=30000us, comm=1357.0ms, bw=3.16 Gbps [phase2]
[JobB-LONGLIU-MAIN] iter 154 (window 7): payload=1024MB, c_i=1.2, sleep=30000us, comm=1317.8ms, bw=3.26 Gbps [phase2]
[JobB-LONGLIU-MAIN] iter 155 (window 7): payload=1024MB, c_i=1.2, sleep=30000us, comm=1385.1ms, bw=3.10 Gbps [phase2]
[JobB-LONGLIU-MAIN] iter 156 (window 7): payload=1024MB, c_i=1.2, sleep=30000us, comm=1352.4ms, bw=3.18 Gbps [phase2]
[JobB-LONGLIU-MAIN] iter 157 (window 7): payload=1024MB, c_i=1.2, sleep=30000us, comm=1404.2ms, bw=3.06 Gbps [phase2]
[JobB-LONGLIU-MAIN] iter 158 (window 7): payload=1024MB, c_i=1.2, sleep=30000us, comm=1379.6ms, bw=3.11 Gbps [phase2]
[JobB-LONGLIU-MAIN] iter 159 (window 7): payload=1024MB, c_i=1.2, sleep=30000us, comm=1362.1ms, bw=3.15 Gbps [phase2]
[JobB-LONGLIU-MAIN] iter 160 (window 8): payload=1024MB, c_i=1.2, sleep=30000us, comm=1445.2ms, bw=2.97 Gbps [phase2]
[JobB-LONGLIU-MAIN] iter 161 (window 8): payload=1024MB, c_i=1.2, sleep=30000us, comm=1401.1ms, bw=3.07 Gbps [phase2]
[JobB-LONGLIU-MAIN] iter 162 (window 8): payload=1024MB, c_i=1.2, sleep=30000us, comm=1318.4ms, bw=3.26 Gbps [phase2]
[JobB-LONGLIU-MAIN] iter 163 (window 8): payload=1024MB, c_i=1.2, sleep=30000us, comm=1388.1ms, bw=3.09 Gbps [phase2]
[JobB-LONGLIU-MAIN] iter 164 (window 8): payload=1024MB, c_i=1.2, sleep=30000us, comm=1378.6ms, bw=3.12 Gbps [phase2]
[JobB-LONGLIU-MAIN] iter 165 (window 8): payload=1024MB, c_i=1.2, sleep=30000us, comm=1384.1ms, bw=3.10 Gbps [phase2]
[JobB-LONGLIU-MAIN] iter 166 (window 8): payload=1024MB, c_i=1.2, sleep=30000us, comm=1400.1ms, bw=3.07 Gbps [phase2]
[JobB-LONGLIU-MAIN] iter 167 (window 8): payload=1024MB, c_i=1.2, sleep=30000us, comm=1530.9ms, bw=2.81 Gbps [phase2]
[JobB-LONGLIU-MAIN] iter 168 (window 8): payload=1024MB, c_i=1.2, sleep=30000us, comm=1383.0ms, bw=3.11 Gbps [phase2]
[JobB-LONGLIU-MAIN] iter 169 (window 8): payload=1024MB, c_i=1.2, sleep=30000us, comm=1335.4ms, bw=3.22 Gbps [phase2]
[JobB-LONGLIU-MAIN] iter 170 (window 8): payload=1024MB, c_i=1.2, sleep=30000us, comm=1332.3ms, bw=3.22 Gbps [phase2]
[JobB-LONGLIU-MAIN] iter 171 (window 8): payload=1024MB, c_i=1.2, sleep=30000us, comm=1340.2ms, bw=3.20 Gbps [phase2]
[JobB-LONGLIU-MAIN] iter 172 (window 8): payload=1024MB, c_i=1.2, sleep=30000us, comm=1300.9ms, bw=3.30 Gbps [phase2]
[JobB-LONGLIU-MAIN] iter 173 (window 8): payload=1024MB, c_i=1.2, sleep=30000us, comm=1449.7ms, bw=2.96 Gbps [phase2]
[JobB-LONGLIU-MAIN] iter 174 (window 8): payload=1024MB, c_i=1.2, sleep=30000us, comm=1322.4ms, bw=3.25 Gbps [phase2]
[JobB-LONGLIU-MAIN] iter 175 (window 8): payload=1024MB, c_i=1.2, sleep=30000us, comm=1430.8ms, bw=3.00 Gbps [phase2]
[JobB-LONGLIU-MAIN] iter 176 (window 8): payload=1024MB, c_i=1.2, sleep=30000us, comm=1365.7ms, bw=3.14 Gbps [phase2]
[JobB-LONGLIU-MAIN] iter 177 (window 8): payload=1024MB, c_i=1.2, sleep=30000us, comm=1417.5ms, bw=3.03 Gbps [phase2]
[JobB-LONGLIU-MAIN] iter 178 (window 8): payload=1024MB, c_i=1.2, sleep=30000us, comm=1405.7ms, bw=3.06 Gbps [phase2]
[JobB-LONGLIU-MAIN] iter 179 (window 8): payload=1024MB, c_i=1.2, sleep=30000us, comm=1459.1ms, bw=2.94 Gbps [phase2]
[JobB-LONGLIU-MAIN] iter 180 (window 9): payload=1024MB, c_i=1.2, sleep=30000us, comm=1343.9ms, bw=3.20 Gbps [phase2]
[JobB-LONGLIU-MAIN] iter 181 (window 9): payload=1024MB, c_i=1.2, sleep=30000us, comm=1366.3ms, bw=3.14 Gbps [phase2]
[JobB-LONGLIU-MAIN] iter 182 (window 9): payload=1024MB, c_i=1.2, sleep=30000us, comm=1447.5ms, bw=2.97 Gbps [phase2]
[JobB-LONGLIU-MAIN] iter 183 (window 9): payload=1024MB, c_i=1.2, sleep=30000us, comm=1395.3ms, bw=3.08 Gbps [phase2]
[JobB-LONGLIU-MAIN] iter 184 (window 9): payload=1024MB, c_i=1.2, sleep=30000us, comm=1382.9ms, bw=3.11 Gbps [phase2]
[JobB-LONGLIU-MAIN] iter 185 (window 9): payload=1024MB, c_i=1.2, sleep=30000us, comm=1365.6ms, bw=3.15 Gbps [phase2]
[JobB-LONGLIU-MAIN] iter 186 (window 9): payload=1024MB, c_i=1.2, sleep=30000us, comm=1395.5ms, bw=3.08 Gbps [phase2]
[JobB-LONGLIU-MAIN] iter 187 (window 9): payload=1024MB, c_i=1.2, sleep=30000us, comm=1341.0ms, bw=3.20 Gbps [phase2]
[JobB-LONGLIU-MAIN] iter 188 (window 9): payload=1024MB, c_i=1.2, sleep=30000us, comm=1421.9ms, bw=3.02 Gbps [phase2]
[JobB-LONGLIU-MAIN] iter 189 (window 9): payload=1024MB, c_i=1.2, sleep=30000us, comm=1452.4ms, bw=2.96 Gbps [phase2]
[JobB-LONGLIU-MAIN] iter 190 (window 9): payload=1024MB, c_i=1.2, sleep=30000us, comm=1404.3ms, bw=3.06 Gbps [phase2]
[JobB-LONGLIU-MAIN] iter 191 (window 9): payload=1024MB, c_i=1.2, sleep=30000us, comm=1413.3ms, bw=3.04 Gbps [phase2]
[JobB-LONGLIU-MAIN] iter 192 (window 9): payload=1024MB, c_i=1.2, sleep=30000us, comm=1420.0ms, bw=3.02 Gbps [phase2]
[JobB-LONGLIU-MAIN] iter 193 (window 9): payload=1024MB, c_i=1.2, sleep=30000us, comm=1292.8ms, bw=3.32 Gbps [phase2]
[JobB-LONGLIU-MAIN] iter 194 (window 9): payload=1024MB, c_i=1.2, sleep=30000us, comm=1382.7ms, bw=3.11 Gbps [phase2]
[JobB-LONGLIU-MAIN] iter 195 (window 9): payload=1024MB, c_i=1.2, sleep=30000us, comm=1457.4ms, bw=2.95 Gbps [phase2]
[JobB-LONGLIU-MAIN] iter 196 (window 9): payload=1024MB, c_i=1.2, sleep=30000us, comm=1392.8ms, bw=3.08 Gbps [phase2]
[JobB-LONGLIU-MAIN] iter 197 (window 9): payload=1024MB, c_i=1.2, sleep=30000us, comm=1447.2ms, bw=2.97 Gbps [phase2]
[JobB-LONGLIU-MAIN] iter 198 (window 9): payload=1024MB, c_i=1.2, sleep=30000us, comm=1449.7ms, bw=2.96 Gbps [phase2]
[JobB-LONGLIU-MAIN] iter 199 (window 9): payload=1024MB, c_i=1.2, sleep=30000us, comm=1275.7ms, bw=3.37 Gbps [phase2]
[JobB-LONGLIU-MAIN] iter 200 (window 10): payload=1024MB, c_i=1.2, sleep=30000us, comm=1379.5ms, bw=3.11 Gbps [phase2]
[JobB-LONGLIU-MAIN] iter 201 (window 10): payload=1024MB, c_i=1.2, sleep=30000us, comm=1392.2ms, bw=3.09 Gbps [phase2]
[JobB-LONGLIU-MAIN] iter 202 (window 10): payload=1024MB, c_i=1.2, sleep=30000us, comm=1296.4ms, bw=3.31 Gbps [phase2]
[JobB-LONGLIU-MAIN] iter 203 (window 10): payload=1024MB, c_i=1.2, sleep=30000us, comm=1426.1ms, bw=3.01 Gbps [phase2]
[JobB-LONGLIU-MAIN] iter 204 (window 10): payload=1024MB, c_i=1.2, sleep=30000us, comm=1311.2ms, bw=3.28 Gbps [phase2]
[JobB-LONGLIU-MAIN] iter 205 (window 10): payload=1024MB, c_i=1.2, sleep=30000us, comm=1322.1ms, bw=3.25 Gbps [phase2]
[JobB-LONGLIU-MAIN] iter 206 (window 10): payload=1024MB, c_i=1.2, sleep=30000us, comm=1417.6ms, bw=3.03 Gbps [phase2]
[JobB-LONGLIU-MAIN] iter 207 (window 10): payload=1024MB, c_i=1.2, sleep=30000us, comm=1409.1ms, bw=3.05 Gbps [phase2]
[JobB-LONGLIU-MAIN] iter 208 (window 10): payload=1024MB, c_i=1.2, sleep=30000us, comm=1263.0ms, bw=3.40 Gbps [phase2]
[JobB-LONGLIU-MAIN] iter 209 (window 10): payload=1024MB, c_i=1.2, sleep=30000us, comm=1443.3ms, bw=2.98 Gbps [phase2]
[JobB-LONGLIU-MAIN] iter 210 (window 10): payload=1024MB, c_i=1.2, sleep=30000us, comm=1344.7ms, bw=3.19 Gbps [phase2]
[JobB-LONGLIU-MAIN] iter 211 (window 10): payload=1024MB, c_i=1.2, sleep=30000us, comm=1324.6ms, bw=3.24 Gbps [phase2]
[JobB-LONGLIU-MAIN] iter 212 (window 10): payload=1024MB, c_i=1.2, sleep=30000us, comm=1339.6ms, bw=3.21 Gbps [phase2]
[JobB-LONGLIU-MAIN] iter 213 (window 10): payload=1024MB, c_i=1.2, sleep=30000us, comm=1336.0ms, bw=3.21 Gbps [phase2]
[JobB-LONGLIU-MAIN] iter 214 (window 10): payload=1024MB, c_i=1.2, sleep=30000us, comm=1344.9ms, bw=3.19 Gbps [phase2]
[JobB-LONGLIU-MAIN] iter 215 (window 10): payload=1024MB, c_i=1.2, sleep=30000us, comm=1375.7ms, bw=3.12 Gbps [phase2]
[JobB-LONGLIU-MAIN] iter 216 (window 10): payload=1024MB, c_i=1.2, sleep=30000us, comm=1304.7ms, bw=3.29 Gbps [phase2]
[JobB-LONGLIU-MAIN] iter 217 (window 10): payload=1024MB, c_i=1.2, sleep=30000us, comm=1479.9ms, bw=2.90 Gbps [phase2]
[JobB-LONGLIU-MAIN] iter 218 (window 10): payload=1024MB, c_i=1.2, sleep=30000us, comm=1344.2ms, bw=3.20 Gbps [phase2]
[JobB-LONGLIU-MAIN] iter 219 (window 10): payload=1024MB, c_i=1.2, sleep=30000us, comm=1419.8ms, bw=3.03 Gbps [phase2]
[JobB-LONGLIU-MAIN] iter 220 (window 11): payload=1024MB, c_i=1.2, sleep=30000us, comm=1366.1ms, bw=3.14 Gbps [phase2]
[JobB-LONGLIU-MAIN] iter 221 (window 11): payload=1024MB, c_i=1.2, sleep=30000us, comm=1404.6ms, bw=3.06 Gbps [phase2]
[JobB-LONGLIU-MAIN] iter 222 (window 11): payload=1024MB, c_i=1.2, sleep=30000us, comm=1384.8ms, bw=3.10 Gbps [phase2]
[JobB-LONGLIU-MAIN] iter 223 (window 11): payload=1024MB, c_i=1.2, sleep=30000us, comm=1426.3ms, bw=3.01 Gbps [phase2]
[JobB-LONGLIU-MAIN] iter 224 (window 11): payload=1024MB, c_i=1.2, sleep=30000us, comm=1298.8ms, bw=3.31 Gbps [phase2]
[JobB-LONGLIU-MAIN] iter 225 (window 11): payload=1024MB, c_i=1.2, sleep=30000us, comm=1318.4ms, bw=3.26 Gbps [phase2]
[JobB-LONGLIU-MAIN] iter 226 (window 11): payload=1024MB, c_i=1.2, sleep=30000us, comm=1405.0ms, bw=3.06 Gbps [phase2]
[JobB-LONGLIU-MAIN] iter 227 (window 11): payload=1024MB, c_i=1.2, sleep=30000us, comm=1353.2ms, bw=3.17 Gbps [phase2]
[JobB-LONGLIU-MAIN] iter 228 (window 11): payload=1024MB, c_i=1.2, sleep=30000us, comm=1444.1ms, bw=2.97 Gbps [phase2]
[JobB-LONGLIU-MAIN] iter 229 (window 11): payload=1024MB, c_i=1.2, sleep=30000us, comm=1341.1ms, bw=3.20 Gbps [phase2]
[JobB-LONGLIU-MAIN] iter 230 (window 11): payload=1024MB, c_i=1.2, sleep=30000us, comm=1445.2ms, bw=2.97 Gbps [phase2]
[JobB-LONGLIU-MAIN] iter 231 (window 11): payload=1024MB, c_i=1.2, sleep=30000us, comm=1349.1ms, bw=3.18 Gbps [phase2]
[JobB-LONGLIU-MAIN] iter 232 (window 11): payload=1024MB, c_i=1.2, sleep=30000us, comm=1470.0ms, bw=2.92 Gbps [phase2]
[JobB-LONGLIU-MAIN] iter 233 (window 11): payload=1024MB, c_i=1.2, sleep=30000us, comm=1317.7ms, bw=3.26 Gbps [phase2]
[JobB-LONGLIU-MAIN] iter 234 (window 11): payload=1024MB, c_i=1.2, sleep=30000us, comm=1310.8ms, bw=3.28 Gbps [phase2]
[JobB-LONGLIU-MAIN] iter 235 (window 11): payload=1024MB, c_i=1.2, sleep=30000us, comm=1460.6ms, bw=2.94 Gbps [phase2]
[JobB-LONGLIU-MAIN] iter 236 (window 11): payload=1024MB, c_i=1.2, sleep=30000us, comm=1344.5ms, bw=3.19 Gbps [phase2]
[JobB-LONGLIU-MAIN] iter 237 (window 11): payload=1024MB, c_i=1.2, sleep=30000us, comm=1283.6ms, bw=3.35 Gbps [phase2]
[JobB-LONGLIU-MAIN] iter 238 (window 11): payload=1024MB, c_i=1.2, sleep=30000us, comm=1354.0ms, bw=3.17 Gbps [phase2]
[JobB-LONGLIU-MAIN] iter 239 (window 11): payload=1024MB, c_i=1.2, sleep=30000us, comm=1395.7ms, bw=3.08 Gbps [phase2]
[JobB-LONGLIU-MAIN] iter 240 (window 12): payload=1024MB, c_i=1.2, sleep=30000us, comm=1448.2ms, bw=2.97 Gbps [phase2]
[JobB-LONGLIU-MAIN] iter 241 (window 12): payload=1024MB, c_i=1.2, sleep=30000us, comm=1330.8ms, bw=3.23 Gbps [phase2]
[JobB-LONGLIU-MAIN] iter 242 (window 12): payload=1024MB, c_i=1.2, sleep=30000us, comm=1326.9ms, bw=3.24 Gbps [phase2]
[JobB-LONGLIU-MAIN] iter 243 (window 12): payload=1024MB, c_i=1.2, sleep=30000us, comm=1392.0ms, bw=3.09 Gbps [phase2]
[JobB-LONGLIU-MAIN] iter 244 (window 12): payload=1024MB, c_i=1.2, sleep=30000us, comm=1370.1ms, bw=3.13 Gbps [phase2]
[JobB-LONGLIU-MAIN] iter 245 (window 12): payload=1024MB, c_i=1.2, sleep=30000us, comm=1444.8ms, bw=2.97 Gbps [phase2]
[JobB-LONGLIU-MAIN] iter 246 (window 12): payload=1024MB, c_i=1.2, sleep=30000us, comm=1388.5ms, bw=3.09 Gbps [phase2]
[JobB-LONGLIU-MAIN] iter 247 (window 12): payload=1024MB, c_i=1.2, sleep=30000us, comm=1461.1ms, bw=2.94 Gbps [phase2]
[JobB-LONGLIU-MAIN] iter 248 (window 12): payload=1024MB, c_i=1.2, sleep=30000us, comm=1538.7ms, bw=2.79 Gbps [phase2]
[JobB-LONGLIU-MAIN] iter 249 (window 12): payload=1024MB, c_i=1.2, sleep=30000us, comm=1382.6ms, bw=3.11 Gbps [phase2]
[JobB-LONGLIU-MAIN] iter 250 (window 12): payload=1024MB, c_i=1.2, sleep=30000us, comm=1369.4ms, bw=3.14 Gbps [phase2]
[JobB-LONGLIU-MAIN] iter 251 (window 12): payload=1024MB, c_i=1.2, sleep=30000us, comm=1293.2ms, bw=3.32 Gbps [phase2]
[JobB-LONGLIU-MAIN] iter 252 (window 12): payload=1024MB, c_i=1.2, sleep=30000us, comm=1335.3ms, bw=3.22 Gbps [phase2]
[JobB-LONGLIU-MAIN] iter 253 (window 12): payload=1024MB, c_i=1.2, sleep=30000us, comm=1431.8ms, bw=3.00 Gbps [phase2]
[JobB-LONGLIU-MAIN] iter 254 (window 12): payload=1024MB, c_i=1.2, sleep=30000us, comm=1331.0ms, bw=3.23 Gbps [phase2]
[JobB-LONGLIU-MAIN] iter 255 (window 12): payload=1024MB, c_i=1.2, sleep=30000us, comm=1369.8ms, bw=3.14 Gbps [phase2]
[JobB-LONGLIU-MAIN] iter 256 (window 12): payload=1024MB, c_i=1.2, sleep=30000us, comm=1426.7ms, bw=3.01 Gbps [phase2]
[JobB-LONGLIU-MAIN] iter 257 (window 12): payload=1024MB, c_i=1.2, sleep=30000us, comm=1352.8ms, bw=3.17 Gbps [phase2]
[JobB-LONGLIU-MAIN] iter 258 (window 12): payload=1024MB, c_i=1.2, sleep=30000us, comm=1394.0ms, bw=3.08 Gbps [phase2]
[JobB-LONGLIU-MAIN] iter 259 (window 12): payload=1024MB, c_i=1.2, sleep=30000us, comm=1396.3ms, bw=3.08 Gbps [phase2]
[JobB-LONGLIU-MAIN] iter 260 (window 13): payload=1024MB, c_i=1.2, sleep=30000us, comm=1409.0ms, bw=3.05 Gbps [phase2]
[JobB-LONGLIU-MAIN] iter 261 (window 13): payload=1024MB, c_i=1.2, sleep=30000us, comm=1365.9ms, bw=3.14 Gbps [phase2]
[JobB-LONGLIU-MAIN] iter 262 (window 13): payload=1024MB, c_i=1.2, sleep=30000us, comm=795.1ms, bw=5.40 Gbps [phase2]
[JobB-LONGLIU-MAIN] iter 263 (window 13): payload=1024MB, c_i=1.2, sleep=30000us, comm=674.2ms, bw=6.37 Gbps [phase2]
[JobB-LONGLIU-MAIN] iter 264 (window 13): payload=1024MB, c_i=1.2, sleep=30000us, comm=680.7ms, bw=6.31 Gbps [phase2]
[JobB-LONGLIU-MAIN] iter 265 (window 13): payload=1024MB, c_i=1.2, sleep=30000us, comm=677.2ms, bw=6.34 Gbps [phase2]
[JobB-LONGLIU-MAIN] iter 266 (window 13): payload=1024MB, c_i=1.2, sleep=30000us, comm=669.1ms, bw=6.42 Gbps [phase2]
[JobB-LONGLIU-MAIN] iter 267 (window 13): payload=1024MB, c_i=1.2, sleep=30000us, comm=639.0ms, bw=6.72 Gbps [phase2]
[JobB-LONGLIU-MAIN] iter 268 (window 13): payload=1024MB, c_i=1.2, sleep=30000us, comm=659.4ms, bw=6.51 Gbps [phase2]
[JobB-LONGLIU-MAIN] iter 269 (window 13): payload=1024MB, c_i=1.2, sleep=30000us, comm=681.7ms, bw=6.30 Gbps [phase2]
[JobB-LONGLIU-MAIN] iter 270 (window 13): payload=1024MB, c_i=1.2, sleep=30000us, comm=696.5ms, bw=6.17 Gbps [phase2]
[JobB-LONGLIU-MAIN] iter 271 (window 13): payload=1024MB, c_i=1.2, sleep=30000us, comm=666.6ms, bw=6.44 Gbps [phase2]
[JobB-LONGLIU-MAIN] iter 272 (window 13): payload=1024MB, c_i=1.2, sleep=30000us, comm=699.8ms, bw=6.14 Gbps [phase2]
[JobB-LONGLIU-MAIN] iter 273 (window 13): payload=1024MB, c_i=1.2, sleep=30000us, comm=666.5ms, bw=6.44 Gbps [phase2]
[JobB-LONGLIU-MAIN] iter 274 (window 13): payload=1024MB, c_i=1.2, sleep=30000us, comm=681.5ms, bw=6.30 Gbps [phase2]
[JobB-LONGLIU-MAIN] iter 275 (window 13): payload=1024MB, c_i=1.2, sleep=30000us, comm=656.3ms, bw=6.54 Gbps [phase2]
[JobB-LONGLIU-MAIN] iter 276 (window 13): payload=1024MB, c_i=1.2, sleep=30000us, comm=707.3ms, bw=6.07 Gbps [phase2]
[JobB-LONGLIU-MAIN] iter 277 (window 13): payload=1024MB, c_i=1.2, sleep=30000us, comm=711.4ms, bw=6.04 Gbps [phase2]
[JobB-LONGLIU-MAIN] iter 278 (window 13): payload=1024MB, c_i=1.2, sleep=30000us, comm=657.8ms, bw=6.53 Gbps [phase2]
[JobB-LONGLIU-MAIN] iter 279 (window 13): payload=1024MB, c_i=1.2, sleep=30000us, comm=676.3ms, bw=6.35 Gbps [phase2]
[JobB-LONGLIU-MAIN] iter 280 (window 14): payload=1024MB, c_i=1.2, sleep=30000us, comm=615.3ms, bw=6.98 Gbps [phase2]
[JobB-LONGLIU-MAIN] iter 281 (window 14): payload=1024MB, c_i=1.2, sleep=30000us, comm=637.1ms, bw=6.74 Gbps [phase2]
[JobB-LONGLIU-MAIN] iter 282 (window 14): payload=1024MB, c_i=1.2, sleep=30000us, comm=663.9ms, bw=6.47 Gbps [phase2]
[JobB-LONGLIU-MAIN] iter 283 (window 14): payload=1024MB, c_i=1.2, sleep=30000us, comm=675.5ms, bw=6.36 Gbps [phase2]
[JobB-LONGLIU-MAIN] iter 284 (window 14): payload=1024MB, c_i=1.2, sleep=30000us, comm=680.4ms, bw=6.31 Gbps [phase2]
[JobB-LONGLIU-MAIN] iter 285 (window 14): payload=1024MB, c_i=1.2, sleep=30000us, comm=674.6ms, bw=6.37 Gbps [phase2]
[JobB-LONGLIU-MAIN] iter 286 (window 14): payload=1024MB, c_i=1.2, sleep=30000us, comm=681.2ms, bw=6.31 Gbps [phase2]
[JobB-LONGLIU-MAIN] iter 287 (window 14): payload=1024MB, c_i=1.2, sleep=30000us, comm=693.8ms, bw=6.19 Gbps [phase2]
[JobB-LONGLIU-MAIN] iter 288 (window 14): payload=1024MB, c_i=1.2, sleep=30000us, comm=684.2ms, bw=6.28 Gbps [phase2]
[JobB-LONGLIU-MAIN] iter 289 (window 14): payload=1024MB, c_i=1.2, sleep=30000us, comm=675.8ms, bw=6.36 Gbps [phase2]
[JobB-LONGLIU-MAIN] iter 290 (window 14): payload=1024MB, c_i=1.2, sleep=30000us, comm=658.1ms, bw=6.53 Gbps [phase2]
[JobB-LONGLIU-MAIN] iter 291 (window 14): payload=1024MB, c_i=1.2, sleep=30000us, comm=680.2ms, bw=6.31 Gbps [phase2]
[JobB-LONGLIU-MAIN] iter 292 (window 14): payload=1024MB, c_i=1.2, sleep=30000us, comm=680.1ms, bw=6.32 Gbps [phase2]
[JobB-LONGLIU-MAIN] iter 293 (window 14): payload=1024MB, c_i=1.2, sleep=30000us, comm=635.0ms, bw=6.76 Gbps [phase2]
[JobB-LONGLIU-MAIN] iter 294 (window 14): payload=1024MB, c_i=1.2, sleep=30000us, comm=687.1ms, bw=6.25 Gbps [phase2]
[JobB-LONGLIU-MAIN] iter 295 (window 14): payload=1024MB, c_i=1.2, sleep=30000us, comm=680.9ms, bw=6.31 Gbps [phase2]
[JobB-LONGLIU-MAIN] iter 296 (window 14): payload=1024MB, c_i=1.2, sleep=30000us, comm=677.4ms, bw=6.34 Gbps [phase2]
[JobB-LONGLIU-MAIN] iter 297 (window 14): payload=1024MB, c_i=1.2, sleep=30000us, comm=634.7ms, bw=6.77 Gbps [phase2]
[JobB-LONGLIU-MAIN] iter 298 (window 14): payload=1024MB, c_i=1.2, sleep=30000us, comm=644.6ms, bw=6.66 Gbps [phase2]
[JobB-LONGLIU-MAIN] iter 299 (window 14): payload=1024MB, c_i=1.2, sleep=30000us, comm=646.2ms, bw=6.65 Gbps [phase2]
[JobB-LONGLIU-MAIN] Per-iter results saved to p4_jobB_reverse_longliu_rank0_iter.csv
[JobB-LONGLIU-MAIN] Per-window stats saved to p4_jobB_reverse_longliu_rank0_window.csv
[JobB-LONGLIU-MAIN] Phase 1 (windows 0-6): c_i=3.0, avg_comm=1446.1ms, avg_bw=3.00 Gbps, avg_prio=6.0
[JobB-LONGLIU-MAIN] Phase 2 (windows 7-14): c_i=1.2, avg_comm=1212.9ms, avg_bw=3.89 Gbps, avg_prio=6.0
[JobB-LONGLIU-MAIN] Total wall time: 397.0s
[MultiComm] Rank 0: destroyed
