[JobA-LONGLIU-MAIN] Loaded T_target=4201.09ms from /tmp/ttarget_v5_jobA.json (preset_target=True)
[MultiComm] Loading library from /home/why/LongLiu_rebuild/current/multi_comm_slo/build/libmulti_comm.so
[MultiComm] Rank 0: active priorities = 0 1 2 3 4 5 6 (7 total)
[MultiComm] Rank 0: initializing 7 priorities across 1 devices
[MultiComm] Rank 0: waiting for TCP connections on port 29520...
[MultiComm] Rank 0: sent 7 IDs to rank 1
[MultiComm] Rank 0: created communicator for priority P0 (DSCP=40, ToS=160)
[MultiComm] Rank 0: created communicator for priority P1 (DSCP=32, ToS=128)
[MultiComm] Rank 0: created communicator for priority P2 (DSCP=24, ToS=96)
[MultiComm] Rank 0: created communicator for priority P3 (DSCP=16, ToS=64)
[MultiComm] Rank 0: created communicator for priority P4 (DSCP=0, ToS=0)
[MultiComm] Rank 0: created communicator for priority P5 (DSCP=16, ToS=64)
[MultiComm] Rank 0: created communicator for priority P6 (DSCP=8, ToS=32)
[MultiComm] Rank 0: initialization complete, starting at P6 (DSCP=8)
[MultiComm] Initialized: rank=0, world_size=2, master=192.10.10.110:29520, priority=P3
[JobA-LONGLIU-MAIN] scheduler=v1(pi), queue=SP, payload=1024MB (fixed), reverse_window=7 (c_i swap), num_iters=300
[JobA-LONGLIU-MAIN] Phase 1 (window 0-6): c_i=1.2
[JobA-LONGLIU-MAIN] Phase 2 (window 7-14): c_i=3.0
[JobA-LONGLIU-MAIN] GPU 0: Quadro RTX 4000, free=7.5 GB
[JobA-LONGLIU-MAIN] Warmup done.
[MultiComm] Rank 0: switching priority P6 -> P3 (DSCP 8 -> 16)
[JobA-LONGLIU-MAIN] iter   0 (window 0): payload=1024MB, c_i=1.2, sleep=30000us, comm=945.9ms, bw=4.54 Gbps [phase1]
[JobA-LONGLIU-MAIN] iter   1 (window 0): payload=1024MB, c_i=1.2, sleep=30000us, comm=664.4ms, bw=6.46 Gbps [phase1]
[JobA-LONGLIU-MAIN] iter   2 (window 0): payload=1024MB, c_i=1.2, sleep=30000us, comm=716.1ms, bw=6.00 Gbps [phase1]
[JobA-LONGLIU-MAIN] iter   3 (window 0): payload=1024MB, c_i=1.2, sleep=30000us, comm=763.4ms, bw=5.63 Gbps [phase1]
[JobA-LONGLIU-MAIN] iter   4 (window 0): payload=1024MB, c_i=1.2, sleep=30000us, comm=699.3ms, bw=6.14 Gbps [phase1]
[JobA-LONGLIU-MAIN] iter   5 (window 0): payload=1024MB, c_i=1.2, sleep=30000us, comm=678.9ms, bw=6.33 Gbps [phase1]
[JobA-LONGLIU-MAIN] iter   6 (window 0): payload=1024MB, c_i=1.2, sleep=30000us, comm=700.1ms, bw=6.13 Gbps [phase1]
[JobA-LONGLIU-MAIN] iter   7 (window 0): payload=1024MB, c_i=1.2, sleep=30000us, comm=679.7ms, bw=6.32 Gbps [phase1]
[JobA-LONGLIU-MAIN] iter   8 (window 0): payload=1024MB, c_i=1.2, sleep=30000us, comm=656.9ms, bw=6.54 Gbps [phase1]
[JobA-LONGLIU-MAIN] iter   9 (window 0): payload=1024MB, c_i=1.2, sleep=30000us, comm=702.6ms, bw=6.11 Gbps [phase1]
[JobA-LONGLIU-MAIN] iter  10 (window 0): payload=1024MB, c_i=1.2, sleep=30000us, comm=623.1ms, bw=6.89 Gbps [phase1]
[JobA-LONGLIU-MAIN] iter  11 (window 0): payload=1024MB, c_i=1.2, sleep=30000us, comm=687.7ms, bw=6.25 Gbps [phase1]
[JobA-LONGLIU-MAIN] iter  12 (window 0): payload=1024MB, c_i=1.2, sleep=30000us, comm=607.1ms, bw=7.07 Gbps [phase1]
[JobA-LONGLIU-MAIN] iter  13 (window 0): payload=1024MB, c_i=1.2, sleep=30000us, comm=702.2ms, bw=6.12 Gbps [phase1]
[JobA-LONGLIU-MAIN] iter  14 (window 0): payload=1024MB, c_i=1.2, sleep=30000us, comm=635.5ms, bw=6.76 Gbps [phase1]
[JobA-LONGLIU-MAIN] iter  15 (window 0): payload=1024MB, c_i=1.2, sleep=30000us, comm=724.5ms, bw=5.93 Gbps [phase1]
[JobA-LONGLIU-MAIN] iter  16 (window 0): payload=1024MB, c_i=1.2, sleep=30000us, comm=826.1ms, bw=5.20 Gbps [phase1]
[JobA-LONGLIU-MAIN] iter  17 (window 0): payload=1024MB, c_i=1.2, sleep=30000us, comm=1265.5ms, bw=3.39 Gbps [phase1]
[JobA-LONGLIU-MAIN] iter  18 (window 0): payload=1024MB, c_i=1.2, sleep=30000us, comm=1300.5ms, bw=3.30 Gbps [phase1]
[JobA-LONGLIU-MAIN] iter  19 (window 0): payload=1024MB, c_i=1.2, sleep=30000us, comm=1217.4ms, bw=3.53 Gbps [phase1]
[SLO] T_target PRESET (calibrated): 4201.1ms (c_i=1.2, SLO target=5041.3ms) — EMA updates SKIPPED
[SLO] Window 1: π=+2.136 (A=15.81s, expected=5.04s, T_target=4201.1ms, k=1), comm_ratio=1.00, urgency=+2.136, Priority P3 -> P6 (DSCP 16 -> 8)
[MultiComm] Rank 0: switching priority P3 -> P6 (DSCP 16 -> 8)
[JobA-LONGLIU-MAIN] iter  20 (window 1): payload=1024MB, c_i=1.2, sleep=30000us, comm=785.2ms, bw=5.47 Gbps [phase1]
[JobA-LONGLIU-MAIN] iter  21 (window 1): payload=1024MB, c_i=1.2, sleep=30000us, comm=870.3ms, bw=4.94 Gbps [phase1]
[JobA-LONGLIU-MAIN] iter  22 (window 1): payload=1024MB, c_i=1.2, sleep=30000us, comm=880.5ms, bw=4.88 Gbps [phase1]
[JobA-LONGLIU-MAIN] iter  23 (window 1): payload=1024MB, c_i=1.2, sleep=30000us, comm=785.3ms, bw=5.47 Gbps [phase1]
[JobA-LONGLIU-MAIN] iter  24 (window 1): payload=1024MB, c_i=1.2, sleep=30000us, comm=811.2ms, bw=5.29 Gbps [phase1]
[JobA-LONGLIU-MAIN] iter  25 (window 1): payload=1024MB, c_i=1.2, sleep=30000us, comm=820.1ms, bw=5.24 Gbps [phase1]
[JobA-LONGLIU-MAIN] iter  26 (window 1): payload=1024MB, c_i=1.2, sleep=30000us, comm=763.9ms, bw=5.62 Gbps [phase1]
[JobA-LONGLIU-MAIN] iter  27 (window 1): payload=1024MB, c_i=1.2, sleep=30000us, comm=793.9ms, bw=5.41 Gbps [phase1]
[JobA-LONGLIU-MAIN] iter  28 (window 1): payload=1024MB, c_i=1.2, sleep=30000us, comm=820.4ms, bw=5.24 Gbps [phase1]
[JobA-LONGLIU-MAIN] iter  29 (window 1): payload=1024MB, c_i=1.2, sleep=30000us, comm=794.0ms, bw=5.41 Gbps [phase1]
[JobA-LONGLIU-MAIN] iter  30 (window 1): payload=1024MB, c_i=1.2, sleep=30000us, comm=838.8ms, bw=5.12 Gbps [phase1]
[JobA-LONGLIU-MAIN] iter  31 (window 1): payload=1024MB, c_i=1.2, sleep=30000us, comm=854.2ms, bw=5.03 Gbps [phase1]
[JobA-LONGLIU-MAIN] iter  32 (window 1): payload=1024MB, c_i=1.2, sleep=30000us, comm=811.3ms, bw=5.29 Gbps [phase1]
[JobA-LONGLIU-MAIN] iter  33 (window 1): payload=1024MB, c_i=1.2, sleep=30000us, comm=812.2ms, bw=5.29 Gbps [phase1]
[JobA-LONGLIU-MAIN] iter  34 (window 1): payload=1024MB, c_i=1.2, sleep=30000us, comm=807.2ms, bw=5.32 Gbps [phase1]
[JobA-LONGLIU-MAIN] iter  35 (window 1): payload=1024MB, c_i=1.2, sleep=30000us, comm=857.5ms, bw=5.01 Gbps [phase1]
[JobA-LONGLIU-MAIN] iter  36 (window 1): payload=1024MB, c_i=1.2, sleep=30000us, comm=789.2ms, bw=5.44 Gbps [phase1]
[JobA-LONGLIU-MAIN] iter  37 (window 1): payload=1024MB, c_i=1.2, sleep=30000us, comm=774.8ms, bw=5.54 Gbps [phase1]
[JobA-LONGLIU-MAIN] iter  38 (window 1): payload=1024MB, c_i=1.2, sleep=30000us, comm=807.2ms, bw=5.32 Gbps [phase1]
[JobA-LONGLIU-MAIN] iter  39 (window 1): payload=1024MB, c_i=1.2, sleep=30000us, comm=803.2ms, bw=5.35 Gbps [phase1]
[SLO] comm baseline initialized: 16277.2ms/window (window 2)
[JobA-LONGLIU-MAIN] iter  40 (window 2): payload=1024MB, c_i=1.2, sleep=30000us, comm=789.4ms, bw=5.44 Gbps [phase1]
[JobA-LONGLIU-MAIN] iter  41 (window 2): payload=1024MB, c_i=1.2, sleep=30000us, comm=832.7ms, bw=5.16 Gbps [phase1]
[JobA-LONGLIU-MAIN] iter  42 (window 2): payload=1024MB, c_i=1.2, sleep=30000us, comm=863.4ms, bw=4.97 Gbps [phase1]
[JobA-LONGLIU-MAIN] iter  43 (window 2): payload=1024MB, c_i=1.2, sleep=30000us, comm=780.6ms, bw=5.50 Gbps [phase1]
[JobA-LONGLIU-MAIN] iter  44 (window 2): payload=1024MB, c_i=1.2, sleep=30000us, comm=787.7ms, bw=5.45 Gbps [phase1]
[JobA-LONGLIU-MAIN] iter  45 (window 2): payload=1024MB, c_i=1.2, sleep=30000us, comm=777.0ms, bw=5.53 Gbps [phase1]
[JobA-LONGLIU-MAIN] iter  46 (window 2): payload=1024MB, c_i=1.2, sleep=30000us, comm=799.1ms, bw=5.38 Gbps [phase1]
[JobA-LONGLIU-MAIN] iter  47 (window 2): payload=1024MB, c_i=1.2, sleep=30000us, comm=820.3ms, bw=5.24 Gbps [phase1]
[JobA-LONGLIU-MAIN] iter  48 (window 2): payload=1024MB, c_i=1.2, sleep=30000us, comm=772.8ms, bw=5.56 Gbps [phase1]
[JobA-LONGLIU-MAIN] iter  49 (window 2): payload=1024MB, c_i=1.2, sleep=30000us, comm=780.6ms, bw=5.50 Gbps [phase1]
[JobA-LONGLIU-MAIN] iter  50 (window 2): payload=1024MB, c_i=1.2, sleep=30000us, comm=897.5ms, bw=4.79 Gbps [phase1]
[JobA-LONGLIU-MAIN] iter  51 (window 2): payload=1024MB, c_i=1.2, sleep=30000us, comm=850.3ms, bw=5.05 Gbps [phase1]
[JobA-LONGLIU-MAIN] iter  52 (window 2): payload=1024MB, c_i=1.2, sleep=30000us, comm=785.0ms, bw=5.47 Gbps [phase1]
[JobA-LONGLIU-MAIN] iter  53 (window 2): payload=1024MB, c_i=1.2, sleep=30000us, comm=799.4ms, bw=5.37 Gbps [phase1]
[JobA-LONGLIU-MAIN] iter  54 (window 2): payload=1024MB, c_i=1.2, sleep=30000us, comm=781.0ms, bw=5.50 Gbps [phase1]
[JobA-LONGLIU-MAIN] iter  55 (window 2): payload=1024MB, c_i=1.2, sleep=30000us, comm=882.8ms, bw=4.86 Gbps [phase1]
[JobA-LONGLIU-MAIN] iter  56 (window 2): payload=1024MB, c_i=1.2, sleep=30000us, comm=750.7ms, bw=5.72 Gbps [phase1]
[JobA-LONGLIU-MAIN] iter  57 (window 2): payload=1024MB, c_i=1.2, sleep=30000us, comm=819.7ms, bw=5.24 Gbps [phase1]
[JobA-LONGLIU-MAIN] iter  58 (window 2): payload=1024MB, c_i=1.2, sleep=30000us, comm=1334.2ms, bw=3.22 Gbps [phase1]
[JobA-LONGLIU-MAIN] iter  59 (window 2): payload=1024MB, c_i=1.2, sleep=30000us, comm=1369.9ms, bw=3.14 Gbps [phase1]
[JobA-LONGLIU-MAIN] iter  60 (window 3): payload=1024MB, c_i=1.2, sleep=30000us, comm=1356.7ms, bw=3.17 Gbps [phase1]
[JobA-LONGLIU-MAIN] iter  61 (window 3): payload=1024MB, c_i=1.2, sleep=30000us, comm=1425.7ms, bw=3.01 Gbps [phase1]
[JobA-LONGLIU-MAIN] iter  62 (window 3): payload=1024MB, c_i=1.2, sleep=30000us, comm=1482.2ms, bw=2.90 Gbps [phase1]
[JobA-LONGLIU-MAIN] iter  63 (window 3): payload=1024MB, c_i=1.2, sleep=30000us, comm=1347.8ms, bw=3.19 Gbps [phase1]
[JobA-LONGLIU-MAIN] iter  64 (window 3): payload=1024MB, c_i=1.2, sleep=30000us, comm=1430.0ms, bw=3.00 Gbps [phase1]
[JobA-LONGLIU-MAIN] iter  65 (window 3): payload=1024MB, c_i=1.2, sleep=30000us, comm=1486.3ms, bw=2.89 Gbps [phase1]
[JobA-LONGLIU-MAIN] iter  66 (window 3): payload=1024MB, c_i=1.2, sleep=30000us, comm=1373.3ms, bw=3.13 Gbps [phase1]
[JobA-LONGLIU-MAIN] iter  67 (window 3): payload=1024MB, c_i=1.2, sleep=30000us, comm=1358.8ms, bw=3.16 Gbps [phase1]
[JobA-LONGLIU-MAIN] iter  68 (window 3): payload=1024MB, c_i=1.2, sleep=30000us, comm=1400.4ms, bw=3.07 Gbps [phase1]
[JobA-LONGLIU-MAIN] iter  69 (window 3): payload=1024MB, c_i=1.2, sleep=30000us, comm=1374.4ms, bw=3.13 Gbps [phase1]
[JobA-LONGLIU-MAIN] iter  70 (window 3): payload=1024MB, c_i=1.2, sleep=30000us, comm=1369.6ms, bw=3.14 Gbps [phase1]
[JobA-LONGLIU-MAIN] iter  71 (window 3): payload=1024MB, c_i=1.2, sleep=30000us, comm=1356.8ms, bw=3.17 Gbps [phase1]
[JobA-LONGLIU-MAIN] iter  72 (window 3): payload=1024MB, c_i=1.2, sleep=30000us, comm=1330.8ms, bw=3.23 Gbps [phase1]
[JobA-LONGLIU-MAIN] iter  73 (window 3): payload=1024MB, c_i=1.2, sleep=30000us, comm=1395.8ms, bw=3.08 Gbps [phase1]
[JobA-LONGLIU-MAIN] iter  74 (window 3): payload=1024MB, c_i=1.2, sleep=30000us, comm=1503.2ms, bw=2.86 Gbps [phase1]
[JobA-LONGLIU-MAIN] iter  75 (window 3): payload=1024MB, c_i=1.2, sleep=30000us, comm=1600.7ms, bw=2.68 Gbps [phase1]
[JobA-LONGLIU-MAIN] iter  76 (window 3): payload=1024MB, c_i=1.2, sleep=30000us, comm=1361.1ms, bw=3.16 Gbps [phase1]
[JobA-LONGLIU-MAIN] iter  77 (window 3): payload=1024MB, c_i=1.2, sleep=30000us, comm=1409.5ms, bw=3.05 Gbps [phase1]
[JobA-LONGLIU-MAIN] iter  78 (window 3): payload=1024MB, c_i=1.2, sleep=30000us, comm=1297.7ms, bw=3.31 Gbps [phase1]
[JobA-LONGLIU-MAIN] iter  79 (window 3): payload=1024MB, c_i=1.2, sleep=30000us, comm=1516.6ms, bw=2.83 Gbps [phase1]
[JobA-LONGLIU-MAIN] iter  80 (window 4): payload=1024MB, c_i=1.2, sleep=30000us, comm=1455.7ms, bw=2.95 Gbps [phase1]
[JobA-LONGLIU-MAIN] iter  81 (window 4): payload=1024MB, c_i=1.2, sleep=30000us, comm=1375.1ms, bw=3.12 Gbps [phase1]
[JobA-LONGLIU-MAIN] iter  82 (window 4): payload=1024MB, c_i=1.2, sleep=30000us, comm=1429.8ms, bw=3.00 Gbps [phase1]
[JobA-LONGLIU-MAIN] iter  83 (window 4): payload=1024MB, c_i=1.2, sleep=30000us, comm=1396.0ms, bw=3.08 Gbps [phase1]
[JobA-LONGLIU-MAIN] iter  84 (window 4): payload=1024MB, c_i=1.2, sleep=30000us, comm=1335.1ms, bw=3.22 Gbps [phase1]
[JobA-LONGLIU-MAIN] iter  85 (window 4): payload=1024MB, c_i=1.2, sleep=30000us, comm=1391.4ms, bw=3.09 Gbps [phase1]
[JobA-LONGLIU-MAIN] iter  86 (window 4): payload=1024MB, c_i=1.2, sleep=30000us, comm=1387.8ms, bw=3.09 Gbps [phase1]
[JobA-LONGLIU-MAIN] iter  87 (window 4): payload=1024MB, c_i=1.2, sleep=30000us, comm=1464.0ms, bw=2.93 Gbps [phase1]
[JobA-LONGLIU-MAIN] iter  88 (window 4): payload=1024MB, c_i=1.2, sleep=30000us, comm=1451.6ms, bw=2.96 Gbps [phase1]
[JobA-LONGLIU-MAIN] iter  89 (window 4): payload=1024MB, c_i=1.2, sleep=30000us, comm=1408.2ms, bw=3.05 Gbps [phase1]
[JobA-LONGLIU-MAIN] iter  90 (window 4): payload=1024MB, c_i=1.2, sleep=30000us, comm=1422.0ms, bw=3.02 Gbps [phase1]
[JobA-LONGLIU-MAIN] iter  91 (window 4): payload=1024MB, c_i=1.2, sleep=30000us, comm=1400.9ms, bw=3.07 Gbps [phase1]
[JobA-LONGLIU-MAIN] iter  92 (window 4): payload=1024MB, c_i=1.2, sleep=30000us, comm=1357.7ms, bw=3.16 Gbps [phase1]
[JobA-LONGLIU-MAIN] iter  93 (window 4): payload=1024MB, c_i=1.2, sleep=30000us, comm=1370.9ms, bw=3.13 Gbps [phase1]
[JobA-LONGLIU-MAIN] iter  94 (window 4): payload=1024MB, c_i=1.2, sleep=30000us, comm=1434.7ms, bw=2.99 Gbps [phase1]
[JobA-LONGLIU-MAIN] iter  95 (window 4): payload=1024MB, c_i=1.2, sleep=30000us, comm=1453.6ms, bw=2.95 Gbps [phase1]
[JobA-LONGLIU-MAIN] iter  96 (window 4): payload=1024MB, c_i=1.2, sleep=30000us, comm=1390.9ms, bw=3.09 Gbps [phase1]
[JobA-LONGLIU-MAIN] iter  97 (window 4): payload=1024MB, c_i=1.2, sleep=30000us, comm=1407.8ms, bw=3.05 Gbps [phase1]
[JobA-LONGLIU-MAIN] iter  98 (window 4): payload=1024MB, c_i=1.2, sleep=30000us, comm=1393.4ms, bw=3.08 Gbps [phase1]
[JobA-LONGLIU-MAIN] iter  99 (window 4): payload=1024MB, c_i=1.2, sleep=30000us, comm=1345.7ms, bw=3.19 Gbps [phase1]
[JobA-LONGLIU-MAIN] iter 100 (window 5): payload=1024MB, c_i=1.2, sleep=30000us, comm=1440.5ms, bw=2.98 Gbps [phase1]
[JobA-LONGLIU-MAIN] iter 101 (window 5): payload=1024MB, c_i=1.2, sleep=30000us, comm=1360.6ms, bw=3.16 Gbps [phase1]
[JobA-LONGLIU-MAIN] iter 102 (window 5): payload=1024MB, c_i=1.2, sleep=30000us, comm=1308.7ms, bw=3.28 Gbps [phase1]
[JobA-LONGLIU-MAIN] iter 103 (window 5): payload=1024MB, c_i=1.2, sleep=30000us, comm=1369.3ms, bw=3.14 Gbps [phase1]
[JobA-LONGLIU-MAIN] iter 104 (window 5): payload=1024MB, c_i=1.2, sleep=30000us, comm=1326.7ms, bw=3.24 Gbps [phase1]
[JobA-LONGLIU-MAIN] iter 105 (window 5): payload=1024MB, c_i=1.2, sleep=30000us, comm=1339.0ms, bw=3.21 Gbps [phase1]
[JobA-LONGLIU-MAIN] iter 106 (window 5): payload=1024MB, c_i=1.2, sleep=30000us, comm=1388.2ms, bw=3.09 Gbps [phase1]
[JobA-LONGLIU-MAIN] iter 107 (window 5): payload=1024MB, c_i=1.2, sleep=30000us, comm=1443.5ms, bw=2.98 Gbps [phase1]
[JobA-LONGLIU-MAIN] iter 108 (window 5): payload=1024MB, c_i=1.2, sleep=30000us, comm=1335.1ms, bw=3.22 Gbps [phase1]
[JobA-LONGLIU-MAIN] iter 109 (window 5): payload=1024MB, c_i=1.2, sleep=30000us, comm=1413.8ms, bw=3.04 Gbps [phase1]
[JobA-LONGLIU-MAIN] iter 110 (window 5): payload=1024MB, c_i=1.2, sleep=30000us, comm=1321.8ms, bw=3.25 Gbps [phase1]
[JobA-LONGLIU-MAIN] iter 111 (window 5): payload=1024MB, c_i=1.2, sleep=30000us, comm=1462.1ms, bw=2.94 Gbps [phase1]
[JobA-LONGLIU-MAIN] iter 112 (window 5): payload=1024MB, c_i=1.2, sleep=30000us, comm=1501.7ms, bw=2.86 Gbps [phase1]
[JobA-LONGLIU-MAIN] iter 113 (window 5): payload=1024MB, c_i=1.2, sleep=30000us, comm=1384.9ms, bw=3.10 Gbps [phase1]
[JobA-LONGLIU-MAIN] iter 114 (window 5): payload=1024MB, c_i=1.2, sleep=30000us, comm=1423.6ms, bw=3.02 Gbps [phase1]
[JobA-LONGLIU-MAIN] iter 115 (window 5): payload=1024MB, c_i=1.2, sleep=30000us, comm=1414.0ms, bw=3.04 Gbps [phase1]
[JobA-LONGLIU-MAIN] iter 116 (window 5): payload=1024MB, c_i=1.2, sleep=30000us, comm=1471.2ms, bw=2.92 Gbps [phase1]
[JobA-LONGLIU-MAIN] iter 117 (window 5): payload=1024MB, c_i=1.2, sleep=30000us, comm=1383.5ms, bw=3.10 Gbps [phase1]
[JobA-LONGLIU-MAIN] iter 118 (window 5): payload=1024MB, c_i=1.2, sleep=30000us, comm=1465.6ms, bw=2.93 Gbps [phase1]
[JobA-LONGLIU-MAIN] iter 119 (window 5): payload=1024MB, c_i=1.2, sleep=30000us, comm=1312.0ms, bw=3.27 Gbps [phase1]
[JobA-LONGLIU-MAIN] iter 120 (window 6): payload=1024MB, c_i=1.2, sleep=30000us, comm=1400.2ms, bw=3.07 Gbps [phase1]
[JobA-LONGLIU-MAIN] iter 121 (window 6): payload=1024MB, c_i=1.2, sleep=30000us, comm=1395.6ms, bw=3.08 Gbps [phase1]
[JobA-LONGLIU-MAIN] iter 122 (window 6): payload=1024MB, c_i=1.2, sleep=30000us, comm=1245.7ms, bw=3.45 Gbps [phase1]
[JobA-LONGLIU-MAIN] iter 123 (window 6): payload=1024MB, c_i=1.2, sleep=30000us, comm=1442.9ms, bw=2.98 Gbps [phase1]
[JobA-LONGLIU-MAIN] iter 124 (window 6): payload=1024MB, c_i=1.2, sleep=30000us, comm=1456.0ms, bw=2.95 Gbps [phase1]
[JobA-LONGLIU-MAIN] iter 125 (window 6): payload=1024MB, c_i=1.2, sleep=30000us, comm=1370.0ms, bw=3.13 Gbps [phase1]
[JobA-LONGLIU-MAIN] iter 126 (window 6): payload=1024MB, c_i=1.2, sleep=30000us, comm=1434.7ms, bw=2.99 Gbps [phase1]
[JobA-LONGLIU-MAIN] iter 127 (window 6): payload=1024MB, c_i=1.2, sleep=30000us, comm=1336.3ms, bw=3.21 Gbps [phase1]
[JobA-LONGLIU-MAIN] iter 128 (window 6): payload=1024MB, c_i=1.2, sleep=30000us, comm=1365.2ms, bw=3.15 Gbps [phase1]
[JobA-LONGLIU-MAIN] iter 129 (window 6): payload=1024MB, c_i=1.2, sleep=30000us, comm=1341.1ms, bw=3.20 Gbps [phase1]
[JobA-LONGLIU-MAIN] iter 130 (window 6): payload=1024MB, c_i=1.2, sleep=30000us, comm=1402.1ms, bw=3.06 Gbps [phase1]
[JobA-LONGLIU-MAIN] iter 131 (window 6): payload=1024MB, c_i=1.2, sleep=30000us, comm=1431.8ms, bw=3.00 Gbps [phase1]
[JobA-LONGLIU-MAIN] iter 132 (window 6): payload=1024MB, c_i=1.2, sleep=30000us, comm=1417.9ms, bw=3.03 Gbps [phase1]
[JobA-LONGLIU-MAIN] iter 133 (window 6): payload=1024MB, c_i=1.2, sleep=30000us, comm=1348.0ms, bw=3.19 Gbps [phase1]
[JobA-LONGLIU-MAIN] iter 134 (window 6): payload=1024MB, c_i=1.2, sleep=30000us, comm=1378.3ms, bw=3.12 Gbps [phase1]
[JobA-LONGLIU-MAIN] iter 135 (window 6): payload=1024MB, c_i=1.2, sleep=30000us, comm=1409.9ms, bw=3.05 Gbps [phase1]
[JobA-LONGLIU-MAIN] iter 136 (window 6): payload=1024MB, c_i=1.2, sleep=30000us, comm=1501.8ms, bw=2.86 Gbps [phase1]
[JobA-LONGLIU-MAIN] iter 137 (window 6): payload=1024MB, c_i=1.2, sleep=30000us, comm=1526.8ms, bw=2.81 Gbps [phase1]
[JobA-LONGLIU-MAIN] iter 138 (window 6): payload=1024MB, c_i=1.2, sleep=30000us, comm=1395.6ms, bw=3.08 Gbps [phase1]
[JobA-LONGLIU-MAIN] iter 139 (window 6): payload=1024MB, c_i=1.2, sleep=30000us, comm=1520.4ms, bw=2.82 Gbps [phase1]
[SLO] c_i updated: 1.20 → 3.00
[JobA-LONGLIU-MAIN] *** c_i SWAP at window 7: now c_i=3.0 ***
[JobA-LONGLIU-MAIN] iter 140 (window 7): payload=1024MB, c_i=3.0, sleep=30000us, comm=1490.6ms, bw=2.88 Gbps [phase2]
[JobA-LONGLIU-MAIN] iter 141 (window 7): payload=1024MB, c_i=3.0, sleep=30000us, comm=1336.0ms, bw=3.21 Gbps [phase2]
[JobA-LONGLIU-MAIN] iter 142 (window 7): payload=1024MB, c_i=3.0, sleep=30000us, comm=1421.4ms, bw=3.02 Gbps [phase2]
[JobA-LONGLIU-MAIN] iter 143 (window 7): payload=1024MB, c_i=3.0, sleep=30000us, comm=1388.1ms, bw=3.09 Gbps [phase2]
[JobA-LONGLIU-MAIN] iter 144 (window 7): payload=1024MB, c_i=3.0, sleep=30000us, comm=1340.1ms, bw=3.20 Gbps [phase2]
[JobA-LONGLIU-MAIN] iter 145 (window 7): payload=1024MB, c_i=3.0, sleep=30000us, comm=1465.3ms, bw=2.93 Gbps [phase2]
[JobA-LONGLIU-MAIN] iter 146 (window 7): payload=1024MB, c_i=3.0, sleep=30000us, comm=1408.9ms, bw=3.05 Gbps [phase2]
[JobA-LONGLIU-MAIN] iter 147 (window 7): payload=1024MB, c_i=3.0, sleep=30000us, comm=1400.0ms, bw=3.07 Gbps [phase2]
[JobA-LONGLIU-MAIN] iter 148 (window 7): payload=1024MB, c_i=3.0, sleep=30000us, comm=1300.5ms, bw=3.30 Gbps [phase2]
[JobA-LONGLIU-MAIN] iter 149 (window 7): payload=1024MB, c_i=3.0, sleep=30000us, comm=1375.1ms, bw=3.12 Gbps [phase2]
[JobA-LONGLIU-MAIN] iter 150 (window 7): payload=1024MB, c_i=3.0, sleep=30000us, comm=1277.0ms, bw=3.36 Gbps [phase2]
[JobA-LONGLIU-MAIN] iter 151 (window 7): payload=1024MB, c_i=3.0, sleep=30000us, comm=1357.0ms, bw=3.16 Gbps [phase2]
[JobA-LONGLIU-MAIN] iter 152 (window 7): payload=1024MB, c_i=3.0, sleep=30000us, comm=1309.8ms, bw=3.28 Gbps [phase2]
[JobA-LONGLIU-MAIN] iter 153 (window 7): payload=1024MB, c_i=3.0, sleep=30000us, comm=1370.2ms, bw=3.13 Gbps [phase2]
[JobA-LONGLIU-MAIN] iter 154 (window 7): payload=1024MB, c_i=3.0, sleep=30000us, comm=1369.7ms, bw=3.14 Gbps [phase2]
[JobA-LONGLIU-MAIN] iter 155 (window 7): payload=1024MB, c_i=3.0, sleep=30000us, comm=1444.4ms, bw=2.97 Gbps [phase2]
[JobA-LONGLIU-MAIN] iter 156 (window 7): payload=1024MB, c_i=3.0, sleep=30000us, comm=1364.2ms, bw=3.15 Gbps [phase2]
[JobA-LONGLIU-MAIN] iter 157 (window 7): payload=1024MB, c_i=3.0, sleep=30000us, comm=1409.9ms, bw=3.05 Gbps [phase2]
[JobA-LONGLIU-MAIN] iter 158 (window 7): payload=1024MB, c_i=3.0, sleep=30000us, comm=1395.6ms, bw=3.08 Gbps [phase2]
[JobA-LONGLIU-MAIN] iter 159 (window 7): payload=1024MB, c_i=3.0, sleep=30000us, comm=1408.7ms, bw=3.05 Gbps [phase2]
[JobA-LONGLIU-MAIN] iter 160 (window 8): payload=1024MB, c_i=3.0, sleep=30000us, comm=1381.4ms, bw=3.11 Gbps [phase2]
[JobA-LONGLIU-MAIN] iter 161 (window 8): payload=1024MB, c_i=3.0, sleep=30000us, comm=1371.4ms, bw=3.13 Gbps [phase2]
[JobA-LONGLIU-MAIN] iter 162 (window 8): payload=1024MB, c_i=3.0, sleep=30000us, comm=1354.0ms, bw=3.17 Gbps [phase2]
[JobA-LONGLIU-MAIN] iter 163 (window 8): payload=1024MB, c_i=3.0, sleep=30000us, comm=1386.7ms, bw=3.10 Gbps [phase2]
[JobA-LONGLIU-MAIN] iter 164 (window 8): payload=1024MB, c_i=3.0, sleep=30000us, comm=1422.0ms, bw=3.02 Gbps [phase2]
[JobA-LONGLIU-MAIN] iter 165 (window 8): payload=1024MB, c_i=3.0, sleep=30000us, comm=1399.7ms, bw=3.07 Gbps [phase2]
[JobA-LONGLIU-MAIN] iter 166 (window 8): payload=1024MB, c_i=3.0, sleep=30000us, comm=1396.3ms, bw=3.08 Gbps [phase2]
[JobA-LONGLIU-MAIN] iter 167 (window 8): payload=1024MB, c_i=3.0, sleep=30000us, comm=1493.7ms, bw=2.88 Gbps [phase2]
[JobA-LONGLIU-MAIN] iter 168 (window 8): payload=1024MB, c_i=3.0, sleep=30000us, comm=1444.5ms, bw=2.97 Gbps [phase2]
[JobA-LONGLIU-MAIN] iter 169 (window 8): payload=1024MB, c_i=3.0, sleep=30000us, comm=1374.8ms, bw=3.12 Gbps [phase2]
[JobA-LONGLIU-MAIN] iter 170 (window 8): payload=1024MB, c_i=3.0, sleep=30000us, comm=1404.3ms, bw=3.06 Gbps [phase2]
[JobA-LONGLIU-MAIN] iter 171 (window 8): payload=1024MB, c_i=3.0, sleep=30000us, comm=1414.6ms, bw=3.04 Gbps [phase2]
[JobA-LONGLIU-MAIN] iter 172 (window 8): payload=1024MB, c_i=3.0, sleep=30000us, comm=1445.0ms, bw=2.97 Gbps [phase2]
[JobA-LONGLIU-MAIN] iter 173 (window 8): payload=1024MB, c_i=3.0, sleep=30000us, comm=1391.2ms, bw=3.09 Gbps [phase2]
[JobA-LONGLIU-MAIN] iter 174 (window 8): payload=1024MB, c_i=3.0, sleep=30000us, comm=1276.4ms, bw=3.36 Gbps [phase2]
[JobA-LONGLIU-MAIN] iter 175 (window 8): payload=1024MB, c_i=3.0, sleep=30000us, comm=1395.4ms, bw=3.08 Gbps [phase2]
[JobA-LONGLIU-MAIN] iter 176 (window 8): payload=1024MB, c_i=3.0, sleep=30000us, comm=1414.0ms, bw=3.04 Gbps [phase2]
[JobA-LONGLIU-MAIN] iter 177 (window 8): payload=1024MB, c_i=3.0, sleep=30000us, comm=1399.8ms, bw=3.07 Gbps [phase2]
[JobA-LONGLIU-MAIN] iter 178 (window 8): payload=1024MB, c_i=3.0, sleep=30000us, comm=1356.9ms, bw=3.17 Gbps [phase2]
[JobA-LONGLIU-MAIN] iter 179 (window 8): payload=1024MB, c_i=3.0, sleep=30000us, comm=1374.3ms, bw=3.13 Gbps [phase2]
[JobA-LONGLIU-MAIN] iter 180 (window 9): payload=1024MB, c_i=3.0, sleep=30000us, comm=1530.8ms, bw=2.81 Gbps [phase2]
[JobA-LONGLIU-MAIN] iter 181 (window 9): payload=1024MB, c_i=3.0, sleep=30000us, comm=1374.6ms, bw=3.12 Gbps [phase2]
[JobA-LONGLIU-MAIN] iter 182 (window 9): payload=1024MB, c_i=3.0, sleep=30000us, comm=1333.6ms, bw=3.22 Gbps [phase2]
[JobA-LONGLIU-MAIN] iter 183 (window 9): payload=1024MB, c_i=3.0, sleep=30000us, comm=1445.4ms, bw=2.97 Gbps [phase2]
[JobA-LONGLIU-MAIN] iter 184 (window 9): payload=1024MB, c_i=3.0, sleep=30000us, comm=1310.5ms, bw=3.28 Gbps [phase2]
[JobA-LONGLIU-MAIN] iter 185 (window 9): payload=1024MB, c_i=3.0, sleep=30000us, comm=1321.9ms, bw=3.25 Gbps [phase2]
[JobA-LONGLIU-MAIN] iter 186 (window 9): payload=1024MB, c_i=3.0, sleep=30000us, comm=1348.2ms, bw=3.19 Gbps [phase2]
[JobA-LONGLIU-MAIN] iter 187 (window 9): payload=1024MB, c_i=3.0, sleep=30000us, comm=1405.3ms, bw=3.06 Gbps [phase2]
[JobA-LONGLIU-MAIN] iter 188 (window 9): payload=1024MB, c_i=3.0, sleep=30000us, comm=1417.3ms, bw=3.03 Gbps [phase2]
[JobA-LONGLIU-MAIN] iter 189 (window 9): payload=1024MB, c_i=3.0, sleep=30000us, comm=1284.5ms, bw=3.34 Gbps [phase2]
[JobA-LONGLIU-MAIN] iter 190 (window 9): payload=1024MB, c_i=3.0, sleep=30000us, comm=1465.1ms, bw=2.93 Gbps [phase2]
[JobA-LONGLIU-MAIN] iter 191 (window 9): payload=1024MB, c_i=3.0, sleep=30000us, comm=1322.2ms, bw=3.25 Gbps [phase2]
[JobA-LONGLIU-MAIN] iter 192 (window 9): payload=1024MB, c_i=3.0, sleep=30000us, comm=1323.1ms, bw=3.25 Gbps [phase2]
[JobA-LONGLIU-MAIN] iter 193 (window 9): payload=1024MB, c_i=3.0, sleep=30000us, comm=1451.6ms, bw=2.96 Gbps [phase2]
[JobA-LONGLIU-MAIN] iter 194 (window 9): payload=1024MB, c_i=3.0, sleep=30000us, comm=1356.6ms, bw=3.17 Gbps [phase2]
[JobA-LONGLIU-MAIN] iter 195 (window 9): payload=1024MB, c_i=3.0, sleep=30000us, comm=1387.6ms, bw=3.10 Gbps [phase2]
[JobA-LONGLIU-MAIN] iter 196 (window 9): payload=1024MB, c_i=3.0, sleep=30000us, comm=1388.3ms, bw=3.09 Gbps [phase2]
[JobA-LONGLIU-MAIN] iter 197 (window 9): payload=1024MB, c_i=3.0, sleep=30000us, comm=1376.0ms, bw=3.12 Gbps [phase2]
[JobA-LONGLIU-MAIN] iter 198 (window 9): payload=1024MB, c_i=3.0, sleep=30000us, comm=1410.1ms, bw=3.05 Gbps [phase2]
[JobA-LONGLIU-MAIN] iter 199 (window 9): payload=1024MB, c_i=3.0, sleep=30000us, comm=1373.9ms, bw=3.13 Gbps [phase2]
[JobA-LONGLIU-MAIN] iter 200 (window 10): payload=1024MB, c_i=3.0, sleep=30000us, comm=1344.2ms, bw=3.20 Gbps [phase2]
[JobA-LONGLIU-MAIN] iter 201 (window 10): payload=1024MB, c_i=3.0, sleep=30000us, comm=1465.9ms, bw=2.93 Gbps [phase2]
[JobA-LONGLIU-MAIN] iter 202 (window 10): payload=1024MB, c_i=3.0, sleep=30000us, comm=1369.9ms, bw=3.14 Gbps [phase2]
[JobA-LONGLIU-MAIN] iter 203 (window 10): payload=1024MB, c_i=3.0, sleep=30000us, comm=1340.9ms, bw=3.20 Gbps [phase2]
[JobA-LONGLIU-MAIN] iter 204 (window 10): payload=1024MB, c_i=3.0, sleep=30000us, comm=1362.5ms, bw=3.15 Gbps [phase2]
[JobA-LONGLIU-MAIN] iter 205 (window 10): payload=1024MB, c_i=3.0, sleep=30000us, comm=1585.9ms, bw=2.71 Gbps [phase2]
[JobA-LONGLIU-MAIN] iter 206 (window 10): payload=1024MB, c_i=3.0, sleep=30000us, comm=1296.3ms, bw=3.31 Gbps [phase2]
[JobA-LONGLIU-MAIN] iter 207 (window 10): payload=1024MB, c_i=3.0, sleep=30000us, comm=1397.3ms, bw=3.07 Gbps [phase2]
[JobA-LONGLIU-MAIN] iter 208 (window 10): payload=1024MB, c_i=3.0, sleep=30000us, comm=1339.3ms, bw=3.21 Gbps [phase2]
[JobA-LONGLIU-MAIN] iter 209 (window 10): payload=1024MB, c_i=3.0, sleep=30000us, comm=1292.9ms, bw=3.32 Gbps [phase2]
[JobA-LONGLIU-MAIN] iter 210 (window 10): payload=1024MB, c_i=3.0, sleep=30000us, comm=1348.7ms, bw=3.18 Gbps [phase2]
[JobA-LONGLIU-MAIN] iter 211 (window 10): payload=1024MB, c_i=3.0, sleep=30000us, comm=1397.5ms, bw=3.07 Gbps [phase2]
[JobA-LONGLIU-MAIN] iter 212 (window 10): payload=1024MB, c_i=3.0, sleep=30000us, comm=1417.9ms, bw=3.03 Gbps [phase2]
[JobA-LONGLIU-MAIN] iter 213 (window 10): payload=1024MB, c_i=3.0, sleep=30000us, comm=1357.1ms, bw=3.16 Gbps [phase2]
[JobA-LONGLIU-MAIN] iter 214 (window 10): payload=1024MB, c_i=3.0, sleep=30000us, comm=1365.6ms, bw=3.15 Gbps [phase2]
[JobA-LONGLIU-MAIN] iter 215 (window 10): payload=1024MB, c_i=3.0, sleep=30000us, comm=1438.9ms, bw=2.98 Gbps [phase2]
[JobA-LONGLIU-MAIN] iter 216 (window 10): payload=1024MB, c_i=3.0, sleep=30000us, comm=1415.6ms, bw=3.03 Gbps [phase2]
[JobA-LONGLIU-MAIN] iter 217 (window 10): payload=1024MB, c_i=3.0, sleep=30000us, comm=1414.7ms, bw=3.04 Gbps [phase2]
[JobA-LONGLIU-MAIN] iter 218 (window 10): payload=1024MB, c_i=3.0, sleep=30000us, comm=1365.7ms, bw=3.14 Gbps [phase2]
[JobA-LONGLIU-MAIN] iter 219 (window 10): payload=1024MB, c_i=3.0, sleep=30000us, comm=1426.3ms, bw=3.01 Gbps [phase2]
[JobA-LONGLIU-MAIN] iter 220 (window 11): payload=1024MB, c_i=3.0, sleep=30000us, comm=1456.2ms, bw=2.95 Gbps [phase2]
[JobA-LONGLIU-MAIN] iter 221 (window 11): payload=1024MB, c_i=3.0, sleep=30000us, comm=1300.1ms, bw=3.30 Gbps [phase2]
[JobA-LONGLIU-MAIN] iter 222 (window 11): payload=1024MB, c_i=3.0, sleep=30000us, comm=1339.8ms, bw=3.21 Gbps [phase2]
[JobA-LONGLIU-MAIN] iter 223 (window 11): payload=1024MB, c_i=3.0, sleep=30000us, comm=1430.4ms, bw=3.00 Gbps [phase2]
[JobA-LONGLIU-MAIN] iter 224 (window 11): payload=1024MB, c_i=3.0, sleep=30000us, comm=1362.7ms, bw=3.15 Gbps [phase2]
[JobA-LONGLIU-MAIN] iter 225 (window 11): payload=1024MB, c_i=3.0, sleep=30000us, comm=1313.4ms, bw=3.27 Gbps [phase2]
[JobA-LONGLIU-MAIN] iter 226 (window 11): payload=1024MB, c_i=3.0, sleep=30000us, comm=1439.8ms, bw=2.98 Gbps [phase2]
[JobA-LONGLIU-MAIN] iter 227 (window 11): payload=1024MB, c_i=3.0, sleep=30000us, comm=1451.6ms, bw=2.96 Gbps [phase2]
[JobA-LONGLIU-MAIN] iter 228 (window 11): payload=1024MB, c_i=3.0, sleep=30000us, comm=1456.6ms, bw=2.95 Gbps [phase2]
[JobA-LONGLIU-MAIN] iter 229 (window 11): payload=1024MB, c_i=3.0, sleep=30000us, comm=1379.6ms, bw=3.11 Gbps [phase2]
[JobA-LONGLIU-MAIN] iter 230 (window 11): payload=1024MB, c_i=3.0, sleep=30000us, comm=1398.2ms, bw=3.07 Gbps [phase2]
[JobA-LONGLIU-MAIN] iter 231 (window 11): payload=1024MB, c_i=3.0, sleep=30000us, comm=1322.1ms, bw=3.25 Gbps [phase2]
[JobA-LONGLIU-MAIN] iter 232 (window 11): payload=1024MB, c_i=3.0, sleep=30000us, comm=1418.4ms, bw=3.03 Gbps [phase2]
[JobA-LONGLIU-MAIN] iter 233 (window 11): payload=1024MB, c_i=3.0, sleep=30000us, comm=1457.8ms, bw=2.95 Gbps [phase2]
[JobA-LONGLIU-MAIN] iter 234 (window 11): payload=1024MB, c_i=3.0, sleep=30000us, comm=1343.7ms, bw=3.20 Gbps [phase2]
[JobA-LONGLIU-MAIN] iter 235 (window 11): payload=1024MB, c_i=3.0, sleep=30000us, comm=1531.2ms, bw=2.80 Gbps [phase2]
[JobA-LONGLIU-MAIN] iter 236 (window 11): payload=1024MB, c_i=3.0, sleep=30000us, comm=1345.2ms, bw=3.19 Gbps [phase2]
[JobA-LONGLIU-MAIN] iter 237 (window 11): payload=1024MB, c_i=3.0, sleep=30000us, comm=1288.6ms, bw=3.33 Gbps [phase2]
[JobA-LONGLIU-MAIN] iter 238 (window 11): payload=1024MB, c_i=3.0, sleep=30000us, comm=1366.1ms, bw=3.14 Gbps [phase2]
[JobA-LONGLIU-MAIN] iter 239 (window 11): payload=1024MB, c_i=3.0, sleep=30000us, comm=1404.6ms, bw=3.06 Gbps [phase2]
[JobA-LONGLIU-MAIN] iter 240 (window 12): payload=1024MB, c_i=3.0, sleep=30000us, comm=1339.5ms, bw=3.21 Gbps [phase2]
[JobA-LONGLIU-MAIN] iter 241 (window 12): payload=1024MB, c_i=3.0, sleep=30000us, comm=1370.4ms, bw=3.13 Gbps [phase2]
[JobA-LONGLIU-MAIN] iter 242 (window 12): payload=1024MB, c_i=3.0, sleep=30000us, comm=1336.6ms, bw=3.21 Gbps [phase2]
[JobA-LONGLIU-MAIN] iter 243 (window 12): payload=1024MB, c_i=3.0, sleep=30000us, comm=1296.5ms, bw=3.31 Gbps [phase2]
[JobA-LONGLIU-MAIN] iter 244 (window 12): payload=1024MB, c_i=3.0, sleep=30000us, comm=1465.4ms, bw=2.93 Gbps [phase2]
[JobA-LONGLIU-MAIN] iter 245 (window 12): payload=1024MB, c_i=3.0, sleep=30000us, comm=1331.6ms, bw=3.23 Gbps [phase2]
[JobA-LONGLIU-MAIN] iter 246 (window 12): payload=1024MB, c_i=3.0, sleep=30000us, comm=1339.8ms, bw=3.21 Gbps [phase2]
[JobA-LONGLIU-MAIN] iter 247 (window 12): payload=1024MB, c_i=3.0, sleep=30000us, comm=1417.5ms, bw=3.03 Gbps [phase2]
[JobA-LONGLIU-MAIN] iter 248 (window 12): payload=1024MB, c_i=3.0, sleep=30000us, comm=1324.1ms, bw=3.24 Gbps [phase2]
[JobA-LONGLIU-MAIN] iter 249 (window 12): payload=1024MB, c_i=3.0, sleep=30000us, comm=1349.3ms, bw=3.18 Gbps [phase2]
[JobA-LONGLIU-MAIN] iter 250 (window 12): payload=1024MB, c_i=3.0, sleep=30000us, comm=1314.3ms, bw=3.27 Gbps [phase2]
[JobA-LONGLIU-MAIN] iter 251 (window 12): payload=1024MB, c_i=3.0, sleep=30000us, comm=1296.0ms, bw=3.31 Gbps [phase2]
[JobA-LONGLIU-MAIN] iter 252 (window 12): payload=1024MB, c_i=3.0, sleep=30000us, comm=1370.9ms, bw=3.13 Gbps [phase2]
[JobA-LONGLIU-MAIN] iter 253 (window 12): payload=1024MB, c_i=3.0, sleep=30000us, comm=1367.1ms, bw=3.14 Gbps [phase2]
[JobA-LONGLIU-MAIN] iter 254 (window 12): payload=1024MB, c_i=3.0, sleep=30000us, comm=1366.0ms, bw=3.14 Gbps [phase2]
[JobA-LONGLIU-MAIN] iter 255 (window 12): payload=1024MB, c_i=3.0, sleep=30000us, comm=1436.0ms, bw=2.99 Gbps [phase2]
[JobA-LONGLIU-MAIN] iter 256 (window 12): payload=1024MB, c_i=3.0, sleep=30000us, comm=1328.4ms, bw=3.23 Gbps [phase2]
[JobA-LONGLIU-MAIN] iter 257 (window 12): payload=1024MB, c_i=3.0, sleep=30000us, comm=1440.8ms, bw=2.98 Gbps [phase2]
[JobA-LONGLIU-MAIN] iter 258 (window 12): payload=1024MB, c_i=3.0, sleep=30000us, comm=1365.4ms, bw=3.15 Gbps [phase2]
[JobA-LONGLIU-MAIN] iter 259 (window 12): payload=1024MB, c_i=3.0, sleep=30000us, comm=1401.1ms, bw=3.07 Gbps [phase2]
[JobA-LONGLIU-MAIN] iter 260 (window 13): payload=1024MB, c_i=3.0, sleep=30000us, comm=1396.9ms, bw=3.07 Gbps [phase2]
[JobA-LONGLIU-MAIN] iter 261 (window 13): payload=1024MB, c_i=3.0, sleep=30000us, comm=1374.6ms, bw=3.12 Gbps [phase2]
[JobA-LONGLIU-MAIN] iter 262 (window 13): payload=1024MB, c_i=3.0, sleep=30000us, comm=1293.9ms, bw=3.32 Gbps [phase2]
[JobA-LONGLIU-MAIN] iter 263 (window 13): payload=1024MB, c_i=3.0, sleep=30000us, comm=1309.3ms, bw=3.28 Gbps [phase2]
[JobA-LONGLIU-MAIN] iter 264 (window 13): payload=1024MB, c_i=3.0, sleep=30000us, comm=1444.5ms, bw=2.97 Gbps [phase2]
[JobA-LONGLIU-MAIN] iter 265 (window 13): payload=1024MB, c_i=3.0, sleep=30000us, comm=1326.5ms, bw=3.24 Gbps [phase2]
[JobA-LONGLIU-MAIN] iter 266 (window 13): payload=1024MB, c_i=3.0, sleep=30000us, comm=1443.6ms, bw=2.98 Gbps [phase2]
[JobA-LONGLIU-MAIN] iter 267 (window 13): payload=1024MB, c_i=3.0, sleep=30000us, comm=1332.5ms, bw=3.22 Gbps [phase2]
[JobA-LONGLIU-MAIN] iter 268 (window 13): payload=1024MB, c_i=3.0, sleep=30000us, comm=1424.1ms, bw=3.02 Gbps [phase2]
[JobA-LONGLIU-MAIN] iter 269 (window 13): payload=1024MB, c_i=3.0, sleep=30000us, comm=1366.3ms, bw=3.14 Gbps [phase2]
[JobA-LONGLIU-MAIN] iter 270 (window 13): payload=1024MB, c_i=3.0, sleep=30000us, comm=1443.0ms, bw=2.98 Gbps [phase2]
[JobA-LONGLIU-MAIN] iter 271 (window 13): payload=1024MB, c_i=3.0, sleep=30000us, comm=1360.7ms, bw=3.16 Gbps [phase2]
[JobA-LONGLIU-MAIN] iter 272 (window 13): payload=1024MB, c_i=3.0, sleep=30000us, comm=1297.9ms, bw=3.31 Gbps [phase2]
[JobA-LONGLIU-MAIN] iter 273 (window 13): payload=1024MB, c_i=3.0, sleep=30000us, comm=1434.5ms, bw=2.99 Gbps [phase2]
[JobA-LONGLIU-MAIN] iter 274 (window 13): payload=1024MB, c_i=3.0, sleep=30000us, comm=1361.9ms, bw=3.15 Gbps [phase2]
[JobA-LONGLIU-MAIN] iter 275 (window 13): payload=1024MB, c_i=3.0, sleep=30000us, comm=1280.8ms, bw=3.35 Gbps [phase2]
[JobA-LONGLIU-MAIN] iter 276 (window 13): payload=1024MB, c_i=3.0, sleep=30000us, comm=1330.6ms, bw=3.23 Gbps [phase2]
[JobA-LONGLIU-MAIN] iter 277 (window 13): payload=1024MB, c_i=3.0, sleep=30000us, comm=1452.7ms, bw=2.96 Gbps [phase2]
[JobA-LONGLIU-MAIN] iter 278 (window 13): payload=1024MB, c_i=3.0, sleep=30000us, comm=1378.3ms, bw=3.12 Gbps [phase2]
[JobA-LONGLIU-MAIN] iter 279 (window 13): payload=1024MB, c_i=3.0, sleep=30000us, comm=1374.2ms, bw=3.13 Gbps [phase2]
[JobA-LONGLIU-MAIN] iter 280 (window 14): payload=1024MB, c_i=3.0, sleep=30000us, comm=1331.4ms, bw=3.23 Gbps [phase2]
[JobA-LONGLIU-MAIN] iter 281 (window 14): payload=1024MB, c_i=3.0, sleep=30000us, comm=1361.4ms, bw=3.15 Gbps [phase2]
[JobA-LONGLIU-MAIN] iter 282 (window 14): payload=1024MB, c_i=3.0, sleep=30000us, comm=1401.4ms, bw=3.06 Gbps [phase2]
[JobA-LONGLIU-MAIN] iter 283 (window 14): payload=1024MB, c_i=3.0, sleep=30000us, comm=1431.5ms, bw=3.00 Gbps [phase2]
[JobA-LONGLIU-MAIN] iter 284 (window 14): payload=1024MB, c_i=3.0, sleep=30000us, comm=1434.7ms, bw=2.99 Gbps [phase2]
[JobA-LONGLIU-MAIN] iter 285 (window 14): payload=1024MB, c_i=3.0, sleep=30000us, comm=1452.6ms, bw=2.96 Gbps [phase2]
[JobA-LONGLIU-MAIN] iter 286 (window 14): payload=1024MB, c_i=3.0, sleep=30000us, comm=1534.1ms, bw=2.80 Gbps [phase2]
[JobA-LONGLIU-MAIN] iter 287 (window 14): payload=1024MB, c_i=3.0, sleep=30000us, comm=1322.0ms, bw=3.25 Gbps [phase2]
[JobA-LONGLIU-MAIN] iter 288 (window 14): payload=1024MB, c_i=3.0, sleep=30000us, comm=1401.1ms, bw=3.07 Gbps [phase2]
[JobA-LONGLIU-MAIN] iter 289 (window 14): payload=1024MB, c_i=3.0, sleep=30000us, comm=1270.4ms, bw=3.38 Gbps [phase2]
[JobA-LONGLIU-MAIN] iter 290 (window 14): payload=1024MB, c_i=3.0, sleep=30000us, comm=1421.8ms, bw=3.02 Gbps [phase2]
[JobA-LONGLIU-MAIN] iter 291 (window 14): payload=1024MB, c_i=3.0, sleep=30000us, comm=1383.7ms, bw=3.10 Gbps [phase2]
[JobA-LONGLIU-MAIN] iter 292 (window 14): payload=1024MB, c_i=3.0, sleep=30000us, comm=1343.9ms, bw=3.20 Gbps [phase2]
[JobA-LONGLIU-MAIN] iter 293 (window 14): payload=1024MB, c_i=3.0, sleep=30000us, comm=1344.8ms, bw=3.19 Gbps [phase2]
[JobA-LONGLIU-MAIN] iter 294 (window 14): payload=1024MB, c_i=3.0, sleep=30000us, comm=1439.0ms, bw=2.98 Gbps [phase2]
[JobA-LONGLIU-MAIN] iter 295 (window 14): payload=1024MB, c_i=3.0, sleep=30000us, comm=1371.5ms, bw=3.13 Gbps [phase2]
[JobA-LONGLIU-MAIN] iter 296 (window 14): payload=1024MB, c_i=3.0, sleep=30000us, comm=1387.9ms, bw=3.09 Gbps [phase2]
[JobA-LONGLIU-MAIN] iter 297 (window 14): payload=1024MB, c_i=3.0, sleep=30000us, comm=1353.6ms, bw=3.17 Gbps [phase2]
[JobA-LONGLIU-MAIN] iter 298 (window 14): payload=1024MB, c_i=3.0, sleep=30000us, comm=1400.5ms, bw=3.07 Gbps [phase2]
[JobA-LONGLIU-MAIN] iter 299 (window 14): payload=1024MB, c_i=3.0, sleep=30000us, comm=1371.4ms, bw=3.13 Gbps [phase2]
[JobA-LONGLIU-MAIN] Per-iter results saved to p4_jobA_reverse_longliu_rank0_iter.csv
[JobA-LONGLIU-MAIN] Per-window stats saved to p4_jobA_reverse_longliu_rank0_window.csv
[JobA-LONGLIU-MAIN] Phase 1 (windows 0-6): c_i=1.2, avg_comm=1154.2ms, avg_bw=4.06 Gbps, avg_prio=6.0
[JobA-LONGLIU-MAIN] Phase 2 (windows 7-14): c_i=3.0, avg_comm=1382.2ms, avg_bw=3.11 Gbps, avg_prio=6.0
[JobA-LONGLIU-MAIN] Total wall time: 383.3s
[MultiComm] Rank 0: destroyed
