================================================================
V6 Full Experiment — Round 1: LLthenCX
  Background flow: iperf3 UDP 6 Gbps, DSCP=P3
  Payload:        1024MB × 2
  c_i tight/loose: 1.2 / 3.0 (swap at epoch 7)
  Warmup:         5 min before first mode
  CRUX priority:  both P3 (GPU intensity tie)
  LongLiu start:  P3 (same as CRUX starting point)
  Order:          longliu → crux
  T_target:       V5 calibration (1024MB)
  Date:           2026-07-24T16:43:21+08:00
================================================================
--- Starting iperf3 background flow: 6 Gbps (12×500M), DSCP=P3, 570s ---
  启动 12 路 iperf3 服务器 (226)...
  服务器运行数: 12
  启动 12 路客户端（每路 500 Mbps）...
  12 路客户端已启动（总 6 Gbps, duration 570s）

--- Warmup phase: 5 min (data discarded) ---
  Background flow running at 6 Gbps DSCP=P3
  Waiting for NIC/thermal/driver state stabilization...
  Warmup complete.

--- Running LLthenCX_first(longliu) (longliu) ---
Job A (longliu) launched, waiting 10s for init...
Job B (longliu) launched.
  (background flow active: 6 Gbps DSCP=P3)
  Job A 10.1 done (exit=0)
  Job A 226 done (exit=0)
  Job B 10.1 done (exit=0)
  Job B 226 done (exit=0)
--- LLthenCX_first(longliu) completed ---

Waiting 15s between modes for NCCL cleanup...

--- Running LLthenCX_second(crux) (crux) ---
Job A (crux) launched, waiting 10s for init...
Job B (crux) launched.
  (background flow active: 6 Gbps DSCP=P3)
  Job A 10.1 done (exit=0)
  Job A 226 done (exit=0)
  Job B 10.1 done (exit=0)
  Job B 226 done (exit=0)
--- LLthenCX_second(crux) completed ---

--- Stopping background flow ---
  12 路背景流已停止

================================================================
V6 Round 1 (LLthenCX) — Results Summary
================================================================

=== longliu ===
--- Job A ---
epoch,phase,payload_mb,c_i,sleep_us,avg_comm_s,avg_bw_gbps,pi,priority,dscp,slowdown,t_target_ms
0,phase1,1024,1.2,30000,0.184412,23.4999,-0.267483,2,24,0.7316,4201.087
1,phase1,1024,1.2,30000,0.183886,23.8601,-0.268682,2,24,0.7295,4201.087
2,phase1,1024,1.2,30000,0.174718,24.6491,-0.281122,2,24,0.6931,4201.087
3,phase1,1024,1.2,30000,0.291708,14.9374,-0.169437,2,24,1.1573,4201.087
4,phase1,1024,1.2,30000,0.29664,14.5895,-0.098526,4,0,1.1768,4201.087
5,phase1,1024,1.2,30000,0.317263,13.7014,-0.037548,4,0,1.2587,4201.087
6,phase1,1024,1.2,30000,0.317276,13.5615,0.00602,4,0,1.2587,4201.087
7,phase2,1024,3.0,30000,0.313509,13.733,-0.585268,1,32,0.4975,4201.087
8,phase2,1024,3.0,30000,0.376492,11.4821,-0.564611,1,32,0.5975,4201.087
9,phase2,1024,3.0,30000,0.374816,11.4851,-0.548322,1,32,0.5948,4201.087
10,phase2,1024,3.0,30000,0.36664,11.9155,-0.536203,1,32,0.5818,4201.087
11,phase2,1024,3.0,30000,0.376078,11.444,-0.524828,1,32,0.5968,4201.087
12,phase2,1024,3.0,30000,0.380683,11.2945,-0.514655,1,32,0.6041,4201.087
13,phase2,1024,3.0,30000,0.378153,11.3743,-0.50621,1,32,0.6001,4201.087
14,phase2,1024,3.0,30000,0.365972,11.7625,-0.500181,1,32,0.5808,4201.087
--- Job B ---
epoch,phase,payload_mb,c_i,sleep_us,avg_comm_s,avg_bw_gbps,pi,priority,dscp,slowdown,t_target_ms
0,phase1,1024,3.0,30000,0.304403,14.2124,-0.476381,2,24,0.5197,3905.163
1,phase1,1024,3.0,30000,0.303254,14.5545,-0.477558,2,24,0.5177,3905.163
2,phase1,1024,3.0,30000,0.309876,13.8906,-0.474119,2,24,0.529,3905.163
3,phase1,1024,3.0,30000,0.319937,13.4545,-0.468115,2,24,0.5462,3905.163
4,phase1,1024,3.0,30000,0.307669,14.0881,-0.468728,2,24,0.5252,3905.163
5,phase1,1024,3.0,30000,0.2607,16.4933,-0.482478,2,24,0.4451,3905.163
6,phase1,1024,3.0,30000,0.26794,16.0978,-0.490529,2,24,0.4574,3905.163
7,phase2,1024,1.2,30000,0.266592,16.1493,0.257863,4,0,1.1378,3905.163
8,phase2,1024,1.2,30000,0.30198,14.4041,0.262316,4,0,1.2888,3905.163
9,phase2,1024,1.2,30000,0.298643,14.4443,0.264476,4,0,1.2746,3905.163
10,phase2,1024,1.2,30000,0.302461,14.2599,0.267726,4,0,1.2909,3905.163
11,phase2,1024,1.2,30000,0.294248,14.6748,0.267514,4,0,1.2558,3905.163
12,phase2,1024,1.2,30000,0.290893,14.8039,0.266233,4,0,1.2415,3905.163
13,phase2,1024,1.2,30000,0.284937,15.1531,0.263325,4,0,1.2161,3905.163
14,phase2,1024,1.2,30000,0.220959,19.6967,0.242109,4,0,0.943,3905.163

=== crux ===
--- Job A ---
epoch,phase,payload_mb,c_i,sleep_us,avg_comm_s,avg_bw_gbps,pi,priority,dscp,slowdown,t_target_ms
0,phase1,1024,1.2,30000,0.186936,23.2767,-0.257497,3,16,0.7416,4201.087
1,phase1,1024,1.2,30000,0.179942,23.9472,-0.263527,3,16,0.7139,4201.087
2,phase1,1024,1.2,30000,0.181853,23.6823,-0.268255,3,16,0.7215,4201.087
3,phase1,1024,1.2,30000,0.296029,14.5185,-0.155429,3,16,1.1744,4201.087
4,phase1,1024,1.2,30000,0.29815,14.429,-0.086041,3,16,1.1828,4201.087
5,phase1,1024,1.2,30000,0.293909,14.6346,-0.042579,3,16,1.166,4201.087
6,phase1,1024,1.2,30000,0.300446,14.3158,-0.007828,3,16,1.1919,4201.087
7,phase2,1024,3.0,30000,0.300374,14.3119,-0.592721,3,16,0.4767,4201.087
8,phase2,1024,3.0,30000,0.297112,14.4712,-0.585198,3,16,0.4715,4201.087
9,phase2,1024,3.0,30000,0.300072,14.3365,-0.57871,3,16,0.4762,4201.087
10,phase2,1024,3.0,30000,0.293814,14.6375,-0.574304,3,16,0.4662,4201.087
11,phase2,1024,3.0,30000,0.294369,14.6154,-0.57056,3,16,0.4671,4201.087
12,phase2,1024,3.0,30000,0.293459,14.6582,-0.567501,3,16,0.4657,4201.087
13,phase2,1024,3.0,30000,0.294092,14.6186,-0.564808,3,16,0.4667,4201.087
14,phase2,1024,3.0,30000,0.294143,14.6136,-0.562469,3,16,0.4668,4201.087
--- Job B ---
epoch,phase,payload_mb,c_i,sleep_us,avg_comm_s,avg_bw_gbps,pi,priority,dscp,slowdown,t_target_ms
0,phase1,1024,3.0,30000,0.300795,14.3712,-0.482562,3,16,0.5135,3905.163
1,phase1,1024,3.0,30000,0.298824,14.4037,-0.48434,3,16,0.5101,3905.163
2,phase1,1024,3.0,30000,0.293485,14.6525,-0.487973,3,16,0.501,3905.163
3,phase1,1024,3.0,30000,0.300814,14.2946,-0.486657,3,16,0.5135,3905.163
4,phase1,1024,3.0,30000,0.30047,14.3132,-0.485988,3,16,0.5129,3905.163
5,phase1,1024,3.0,30000,0.297533,14.4464,-0.486376,3,16,0.5079,3905.163
6,phase1,1024,3.0,30000,0.29869,14.4008,-0.486367,3,16,0.5099,3905.163
7,phase2,1024,1.2,30000,0.294945,14.5761,0.282087,3,16,1.2588,3905.163
8,phase2,1024,1.2,30000,0.295645,14.5572,0.280875,3,16,1.2618,3905.163
9,phase2,1024,1.2,30000,0.292869,14.6859,0.278718,3,16,1.2499,3905.163
10,phase2,1024,1.2,30000,0.293239,14.6663,0.277104,3,16,1.2515,3905.163
11,phase2,1024,1.2,30000,0.292371,14.7005,0.275446,3,16,1.2478,3905.163
12,phase2,1024,1.2,30000,0.153112,28.1444,0.227696,3,16,0.6535,3905.163
13,phase2,1024,1.2,30000,0.153011,28.0999,0.186705,3,16,0.653,3905.163
14,phase2,1024,1.2,30000,0.150465,28.5887,0.150451,3,16,0.6422,3905.163

=== 背景流总吞吐 ===
  Port 6200: 0.00 Gbps
  Port 6201: 0.00 Gbps
  Port 6202: 0.00 Gbps
  Port 6203: 0.00 Gbps
  Port 6204: 0.00 Gbps
  Port 6205: 0.00 Gbps
  Port 6206: 0.00 Gbps
  Port 6207: 0.00 Gbps
  Port 6208: 0.00 Gbps
  Port 6209: 0.00 Gbps
  Port 6210: 0.00 Gbps
  Port 6211: 0.00 Gbps
  总吞吐: ~0.0 Gbps

================================================================
Round 1 complete.
  Logs: p4_job[AB]_v6_round1_LLthenCX_*_node[101|226].log
  CSVs: p4_job[AB]_v6_round1_LLthenCX_*_rank0_epoch.csv
  Background: /tmp/v6_bgflow_round1_LLthenCX_*.log
================================================================
